[2020-08-21T20:16:50.797+0000][10296][gc,heap] Heap region size: 1M
[2020-08-21T20:16:50.798+0000][10296][gc,heap,coops] Heap address: 0x00000000c0000000, size: 1024 MB, Compressed Oops mode: 32-bit
[2020-08-21T20:16:50.991+0000][10296][gc           ] Using G1
[2020-08-21T20:16:51.010+0000][10296][gc           ] Periodic GC disabled
[2020-08-21T20:16:51.270+0000][10296][safepoint    ] Safepoint "ICBufferFull", Time since last: 273607900 ns, Reaching safepoint: 116500 ns, At safepoint: 7400 ns, Total: 123900 ns
[2020-08-21T20:16:52.277+0000][10296][safepoint    ] Safepoint "Cleanup", Time since last: 1007114000 ns, Reaching safepoint: 94300 ns, At safepoint: 6200 ns, Total: 100500 ns
[2020-08-21T20:16:52.628+0000][10296][gc,start     ] GC(0) Pause Young (Normal) (G1 Evacuation Pause)
[2020-08-21T20:16:52.630+0000][10296][gc,task      ] GC(0) Using 18 workers of 18 for evacuation
[2020-08-21T20:16:52.630+0000][10296][gc,age       ] GC(0) Desired survivor size 3670016 bytes, new threshold 15 (max threshold 15)
[2020-08-21T20:16:52.633+0000][10296][gc,age       ] GC(0) Age table with threshold 15 (max threshold 15)
[2020-08-21T20:16:52.633+0000][10296][gc,age       ] GC(0) - age   1:    5662000 bytes,    5662000 total
[2020-08-21T20:16:52.633+0000][10296][gc,phases    ] GC(0)   Pre Evacuate Collection Set: 0.1ms
[2020-08-21T20:16:52.633+0000][10296][gc,phases    ] GC(0)   Merge Heap Roots: 0.0ms
[2020-08-21T20:16:52.633+0000][10296][gc,phases    ] GC(0)   Evacuate Collection Set: 2.6ms
[2020-08-21T20:16:52.633+0000][10296][gc,phases    ] GC(0)   Post Evacuate Collection Set: 0.4ms
[2020-08-21T20:16:52.633+0000][10296][gc,phases    ] GC(0)   Other: 1.9ms
[2020-08-21T20:16:52.633+0000][10296][gc,heap      ] GC(0) Eden regions: 51->0(55)
[2020-08-21T20:16:52.633+0000][10296][gc,heap      ] GC(0) Survivor regions: 0->6(7)
[2020-08-21T20:16:52.633+0000][10296][gc,heap      ] GC(0) Old regions: 0->0
[2020-08-21T20:16:52.633+0000][10296][gc,heap      ] GC(0) Archive regions: 0->0
[2020-08-21T20:16:52.633+0000][10296][gc,heap      ] GC(0) Humongous regions: 1->1
[2020-08-21T20:16:52.633+0000][10296][gc,metaspace ] GC(0) Metaspace: 12041K(12672K)->12041K(12672K) NonClass: 10570K(11008K)->10570K(11008K) Class: 1470K(1664K)->1470K(1664K)
[2020-08-21T20:16:52.633+0000][10296][gc           ] GC(0) Pause Young (Normal) (G1 Evacuation Pause) 52M->6M(1024M) 5.088ms
[2020-08-21T20:16:52.633+0000][10296][gc,cpu       ] GC(0) User=0.00s Sys=0.00s Real=0.00s
[2020-08-21T20:16:52.633+0000][10296][safepoint    ] Safepoint "G1CollectForAllocation", Time since last: 350492100 ns, Reaching safepoint: 85300 ns, At safepoint: 5150600 ns, Total: 5235900 ns
[2020-08-21T20:16:52.843+0000][10296][safepoint    ] Safepoint "ICBufferFull", Time since last: 210074800 ns, Reaching safepoint: 119900 ns, At safepoint: 20199 ns, Total: 140099 ns
[2020-08-21T20:16:52.994+0000][10296][gc,start     ] GC(1) Pause Young (Normal) (G1 Evacuation Pause)
[2020-08-21T20:16:52.994+0000][10296][gc,task      ] GC(1) Using 18 workers of 18 for evacuation
[2020-08-21T20:16:52.994+0000][10296][gc,age       ] GC(1) Desired survivor size 4194304 bytes, new threshold 1 (max threshold 15)
[2020-08-21T20:16:52.998+0000][10296][gc,age       ] GC(1) Age table with threshold 1 (max threshold 15)
[2020-08-21T20:16:52.998+0000][10296][gc,age       ] GC(1) - age   1:    3167640 bytes,    3167640 total
[2020-08-21T20:16:52.998+0000][10296][gc,phases    ] GC(1)   Pre Evacuate Collection Set: 0.1ms
[2020-08-21T20:16:52.998+0000][10296][gc,phases    ] GC(1)   Merge Heap Roots: 0.0ms
[2020-08-21T20:16:52.998+0000][10296][gc,phases    ] GC(1)   Evacuate Collection Set: 3.3ms
[2020-08-21T20:16:52.998+0000][10296][gc,phases    ] GC(1)   Post Evacuate Collection Set: 0.4ms
[2020-08-21T20:16:52.998+0000][10296][gc,phases    ] GC(1)   Other: 0.2ms
[2020-08-21T20:16:52.998+0000][10296][gc,heap      ] GC(1) Eden regions: 55->0(141)
[2020-08-21T20:16:52.998+0000][10296][gc,heap      ] GC(1) Survivor regions: 6->4(8)
[2020-08-21T20:16:52.998+0000][10296][gc,heap      ] GC(1) Old regions: 0->6
[2020-08-21T20:16:52.998+0000][10296][gc,heap      ] GC(1) Archive regions: 0->0
[2020-08-21T20:16:52.998+0000][10296][gc,heap      ] GC(1) Humongous regions: 1->1
[2020-08-21T20:16:52.998+0000][10296][gc,metaspace ] GC(1) Metaspace: 14461K(15232K)->14461K(15232K) NonClass: 12768K(13312K)->12768K(13312K) Class: 1692K(1920K)->1692K(1920K)
[2020-08-21T20:16:52.998+0000][10296][gc           ] GC(1) Pause Young (Normal) (G1 Evacuation Pause) 61M->10M(1024M) 4.094ms
[2020-08-21T20:16:52.998+0000][10296][gc,cpu       ] GC(1) User=0.22s Sys=0.02s Real=0.00s
[2020-08-21T20:16:52.998+0000][10296][safepoint    ] Safepoint "G1CollectForAllocation", Time since last: 150393301 ns, Reaching safepoint: 80600 ns, At safepoint: 4159000 ns, Total: 4239600 ns
[2020-08-21T20:16:53.440+0000][10296][gc,start     ] GC(2) Pause Young (Normal) (G1 Evacuation Pause)
[2020-08-21T20:16:53.440+0000][10296][gc,task      ] GC(2) Using 18 workers of 18 for evacuation
[2020-08-21T20:16:53.440+0000][10296][gc,age       ] GC(2) Desired survivor size 9961472 bytes, new threshold 15 (max threshold 15)
[2020-08-21T20:16:53.442+0000][10296][gc,age       ] GC(2) Age table with threshold 15 (max threshold 15)
[2020-08-21T20:16:53.442+0000][10296][gc,age       ] GC(2) - age   1:    3455416 bytes,    3455416 total
[2020-08-21T20:16:53.442+0000][10296][gc,age       ] GC(2) - age   2:    2103648 bytes,    5559064 total
[2020-08-21T20:16:53.442+0000][10296][gc,phases    ] GC(2)   Pre Evacuate Collection Set: 0.1ms
[2020-08-21T20:16:53.442+0000][10296][gc,phases    ] GC(2)   Merge Heap Roots: 0.1ms
[2020-08-21T20:16:53.442+0000][10296][gc,phases    ] GC(2)   Evacuate Collection Set: 1.2ms
[2020-08-21T20:16:53.442+0000][10296][gc,phases    ] GC(2)   Post Evacuate Collection Set: 0.3ms
[2020-08-21T20:16:53.442+0000][10296][gc,phases    ] GC(2)   Other: 0.2ms
[2020-08-21T20:16:53.442+0000][10296][gc,heap      ] GC(2) Eden regions: 141->0(608)
[2020-08-21T20:16:53.442+0000][10296][gc,heap      ] GC(2) Survivor regions: 4->6(19)
[2020-08-21T20:16:53.442+0000][10296][gc,heap      ] GC(2) Old regions: 6->6
[2020-08-21T20:16:53.442+0000][10296][gc,heap      ] GC(2) Archive regions: 0->0
[2020-08-21T20:16:53.442+0000][10296][gc,heap      ] GC(2) Humongous regions: 2->1
[2020-08-21T20:16:53.442+0000][10296][gc,metaspace ] GC(2) Metaspace: 17570K(18304K)->17570K(18304K) NonClass: 15444K(15872K)->15444K(15872K) Class: 2126K(2432K)->2126K(2432K)
[2020-08-21T20:16:53.442+0000][10296][gc           ] GC(2) Pause Young (Normal) (G1 Evacuation Pause) 152M->12M(1024M) 1.802ms
[2020-08-21T20:16:53.442+0000][10296][gc,cpu       ] GC(2) User=0.00s Sys=0.00s Real=0.00s
[2020-08-21T20:16:53.442+0000][10296][safepoint    ] Safepoint "G1CollectForAllocation", Time since last: 442082899 ns, Reaching safepoint: 108000 ns, At safepoint: 1850200 ns, Total: 1958200 ns
[2020-08-21T20:16:53.442+0000][10296][safepoint    ] Safepoint "BulkRevokeBias", Time since last: 83000 ns, Reaching safepoint: 54500 ns, At safepoint: 45400 ns, Total: 99900 ns
[2020-08-21T20:16:53.442+0000][10296][safepoint    ] Safepoint "BulkRevokeBias", Time since last: 281501 ns, Reaching safepoint: 40400 ns, At safepoint: 41600 ns, Total: 82000 ns
[2020-08-21T20:16:53.442+0000][10296][safepoint    ] Safepoint "BulkRevokeBias", Time since last: 40000 ns, Reaching safepoint: 45400 ns, At safepoint: 35500 ns, Total: 80900 ns
[2020-08-21T20:16:54.587+0000][10296][safepoint    ] Safepoint "Cleanup", Time since last: 1144558599 ns, Reaching safepoint: 120201 ns, At safepoint: 1100 ns, Total: 121301 ns
[2020-08-21T20:16:54.949+0000][10296][gc,start     ] GC(3) Pause Young (Normal) (G1 Evacuation Pause)
[2020-08-21T20:16:54.949+0000][10296][gc,task      ] GC(3) Using 18 workers of 18 for evacuation
[2020-08-21T20:16:54.949+0000][10296][gc,age       ] GC(3) Desired survivor size 40370176 bytes, new threshold 15 (max threshold 15)
[2020-08-21T20:16:54.951+0000][10296][gc,age       ] GC(3) Age table with threshold 15 (max threshold 15)
[2020-08-21T20:16:54.951+0000][10296][gc,age       ] GC(3) - age   1:    6177568 bytes,    6177568 total
[2020-08-21T20:16:54.951+0000][10296][gc,age       ] GC(3) - age   2:    2751368 bytes,    8928936 total
[2020-08-21T20:16:54.951+0000][10296][gc,age       ] GC(3) - age   3:    2103520 bytes,   11032456 total
[2020-08-21T20:16:54.951+0000][10296][gc,phases    ] GC(3)   Pre Evacuate Collection Set: 0.1ms
[2020-08-21T20:16:54.951+0000][10296][gc,phases    ] GC(3)   Merge Heap Roots: 0.0ms
[2020-08-21T20:16:54.951+0000][10296][gc,phases    ] GC(3)   Evacuate Collection Set: 1.7ms
[2020-08-21T20:16:54.951+0000][10296][gc,phases    ] GC(3)   Post Evacuate Collection Set: 0.4ms
[2020-08-21T20:16:54.951+0000][10296][gc,phases    ] GC(3)   Other: 0.3ms
[2020-08-21T20:16:54.951+0000][10296][gc,heap      ] GC(3) Eden regions: 608->0(602)
[2020-08-21T20:16:54.951+0000][10296][gc,heap      ] GC(3) Survivor regions: 6->12(77)
[2020-08-21T20:16:54.951+0000][10296][gc,heap      ] GC(3) Old regions: 6->6
[2020-08-21T20:16:54.951+0000][10296][gc,heap      ] GC(3) Archive regions: 0->0
[2020-08-21T20:16:54.951+0000][10296][gc,heap      ] GC(3) Humongous regions: 1->1
[2020-08-21T20:16:54.951+0000][10296][gc,metaspace ] GC(3) Metaspace: 19800K(21248K)->19800K(21248K) NonClass: 17404K(18432K)->17404K(18432K) Class: 2395K(2816K)->2395K(2816K)
[2020-08-21T20:16:54.951+0000][10296][gc           ] GC(3) Pause Young (Normal) (G1 Evacuation Pause) 620M->17M(1024M) 2.694ms
[2020-08-21T20:16:54.951+0000][10296][gc,cpu       ] GC(3) User=0.00s Sys=0.00s Real=0.00s
[2020-08-21T20:16:54.951+0000][10296][safepoint    ] Safepoint "G1CollectForAllocation", Time since last: 361180499 ns, Reaching safepoint: 62401 ns, At safepoint: 2749000 ns, Total: 2811401 ns
[2020-08-21T20:16:54.952+0000][10296][safepoint    ] Safepoint "BulkRevokeBias", Time since last: 111100 ns, Reaching safepoint: 37200 ns, At safepoint: 58500 ns, Total: 95700 ns
[2020-08-21T20:16:54.953+0000][10296][safepoint    ] Safepoint "BulkRevokeBias", Time since last: 923100 ns, Reaching safepoint: 47899 ns, At safepoint: 22900 ns, Total: 70799 ns
[2020-08-21T20:16:54.953+0000][10296][safepoint    ] Safepoint "BulkRevokeBias", Time since last: 26201 ns, Reaching safepoint: 56900 ns, At safepoint: 21400 ns, Total: 78300 ns
[2020-08-21T20:16:55.016+0000][10296][gc,start     ] GC(4) Pause Young (Concurrent Start) (Metadata GC Threshold)
[2020-08-21T20:16:55.017+0000][10296][gc,task      ] GC(4) Using 18 workers of 18 for evacuation
[2020-08-21T20:16:55.017+0000][10296][gc,age       ] GC(4) Desired survivor size 40370176 bytes, new threshold 15 (max threshold 15)
[2020-08-21T20:16:55.019+0000][10296][gc,age       ] GC(4) Age table with threshold 15 (max threshold 15)
[2020-08-21T20:16:55.019+0000][10296][gc,age       ] GC(4) - age   1:     211944 bytes,     211944 total
[2020-08-21T20:16:55.019+0000][10296][gc,age       ] GC(4) - age   2:    5033640 bytes,    5245584 total
[2020-08-21T20:16:55.019+0000][10296][gc,age       ] GC(4) - age   3:    2751368 bytes,    7996952 total
[2020-08-21T20:16:55.019+0000][10296][gc,age       ] GC(4) - age   4:    2103520 bytes,   10100472 total
[2020-08-21T20:16:55.019+0000][10296][gc,phases    ] GC(4)   Pre Evacuate Collection Set: 0.1ms
[2020-08-21T20:16:55.019+0000][10296][gc,phases    ] GC(4)   Merge Heap Roots: 0.0ms
[2020-08-21T20:16:55.019+0000][10296][gc,phases    ] GC(4)   Evacuate Collection Set: 1.6ms
[2020-08-21T20:16:55.019+0000][10296][gc,phases    ] GC(4)   Post Evacuate Collection Set: 0.3ms
[2020-08-21T20:16:55.019+0000][10296][gc,phases    ] GC(4)   Other: 0.3ms
[2020-08-21T20:16:55.019+0000][10296][gc,heap      ] GC(4) Eden regions: 93->0(603)
[2020-08-21T20:16:55.019+0000][10296][gc,heap      ] GC(4) Survivor regions: 12->11(77)
[2020-08-21T20:16:55.019+0000][10296][gc,heap      ] GC(4) Old regions: 6->6
[2020-08-21T20:16:55.019+0000][10296][gc,heap      ] GC(4) Archive regions: 0->0
[2020-08-21T20:16:55.019+0000][10296][gc,heap      ] GC(4) Humongous regions: 1->1
[2020-08-21T20:16:55.019+0000][10296][gc,metaspace ] GC(4) Metaspace: 19851K(21248K)->19851K(21248K) NonClass: 17446K(18432K)->17446K(18432K) Class: 2405K(2816K)->2405K(2816K)
[2020-08-21T20:16:55.019+0000][10296][gc           ] GC(4) Pause Young (Concurrent Start) (Metadata GC Threshold) 110M->16M(1024M) 2.373ms
[2020-08-21T20:16:55.019+0000][10296][gc,cpu       ] GC(4) User=0.00s Sys=0.00s Real=0.00s
[2020-08-21T20:16:55.019+0000][10296][gc           ] GC(5) Concurrent Cycle
[2020-08-21T20:16:55.019+0000][10296][gc,marking   ] GC(5) Concurrent Clear Claimed Marks
[2020-08-21T20:16:55.019+0000][10296][gc,marking   ] GC(5) Concurrent Clear Claimed Marks 0.024ms
[2020-08-21T20:16:55.019+0000][10296][gc,marking   ] GC(5) Concurrent Scan Root Regions
[2020-08-21T20:16:55.019+0000][10296][safepoint    ] Safepoint "CollectForMetadataAllocation", Time since last: 63845800 ns, Reaching safepoint: 34600 ns, At safepoint: 2520300 ns, Total: 2554900 ns
[2020-08-21T20:16:55.020+0000][10296][gc,marking   ] GC(5) Concurrent Scan Root Regions 0.911ms
[2020-08-21T20:16:55.020+0000][10296][gc,marking   ] GC(5) Concurrent Mark (4.230s)
[2020-08-21T20:16:55.020+0000][10296][gc,marking   ] GC(5) Concurrent Mark From Roots
[2020-08-21T20:16:55.020+0000][10296][gc,task      ] GC(5) Using 5 workers of 5 for marking
[2020-08-21T20:16:55.022+0000][10296][gc,marking   ] GC(5) Concurrent Mark From Roots 1.630ms
[2020-08-21T20:16:55.022+0000][10296][gc,marking   ] GC(5) Concurrent Preclean
[2020-08-21T20:16:55.022+0000][10296][gc,marking   ] GC(5) Concurrent Preclean 0.091ms
[2020-08-21T20:16:55.022+0000][10296][gc,marking   ] GC(5) Concurrent Mark (4.230s, 4.231s) 1.758ms
[2020-08-21T20:16:55.022+0000][10296][gc,start     ] GC(5) Pause Remark
[2020-08-21T20:16:55.022+0000][10296][gc           ] GC(5) Pause Remark 18M->18M(1024M) 0.759ms
[2020-08-21T20:16:55.022+0000][10296][gc,cpu       ] GC(5) User=0.00s Sys=0.00s Real=0.00s
[2020-08-21T20:16:55.023+0000][10296][safepoint    ] Safepoint "G1Concurrent", Time since last: 2674500 ns, Reaching safepoint: 60800 ns, At safepoint: 800200 ns, Total: 861000 ns
[2020-08-21T20:16:55.023+0000][10296][gc,marking   ] GC(5) Concurrent Rebuild Remembered Sets
[2020-08-21T20:16:55.024+0000][10296][gc,marking   ] GC(5) Concurrent Rebuild Remembered Sets 1.223ms
[2020-08-21T20:16:55.024+0000][10296][gc,start     ] GC(5) Pause Cleanup
[2020-08-21T20:16:55.024+0000][10296][gc           ] GC(5) Pause Cleanup 18M->18M(1024M) 0.066ms
[2020-08-21T20:16:55.024+0000][10296][gc,cpu       ] GC(5) User=0.00s Sys=0.00s Real=0.00s
[2020-08-21T20:16:55.024+0000][10296][safepoint    ] Safepoint "G1Concurrent", Time since last: 1265400 ns, Reaching safepoint: 321899 ns, At safepoint: 95001 ns, Total: 416900 ns
[2020-08-21T20:16:55.024+0000][10296][gc,marking   ] GC(5) Concurrent Cleanup for Next Mark
[2020-08-21T20:16:55.025+0000][10296][gc,marking   ] GC(5) Concurrent Cleanup for Next Mark 0.568ms
[2020-08-21T20:16:55.025+0000][10296][gc           ] GC(5) Concurrent Cycle 5.903ms
[2020-08-21T20:16:56.024+0000][10296][safepoint    ] Safepoint "Cleanup", Time since last: 1000120900 ns, Reaching safepoint: 82699 ns, At safepoint: 4001 ns, Total: 86700 ns
[2020-08-21T20:16:56.347+0000][10296][gc,start     ] GC(6) Pause Young (Normal) (G1 Evacuation Pause)
[2020-08-21T20:16:56.347+0000][10296][gc,task      ] GC(6) Using 18 workers of 18 for evacuation
[2020-08-21T20:16:56.347+0000][10296][gc,age       ] GC(6) Desired survivor size 40370176 bytes, new threshold 15 (max threshold 15)
[2020-08-21T20:16:56.350+0000][10296][gc,age       ] GC(6) Age table with threshold 15 (max threshold 15)
[2020-08-21T20:16:56.350+0000][10296][gc,age       ] GC(6) - age   1:    3338568 bytes,    3338568 total
[2020-08-21T20:16:56.350+0000][10296][gc,age       ] GC(6) - age   2:     170040 bytes,    3508608 total
[2020-08-21T20:16:56.350+0000][10296][gc,age       ] GC(6) - age   3:    5031072 bytes,    8539680 total
[2020-08-21T20:16:56.350+0000][10296][gc,age       ] GC(6) - age   4:    2750024 bytes,   11289704 total
[2020-08-21T20:16:56.350+0000][10296][gc,age       ] GC(6) - age   5:    2103120 bytes,   13392824 total
[2020-08-21T20:16:56.350+0000][10296][gc,phases    ] GC(6)   Pre Evacuate Collection Set: 0.1ms
[2020-08-21T20:16:56.350+0000][10296][gc,phases    ] GC(6)   Merge Heap Roots: 0.1ms
[2020-08-21T20:16:56.350+0000][10296][gc,phases    ] GC(6)   Evacuate Collection Set: 1.9ms
[2020-08-21T20:16:56.350+0000][10296][gc,phases    ] GC(6)   Post Evacuate Collection Set: 0.5ms
[2020-08-21T20:16:56.350+0000][10296][gc,phases    ] GC(6)   Other: 0.3ms
[2020-08-21T20:16:56.350+0000][10296][gc,heap      ] GC(6) Eden regions: 603->0(600)
[2020-08-21T20:16:56.350+0000][10296][gc,heap      ] GC(6) Survivor regions: 11->14(77)
[2020-08-21T20:16:56.350+0000][10296][gc,heap      ] GC(6) Old regions: 6->6
[2020-08-21T20:16:56.350+0000][10296][gc,heap      ] GC(6) Archive regions: 0->0
[2020-08-21T20:16:56.350+0000][10296][gc,heap      ] GC(6) Humongous regions: 1->1
[2020-08-21T20:16:56.350+0000][10296][gc,metaspace ] GC(6) Metaspace: 20622K(22400K)->20622K(22400K) NonClass: 18093K(19456K)->18093K(19456K) Class: 2529K(2944K)->2529K(2944K)
[2020-08-21T20:16:56.350+0000][10296][gc           ] GC(6) Pause Young (Normal) (G1 Evacuation Pause) 619M->20M(1024M) 2.850ms
[2020-08-21T20:16:56.350+0000][10296][gc,cpu       ] GC(6) User=0.00s Sys=0.00s Real=0.00s
[2020-08-21T20:16:56.350+0000][10296][safepoint    ] Safepoint "G1CollectForAllocation", Time since last: 322687300 ns, Reaching safepoint: 59899 ns, At safepoint: 2903700 ns, Total: 2963599 ns
[2020-08-21T20:16:57.140+0000][10296][safepoint    ] Safepoint "ICBufferFull", Time since last: 789581101 ns, Reaching safepoint: 146299 ns, At safepoint: 1500 ns, Total: 147799 ns
[2020-08-21T20:16:57.465+0000][10296][safepoint    ] Safepoint "ICBufferFull", Time since last: 324858901 ns, Reaching safepoint: 123899 ns, At safepoint: 2101 ns, Total: 126000 ns
[2020-08-21T20:16:57.987+0000][10296][safepoint    ] Safepoint "ICBufferFull", Time since last: 521944899 ns, Reaching safepoint: 128001 ns, At safepoint: 7600 ns, Total: 135601 ns
[2020-08-21T20:16:57.998+0000][10296][gc,start     ] GC(7) Pause Young (Concurrent Start) (Metadata GC Threshold)
[2020-08-21T20:16:57.998+0000][10296][gc,task      ] GC(7) Using 18 workers of 18 for evacuation
[2020-08-21T20:16:57.998+0000][10296][gc,age       ] GC(7) Desired survivor size 40370176 bytes, new threshold 15 (max threshold 15)
[2020-08-21T20:16:58.006+0000][10296][gc,age       ] GC(7) Age table with threshold 15 (max threshold 15)
[2020-08-21T20:16:58.006+0000][10296][gc,age       ] GC(7) - age   1:   31848688 bytes,   31848688 total
[2020-08-21T20:16:58.006+0000][10296][gc,age       ] GC(7) - age   2:    2601192 bytes,   34449880 total
[2020-08-21T20:16:58.006+0000][10296][gc,age       ] GC(7) - age   3:     167048 bytes,   34616928 total
[2020-08-21T20:16:58.006+0000][10296][gc,age       ] GC(7) - age   4:    4987496 bytes,   39604424 total
[2020-08-21T20:16:58.006+0000][10296][gc,age       ] GC(7) - age   5:    2711304 bytes,   42315728 total
[2020-08-21T20:16:58.007+0000][10296][gc,age       ] GC(7) - age   6:    2061784 bytes,   44377512 total
[2020-08-21T20:16:58.007+0000][10296][gc,phases    ] GC(7)   Pre Evacuate Collection Set: 0.1ms
[2020-08-21T20:16:58.007+0000][10296][gc,phases    ] GC(7)   Merge Heap Roots: 0.1ms
[2020-08-21T20:16:58.007+0000][10296][gc,phases    ] GC(7)   Evacuate Collection Set: 7.1ms
[2020-08-21T20:16:58.007+0000][10296][gc,phases    ] GC(7)   Post Evacuate Collection Set: 1.0ms
[2020-08-21T20:16:58.007+0000][10296][gc,phases    ] GC(7)   Other: 0.3ms
[2020-08-21T20:16:58.007+0000][10296][gc,heap      ] GC(7) Eden regions: 400->0(570)
[2020-08-21T20:16:58.007+0000][10296][gc,heap      ] GC(7) Survivor regions: 14->44(77)
[2020-08-21T20:16:58.007+0000][10296][gc,heap      ] GC(7) Old regions: 6->6
[2020-08-21T20:16:58.007+0000][10296][gc,heap      ] GC(7) Archive regions: 0->0
[2020-08-21T20:16:58.007+0000][10296][gc,heap      ] GC(7) Humongous regions: 1->1
[2020-08-21T20:16:58.007+0000][10296][gc,metaspace ] GC(7) Metaspace: 32666K(35840K)->32666K(35840K) NonClass: 28361K(30464K)->28361K(30464K) Class: 4304K(5376K)->4304K(5376K)
[2020-08-21T20:16:58.007+0000][10296][gc           ] GC(7) Pause Young (Concurrent Start) (Metadata GC Threshold) 420M->49M(1024M) 8.650ms
[2020-08-21T20:16:58.007+0000][10296][gc,cpu       ] GC(7) User=0.00s Sys=0.00s Real=0.01s
[2020-08-21T20:16:58.007+0000][10296][gc           ] GC(8) Concurrent Cycle
[2020-08-21T20:16:58.007+0000][10296][gc,marking   ] GC(8) Concurrent Clear Claimed Marks
[2020-08-21T20:16:58.007+0000][10296][safepoint    ] Safepoint "CollectForMetadataAllocation", Time since last: 11008200 ns, Reaching safepoint: 51800 ns, At safepoint: 8771799 ns, Total: 8823599 ns
[2020-08-21T20:16:58.007+0000][10296][gc,marking   ] GC(8) Concurrent Clear Claimed Marks 0.111ms
[2020-08-21T20:16:58.007+0000][10296][gc,marking   ] GC(8) Concurrent Scan Root Regions
[2020-08-21T20:16:58.012+0000][10296][gc,marking   ] GC(8) Concurrent Scan Root Regions 5.208ms
[2020-08-21T20:16:58.012+0000][10296][gc,marking   ] GC(8) Concurrent Mark (7.222s)
[2020-08-21T20:16:58.012+0000][10296][gc,marking   ] GC(8) Concurrent Mark From Roots
[2020-08-21T20:16:58.012+0000][10296][gc,task      ] GC(8) Using 5 workers of 5 for marking
[2020-08-21T20:16:58.014+0000][10296][gc,marking   ] GC(8) Concurrent Mark From Roots 1.620ms
[2020-08-21T20:16:58.014+0000][10296][gc,marking   ] GC(8) Concurrent Preclean
[2020-08-21T20:16:58.014+0000][10296][gc,marking   ] GC(8) Concurrent Preclean 0.088ms
[2020-08-21T20:16:58.014+0000][10296][gc,marking   ] GC(8) Concurrent Mark (7.222s, 7.224s) 1.757ms
[2020-08-21T20:16:58.014+0000][10296][gc,start     ] GC(8) Pause Remark
[2020-08-21T20:16:58.015+0000][10296][gc           ] GC(8) Pause Remark 50M->50M(1024M) 0.935ms
[2020-08-21T20:16:58.015+0000][10296][gc,cpu       ] GC(8) User=0.00s Sys=0.00s Real=0.00s
[2020-08-21T20:16:58.015+0000][10296][safepoint    ] Safepoint "G1Concurrent", Time since last: 7109601 ns, Reaching safepoint: 39100 ns, At safepoint: 978500 ns, Total: 1017600 ns
[2020-08-21T20:16:58.015+0000][10296][gc,marking   ] GC(8) Concurrent Rebuild Remembered Sets
[2020-08-21T20:16:58.017+0000][10296][gc,marking   ] GC(8) Concurrent Rebuild Remembered Sets 1.643ms
[2020-08-21T20:16:58.017+0000][10296][gc,start     ] GC(8) Pause Cleanup
[2020-08-21T20:16:58.017+0000][10296][gc           ] GC(8) Pause Cleanup 50M->50M(1024M) 0.092ms
[2020-08-21T20:16:58.017+0000][10296][gc,cpu       ] GC(8) User=0.00s Sys=0.00s Real=0.00s
[2020-08-21T20:16:58.017+0000][10296][safepoint    ] Safepoint "G1Concurrent", Time since last: 1699900 ns, Reaching safepoint: 211300 ns, At safepoint: 134100 ns, Total: 345400 ns
[2020-08-21T20:16:58.017+0000][10296][gc,marking   ] GC(8) Concurrent Cleanup for Next Mark
[2020-08-21T20:16:58.018+0000][10296][gc,marking   ] GC(8) Concurrent Cleanup for Next Mark 0.676ms
[2020-08-21T20:16:58.018+0000][10296][gc           ] GC(8) Concurrent Cycle 10.947ms
[2020-08-21T20:16:58.382+0000][10296][safepoint    ] Safepoint "ICBufferFull", Time since last: 364826799 ns, Reaching safepoint: 127901 ns, At safepoint: 1799 ns, Total: 129700 ns
[2020-08-21T20:16:58.767+0000][10296][safepoint    ] Safepoint "ICBufferFull", Time since last: 384873001 ns, Reaching safepoint: 183800 ns, At safepoint: 5600 ns, Total: 189400 ns
[2020-08-21T20:16:59.791+0000][10296][safepoint    ] Safepoint "Cleanup", Time since last: 1023470300 ns, Reaching safepoint: 92900 ns, At safepoint: 900 ns, Total: 93800 ns
[2020-08-21T20:17:02.917+0000][10296][safepoint    ] Safepoint "BulkRevokeBias", Time since last: 3126269599 ns, Reaching safepoint: 36501 ns, At safepoint: 41700 ns, Total: 78201 ns
[2020-08-21T20:17:02.923+0000][10296][safepoint    ] Safepoint "BulkRevokeBias", Time since last: 5679400 ns, Reaching safepoint: 29499 ns, At safepoint: 45300 ns, Total: 74799 ns
[2020-08-21T20:17:02.925+0000][10296][safepoint    ] Safepoint "BulkRevokeBias", Time since last: 2210400 ns, Reaching safepoint: 44101 ns, At safepoint: 44200 ns, Total: 88301 ns
[2020-08-21T20:17:03.401+0000][10296][safepoint    ] Safepoint "ICBufferFull", Time since last: 476518699 ns, Reaching safepoint: 230600 ns, At safepoint: 2301 ns, Total: 232901 ns
[2020-08-21T20:17:03.481+0000][10296][gc,start     ] GC(9) Pause Young (Concurrent Start) (Metadata GC Threshold)
[2020-08-21T20:17:03.481+0000][10296][gc,task      ] GC(9) Using 18 workers of 18 for evacuation
[2020-08-21T20:17:03.481+0000][10296][gc,age       ] GC(9) Desired survivor size 40370176 bytes, new threshold 5 (max threshold 15)
[2020-08-21T20:17:03.491+0000][10296][gc,age       ] GC(9) Age table with threshold 5 (max threshold 15)
[2020-08-21T20:17:03.491+0000][10296][gc,age       ] GC(9) - age   1:   10572512 bytes,   10572512 total
[2020-08-21T20:17:03.491+0000][10296][gc,age       ] GC(9) - age   2:   31415216 bytes,   41987728 total
[2020-08-21T20:17:03.491+0000][10296][gc,age       ] GC(9) - age   3:    2561416 bytes,   44549144 total
[2020-08-21T20:17:03.491+0000][10296][gc,age       ] GC(9) - age   4:     155912 bytes,   44705056 total
[2020-08-21T20:17:03.491+0000][10296][gc,age       ] GC(9) - age   5:    4960856 bytes,   49665912 total
[2020-08-21T20:17:03.491+0000][10296][gc,phases    ] GC(9)   Pre Evacuate Collection Set: 0.2ms
[2020-08-21T20:17:03.491+0000][10296][gc,phases    ] GC(9)   Merge Heap Roots: 0.0ms
[2020-08-21T20:17:03.491+0000][10296][gc,phases    ] GC(9)   Evacuate Collection Set: 8.4ms
[2020-08-21T20:17:03.491+0000][10296][gc,phases    ] GC(9)   Post Evacuate Collection Set: 1.0ms
[2020-08-21T20:17:03.491+0000][10296][gc,phases    ] GC(9)   Other: 0.3ms
[2020-08-21T20:17:03.491+0000][10296][gc,heap      ] GC(9) Eden regions: 285->0(563)
[2020-08-21T20:17:03.491+0000][10296][gc,heap      ] GC(9) Survivor regions: 44->51(77)
[2020-08-21T20:17:03.491+0000][10296][gc,heap      ] GC(9) Old regions: 6->11
[2020-08-21T20:17:03.491+0000][10296][gc,heap      ] GC(9) Archive regions: 0->0
[2020-08-21T20:17:03.491+0000][10296][gc,heap      ] GC(9) Humongous regions: 1->1
[2020-08-21T20:17:03.491+0000][10296][gc,metaspace ] GC(9) Metaspace: 54819K(60160K)->54819K(60160K) NonClass: 47363K(50688K)->47363K(50688K) Class: 7456K(9472K)->7456K(9472K)
[2020-08-21T20:17:03.491+0000][10296][gc           ] GC(9) Pause Young (Concurrent Start) (Metadata GC Threshold) 334M->62M(1024M) 10.030ms
[2020-08-21T20:17:03.491+0000][10296][gc,cpu       ] GC(9) User=0.00s Sys=0.00s Real=0.01s
[2020-08-21T20:17:03.491+0000][10296][gc           ] GC(10) Concurrent Cycle
[2020-08-21T20:17:03.491+0000][10296][gc,marking   ] GC(10) Concurrent Clear Claimed Marks
[2020-08-21T20:17:03.491+0000][10296][safepoint    ] Safepoint "CollectForMetadataAllocation", Time since last: 79218800 ns, Reaching safepoint: 85900 ns, At safepoint: 10155500 ns, Total: 10241400 ns
[2020-08-21T20:17:03.491+0000][10296][gc,marking   ] GC(10) Concurrent Clear Claimed Marks 0.210ms
[2020-08-21T20:17:03.491+0000][10296][gc,marking   ] GC(10) Concurrent Scan Root Regions
[2020-08-21T20:17:03.495+0000][10296][safepoint    ] Safepoint "BulkRevokeBias", Time since last: 3505700 ns, Reaching safepoint: 48400 ns, At safepoint: 74799 ns, Total: 123199 ns
[2020-08-21T20:17:03.497+0000][10296][gc,marking   ] GC(10) Concurrent Scan Root Regions 5.376ms
[2020-08-21T20:17:03.497+0000][10296][gc,marking   ] GC(10) Concurrent Mark (12.706s)
[2020-08-21T20:17:03.497+0000][10296][gc,marking   ] GC(10) Concurrent Mark From Roots
[2020-08-21T20:17:03.497+0000][10296][gc,task      ] GC(10) Using 5 workers of 5 for marking
[2020-08-21T20:17:03.498+0000][10296][safepoint    ] Safepoint "CollectForMetadataAllocation", Time since last: 3372200 ns, Reaching safepoint: 126801 ns, At safepoint: 72800 ns, Total: 199601 ns
[2020-08-21T20:17:03.499+0000][10296][gc,marking   ] GC(10) Concurrent Mark From Roots 1.946ms
[2020-08-21T20:17:03.499+0000][10296][gc,marking   ] GC(10) Concurrent Preclean
[2020-08-21T20:17:03.499+0000][10296][gc,marking   ] GC(10) Concurrent Preclean 0.090ms
[2020-08-21T20:17:03.499+0000][10296][gc,marking   ] GC(10) Concurrent Mark (12.706s, 12.709s) 2.089ms
[2020-08-21T20:17:03.499+0000][10296][gc,start     ] GC(10) Pause Remark
[2020-08-21T20:17:03.500+0000][10296][gc           ] GC(10) Pause Remark 64M->64M(1024M) 1.111ms
[2020-08-21T20:17:03.500+0000][10296][gc,cpu       ] GC(10) User=0.00s Sys=0.00s Real=0.00s
[2020-08-21T20:17:03.500+0000][10296][safepoint    ] Safepoint "G1Concurrent", Time since last: 512600 ns, Reaching safepoint: 68100 ns, At safepoint: 1180100 ns, Total: 1248200 ns
[2020-08-21T20:17:03.500+0000][10296][gc,marking   ] GC(10) Concurrent Rebuild Remembered Sets
[2020-08-21T20:17:03.502+0000][10296][gc,marking   ] GC(10) Concurrent Rebuild Remembered Sets 1.809ms
[2020-08-21T20:17:03.503+0000][10296][gc,start     ] GC(10) Pause Cleanup
[2020-08-21T20:17:03.503+0000][10296][gc           ] GC(10) Pause Cleanup 65M->65M(1024M) 0.091ms
[2020-08-21T20:17:03.503+0000][10296][gc,cpu       ] GC(10) User=0.00s Sys=0.00s Real=0.00s
[2020-08-21T20:17:03.503+0000][10296][safepoint    ] Safepoint "G1Concurrent", Time since last: 1853199 ns, Reaching safepoint: 518001 ns, At safepoint: 127500 ns, Total: 645501 ns
[2020-08-21T20:17:03.503+0000][10296][gc,marking   ] GC(10) Concurrent Cleanup for Next Mark
[2020-08-21T20:17:03.503+0000][10296][gc,marking   ] GC(10) Concurrent Cleanup for Next Mark 0.529ms
[2020-08-21T20:17:03.503+0000][10296][gc           ] GC(10) Concurrent Cycle 12.087ms
[2020-08-21T20:17:04.195+0000][10296][safepoint    ] Safepoint "ICBufferFull", Time since last: 691541499 ns, Reaching safepoint: 690201 ns, At safepoint: 1900 ns, Total: 692101 ns
[2020-08-21T20:17:04.431+0000][10296][safepoint    ] Safepoint "BulkRevokeBias", Time since last: 235888600 ns, Reaching safepoint: 107000 ns, At safepoint: 60500 ns, Total: 167500 ns
[2020-08-21T20:17:04.702+0000][10296][safepoint    ] Safepoint "BulkRevokeBias", Time since last: 270921800 ns, Reaching safepoint: 99000 ns, At safepoint: 204700 ns, Total: 303700 ns
[2020-08-21T20:17:04.711+0000][10296][safepoint    ] Safepoint "BulkRevokeBias", Time since last: 9013200 ns, Reaching safepoint: 89199 ns, At safepoint: 404101 ns, Total: 493300 ns
[2020-08-21T20:17:04.712+0000][10296][safepoint    ] Safepoint "BulkRevokeBias", Time since last: 435800 ns, Reaching safepoint: 55299 ns, At safepoint: 400701 ns, Total: 456000 ns
[2020-08-21T20:17:06.699+0000][10296][safepoint    ] Safepoint "Cleanup", Time since last: 1986370300 ns, Reaching safepoint: 72299 ns, At safepoint: 4101 ns, Total: 76400 ns
[2020-08-21T20:17:07.700+0000][10296][safepoint    ] Safepoint "Cleanup", Time since last: 1001082599 ns, Reaching safepoint: 77101 ns, At safepoint: 3000 ns, Total: 80101 ns
[2020-08-21T20:17:07.703+0000][10296][safepoint    ] Safepoint "BulkRevokeBias", Time since last: 1670899 ns, Reaching safepoint: 111101 ns, At safepoint: 647700 ns, Total: 758801 ns
[2020-08-21T20:17:07.703+0000][10296][safepoint    ] Safepoint "BulkRevokeBias", Time since last: 36700 ns, Reaching safepoint: 71900 ns, At safepoint: 227200 ns, Total: 299100 ns
[2020-08-21T20:17:07.704+0000][10296][safepoint    ] Safepoint "BulkRevokeBias", Time since last: 470100 ns, Reaching safepoint: 90400 ns, At safepoint: 489300 ns, Total: 579700 ns
[2020-08-21T20:17:07.705+0000][10296][safepoint    ] Safepoint "BulkRevokeBias", Time since last: 248500 ns, Reaching safepoint: 69800 ns, At safepoint: 230300 ns, Total: 300100 ns
[2020-08-21T20:17:07.705+0000][10296][safepoint    ] Safepoint "BulkRevokeBias", Time since last: 135299 ns, Reaching safepoint: 56401 ns, At safepoint: 291000 ns, Total: 347401 ns
[2020-08-21T20:17:07.873+0000][10296][safepoint    ] Safepoint "ICBufferFull", Time since last: 168225600 ns, Reaching safepoint: 186700 ns, At safepoint: 7900 ns, Total: 194600 ns
[2020-08-21T20:17:08.059+0000][10296][safepoint    ] Safepoint "ICBufferFull", Time since last: 185622899 ns, Reaching safepoint: 207801 ns, At safepoint: 10500 ns, Total: 218301 ns
[2020-08-21T20:17:08.096+0000][10296][safepoint    ] Safepoint "BulkRevokeBias", Time since last: 35752500 ns, Reaching safepoint: 113600 ns, At safepoint: 679000 ns, Total: 792600 ns
[2020-08-21T20:17:08.139+0000][10296][safepoint    ] Safepoint "BulkRevokeBias", Time since last: 42321400 ns, Reaching safepoint: 140999 ns, At safepoint: 411401 ns, Total: 552400 ns
[2020-08-21T20:17:08.321+0000][10296][safepoint    ] Safepoint "ICBufferFull", Time since last: 182200200 ns, Reaching safepoint: 169300 ns, At safepoint: 8600 ns, Total: 177900 ns
[2020-08-21T20:17:08.563+0000][10296][safepoint    ] Safepoint "ICBufferFull", Time since last: 241352900 ns, Reaching safepoint: 201399 ns, At safepoint: 11001 ns, Total: 212400 ns
[2020-08-21T20:17:08.928+0000][10296][safepoint    ] Safepoint "ICBufferFull", Time since last: 365599800 ns, Reaching safepoint: 200699 ns, At safepoint: 11401 ns, Total: 212100 ns
[2020-08-21T20:17:09.231+0000][10296][safepoint    ] Safepoint "ICBufferFull", Time since last: 302795799 ns, Reaching safepoint: 162501 ns, At safepoint: 8600 ns, Total: 171101 ns
[2020-08-21T20:17:09.233+0000][10296][gc,start     ] GC(11) Pause Young (Concurrent Start) (G1 Evacuation Pause)
[2020-08-21T20:17:09.233+0000][10296][gc,task      ] GC(11) Using 18 workers of 18 for evacuation
[2020-08-21T20:17:09.233+0000][10296][gc,age       ] GC(11) Desired survivor size 40370176 bytes, new threshold 2 (max threshold 15)
[2020-08-21T20:17:09.247+0000][10296][gc,age       ] GC(11) Age table with threshold 2 (max threshold 15)
[2020-08-21T20:17:09.247+0000][10296][gc,age       ] GC(11) - age   1:   12236552 bytes,   12236552 total
[2020-08-21T20:17:09.247+0000][10296][gc,age       ] GC(11) - age   2:    9952816 bytes,   22189368 total
[2020-08-21T20:17:09.247+0000][10296][gc,phases    ] GC(11)   Pre Evacuate Collection Set: 0.3ms
[2020-08-21T20:17:09.247+0000][10296][gc,phases    ] GC(11)   Merge Heap Roots: 0.1ms
[2020-08-21T20:17:09.247+0000][10296][gc,phases    ] GC(11)   Evacuate Collection Set: 12.5ms
[2020-08-21T20:17:09.247+0000][10296][gc,phases    ] GC(11)   Post Evacuate Collection Set: 1.1ms
[2020-08-21T20:17:09.247+0000][10296][gc,phases    ] GC(11)   Other: 0.2ms
[2020-08-21T20:17:09.247+0000][10296][gc,heap      ] GC(11) Eden regions: 563->0(589)
[2020-08-21T20:17:09.247+0000][10296][gc,heap      ] GC(11) Survivor regions: 51->25(77)
[2020-08-21T20:17:09.247+0000][10296][gc,heap      ] GC(11) Old regions: 11->48
[2020-08-21T20:17:09.247+0000][10296][gc,heap      ] GC(11) Archive regions: 0->0
[2020-08-21T20:17:09.247+0000][10296][gc,heap      ] GC(11) Humongous regions: 7->7
[2020-08-21T20:17:09.247+0000][10296][gc,metaspace ] GC(11) Metaspace: 86344K(93952K)->86344K(93952K) NonClass: 74483K(79104K)->74483K(79104K) Class: 11860K(14848K)->11860K(14848K)
[2020-08-21T20:17:09.247+0000][10296][gc           ] GC(11) Pause Young (Concurrent Start) (G1 Evacuation Pause) 631M->79M(1024M) 14.335ms
[2020-08-21T20:17:09.247+0000][10296][gc,cpu       ] GC(11) User=0.27s Sys=0.02s Real=0.01s
[2020-08-21T20:17:09.247+0000][10296][safepoint    ] Safepoint "G1CollectForAllocation", Time since last: 1611700 ns, Reaching safepoint: 78700 ns, At safepoint: 14396400 ns, Total: 14475100 ns
[2020-08-21T20:17:09.247+0000][10296][gc           ] GC(12) Concurrent Cycle
[2020-08-21T20:17:09.247+0000][10296][gc,marking   ] GC(12) Concurrent Clear Claimed Marks
[2020-08-21T20:17:09.248+0000][10296][gc,marking   ] GC(12) Concurrent Clear Claimed Marks 0.271ms
[2020-08-21T20:17:09.248+0000][10296][gc,marking   ] GC(12) Concurrent Scan Root Regions
[2020-08-21T20:17:09.255+0000][10296][gc,marking   ] GC(12) Concurrent Scan Root Regions 6.816ms
[2020-08-21T20:17:09.255+0000][10296][gc,marking   ] GC(12) Concurrent Mark (18.464s)
[2020-08-21T20:17:09.255+0000][10296][gc,marking   ] GC(12) Concurrent Mark From Roots
[2020-08-21T20:17:09.255+0000][10296][gc,task      ] GC(12) Using 5 workers of 5 for marking
[2020-08-21T20:17:09.257+0000][10296][gc,marking   ] GC(12) Concurrent Mark From Roots 2.307ms
[2020-08-21T20:17:09.257+0000][10296][gc,marking   ] GC(12) Concurrent Preclean
[2020-08-21T20:17:09.257+0000][10296][gc,marking   ] GC(12) Concurrent Preclean 0.094ms
[2020-08-21T20:17:09.257+0000][10296][gc,marking   ] GC(12) Concurrent Mark (18.464s, 18.467s) 2.451ms
[2020-08-21T20:17:09.257+0000][10296][gc,start     ] GC(12) Pause Remark
[2020-08-21T20:17:09.259+0000][10296][gc           ] GC(12) Pause Remark 82M->82M(1024M) 1.354ms
[2020-08-21T20:17:09.259+0000][10296][gc,cpu       ] GC(12) User=0.00s Sys=0.00s Real=0.00s
[2020-08-21T20:17:09.259+0000][10296][safepoint    ] Safepoint "G1Concurrent", Time since last: 9694799 ns, Reaching safepoint: 92901 ns, At safepoint: 1395000 ns, Total: 1487901 ns
[2020-08-21T20:17:09.259+0000][10296][gc,marking   ] GC(12) Concurrent Rebuild Remembered Sets
[2020-08-21T20:17:09.267+0000][10296][gc,marking   ] GC(12) Concurrent Rebuild Remembered Sets 8.037ms
[2020-08-21T20:17:09.267+0000][10296][gc,start     ] GC(12) Pause Cleanup
[2020-08-21T20:17:09.267+0000][10296][gc           ] GC(12) Pause Cleanup 82M->82M(1024M) 0.098ms
[2020-08-21T20:17:09.267+0000][10296][gc,cpu       ] GC(12) User=0.00s Sys=0.00s Real=0.00s
[2020-08-21T20:17:09.267+0000][10296][safepoint    ] Safepoint "G1Concurrent", Time since last: 8096200 ns, Reaching safepoint: 478800 ns, At safepoint: 133599 ns, Total: 612399 ns
[2020-08-21T20:17:09.267+0000][10296][gc,marking   ] GC(12) Concurrent Cleanup for Next Mark
[2020-08-21T20:17:09.268+0000][10296][gc,marking   ] GC(12) Concurrent Cleanup for Next Mark 0.431ms
[2020-08-21T20:17:09.268+0000][10296][gc           ] GC(12) Concurrent Cycle 20.359ms
[2020-08-21T20:17:09.373+0000][10296][safepoint    ] Safepoint "BulkRevokeBias", Time since last: 105391101 ns, Reaching safepoint: 97300 ns, At safepoint: 324000 ns, Total: 421300 ns
[2020-08-21T20:17:09.711+0000][10296][safepoint    ] Safepoint "BulkRevokeBias", Time since last: 337895399 ns, Reaching safepoint: 196701 ns, At safepoint: 402500 ns, Total: 599201 ns
[2020-08-21T20:17:11.083+0000][10296][safepoint    ] Safepoint "Cleanup", Time since last: 1371736700 ns, Reaching safepoint: 126899 ns, At safepoint: 1701 ns, Total: 128600 ns
[2020-08-21T20:17:12.084+0000][10296][safepoint    ] Safepoint "Cleanup", Time since last: 1000003300 ns, Reaching safepoint: 93699 ns, At safepoint: 2101 ns, Total: 95800 ns
[2020-08-21T20:17:13.084+0000][10296][safepoint    ] Safepoint "Cleanup", Time since last: 1000291700 ns, Reaching safepoint: 89300 ns, At safepoint: 1500 ns, Total: 90800 ns
[2020-08-21T20:17:14.084+0000][10296][safepoint    ] Safepoint "Cleanup", Time since last: 1000398900 ns, Reaching safepoint: 97000 ns, At safepoint: 6099 ns, Total: 103099 ns
[2020-08-21T20:17:15.085+0000][10296][safepoint    ] Safepoint "Cleanup", Time since last: 1000271401 ns, Reaching safepoint: 97400 ns, At safepoint: 5799 ns, Total: 103199 ns
[2020-08-21T20:17:16.085+0000][10296][safepoint    ] Safepoint "Cleanup", Time since last: 1000065701 ns, Reaching safepoint: 96000 ns, At safepoint: 1700 ns, Total: 97700 ns
[2020-08-21T20:17:17.085+0000][10296][safepoint    ] Safepoint "Cleanup", Time since last: 1000374500 ns, Reaching safepoint: 101200 ns, At safepoint: 5000 ns, Total: 106200 ns
[2020-08-21T20:17:19.086+0000][10296][safepoint    ] Safepoint "Cleanup", Time since last: 2000403299 ns, Reaching safepoint: 91200 ns, At safepoint: 5501 ns, Total: 96701 ns
[2020-08-21T20:17:20.086+0000][10296][safepoint    ] Safepoint "Cleanup", Time since last: 1000357700 ns, Reaching safepoint: 126699 ns, At safepoint: 4901 ns, Total: 131600 ns
[2020-08-21T20:17:22.087+0000][10296][safepoint    ] Safepoint "Cleanup", Time since last: 1999934599 ns, Reaching safepoint: 90900 ns, At safepoint: 4701 ns, Total: 95601 ns
[2020-08-21T20:17:23.087+0000][10296][safepoint    ] Safepoint "Cleanup", Time since last: 1000354099 ns, Reaching safepoint: 101601 ns, At safepoint: 1600 ns, Total: 103201 ns
[2020-08-21T20:17:25.087+0000][10296][safepoint    ] Safepoint "Cleanup", Time since last: 1999936900 ns, Reaching safepoint: 93400 ns, At safepoint: 1500 ns, Total: 94900 ns
[2020-08-21T20:17:27.087+0000][10296][safepoint    ] Safepoint "Cleanup", Time since last: 2000363900 ns, Reaching safepoint: 110500 ns, At safepoint: 1500 ns, Total: 112000 ns
[2020-08-21T20:17:29.088+0000][10296][safepoint    ] Safepoint "Cleanup", Time since last: 1999926800 ns, Reaching safepoint: 93500 ns, At safepoint: 1700 ns, Total: 95200 ns
[2020-08-21T20:17:30.088+0000][10296][safepoint    ] Safepoint "Cleanup", Time since last: 1000388700 ns, Reaching safepoint: 135800 ns, At safepoint: 4799 ns, Total: 140599 ns
[2020-08-21T20:17:31.088+0000][10296][safepoint    ] Safepoint "Cleanup", Time since last: 1000316101 ns, Reaching safepoint: 105299 ns, At safepoint: 5201 ns, Total: 110500 ns
[2020-08-21T20:17:32.089+0000][10296][safepoint    ] Safepoint "Cleanup", Time since last: 1000115300 ns, Reaching safepoint: 90300 ns, At safepoint: 1600 ns, Total: 91900 ns
[2020-08-21T20:17:33.089+0000][10296][safepoint    ] Safepoint "Cleanup", Time since last: 1000242200 ns, Reaching safepoint: 95599 ns, At safepoint: 5801 ns, Total: 101400 ns
[2020-08-21T20:17:35.089+0000][10296][safepoint    ] Safepoint "Cleanup", Time since last: 2000373500 ns, Reaching safepoint: 101399 ns, At safepoint: 1501 ns, Total: 102900 ns
[2020-08-21T20:17:37.090+0000][10296][safepoint    ] Safepoint "Cleanup", Time since last: 2000385800 ns, Reaching safepoint: 124599 ns, At safepoint: 4901 ns, Total: 129500 ns
[2020-08-21T20:17:39.019+0000][10296][safepoint    ] Safepoint "Cleanup", Time since last: 1928847700 ns, Reaching safepoint: 103100 ns, At safepoint: 2100 ns, Total: 105200 ns
[2020-08-21T20:17:41.019+0000][10296][safepoint    ] Safepoint "Cleanup", Time since last: 1999986700 ns, Reaching safepoint: 107800 ns, At safepoint: 5800 ns, Total: 113600 ns
[2020-08-21T20:17:42.019+0000][10296][safepoint    ] Safepoint "Cleanup", Time since last: 1000335000 ns, Reaching safepoint: 94000 ns, At safepoint: 1599 ns, Total: 95599 ns
[2020-08-21T20:17:43.020+0000][10296][safepoint    ] Safepoint "Cleanup", Time since last: 1000380701 ns, Reaching safepoint: 103400 ns, At safepoint: 5399 ns, Total: 108799 ns
[2020-08-21T20:17:45.020+0000][10296][safepoint    ] Safepoint "Cleanup", Time since last: 2000104001 ns, Reaching safepoint: 90000 ns, At safepoint: 5399 ns, Total: 95399 ns
[2020-08-21T20:17:46.021+0000][10296][safepoint    ] Safepoint "Cleanup", Time since last: 1000222901 ns, Reaching safepoint: 95400 ns, At safepoint: 1500 ns, Total: 96900 ns
[2020-08-21T20:17:48.021+0000][10296][safepoint    ] Safepoint "Cleanup", Time since last: 1999948800 ns, Reaching safepoint: 98299 ns, At safepoint: 5301 ns, Total: 103600 ns
[2020-08-21T20:17:49.021+0000][10296][safepoint    ] Safepoint "Cleanup", Time since last: 1000317400 ns, Reaching safepoint: 117900 ns, At safepoint: 4500 ns, Total: 122400 ns
[2020-08-21T20:17:51.021+0000][10296][safepoint    ] Safepoint "Cleanup", Time since last: 2000033800 ns, Reaching safepoint: 97000 ns, At safepoint: 5399 ns, Total: 102399 ns
[2020-08-21T20:17:52.022+0000][10296][safepoint    ] Safepoint "Cleanup", Time since last: 1000293601 ns, Reaching safepoint: 78200 ns, At safepoint: 4700 ns, Total: 82900 ns
[2020-08-21T20:17:54.022+0000][10296][safepoint    ] Safepoint "Cleanup", Time since last: 2000399700 ns, Reaching safepoint: 107900 ns, At safepoint: 5100 ns, Total: 113000 ns
[2020-08-21T20:17:56.023+0000][10296][safepoint    ] Safepoint "Cleanup", Time since last: 2000402099 ns, Reaching safepoint: 106900 ns, At safepoint: 5101 ns, Total: 112001 ns
[2020-08-21T20:17:57.023+0000][10296][safepoint    ] Safepoint "Cleanup", Time since last: 1000375200 ns, Reaching safepoint: 130900 ns, At safepoint: 4700 ns, Total: 135600 ns
[2020-08-21T20:17:58.023+0000][10296][safepoint    ] Safepoint "Cleanup", Time since last: 1000353600 ns, Reaching safepoint: 88800 ns, At safepoint: 5499 ns, Total: 94299 ns
[2020-08-21T20:18:00.024+0000][10296][safepoint    ] Safepoint "Cleanup", Time since last: 2000287901 ns, Reaching safepoint: 101999 ns, At safepoint: 1901 ns, Total: 103900 ns
[2020-08-21T20:18:01.024+0000][10296][safepoint    ] Safepoint "Cleanup", Time since last: 1000023300 ns, Reaching safepoint: 104299 ns, At safepoint: 2001 ns, Total: 106300 ns
[2020-08-21T20:18:03.025+0000][10296][safepoint    ] Safepoint "Cleanup", Time since last: 2000461700 ns, Reaching safepoint: 113700 ns, At safepoint: 1800 ns, Total: 115500 ns
[2020-08-21T20:18:04.621+0000][10296][safepoint    ] Safepoint "Cleanup", Time since last: 1596337300 ns, Reaching safepoint: 146000 ns, At safepoint: 2400 ns, Total: 148400 ns
[2020-08-21T20:18:05.732+0000][10296][safepoint    ] Safepoint "Cleanup", Time since last: 1111362600 ns, Reaching safepoint: 83300 ns, At safepoint: 4800 ns, Total: 88100 ns
[2020-08-21T20:18:06.733+0000][10296][safepoint    ] Safepoint "Cleanup", Time since last: 1000365199 ns, Reaching safepoint: 102801 ns, At safepoint: 4599 ns, Total: 107400 ns
[2020-08-21T20:18:08.701+0000][10296][safepoint    ] Safepoint "Cleanup", Time since last: 1967896401 ns, Reaching safepoint: 89299 ns, At safepoint: 4801 ns, Total: 94100 ns
[2020-08-21T20:18:29.706+0000][10296][safepoint    ] Safepoint "Cleanup", Time since last: 21005304200 ns, Reaching safepoint: 102799 ns, At safepoint: 4601 ns, Total: 107400 ns
[2020-08-21T20:18:42.710+0000][10296][safepoint    ] Safepoint "Cleanup", Time since last: 13003020700 ns, Reaching safepoint: 92800 ns, At safepoint: 4900 ns, Total: 97700 ns
[2020-08-21T20:18:49.711+0000][10296][safepoint    ] Safepoint "Cleanup", Time since last: 7001382200 ns, Reaching safepoint: 88999 ns, At safepoint: 4501 ns, Total: 93500 ns
[2020-08-21T20:18:51.711+0000][10296][safepoint    ] Safepoint "Cleanup", Time since last: 2000402700 ns, Reaching safepoint: 140200 ns, At safepoint: 4700 ns, Total: 144900 ns
[2020-08-21T20:19:07.716+0000][10296][safepoint    ] Safepoint "Cleanup", Time since last: 16004361100 ns, Reaching safepoint: 101799 ns, At safepoint: 5001 ns, Total: 106800 ns
[2020-08-21T20:19:10.717+0000][10296][safepoint    ] Safepoint "Cleanup", Time since last: 3000868200 ns, Reaching safepoint: 97099 ns, At safepoint: 4501 ns, Total: 101600 ns
[2020-08-21T20:19:12.717+0000][10296][safepoint    ] Safepoint "Cleanup", Time since last: 2000254700 ns, Reaching safepoint: 96700 ns, At safepoint: 4699 ns, Total: 101399 ns
[2020-08-21T20:19:20.719+0000][10296][safepoint    ] Safepoint "Cleanup", Time since last: 8001599901 ns, Reaching safepoint: 93900 ns, At safepoint: 1499 ns, Total: 95399 ns
[2020-08-21T20:19:22.719+0000][10296][safepoint    ] Safepoint "Cleanup", Time since last: 2000140201 ns, Reaching safepoint: 99900 ns, At safepoint: 1900 ns, Total: 101800 ns
[2020-08-21T20:19:28.721+0000][10296][safepoint    ] Safepoint "Cleanup", Time since last: 6001600399 ns, Reaching safepoint: 79501 ns, At safepoint: 1400 ns, Total: 80901 ns
[2020-08-21T20:19:38.723+0000][10296][safepoint    ] Safepoint "Cleanup", Time since last: 10001965600 ns, Reaching safepoint: 108300 ns, At safepoint: 4700 ns, Total: 113000 ns
[2020-08-21T20:19:41.724+0000][10296][safepoint    ] Safepoint "Cleanup", Time since last: 3000831200 ns, Reaching safepoint: 82299 ns, At safepoint: 1400 ns, Total: 83699 ns
[2020-08-21T20:19:50.121+0000][10296][safepoint    ] Safepoint "Cleanup", Time since last: 8397470001 ns, Reaching safepoint: 73500 ns, At safepoint: 1400 ns, Total: 74900 ns
[2020-08-21T20:20:01.124+0000][10296][safepoint    ] Safepoint "Cleanup", Time since last: 11002501700 ns, Reaching safepoint: 88400 ns, At safepoint: 1500 ns, Total: 89900 ns
[2020-08-21T20:20:16.129+0000][10296][safepoint    ] Safepoint "Cleanup", Time since last: 15004351200 ns, Reaching safepoint: 87399 ns, At safepoint: 4601 ns, Total: 92000 ns
[2020-08-21T20:20:21.953+0000][10296][safepoint    ] Safepoint "Cleanup", Time since last: 5824108500 ns, Reaching safepoint: 144299 ns, At safepoint: 1501 ns, Total: 145800 ns
[2020-08-21T20:20:23.953+0000][10296][safepoint    ] Safepoint "Cleanup", Time since last: 2000112899 ns, Reaching safepoint: 130200 ns, At safepoint: 4601 ns, Total: 134801 ns
[2020-08-21T20:20:26.302+0000][10296][safepoint    ] Safepoint "Cleanup", Time since last: 2349021800 ns, Reaching safepoint: 68500 ns, At safepoint: 6800 ns, Total: 75300 ns
[2020-08-21T20:20:27.303+0000][10296][safepoint    ] Safepoint "Cleanup", Time since last: 1000361500 ns, Reaching safepoint: 86200 ns, At safepoint: 1699 ns, Total: 87899 ns
[2020-08-21T20:20:28.303+0000][10296][safepoint    ] Safepoint "Cleanup", Time since last: 1000334301 ns, Reaching safepoint: 86499 ns, At safepoint: 5401 ns, Total: 91900 ns
[2020-08-21T20:20:32.304+0000][10296][safepoint    ] Safepoint "Cleanup", Time since last: 4000423899 ns, Reaching safepoint: 88601 ns, At safepoint: 4500 ns, Total: 93101 ns
[2020-08-21T20:20:37.305+0000][10296][safepoint    ] Safepoint "Cleanup", Time since last: 5000929000 ns, Reaching safepoint: 134000 ns, At safepoint: 5299 ns, Total: 139299 ns
[2020-08-21T20:21:34.320+0000][10296][safepoint    ] Safepoint "Cleanup", Time since last: 57014814300 ns, Reaching safepoint: 93001 ns, At safepoint: 1600 ns, Total: 94601 ns
[2020-08-21T20:21:48.323+0000][10296][safepoint    ] Safepoint "Cleanup", Time since last: 14003163200 ns, Reaching safepoint: 87700 ns, At safepoint: 5400 ns, Total: 93100 ns
[2020-08-21T20:21:49.323+0000][10296][safepoint    ] Safepoint "Cleanup", Time since last: 1000151300 ns, Reaching safepoint: 91600 ns, At safepoint: 4700 ns, Total: 96300 ns
[2020-08-21T20:22:46.862+0000][10296][safepoint    ] Safepoint "Cleanup", Time since last: 57538630400 ns, Reaching safepoint: 94200 ns, At safepoint: 6700 ns, Total: 100900 ns
[2020-08-21T20:22:47.862+0000][10296][safepoint    ] Safepoint "Cleanup", Time since last: 1000300500 ns, Reaching safepoint: 97300 ns, At safepoint: 4899 ns, Total: 102199 ns
[2020-08-21T20:23:15.833+0000][10296][safepoint    ] Safepoint "Cleanup", Time since last: 27970312801 ns, Reaching safepoint: 91400 ns, At safepoint: 6700 ns, Total: 98100 ns
[2020-08-21T20:23:16.834+0000][10296][safepoint    ] Safepoint "Cleanup", Time since last: 1000870700 ns, Reaching safepoint: 85900 ns, At safepoint: 1400 ns, Total: 87300 ns
[2020-08-21T20:23:55.843+0000][10296][safepoint    ] Safepoint "Cleanup", Time since last: 39008980300 ns, Reaching safepoint: 93100 ns, At safepoint: 5400 ns, Total: 98500 ns
[2020-08-21T20:24:02.023+0000][10296][safepoint    ] Safepoint "Cleanup", Time since last: 6180384000 ns, Reaching safepoint: 103499 ns, At safepoint: 9701 ns, Total: 113200 ns
[2020-08-21T20:24:03.024+0000][10296][safepoint    ] Safepoint "Cleanup", Time since last: 1000463000 ns, Reaching safepoint: 93499 ns, At safepoint: 1401 ns, Total: 94900 ns
[2020-08-21T20:24:25.031+0000][10296][safepoint    ] Safepoint "Cleanup", Time since last: 22007255400 ns, Reaching safepoint: 79800 ns, At safepoint: 4700 ns, Total: 84500 ns
[2020-08-21T20:26:37.402+0000][10296][gc,start     ] GC(13) Pause Young (Normal) (G1 Evacuation Pause)
[2020-08-21T20:26:37.402+0000][10296][gc,task      ] GC(13) Using 18 workers of 18 for evacuation
[2020-08-21T20:26:37.402+0000][10296][gc,age       ] GC(13) Desired survivor size 40370176 bytes, new threshold 15 (max threshold 15)
[2020-08-21T20:26:37.410+0000][10296][gc,age       ] GC(13) Age table with threshold 15 (max threshold 15)
[2020-08-21T20:26:37.410+0000][10296][gc,age       ] GC(13) - age   1:    1208832 bytes,    1208832 total
[2020-08-21T20:26:37.410+0000][10296][gc,age       ] GC(13) - age   2:   11611112 bytes,   12819944 total
[2020-08-21T20:26:37.410+0000][10296][gc,age       ] GC(13) - age   3:    9947136 bytes,   22767080 total
[2020-08-21T20:26:37.410+0000][10296][gc,phases    ] GC(13)   Pre Evacuate Collection Set: 0.1ms
[2020-08-21T20:26:37.410+0000][10296][gc,phases    ] GC(13)   Merge Heap Roots: 0.1ms
[2020-08-21T20:26:37.410+0000][10296][gc,phases    ] GC(13)   Evacuate Collection Set: 6.0ms
[2020-08-21T20:26:37.410+0000][10296][gc,phases    ] GC(13)   Post Evacuate Collection Set: 0.9ms
[2020-08-21T20:26:37.410+0000][10296][gc,phases    ] GC(13)   Other: 0.2ms
[2020-08-21T20:26:37.410+0000][10296][gc,heap      ] GC(13) Eden regions: 589->0(589)
[2020-08-21T20:26:37.410+0000][10296][gc,heap      ] GC(13) Survivor regions: 25->25(77)
[2020-08-21T20:26:37.410+0000][10296][gc,heap      ] GC(13) Old regions: 48->48
[2020-08-21T20:26:37.410+0000][10296][gc,heap      ] GC(13) Archive regions: 0->0
[2020-08-21T20:26:37.410+0000][10296][gc,heap      ] GC(13) Humongous regions: 7->7
[2020-08-21T20:26:37.410+0000][10296][gc,metaspace ] GC(13) Metaspace: 88811K(96640K)->88811K(96640K) NonClass: 76646K(81408K)->76646K(81408K) Class: 12165K(15232K)->12165K(15232K)
[2020-08-21T20:26:37.410+0000][10296][gc           ] GC(13) Pause Young (Normal) (G1 Evacuation Pause) 668M->79M(1024M) 7.354ms
[2020-08-21T20:26:37.410+0000][10296][gc,cpu       ] GC(13) User=0.00s Sys=0.00s Real=0.01s
[2020-08-21T20:26:37.410+0000][10296][safepoint    ] Safepoint "G1CollectForAllocation", Time since last: 132371447900 ns, Reaching safepoint: 94499 ns, At safepoint: 7416701 ns, Total: 7511200 ns
[2020-08-21T20:26:51.414+0000][10296][safepoint    ] Safepoint "Cleanup", Time since last: 14004254899 ns, Reaching safepoint: 90401 ns, At safepoint: 2199 ns, Total: 92600 ns
[2020-08-21T20:27:05.418+0000][10296][safepoint    ] Safepoint "Cleanup", Time since last: 14003634501 ns, Reaching safepoint: 84300 ns, At safepoint: 1400 ns, Total: 85700 ns
[2020-08-21T20:27:20.283+0000][10296][safepoint    ] Safepoint "Cleanup", Time since last: 14864410400 ns, Reaching safepoint: 111399 ns, At safepoint: 5001 ns, Total: 116400 ns
[2020-08-21T20:27:29.285+0000][10296][safepoint    ] Safepoint "Cleanup", Time since last: 9002374400 ns, Reaching safepoint: 92400 ns, At safepoint: 2100 ns, Total: 94500 ns
[2020-08-21T20:27:38.287+0000][10296][safepoint    ] Safepoint "Cleanup", Time since last: 9001955400 ns, Reaching safepoint: 87600 ns, At safepoint: 1599 ns, Total: 89199 ns
[2020-08-21T20:28:18.298+0000][10296][safepoint    ] Safepoint "Cleanup", Time since last: 40010821401 ns, Reaching safepoint: 98400 ns, At safepoint: 4700 ns, Total: 103100 ns
[2020-08-21T20:28:21.299+0000][10296][safepoint    ] Safepoint "Cleanup", Time since last: 3000495899 ns, Reaching safepoint: 86501 ns, At safepoint: 1500 ns, Total: 88001 ns
[2020-08-21T20:28:44.304+0000][10296][safepoint    ] Safepoint "Cleanup", Time since last: 23005391500 ns, Reaching safepoint: 87300 ns, At safepoint: 4899 ns, Total: 92199 ns
[2020-08-21T20:29:05.310+0000][10296][safepoint    ] Safepoint "Cleanup", Time since last: 21005844401 ns, Reaching safepoint: 85800 ns, At safepoint: 5100 ns, Total: 90900 ns
[2020-08-21T20:29:48.321+0000][10296][safepoint    ] Safepoint "Cleanup", Time since last: 43010483500 ns, Reaching safepoint: 89700 ns, At safepoint: 2100 ns, Total: 91800 ns
[2020-08-21T20:30:38.332+0000][10296][safepoint    ] Safepoint "Cleanup", Time since last: 50011266400 ns, Reaching safepoint: 89300 ns, At safepoint: 4699 ns, Total: 93999 ns
[2020-08-21T20:31:05.338+0000][10296][safepoint    ] Safepoint "Cleanup", Time since last: 27005995801 ns, Reaching safepoint: 87600 ns, At safepoint: 4500 ns, Total: 92100 ns
[2020-08-21T20:31:13.340+0000][10296][safepoint    ] Safepoint "Cleanup", Time since last: 8001868500 ns, Reaching safepoint: 85100 ns, At safepoint: 1499 ns, Total: 86599 ns
[2020-08-21T20:32:09.018+0000][10296][safepoint    ] Safepoint "Cleanup", Time since last: 55678074100 ns, Reaching safepoint: 88101 ns, At safepoint: 1500 ns, Total: 89601 ns
[2020-08-21T20:33:57.834+0000][10296][safepoint    ] Safepoint "Cleanup", Time since last: 108815302200 ns, Reaching safepoint: 97699 ns, At safepoint: 1501 ns, Total: 99200 ns
[2020-08-21T20:34:21.840+0000][10296][safepoint    ] Safepoint "Cleanup", Time since last: 24005945799 ns, Reaching safepoint: 93901 ns, At safepoint: 1500 ns, Total: 95401 ns
[2020-08-21T20:34:33.841+0000][10296][safepoint    ] Safepoint "Cleanup", Time since last: 12001837299 ns, Reaching safepoint: 90801 ns, At safepoint: 1599 ns, Total: 92400 ns
[2020-08-21T20:34:38.842+0000][10296][safepoint    ] Safepoint "Cleanup", Time since last: 5000902300 ns, Reaching safepoint: 103001 ns, At safepoint: 1800 ns, Total: 104801 ns
[2020-08-21T20:35:21.854+0000][10296][safepoint    ] Safepoint "Cleanup", Time since last: 43011457700 ns, Reaching safepoint: 100700 ns, At safepoint: 5000 ns, Total: 105700 ns
[2020-08-21T20:35:23.855+0000][10296][safepoint    ] Safepoint "Cleanup", Time since last: 2000397300 ns, Reaching safepoint: 97700 ns, At safepoint: 5300 ns, Total: 103000 ns
[2020-08-21T20:35:24.855+0000][10296][safepoint    ] Safepoint "Cleanup", Time since last: 1000400100 ns, Reaching safepoint: 85200 ns, At safepoint: 4799 ns, Total: 89999 ns
[2020-08-21T20:35:33.857+0000][10296][safepoint    ] Safepoint "Cleanup", Time since last: 9002345301 ns, Reaching safepoint: 82000 ns, At safepoint: 4800 ns, Total: 86800 ns
[2020-08-21T20:36:42.873+0000][10296][safepoint    ] Safepoint "Cleanup", Time since last: 69015405700 ns, Reaching safepoint: 83900 ns, At safepoint: 3799 ns, Total: 87699 ns
[2020-08-21T20:38:08.896+0000][10296][safepoint    ] Safepoint "Cleanup", Time since last: 86022977101 ns, Reaching safepoint: 85200 ns, At safepoint: 4300 ns, Total: 89500 ns
[2020-08-21T20:39:08.911+0000][10296][safepoint    ] Safepoint "Cleanup", Time since last: 60015345000 ns, Reaching safepoint: 89600 ns, At safepoint: 1400 ns, Total: 91000 ns
[2020-08-21T20:39:52.666+0000][10296][safepoint    ] Safepoint "Cleanup", Time since last: 43753963500 ns, Reaching safepoint: 100400 ns, At safepoint: 11000 ns, Total: 111400 ns
[2020-08-21T20:39:53.667+0000][10296][safepoint    ] Safepoint "Cleanup", Time since last: 1000867000 ns, Reaching safepoint: 106299 ns, At safepoint: 5001 ns, Total: 111300 ns
[2020-08-21T20:39:55.667+0000][10296][safepoint    ] Safepoint "Cleanup", Time since last: 2000330399 ns, Reaching safepoint: 87501 ns, At safepoint: 4299 ns, Total: 91800 ns
[2020-08-21T20:40:08.670+0000][10296][safepoint    ] Safepoint "Cleanup", Time since last: 13003445701 ns, Reaching safepoint: 91600 ns, At safepoint: 1600 ns, Total: 93200 ns
[2020-08-21T20:40:38.002+0000][10296][gc,start     ] GC(14) Pause Young (Normal) (G1 Evacuation Pause)
[2020-08-21T20:40:38.002+0000][10296][gc,task      ] GC(14) Using 18 workers of 18 for evacuation
[2020-08-21T20:40:38.002+0000][10296][gc,age       ] GC(14) Desired survivor size 40370176 bytes, new threshold 15 (max threshold 15)
[2020-08-21T20:40:38.009+0000][10296][gc,age       ] GC(14) Age table with threshold 15 (max threshold 15)
[2020-08-21T20:40:38.009+0000][10296][gc,age       ] GC(14) - age   1:     219304 bytes,     219304 total
[2020-08-21T20:40:38.009+0000][10296][gc,age       ] GC(14) - age   2:    1187016 bytes,    1406320 total
[2020-08-21T20:40:38.009+0000][10296][gc,age       ] GC(14) - age   3:   11610392 bytes,   13016712 total
[2020-08-21T20:40:38.009+0000][10296][gc,age       ] GC(14) - age   4:    9946336 bytes,   22963048 total
[2020-08-21T20:40:38.009+0000][10296][gc,phases    ] GC(14)   Pre Evacuate Collection Set: 0.1ms
[2020-08-21T20:40:38.009+0000][10296][gc,phases    ] GC(14)   Merge Heap Roots: 0.1ms
[2020-08-21T20:40:38.009+0000][10296][gc,phases    ] GC(14)   Evacuate Collection Set: 6.0ms
[2020-08-21T20:40:38.009+0000][10296][gc,phases    ] GC(14)   Post Evacuate Collection Set: 0.8ms
[2020-08-21T20:40:38.009+0000][10296][gc,phases    ] GC(14)   Other: 0.3ms
[2020-08-21T20:40:38.009+0000][10296][gc,heap      ] GC(14) Eden regions: 589->0(589)
[2020-08-21T20:40:38.009+0000][10296][gc,heap      ] GC(14) Survivor regions: 25->25(77)
[2020-08-21T20:40:38.009+0000][10296][gc,heap      ] GC(14) Old regions: 48->48
[2020-08-21T20:40:38.009+0000][10296][gc,heap      ] GC(14) Archive regions: 0->0
[2020-08-21T20:40:38.009+0000][10296][gc,heap      ] GC(14) Humongous regions: 7->7
[2020-08-21T20:40:38.009+0000][10296][gc,metaspace ] GC(14) Metaspace: 89027K(96640K)->89027K(96640K) NonClass: 76844K(81408K)->76844K(81408K) Class: 12183K(15232K)->12183K(15232K)
[2020-08-21T20:40:38.009+0000][10296][gc           ] GC(14) Pause Young (Normal) (G1 Evacuation Pause) 668M->79M(1024M) 7.376ms
[2020-08-21T20:40:38.009+0000][10296][gc,cpu       ] GC(14) User=0.00s Sys=0.00s Real=0.01s
[2020-08-21T20:40:38.009+0000][10296][safepoint    ] Safepoint "G1CollectForAllocation", Time since last: 29331150500 ns, Reaching safepoint: 82200 ns, At safepoint: 7440700 ns, Total: 7522900 ns
[2020-08-21T20:40:53.013+0000][10296][safepoint    ] Safepoint "Cleanup", Time since last: 15004238600 ns, Reaching safepoint: 78800 ns, At safepoint: 4600 ns, Total: 83400 ns
[2020-08-21T20:41:24.021+0000][10296][safepoint    ] Safepoint "Cleanup", Time since last: 31007382499 ns, Reaching safepoint: 87401 ns, At safepoint: 5799 ns, Total: 93200 ns
[2020-08-21T20:41:26.021+0000][10296][safepoint    ] Safepoint "Cleanup", Time since last: 1999954401 ns, Reaching safepoint: 83299 ns, At safepoint: 1901 ns, Total: 85200 ns
[2020-08-21T20:41:39.025+0000][10296][safepoint    ] Safepoint "Cleanup", Time since last: 13003885100 ns, Reaching safepoint: 81900 ns, At safepoint: 4500 ns, Total: 86400 ns
[2020-08-21T20:42:49.042+0000][10296][safepoint    ] Safepoint "Cleanup", Time since last: 70016939200 ns, Reaching safepoint: 92000 ns, At safepoint: 5200 ns, Total: 97200 ns
[2020-08-21T20:44:33.068+0000][10296][safepoint    ] Safepoint "Cleanup", Time since last: 104025890700 ns, Reaching safepoint: 95300 ns, At safepoint: 1899 ns, Total: 97199 ns
[2020-08-21T20:44:39.070+0000][10296][safepoint    ] Safepoint "Cleanup", Time since last: 6001566800 ns, Reaching safepoint: 121300 ns, At safepoint: 2001 ns, Total: 123301 ns
[2020-08-21T20:46:38.833+0000][10296][safepoint    ] Safepoint "Cleanup", Time since last: 119763209100 ns, Reaching safepoint: 80100 ns, At safepoint: 4400 ns, Total: 84500 ns
[2020-08-21T20:47:39.848+0000][10296][safepoint    ] Safepoint "Cleanup", Time since last: 61014977500 ns, Reaching safepoint: 89200 ns, At safepoint: 2200 ns, Total: 91400 ns
[2020-08-21T20:51:38.910+0000][10296][safepoint    ] Safepoint "Cleanup", Time since last: 239061813500 ns, Reaching safepoint: 90900 ns, At safepoint: 1800 ns, Total: 92700 ns
[2020-08-21T20:52:38.923+0000][10296][safepoint    ] Safepoint "Cleanup", Time since last: 60013453600 ns, Reaching safepoint: 94099 ns, At safepoint: 5101 ns, Total: 99200 ns
[2020-08-21T20:53:14.652+0000][10296][safepoint    ] Safepoint "BulkRevokeBias", Time since last: 35727868600 ns, Reaching safepoint: 82400 ns, At safepoint: 474400 ns, Total: 556800 ns
[2020-08-21T20:53:14.653+0000][10296][safepoint    ] Safepoint "BulkRevokeBias", Time since last: 381800 ns, Reaching safepoint: 61600 ns, At safepoint: 341499 ns, Total: 403099 ns
[2020-08-21T20:54:24.672+0000][10296][safepoint    ] Safepoint "Cleanup", Time since last: 70019181101 ns, Reaching safepoint: 89099 ns, At safepoint: 4801 ns, Total: 93900 ns
[2020-08-21T20:54:38.593+0000][10296][gc,start     ] GC(15) Pause Young (Normal) (G1 Evacuation Pause)
[2020-08-21T20:54:38.594+0000][10296][gc,task      ] GC(15) Using 18 workers of 18 for evacuation
[2020-08-21T20:54:38.594+0000][10296][gc,age       ] GC(15) Desired survivor size 40370176 bytes, new threshold 15 (max threshold 15)
[2020-08-21T20:54:38.601+0000][10296][gc,age       ] GC(15) Age table with threshold 15 (max threshold 15)
[2020-08-21T20:54:38.601+0000][10296][gc,age       ] GC(15) - age   1:     129656 bytes,     129656 total
[2020-08-21T20:54:38.601+0000][10296][gc,age       ] GC(15) - age   2:     202720 bytes,     332376 total
[2020-08-21T20:54:38.601+0000][10296][gc,age       ] GC(15) - age   3:     978456 bytes,    1310832 total
[2020-08-21T20:54:38.601+0000][10296][gc,age       ] GC(15) - age   4:   10179272 bytes,   11490104 total
[2020-08-21T20:54:38.601+0000][10296][gc,age       ] GC(15) - age   5:    9449816 bytes,   20939920 total
[2020-08-21T20:54:38.601+0000][10296][gc,phases    ] GC(15)   Pre Evacuate Collection Set: 0.1ms
[2020-08-21T20:54:38.601+0000][10296][gc,phases    ] GC(15)   Merge Heap Roots: 0.1ms
[2020-08-21T20:54:38.601+0000][10296][gc,phases    ] GC(15)   Evacuate Collection Set: 5.6ms
[2020-08-21T20:54:38.601+0000][10296][gc,phases    ] GC(15)   Post Evacuate Collection Set: 1.0ms
[2020-08-21T20:54:38.601+0000][10296][gc,phases    ] GC(15)   Other: 0.2ms
[2020-08-21T20:54:38.601+0000][10296][gc,heap      ] GC(15) Eden regions: 589->0(592)
[2020-08-21T20:54:38.601+0000][10296][gc,heap      ] GC(15) Survivor regions: 25->22(77)
[2020-08-21T20:54:38.601+0000][10296][gc,heap      ] GC(15) Old regions: 48->48
[2020-08-21T20:54:38.601+0000][10296][gc,heap      ] GC(15) Archive regions: 0->0
[2020-08-21T20:54:38.601+0000][10296][gc,heap      ] GC(15) Humongous regions: 7->7
[2020-08-21T20:54:38.601+0000][10296][gc,metaspace ] GC(15) Metaspace: 89061K(96896K)->89061K(96896K) NonClass: 76878K(81664K)->76878K(81664K) Class: 12183K(15232K)->12183K(15232K)
[2020-08-21T20:54:38.601+0000][10296][gc           ] GC(15) Pause Young (Normal) (G1 Evacuation Pause) 668M->76M(1024M) 7.027ms
[2020-08-21T20:54:38.601+0000][10296][gc,cpu       ] GC(15) User=0.00s Sys=0.00s Real=0.01s
[2020-08-21T20:54:38.601+0000][10296][safepoint    ] Safepoint "G1CollectForAllocation", Time since last: 13921766900 ns, Reaching safepoint: 83200 ns, At safepoint: 7090400 ns, Total: 7173600 ns
[2020-08-21T20:57:39.650+0000][10296][safepoint    ] Safepoint "Cleanup", Time since last: 181048968600 ns, Reaching safepoint: 95100 ns, At safepoint: 1600 ns, Total: 96700 ns
[2020-08-21T20:58:24.660+0000][10296][safepoint    ] Safepoint "Cleanup", Time since last: 45009882500 ns, Reaching safepoint: 82999 ns, At safepoint: 1601 ns, Total: 84600 ns
[2020-08-21T20:58:38.663+0000][10296][safepoint    ] Safepoint "Cleanup", Time since last: 14002930100 ns, Reaching safepoint: 86100 ns, At safepoint: 4900 ns, Total: 91000 ns
[2020-08-21T20:59:38.679+0000][10296][safepoint    ] Safepoint "Cleanup", Time since last: 60015439600 ns, Reaching safepoint: 90999 ns, At safepoint: 1501 ns, Total: 92500 ns
[2020-08-21T21:01:04.536+0000][10296][safepoint    ] Safepoint "Cleanup", Time since last: 85857629699 ns, Reaching safepoint: 102401 ns, At safepoint: 9800 ns, Total: 112201 ns
[2020-08-21T21:01:05.537+0000][10296][safepoint    ] Safepoint "Cleanup", Time since last: 1000602700 ns, Reaching safepoint: 94899 ns, At safepoint: 5101 ns, Total: 100000 ns
[2020-08-21T21:01:48.548+0000][10296][safepoint    ] Safepoint "Cleanup", Time since last: 43010475299 ns, Reaching safepoint: 100000 ns, At safepoint: 1401 ns, Total: 101401 ns
[2020-08-21T21:01:51.549+0000][10296][safepoint    ] Safepoint "Cleanup", Time since last: 3001358100 ns, Reaching safepoint: 89100 ns, At safepoint: 1400 ns, Total: 90500 ns
[2020-08-21T21:03:29.574+0000][10296][safepoint    ] Safepoint "Cleanup", Time since last: 98025369200 ns, Reaching safepoint: 100200 ns, At safepoint: 2100 ns, Total: 102300 ns
[2020-08-21T21:04:08.585+0000][10296][safepoint    ] Safepoint "Cleanup", Time since last: 39010011200 ns, Reaching safepoint: 79600 ns, At safepoint: 4800 ns, Total: 84400 ns
[2020-08-21T21:04:38.592+0000][10296][safepoint    ] Safepoint "Cleanup", Time since last: 30007381599 ns, Reaching safepoint: 77101 ns, At safepoint: 1800 ns, Total: 78901 ns
[2020-08-21T21:05:08.600+0000][10296][safepoint    ] Safepoint "Cleanup", Time since last: 30007866200 ns, Reaching safepoint: 77600 ns, At safepoint: 4099 ns, Total: 81699 ns
[2020-08-21T21:05:38.608+0000][10296][safepoint    ] Safepoint "Cleanup", Time since last: 30007965600 ns, Reaching safepoint: 78101 ns, At safepoint: 2000 ns, Total: 80101 ns
[2020-08-21T21:06:08.614+0000][10296][safepoint    ] Safepoint "Cleanup", Time since last: 30006377100 ns, Reaching safepoint: 97200 ns, At safepoint: 4499 ns, Total: 101699 ns
[2020-08-21T21:06:48.624+0000][10296][safepoint    ] Safepoint "Cleanup", Time since last: 40009428401 ns, Reaching safepoint: 129400 ns, At safepoint: 1500 ns, Total: 130900 ns
[2020-08-21T21:07:08.630+0000][10296][safepoint    ] Safepoint "Cleanup", Time since last: 20005840700 ns, Reaching safepoint: 114500 ns, At safepoint: 1600 ns, Total: 116100 ns
[2020-08-21T21:07:19.632+0000][10296][safepoint    ] Safepoint "Cleanup", Time since last: 11001918500 ns, Reaching safepoint: 93899 ns, At safepoint: 4801 ns, Total: 98700 ns
[2020-08-21T21:08:44.185+0000][10296][gc,start     ] GC(16) Pause Young (Normal) (G1 Evacuation Pause)
[2020-08-21T21:08:44.185+0000][10296][gc,task      ] GC(16) Using 18 workers of 18 for evacuation
[2020-08-21T21:08:44.185+0000][10296][gc,age       ] GC(16) Desired survivor size 40370176 bytes, new threshold 15 (max threshold 15)
[2020-08-21T21:08:44.192+0000][10296][gc,age       ] GC(16) Age table with threshold 15 (max threshold 15)
[2020-08-21T21:08:44.192+0000][10296][gc,age       ] GC(16) - age   1:      79608 bytes,      79608 total
[2020-08-21T21:08:44.192+0000][10296][gc,age       ] GC(16) - age   2:     120936 bytes,     200544 total
[2020-08-21T21:08:44.192+0000][10296][gc,age       ] GC(16) - age   3:     103664 bytes,     304208 total
[2020-08-21T21:08:44.192+0000][10296][gc,age       ] GC(16) - age   4:     978408 bytes,    1282616 total
[2020-08-21T21:08:44.192+0000][10296][gc,age       ] GC(16) - age   5:   10179240 bytes,   11461856 total
[2020-08-21T21:08:44.192+0000][10296][gc,age       ] GC(16) - age   6:    9449800 bytes,   20911656 total
[2020-08-21T21:08:44.192+0000][10296][gc,phases    ] GC(16)   Pre Evacuate Collection Set: 0.1ms
[2020-08-21T21:08:44.192+0000][10296][gc,phases    ] GC(16)   Merge Heap Roots: 0.1ms
[2020-08-21T21:08:44.192+0000][10296][gc,phases    ] GC(16)   Evacuate Collection Set: 6.0ms
[2020-08-21T21:08:44.192+0000][10296][gc,phases    ] GC(16)   Post Evacuate Collection Set: 0.9ms
[2020-08-21T21:08:44.192+0000][10296][gc,phases    ] GC(16)   Other: 0.3ms
[2020-08-21T21:08:44.192+0000][10296][gc,heap      ] GC(16) Eden regions: 592->0(592)
[2020-08-21T21:08:44.192+0000][10296][gc,heap      ] GC(16) Survivor regions: 22->22(77)
[2020-08-21T21:08:44.192+0000][10296][gc,heap      ] GC(16) Old regions: 48->48
[2020-08-21T21:08:44.192+0000][10296][gc,heap      ] GC(16) Archive regions: 0->0
[2020-08-21T21:08:44.192+0000][10296][gc,heap      ] GC(16) Humongous regions: 7->7
[2020-08-21T21:08:44.192+0000][10296][gc,metaspace ] GC(16) Metaspace: 89128K(96896K)->89128K(96896K) NonClass: 76945K(81664K)->76945K(81664K) Class: 12183K(15232K)->12183K(15232K)
[2020-08-21T21:08:44.193+0000][10296][gc           ] GC(16) Pause Young (Normal) (G1 Evacuation Pause) 668M->76M(1024M) 7.455ms
[2020-08-21T21:08:44.193+0000][10296][gc,cpu       ] GC(16) User=0.00s Sys=0.00s Real=0.01s
[2020-08-21T21:08:44.193+0000][10296][safepoint    ] Safepoint "G1CollectForAllocation", Time since last: 84552997400 ns, Reaching safepoint: 101999 ns, At safepoint: 7561501 ns, Total: 7663500 ns
[2020-08-21T21:16:40.909+0000][10296][safepoint    ] Safepoint "Cleanup", Time since last: 476716211199 ns, Reaching safepoint: 98600 ns, At safepoint: 1501 ns, Total: 100101 ns
[2020-08-21T21:16:54.912+0000][10296][safepoint    ] Safepoint "Cleanup", Time since last: 14003186799 ns, Reaching safepoint: 85301 ns, At safepoint: 1500 ns, Total: 86801 ns
[2020-08-21T21:17:08.915+0000][10296][safepoint    ] Safepoint "Cleanup", Time since last: 14002708900 ns, Reaching safepoint: 97000 ns, At safepoint: 1600 ns, Total: 98600 ns
[2020-08-21T21:18:38.939+0000][10296][safepoint    ] Safepoint "Cleanup", Time since last: 90023996600 ns, Reaching safepoint: 97800 ns, At safepoint: 5100 ns, Total: 102900 ns
[2020-08-21T21:19:08.947+0000][10296][safepoint    ] Safepoint "Cleanup", Time since last: 30008073100 ns, Reaching safepoint: 104999 ns, At safepoint: 1601 ns, Total: 106600 ns
[2020-08-21T21:20:08.964+0000][10296][safepoint    ] Safepoint "Cleanup", Time since last: 60017017800 ns, Reaching safepoint: 79200 ns, At safepoint: 4800 ns, Total: 84000 ns
[2020-08-21T21:22:54.792+0000][10296][gc,start     ] GC(17) Pause Young (Normal) (G1 Evacuation Pause)
[2020-08-21T21:22:54.792+0000][10296][gc,task      ] GC(17) Using 18 workers of 18 for evacuation
[2020-08-21T21:22:54.792+0000][10296][gc,age       ] GC(17) Desired survivor size 40370176 bytes, new threshold 15 (max threshold 15)
[2020-08-21T21:22:54.799+0000][10296][gc,age       ] GC(17) Age table with threshold 15 (max threshold 15)
[2020-08-21T21:22:54.799+0000][10296][gc,age       ] GC(17) - age   1:      50944 bytes,      50944 total
[2020-08-21T21:22:54.799+0000][10296][gc,age       ] GC(17) - age   2:      70992 bytes,     121936 total
[2020-08-21T21:22:54.799+0000][10296][gc,age       ] GC(17) - age   3:      55896 bytes,     177832 total
[2020-08-21T21:22:54.799+0000][10296][gc,age       ] GC(17) - age   4:     103664 bytes,     281496 total
[2020-08-21T21:22:54.799+0000][10296][gc,age       ] GC(17) - age   5:     978320 bytes,    1259816 total
[2020-08-21T21:22:54.799+0000][10296][gc,age       ] GC(17) - age   6:   10179240 bytes,   11439056 total
[2020-08-21T21:22:54.799+0000][10296][gc,age       ] GC(17) - age   7:    9449800 bytes,   20888856 total
[2020-08-21T21:22:54.799+0000][10296][gc,phases    ] GC(17)   Pre Evacuate Collection Set: 0.1ms
[2020-08-21T21:22:54.799+0000][10296][gc,phases    ] GC(17)   Merge Heap Roots: 0.1ms
[2020-08-21T21:22:54.799+0000][10296][gc,phases    ] GC(17)   Evacuate Collection Set: 5.5ms
[2020-08-21T21:22:54.799+0000][10296][gc,phases    ] GC(17)   Post Evacuate Collection Set: 0.9ms
[2020-08-21T21:22:54.799+0000][10296][gc,phases    ] GC(17)   Other: 0.3ms
[2020-08-21T21:22:54.799+0000][10296][gc,heap      ] GC(17) Eden regions: 592->0(592)
[2020-08-21T21:22:54.799+0000][10296][gc,heap      ] GC(17) Survivor regions: 22->22(77)
[2020-08-21T21:22:54.799+0000][10296][gc,heap      ] GC(17) Old regions: 48->48
[2020-08-21T21:22:54.799+0000][10296][gc,heap      ] GC(17) Archive regions: 0->0
[2020-08-21T21:22:54.799+0000][10296][gc,heap      ] GC(17) Humongous regions: 7->7
[2020-08-21T21:22:54.799+0000][10296][gc,metaspace ] GC(17) Metaspace: 89151K(96896K)->89151K(96896K) NonClass: 76967K(81664K)->76967K(81664K) Class: 12183K(15232K)->12183K(15232K)
[2020-08-21T21:22:54.799+0000][10296][gc           ] GC(17) Pause Young (Normal) (G1 Evacuation Pause) 668M->76M(1024M) 6.838ms
[2020-08-21T21:22:54.799+0000][10296][gc,cpu       ] GC(17) User=0.00s Sys=0.00s Real=0.01s
[2020-08-21T21:22:54.799+0000][10296][safepoint    ] Safepoint "G1CollectForAllocation", Time since last: 165827621800 ns, Reaching safepoint: 82200 ns, At safepoint: 6905700 ns, Total: 6987900 ns
[2020-08-21T21:23:08.803+0000][10296][safepoint    ] Safepoint "Cleanup", Time since last: 14003448699 ns, Reaching safepoint: 93901 ns, At safepoint: 4700 ns, Total: 98601 ns
[2020-08-21T21:29:21.958+0000][10296][safepoint    ] Safepoint "Cleanup", Time since last: 373155323700 ns, Reaching safepoint: 86499 ns, At safepoint: 1401 ns, Total: 87900 ns
[2020-08-21T21:30:20.974+0000][10296][safepoint    ] Safepoint "Cleanup", Time since last: 59015873400 ns, Reaching safepoint: 89500 ns, At safepoint: 4899 ns, Total: 94399 ns
[2020-08-21T21:30:35.977+0000][10296][safepoint    ] Safepoint "Cleanup", Time since last: 15003288801 ns, Reaching safepoint: 92300 ns, At safepoint: 5099 ns, Total: 97399 ns
[2020-08-21T21:30:40.382+0000][10296][safepoint    ] Safepoint "Cleanup", Time since last: 4405002501 ns, Reaching safepoint: 83600 ns, At safepoint: 9499 ns, Total: 93099 ns
[2020-08-21T21:30:40.400+0000][10296][safepoint    ] Safepoint "BulkRevokeBias", Time since last: 16368901 ns, Reaching safepoint: 91300 ns, At safepoint: 673300 ns, Total: 764600 ns
[2020-08-21T21:30:40.460+0000][10296][safepoint    ] Safepoint "BulkRevokeBias", Time since last: 60185600 ns, Reaching safepoint: 82400 ns, At safepoint: 289900 ns, Total: 372300 ns
[2020-08-21T21:30:40.461+0000][10296][safepoint    ] Safepoint "BulkRevokeBias", Time since last: 1100700 ns, Reaching safepoint: 67599 ns, At safepoint: 160200 ns, Total: 227799 ns
[2020-08-21T21:30:41.463+0000][10296][safepoint    ] Safepoint "Cleanup", Time since last: 1001339201 ns, Reaching safepoint: 175500 ns, At safepoint: 3700 ns, Total: 179200 ns
[2020-08-21T21:30:45.121+0000][10296][safepoint    ] Safepoint "Cleanup", Time since last: 3658408199 ns, Reaching safepoint: 91700 ns, At safepoint: 1801 ns, Total: 93501 ns
[2020-08-21T21:30:51.123+0000][10296][safepoint    ] Safepoint "Cleanup", Time since last: 6001382199 ns, Reaching safepoint: 140601 ns, At safepoint: 1900 ns, Total: 142501 ns
[2020-08-21T21:31:05.126+0000][10296][safepoint    ] Safepoint "Cleanup", Time since last: 14002889300 ns, Reaching safepoint: 97800 ns, At safepoint: 4799 ns, Total: 102599 ns
[2020-08-21T21:31:09.205+0000][10296][safepoint    ] Safepoint "Cleanup", Time since last: 4078978001 ns, Reaching safepoint: 101300 ns, At safepoint: 4900 ns, Total: 106200 ns
[2020-08-21T21:31:40.471+0000][10296][safepoint    ] Safepoint "Cleanup", Time since last: 31265385500 ns, Reaching safepoint: 83499 ns, At safepoint: 1401 ns, Total: 84900 ns
[2020-08-21T21:32:46.487+0000][10296][safepoint    ] Safepoint "Cleanup", Time since last: 66016316500 ns, Reaching safepoint: 95500 ns, At safepoint: 1700 ns, Total: 97200 ns
[2020-08-21T21:32:50.488+0000][10296][safepoint    ] Safepoint "Cleanup", Time since last: 4000861700 ns, Reaching safepoint: 94300 ns, At safepoint: 5600 ns, Total: 99900 ns
[2020-08-21T21:33:08.492+0000][10296][safepoint    ] Safepoint "Cleanup", Time since last: 18003455100 ns, Reaching safepoint: 92900 ns, At safepoint: 1500 ns, Total: 94400 ns
[2020-08-21T21:33:09.492+0000][10296][safepoint    ] Safepoint "Cleanup", Time since last: 1000384899 ns, Reaching safepoint: 83700 ns, At safepoint: 1500 ns, Total: 85200 ns
[2020-08-21T21:33:10.492+0000][10296][safepoint    ] Safepoint "Cleanup", Time since last: 1000419000 ns, Reaching safepoint: 80901 ns, At safepoint: 1800 ns, Total: 82701 ns
[2020-08-21T21:34:42.513+0000][10296][safepoint    ] Safepoint "Cleanup", Time since last: 92020396499 ns, Reaching safepoint: 93000 ns, At safepoint: 1601 ns, Total: 94601 ns
[2020-08-21T21:34:51.515+0000][10296][safepoint    ] Safepoint "Cleanup", Time since last: 9001922700 ns, Reaching safepoint: 89300 ns, At safepoint: 4499 ns, Total: 93799 ns
[2020-08-21T21:34:52.515+0000][10296][safepoint    ] Safepoint "Cleanup", Time since last: 1000367301 ns, Reaching safepoint: 105499 ns, At safepoint: 1801 ns, Total: 107300 ns
[2020-08-21T21:34:56.517+0000][10296][safepoint    ] Safepoint "Cleanup", Time since last: 4000944200 ns, Reaching safepoint: 87700 ns, At safepoint: 4600 ns, Total: 92300 ns
[2020-08-21T21:34:58.517+0000][10296][safepoint    ] Safepoint "Cleanup", Time since last: 2000480500 ns, Reaching safepoint: 139100 ns, At safepoint: 4900 ns, Total: 144000 ns
[2020-08-21T21:35:10.519+0000][10296][safepoint    ] Safepoint "Cleanup", Time since last: 12001860400 ns, Reaching safepoint: 95300 ns, At safepoint: 1900 ns, Total: 97200 ns
[2020-08-21T21:35:40.528+0000][10296][safepoint    ] Safepoint "Cleanup", Time since last: 30008789900 ns, Reaching safepoint: 89099 ns, At safepoint: 1501 ns, Total: 90600 ns
[2020-08-21T21:35:42.528+0000][10296][safepoint    ] Safepoint "Cleanup", Time since last: 2000431700 ns, Reaching safepoint: 95000 ns, At safepoint: 5000 ns, Total: 100000 ns
[2020-08-21T21:35:55.327+0000][10296][gc,start     ] GC(18) Pause Young (Normal) (G1 Evacuation Pause)
[2020-08-21T21:35:55.327+0000][10296][gc,task      ] GC(18) Using 18 workers of 18 for evacuation
[2020-08-21T21:35:55.327+0000][10296][gc,age       ] GC(18) Desired survivor size 40370176 bytes, new threshold 15 (max threshold 15)
[2020-08-21T21:35:55.334+0000][10296][gc,age       ] GC(18) Age table with threshold 15 (max threshold 15)
[2020-08-21T21:35:55.334+0000][10296][gc,age       ] GC(18) - age   1:    1000032 bytes,    1000032 total
[2020-08-21T21:35:55.334+0000][10296][gc,age       ] GC(18) - age   2:      42472 bytes,    1042504 total
[2020-08-21T21:35:55.334+0000][10296][gc,age       ] GC(18) - age   3:      38256 bytes,    1080760 total
[2020-08-21T21:35:55.334+0000][10296][gc,age       ] GC(18) - age   4:      55752 bytes,    1136512 total
[2020-08-21T21:35:55.334+0000][10296][gc,age       ] GC(18) - age   5:     102200 bytes,    1238712 total
[2020-08-21T21:35:55.334+0000][10296][gc,age       ] GC(18) - age   6:     968824 bytes,    2207536 total
[2020-08-21T21:35:55.334+0000][10296][gc,age       ] GC(18) - age   7:   10170864 bytes,   12378400 total
[2020-08-21T21:35:55.334+0000][10296][gc,age       ] GC(18) - age   8:    9444592 bytes,   21822992 total
[2020-08-21T21:35:55.334+0000][10296][gc,phases    ] GC(18)   Pre Evacuate Collection Set: 0.1ms
[2020-08-21T21:35:55.334+0000][10296][gc,phases    ] GC(18)   Merge Heap Roots: 0.1ms
[2020-08-21T21:35:55.334+0000][10296][gc,phases    ] GC(18)   Evacuate Collection Set: 5.7ms
[2020-08-21T21:35:55.334+0000][10296][gc,phases    ] GC(18)   Post Evacuate Collection Set: 1.0ms
[2020-08-21T21:35:55.334+0000][10296][gc,phases    ] GC(18)   Other: 0.3ms
[2020-08-21T21:35:55.334+0000][10296][gc,heap      ] GC(18) Eden regions: 592->0(591)
[2020-08-21T21:35:55.334+0000][10296][gc,heap      ] GC(18) Survivor regions: 22->23(77)
[2020-08-21T21:35:55.334+0000][10296][gc,heap      ] GC(18) Old regions: 48->48
[2020-08-21T21:35:55.334+0000][10296][gc,heap      ] GC(18) Archive regions: 0->0
[2020-08-21T21:35:55.334+0000][10296][gc,heap      ] GC(18) Humongous regions: 7->7
[2020-08-21T21:35:55.334+0000][10296][gc,metaspace ] GC(18) Metaspace: 91480K(99328K)->91480K(99328K) NonClass: 78986K(83712K)->78986K(83712K) Class: 12493K(15616K)->12493K(15616K)
[2020-08-21T21:35:55.334+0000][10296][gc           ] GC(18) Pause Young (Normal) (G1 Evacuation Pause) 668M->77M(1024M) 7.169ms
[2020-08-21T21:35:55.334+0000][10296][gc,cpu       ] GC(18) User=0.00s Sys=0.00s Real=0.01s
[2020-08-21T21:35:55.334+0000][10296][safepoint    ] Safepoint "G1CollectForAllocation", Time since last: 12798574900 ns, Reaching safepoint: 89100 ns, At safepoint: 7238000 ns, Total: 7327100 ns
[2020-08-21T21:35:57.335+0000][10296][safepoint    ] Safepoint "Cleanup", Time since last: 2000315999 ns, Reaching safepoint: 101701 ns, At safepoint: 1700 ns, Total: 103401 ns
[2020-08-21T21:36:08.338+0000][10296][safepoint    ] Safepoint "Cleanup", Time since last: 11003045100 ns, Reaching safepoint: 133000 ns, At safepoint: 1900 ns, Total: 134900 ns
[2020-08-21T21:36:16.339+0000][10296][safepoint    ] Safepoint "Cleanup", Time since last: 8000924600 ns, Reaching safepoint: 87599 ns, At safepoint: 1601 ns, Total: 89200 ns
[2020-08-21T21:36:38.344+0000][10296][safepoint    ] Safepoint "Cleanup", Time since last: 22004857500 ns, Reaching safepoint: 88400 ns, At safepoint: 1700 ns, Total: 90100 ns
[2020-08-21T21:37:06.351+0000][10296][safepoint    ] Safepoint "Cleanup", Time since last: 28007433400 ns, Reaching safepoint: 96800 ns, At safepoint: 1800 ns, Total: 98600 ns
[2020-08-21T21:38:38.376+0000][10296][safepoint    ] Safepoint "Cleanup", Time since last: 92023912000 ns, Reaching safepoint: 117900 ns, At safepoint: 1800 ns, Total: 119700 ns
[2020-08-21T21:40:36.491+0000][10296][safepoint    ] Safepoint "Cleanup", Time since last: 120030431200 ns, Reaching safepoint: 75600 ns, At safepoint: 4900 ns, Total: 80500 ns
[2020-08-21T21:41:19.557+0000][10296][safepoint    ] Safepoint "Cleanup", Time since last: 43065911399 ns, Reaching safepoint: 103401 ns, At safepoint: 1600 ns, Total: 105001 ns
[2020-08-21T21:45:36.619+0000][10296][safepoint    ] Safepoint "Cleanup", Time since last: 257061314100 ns, Reaching safepoint: 91300 ns, At safepoint: 6000 ns, Total: 97300 ns
[2020-08-21T21:47:06.642+0000][10296][safepoint    ] Safepoint "Cleanup", Time since last: 90023420600 ns, Reaching safepoint: 88000 ns, At safepoint: 1499 ns, Total: 89499 ns
[2020-08-21T21:48:38.667+0000][10296][safepoint    ] Safepoint "Cleanup", Time since last: 92024445701 ns, Reaching safepoint: 82200 ns, At safepoint: 1500 ns, Total: 83700 ns
[2020-08-21T21:48:51.670+0000][10296][safepoint    ] Safepoint "Cleanup", Time since last: 13003366700 ns, Reaching safepoint: 97799 ns, At safepoint: 1801 ns, Total: 99600 ns
[2020-08-21T21:49:03.673+0000][10296][safepoint    ] Safepoint "Cleanup", Time since last: 12002896800 ns, Reaching safepoint: 97100 ns, At safepoint: 1799 ns, Total: 98899 ns
[2020-08-21T21:49:06.674+0000][10296][safepoint    ] Safepoint "Cleanup", Time since last: 3000376601 ns, Reaching safepoint: 86700 ns, At safepoint: 1699 ns, Total: 88399 ns
[2020-08-21T21:49:36.682+0000][10296][safepoint    ] Safepoint "Cleanup", Time since last: 30007935200 ns, Reaching safepoint: 90601 ns, At safepoint: 5800 ns, Total: 96401 ns
[2020-08-21T21:49:58.994+0000][10296][gc,start     ] GC(19) Pause Young (Normal) (G1 Evacuation Pause)
[2020-08-21T21:49:58.994+0000][10296][gc,task      ] GC(19) Using 18 workers of 18 for evacuation
[2020-08-21T21:49:58.994+0000][10296][gc,age       ] GC(19) Desired survivor size 40370176 bytes, new threshold 15 (max threshold 15)
[2020-08-21T21:49:59.001+0000][10296][gc,age       ] GC(19) Age table with threshold 15 (max threshold 15)
[2020-08-21T21:49:59.001+0000][10296][gc,age       ] GC(19) - age   1:      11968 bytes,      11968 total
[2020-08-21T21:49:59.001+0000][10296][gc,age       ] GC(19) - age   2:     962312 bytes,     974280 total
[2020-08-21T21:49:59.001+0000][10296][gc,age       ] GC(19) - age   3:       9736 bytes,     984016 total
[2020-08-21T21:49:59.001+0000][10296][gc,age       ] GC(19) - age   4:      38256 bytes,    1022272 total
[2020-08-21T21:49:59.001+0000][10296][gc,age       ] GC(19) - age   5:      55752 bytes,    1078024 total
[2020-08-21T21:49:59.001+0000][10296][gc,age       ] GC(19) - age   6:     102200 bytes,    1180224 total
[2020-08-21T21:49:59.001+0000][10296][gc,age       ] GC(19) - age   7:     958008 bytes,    2138232 total
[2020-08-21T21:49:59.001+0000][10296][gc,age       ] GC(19) - age   8:   10167880 bytes,   12306112 total
[2020-08-21T21:49:59.001+0000][10296][gc,age       ] GC(19) - age   9:    9444592 bytes,   21750704 total
[2020-08-21T21:49:59.001+0000][10296][gc,phases    ] GC(19)   Pre Evacuate Collection Set: 0.1ms
[2020-08-21T21:49:59.001+0000][10296][gc,phases    ] GC(19)   Merge Heap Roots: 0.1ms
[2020-08-21T21:49:59.001+0000][10296][gc,phases    ] GC(19)   Evacuate Collection Set: 5.4ms
[2020-08-21T21:49:59.001+0000][10296][gc,phases    ] GC(19)   Post Evacuate Collection Set: 0.8ms
[2020-08-21T21:49:59.001+0000][10296][gc,phases    ] GC(19)   Other: 0.3ms
[2020-08-21T21:49:59.001+0000][10296][gc,heap      ] GC(19) Eden regions: 591->0(591)
[2020-08-21T21:49:59.001+0000][10296][gc,heap      ] GC(19) Survivor regions: 23->23(77)
[2020-08-21T21:49:59.001+0000][10296][gc,heap      ] GC(19) Old regions: 48->48
[2020-08-21T21:49:59.001+0000][10296][gc,heap      ] GC(19) Archive regions: 0->0
[2020-08-21T21:49:59.001+0000][10296][gc,heap      ] GC(19) Humongous regions: 7->7
[2020-08-21T21:49:59.001+0000][10296][gc,metaspace ] GC(19) Metaspace: 91518K(99328K)->91518K(99328K) NonClass: 79024K(83712K)->79024K(83712K) Class: 12493K(15616K)->12493K(15616K)
[2020-08-21T21:49:59.001+0000][10296][gc           ] GC(19) Pause Young (Normal) (G1 Evacuation Pause) 668M->77M(1024M) 6.740ms
[2020-08-21T21:49:59.001+0000][10296][gc,cpu       ] GC(19) User=0.00s Sys=0.00s Real=0.01s
[2020-08-21T21:49:59.001+0000][10296][safepoint    ] Safepoint "G1CollectForAllocation", Time since last: 22312425899 ns, Reaching safepoint: 84300 ns, At safepoint: 6803400 ns, Total: 6887700 ns
[2020-08-21T21:50:10.003+0000][10296][safepoint    ] Safepoint "Cleanup", Time since last: 11002121101 ns, Reaching safepoint: 90500 ns, At safepoint: 5099 ns, Total: 95599 ns
[2020-08-21T21:51:39.026+0000][10296][safepoint    ] Safepoint "Cleanup", Time since last: 89022081201 ns, Reaching safepoint: 94300 ns, At safepoint: 1499 ns, Total: 95799 ns
[2020-08-21T21:52:05.031+0000][10296][safepoint    ] Safepoint "Cleanup", Time since last: 26005726701 ns, Reaching safepoint: 98899 ns, At safepoint: 5501 ns, Total: 104400 ns
[2020-08-21T21:54:37.072+0000][10296][safepoint    ] Safepoint "Cleanup", Time since last: 152040897200 ns, Reaching safepoint: 93899 ns, At safepoint: 1501 ns, Total: 95400 ns
[2020-08-21T21:55:07.079+0000][10296][safepoint    ] Safepoint "Cleanup", Time since last: 30006883400 ns, Reaching safepoint: 89600 ns, At safepoint: 4699 ns, Total: 94299 ns
[2020-08-21T21:55:39.088+0000][10296][safepoint    ] Safepoint "Cleanup", Time since last: 32008908101 ns, Reaching safepoint: 100900 ns, At safepoint: 5400 ns, Total: 106300 ns
[2020-08-21T21:55:41.089+0000][10296][safepoint    ] Safepoint "Cleanup", Time since last: 2000396900 ns, Reaching safepoint: 132900 ns, At safepoint: 5000 ns, Total: 137900 ns
[2020-08-21T21:56:07.095+0000][10296][safepoint    ] Safepoint "Cleanup", Time since last: 26006408000 ns, Reaching safepoint: 102299 ns, At safepoint: 4601 ns, Total: 106900 ns
[2020-08-21T21:57:07.109+0000][10296][safepoint    ] Safepoint "Cleanup", Time since last: 60013888800 ns, Reaching safepoint: 123400 ns, At safepoint: 3699 ns, Total: 127099 ns
[2020-08-21T21:58:17.128+0000][10296][safepoint    ] Safepoint "Cleanup", Time since last: 70018343101 ns, Reaching safepoint: 91700 ns, At safepoint: 1600 ns, Total: 93300 ns
[2020-08-21T21:58:37.134+0000][10296][safepoint    ] Safepoint "Cleanup", Time since last: 20005912100 ns, Reaching safepoint: 79200 ns, At safepoint: 1600 ns, Total: 80800 ns
[2020-08-21T22:00:12.158+0000][10296][safepoint    ] Safepoint "Cleanup", Time since last: 95024388300 ns, Reaching safepoint: 87600 ns, At safepoint: 5000 ns, Total: 92600 ns
[2020-08-21T22:02:45.195+0000][10296][safepoint    ] Safepoint "Cleanup", Time since last: 153036930500 ns, Reaching safepoint: 91700 ns, At safepoint: 4799 ns, Total: 96499 ns
[2020-08-21T22:03:13.203+0000][10296][safepoint    ] Safepoint "Cleanup", Time since last: 28007387701 ns, Reaching safepoint: 99800 ns, At safepoint: 1900 ns, Total: 101700 ns
[2020-08-21T22:04:04.568+0000][10296][gc,start     ] GC(20) Pause Young (Normal) (G1 Evacuation Pause)
[2020-08-21T22:04:04.568+0000][10296][gc,task      ] GC(20) Using 18 workers of 18 for evacuation
[2020-08-21T22:04:04.568+0000][10296][gc,age       ] GC(20) Desired survivor size 40370176 bytes, new threshold 15 (max threshold 15)
[2020-08-21T22:04:04.574+0000][10296][gc,age       ] GC(20) Age table with threshold 15 (max threshold 15)
[2020-08-21T22:04:04.574+0000][10296][gc,age       ] GC(20) - age   1:      12728 bytes,      12728 total
[2020-08-21T22:04:04.574+0000][10296][gc,age       ] GC(20) - age   2:       2200 bytes,      14928 total
[2020-08-21T22:04:04.574+0000][10296][gc,age       ] GC(20) - age   3:     716680 bytes,     731608 total
[2020-08-21T22:04:04.574+0000][10296][gc,age       ] GC(20) - age   4:       9736 bytes,     741344 total
[2020-08-21T22:04:04.574+0000][10296][gc,age       ] GC(20) - age   5:      38112 bytes,     779456 total
[2020-08-21T22:04:04.574+0000][10296][gc,age       ] GC(20) - age   6:      55752 bytes,     835208 total
[2020-08-21T22:04:04.574+0000][10296][gc,age       ] GC(20) - age   7:     102200 bytes,     937408 total
[2020-08-21T22:04:04.574+0000][10296][gc,age       ] GC(20) - age   8:     953024 bytes,    1890432 total
[2020-08-21T22:04:04.574+0000][10296][gc,age       ] GC(20) - age   9:   10162328 bytes,   12052760 total
[2020-08-21T22:04:04.574+0000][10296][gc,age       ] GC(20) - age  10:    9444592 bytes,   21497352 total
[2020-08-21T22:04:04.574+0000][10296][gc,phases    ] GC(20)   Pre Evacuate Collection Set: 0.1ms
[2020-08-21T22:04:04.574+0000][10296][gc,phases    ] GC(20)   Merge Heap Roots: 0.1ms
[2020-08-21T22:04:04.574+0000][10296][gc,phases    ] GC(20)   Evacuate Collection Set: 5.4ms
[2020-08-21T22:04:04.574+0000][10296][gc,phases    ] GC(20)   Post Evacuate Collection Set: 0.9ms
[2020-08-21T22:04:04.574+0000][10296][gc,phases    ] GC(20)   Other: 0.3ms
[2020-08-21T22:04:04.574+0000][10296][gc,heap      ] GC(20) Eden regions: 591->0(591)
[2020-08-21T22:04:04.574+0000][10296][gc,heap      ] GC(20) Survivor regions: 23->23(77)
[2020-08-21T22:04:04.574+0000][10296][gc,heap      ] GC(20) Old regions: 48->48
[2020-08-21T22:04:04.574+0000][10296][gc,heap      ] GC(20) Archive regions: 0->0
[2020-08-21T22:04:04.574+0000][10296][gc,heap      ] GC(20) Humongous regions: 7->7
[2020-08-21T22:04:04.574+0000][10296][gc,metaspace ] GC(20) Metaspace: 91589K(99328K)->91589K(99328K) NonClass: 79095K(83712K)->79095K(83712K) Class: 12493K(15616K)->12493K(15616K)
[2020-08-21T22:04:04.574+0000][10296][gc           ] GC(20) Pause Young (Normal) (G1 Evacuation Pause) 668M->77M(1024M) 6.739ms
[2020-08-21T22:04:04.574+0000][10296][gc,cpu       ] GC(20) User=0.00s Sys=0.00s Real=0.01s
[2020-08-21T22:04:04.574+0000][10296][safepoint    ] Safepoint "G1CollectForAllocation", Time since last: 51364960300 ns, Reaching safepoint: 98600 ns, At safepoint: 6803500 ns, Total: 6902100 ns
[2020-08-21T22:04:06.575+0000][10296][safepoint    ] Safepoint "Cleanup", Time since last: 2000062400 ns, Reaching safepoint: 91000 ns, At safepoint: 4599 ns, Total: 95599 ns
[2020-08-21T22:06:00.459+0000][10296][safepoint    ] Safepoint "Cleanup", Time since last: 113884418800 ns, Reaching safepoint: 127601 ns, At safepoint: 9199 ns, Total: 136800 ns
[2020-08-21T22:06:01.460+0000][10296][safepoint    ] Safepoint "Cleanup", Time since last: 1000816701 ns, Reaching safepoint: 94500 ns, At safepoint: 5100 ns, Total: 99600 ns
[2020-08-21T22:07:00.477+0000][10296][safepoint    ] Safepoint "Cleanup", Time since last: 59016321899 ns, Reaching safepoint: 93201 ns, At safepoint: 1600 ns, Total: 94801 ns
[2020-08-21T22:07:55.489+0000][10296][safepoint    ] Safepoint "Cleanup", Time since last: 55012013099 ns, Reaching safepoint: 89201 ns, At safepoint: 2000 ns, Total: 91201 ns
[2020-08-21T22:08:06.491+0000][10296][safepoint    ] Safepoint "Cleanup", Time since last: 11002405800 ns, Reaching safepoint: 93300 ns, At safepoint: 4800 ns, Total: 98100 ns
[2020-08-21T22:09:39.517+0000][10296][safepoint    ] Safepoint "Cleanup", Time since last: 93025887300 ns, Reaching safepoint: 89000 ns, At safepoint: 1700 ns, Total: 90700 ns
[2020-08-21T22:10:06.523+0000][10296][safepoint    ] Safepoint "Cleanup", Time since last: 27005903400 ns, Reaching safepoint: 84700 ns, At safepoint: 1500 ns, Total: 86200 ns
[2020-08-21T22:13:36.575+0000][10296][safepoint    ] Safepoint "Cleanup", Time since last: 210051451000 ns, Reaching safepoint: 102600 ns, At safepoint: 1600 ns, Total: 104200 ns
[2020-08-21T22:14:06.583+0000][10296][safepoint    ] Safepoint "Cleanup", Time since last: 30007877200 ns, Reaching safepoint: 122100 ns, At safepoint: 1500 ns, Total: 123600 ns
[2020-08-21T22:14:53.877+0000][10296][safepoint    ] Safepoint "Cleanup", Time since last: 47294120600 ns, Reaching safepoint: 102300 ns, At safepoint: 5000 ns, Total: 107300 ns
[2020-08-21T22:14:54.878+0000][10296][safepoint    ] Safepoint "Cleanup", Time since last: 1000621600 ns, Reaching safepoint: 98400 ns, At safepoint: 1400 ns, Total: 99800 ns
[2020-08-21T22:15:06.881+0000][10296][safepoint    ] Safepoint "Cleanup", Time since last: 12002908500 ns, Reaching safepoint: 95200 ns, At safepoint: 1500 ns, Total: 96700 ns
[2020-08-21T22:15:16.882+0000][10296][safepoint    ] Safepoint "Cleanup", Time since last: 10001424300 ns, Reaching safepoint: 99700 ns, At safepoint: 5400 ns, Total: 105100 ns
[2020-08-21T22:15:18.883+0000][10296][safepoint    ] Safepoint "Cleanup", Time since last: 2000380200 ns, Reaching safepoint: 99600 ns, At safepoint: 5200 ns, Total: 104800 ns
[2020-08-21T22:15:20.883+0000][10296][safepoint    ] Safepoint "Cleanup", Time since last: 2000380400 ns, Reaching safepoint: 92000 ns, At safepoint: 5000 ns, Total: 97000 ns
[2020-08-21T22:16:19.897+0000][10296][safepoint    ] Safepoint "Cleanup", Time since last: 59013435600 ns, Reaching safepoint: 97200 ns, At safepoint: 1500 ns, Total: 98700 ns
[2020-08-21T22:16:53.877+0000][10296][safepoint    ] Safepoint "Cleanup", Time since last: 33980086700 ns, Reaching safepoint: 94400 ns, At safepoint: 8700 ns, Total: 103100 ns
[2020-08-21T22:16:54.878+0000][10296][safepoint    ] Safepoint "Cleanup", Time since last: 1000696100 ns, Reaching safepoint: 101200 ns, At safepoint: 5000 ns, Total: 106200 ns
[2020-08-21T22:17:06.881+0000][10296][safepoint    ] Safepoint "Cleanup", Time since last: 12002898600 ns, Reaching safepoint: 85800 ns, At safepoint: 4600 ns, Total: 90400 ns
[2020-08-21T22:17:15.882+0000][10296][safepoint    ] Safepoint "Cleanup", Time since last: 9001504800 ns, Reaching safepoint: 98600 ns, At safepoint: 5400 ns, Total: 104000 ns
[2020-08-21T22:18:10.151+0000][10296][gc,start     ] GC(21) Pause Young (Normal) (G1 Evacuation Pause)
[2020-08-21T22:18:10.151+0000][10296][gc,task      ] GC(21) Using 18 workers of 18 for evacuation
[2020-08-21T22:18:10.151+0000][10296][gc,age       ] GC(21) Desired survivor size 40370176 bytes, new threshold 15 (max threshold 15)
[2020-08-21T22:18:10.157+0000][10296][gc,age       ] GC(21) Age table with threshold 15 (max threshold 15)
[2020-08-21T22:18:10.157+0000][10296][gc,age       ] GC(21) - age   1:     117120 bytes,     117120 total
[2020-08-21T22:18:10.158+0000][10296][gc,age       ] GC(21) - age   2:       3072 bytes,     120192 total
[2020-08-21T22:18:10.158+0000][10296][gc,age       ] GC(21) - age   3:       1912 bytes,     122104 total
[2020-08-21T22:18:10.158+0000][10296][gc,age       ] GC(21) - age   4:     716392 bytes,     838496 total
[2020-08-21T22:18:10.158+0000][10296][gc,age       ] GC(21) - age   5:       9736 bytes,     848232 total
[2020-08-21T22:18:10.158+0000][10296][gc,age       ] GC(21) - age   6:      38112 bytes,     886344 total
[2020-08-21T22:18:10.158+0000][10296][gc,age       ] GC(21) - age   7:      55752 bytes,     942096 total
[2020-08-21T22:18:10.158+0000][10296][gc,age       ] GC(21) - age   8:     102200 bytes,    1044296 total
[2020-08-21T22:18:10.158+0000][10296][gc,age       ] GC(21) - age   9:     952784 bytes,    1997080 total
[2020-08-21T22:18:10.158+0000][10296][gc,age       ] GC(21) - age  10:   10162328 bytes,   12159408 total
[2020-08-21T22:18:10.158+0000][10296][gc,age       ] GC(21) - age  11:    9444592 bytes,   21604000 total
[2020-08-21T22:18:10.158+0000][10296][gc,phases    ] GC(21)   Pre Evacuate Collection Set: 0.1ms
[2020-08-21T22:18:10.158+0000][10296][gc,phases    ] GC(21)   Merge Heap Roots: 0.1ms
[2020-08-21T22:18:10.158+0000][10296][gc,phases    ] GC(21)   Evacuate Collection Set: 5.8ms
[2020-08-21T22:18:10.158+0000][10296][gc,phases    ] GC(21)   Post Evacuate Collection Set: 0.9ms
[2020-08-21T22:18:10.158+0000][10296][gc,phases    ] GC(21)   Other: 0.3ms
[2020-08-21T22:18:10.158+0000][10296][gc,heap      ] GC(21) Eden regions: 591->0(591)
[2020-08-21T22:18:10.158+0000][10296][gc,heap      ] GC(21) Survivor regions: 23->23(77)
[2020-08-21T22:18:10.158+0000][10296][gc,heap      ] GC(21) Old regions: 48->48
[2020-08-21T22:18:10.158+0000][10296][gc,heap      ] GC(21) Archive regions: 0->0
[2020-08-21T22:18:10.158+0000][10296][gc,heap      ] GC(21) Humongous regions: 7->7
[2020-08-21T22:18:10.158+0000][10296][gc,metaspace ] GC(21) Metaspace: 91689K(99584K)->91689K(99584K) NonClass: 79196K(83968K)->79196K(83968K) Class: 12493K(15616K)->12493K(15616K)
[2020-08-21T22:18:10.158+0000][10296][gc           ] GC(21) Pause Young (Normal) (G1 Evacuation Pause) 668M->77M(1024M) 7.200ms
[2020-08-21T22:18:10.158+0000][10296][gc,cpu       ] GC(21) User=0.02s Sys=0.00s Real=0.01s
[2020-08-21T22:18:10.158+0000][10296][safepoint    ] Safepoint "G1CollectForAllocation", Time since last: 54268176900 ns, Reaching safepoint: 95900 ns, At safepoint: 7265100 ns, Total: 7361000 ns
[2020-08-21T22:19:37.179+0000][10296][safepoint    ] Safepoint "Cleanup", Time since last: 87021330400 ns, Reaching safepoint: 103700 ns, At safepoint: 6200 ns, Total: 109900 ns
[2020-08-21T22:20:59.210+0000][10296][safepoint    ] Safepoint "Cleanup", Time since last: 82031285200 ns, Reaching safepoint: 69200 ns, At safepoint: 5200 ns, Total: 74400 ns
[2020-08-21T22:21:00.212+0000][10296][safepoint    ] Safepoint "Cleanup", Time since last: 1001530100 ns, Reaching safepoint: 91300 ns, At safepoint: 5000 ns, Total: 96300 ns
[2020-08-21T22:21:19.613+0000][10296][safepoint    ] Safepoint "Cleanup", Time since last: 19400469900 ns, Reaching safepoint: 75500 ns, At safepoint: 4900 ns, Total: 80400 ns
[2020-08-21T22:21:19.613+0000][10296][safepoint    ] Safepoint "BulkRevokeBias", Time since last: 345800 ns, Reaching safepoint: 65900 ns, At safepoint: 357600 ns, Total: 423500 ns
[2020-08-21T22:21:20.669+0000][10296][safepoint    ] Safepoint "Cleanup", Time since last: 1055248600 ns, Reaching safepoint: 111900 ns, At safepoint: 1900 ns, Total: 113800 ns
[2020-08-21T22:21:25.670+0000][10296][safepoint    ] Safepoint "Cleanup", Time since last: 5001167300 ns, Reaching safepoint: 95000 ns, At safepoint: 1800 ns, Total: 96800 ns
[2020-08-21T22:21:34.621+0000][10296][safepoint    ] Safepoint "Cleanup", Time since last: 8950428100 ns, Reaching safepoint: 107800 ns, At safepoint: 5100 ns, Total: 112900 ns
[2020-08-21T22:21:36.414+0000][10296][safepoint    ] Safepoint "Cleanup", Time since last: 1793306300 ns, Reaching safepoint: 82300 ns, At safepoint: 8000 ns, Total: 90300 ns
[2020-08-21T22:21:41.140+0000][10296][safepoint    ] Safepoint "Cleanup", Time since last: 4725125200 ns, Reaching safepoint: 89700 ns, At safepoint: 5300 ns, Total: 95000 ns
[2020-08-21T22:21:50.669+0000][10296][safepoint    ] Safepoint "Cleanup", Time since last: 9529681500 ns, Reaching safepoint: 92900 ns, At safepoint: 1700 ns, Total: 94600 ns
[2020-08-21T22:22:06.673+0000][10296][safepoint    ] Safepoint "Cleanup", Time since last: 16003485100 ns, Reaching safepoint: 96500 ns, At safepoint: 5400 ns, Total: 101900 ns
[2020-08-21T22:23:06.688+0000][10296][safepoint    ] Safepoint "Cleanup", Time since last: 60015367500 ns, Reaching safepoint: 116300 ns, At safepoint: 1500 ns, Total: 117800 ns
[2020-08-21T22:24:07.705+0000][10296][safepoint    ] Safepoint "Cleanup", Time since last: 61016898700 ns, Reaching safepoint: 102000 ns, At safepoint: 5400 ns, Total: 107400 ns
[2020-08-21T22:24:36.712+0000][10296][safepoint    ] Safepoint "Cleanup", Time since last: 29006419100 ns, Reaching safepoint: 101200 ns, At safepoint: 4800 ns, Total: 106000 ns
[2020-08-21T22:25:27.728+0000][10296][safepoint    ] Safepoint "Cleanup", Time since last: 51015875500 ns, Reaching safepoint: 91200 ns, At safepoint: 4800 ns, Total: 96000 ns
[2020-08-21T22:25:33.729+0000][10296][safepoint    ] Safepoint "Cleanup", Time since last: 6000933600 ns, Reaching safepoint: 103100 ns, At safepoint: 5400 ns, Total: 108500 ns
[2020-08-21T22:25:48.732+0000][10296][safepoint    ] Safepoint "Cleanup", Time since last: 15003308400 ns, Reaching safepoint: 85100 ns, At safepoint: 5000 ns, Total: 90100 ns
[2020-08-21T22:26:00.736+0000][10296][safepoint    ] Safepoint "Cleanup", Time since last: 12003924500 ns, Reaching safepoint: 81600 ns, At safepoint: 1500 ns, Total: 83100 ns
[2020-08-21T22:26:06.737+0000][10296][safepoint    ] Safepoint "Cleanup", Time since last: 6000955300 ns, Reaching safepoint: 99400 ns, At safepoint: 2300 ns, Total: 101700 ns
[2020-08-21T22:26:20.741+0000][10296][safepoint    ] Safepoint "Cleanup", Time since last: 14003901500 ns, Reaching safepoint: 101400 ns, At safepoint: 6200 ns, Total: 107600 ns
[2020-08-21T22:27:06.755+0000][10296][safepoint    ] Safepoint "Cleanup", Time since last: 46013354200 ns, Reaching safepoint: 86900 ns, At safepoint: 1500 ns, Total: 88400 ns
[2020-08-21T22:27:38.762+0000][10296][safepoint    ] Safepoint "Cleanup", Time since last: 32006907200 ns, Reaching safepoint: 92700 ns, At safepoint: 5100 ns, Total: 97800 ns
[2020-08-21T22:28:19.772+0000][10296][safepoint    ] Safepoint "Cleanup", Time since last: 41009954700 ns, Reaching safepoint: 79600 ns, At safepoint: 5400 ns, Total: 85000 ns
[2020-08-21T22:28:36.776+0000][10296][safepoint    ] Safepoint "Cleanup", Time since last: 17003692700 ns, Reaching safepoint: 82400 ns, At safepoint: 1600 ns, Total: 84000 ns
[2020-08-21T22:28:38.776+0000][10296][safepoint    ] Safepoint "Cleanup", Time since last: 2000401200 ns, Reaching safepoint: 102900 ns, At safepoint: 5100 ns, Total: 108000 ns
[2020-08-21T22:30:06.798+0000][10296][safepoint    ] Safepoint "Cleanup", Time since last: 88021604300 ns, Reaching safepoint: 87700 ns, At safepoint: 1700 ns, Total: 89400 ns
[2020-08-21T22:31:20.704+0000][10296][gc,start     ] GC(22) Pause Young (Normal) (G1 Evacuation Pause)
[2020-08-21T22:31:20.704+0000][10296][gc,task      ] GC(22) Using 18 workers of 18 for evacuation
[2020-08-21T22:31:20.704+0000][10296][gc,age       ] GC(22) Desired survivor size 40370176 bytes, new threshold 15 (max threshold 15)
[2020-08-21T22:31:20.711+0000][10296][gc,age       ] GC(22) Age table with threshold 15 (max threshold 15)
[2020-08-21T22:31:20.711+0000][10296][gc,age       ] GC(22) - age   1:     470064 bytes,     470064 total
[2020-08-21T22:31:20.711+0000][10296][gc,age       ] GC(22) - age   2:     100288 bytes,     570352 total
[2020-08-21T22:31:20.711+0000][10296][gc,age       ] GC(22) - age   3:       2928 bytes,     573280 total
[2020-08-21T22:31:20.711+0000][10296][gc,age       ] GC(22) - age   4:       1768 bytes,     575048 total
[2020-08-21T22:31:20.711+0000][10296][gc,age       ] GC(22) - age   5:     694920 bytes,    1269968 total
[2020-08-21T22:31:20.711+0000][10296][gc,age       ] GC(22) - age   6:       9592 bytes,    1279560 total
[2020-08-21T22:31:20.711+0000][10296][gc,age       ] GC(22) - age   7:      38112 bytes,    1317672 total
[2020-08-21T22:31:20.711+0000][10296][gc,age       ] GC(22) - age   8:      55752 bytes,    1373424 total
[2020-08-21T22:31:20.711+0000][10296][gc,age       ] GC(22) - age   9:     102160 bytes,    1475584 total
[2020-08-21T22:31:20.711+0000][10296][gc,age       ] GC(22) - age  10:     952656 bytes,    2428240 total
[2020-08-21T22:31:20.711+0000][10296][gc,age       ] GC(22) - age  11:   10161856 bytes,   12590096 total
[2020-08-21T22:31:20.711+0000][10296][gc,age       ] GC(22) - age  12:    9444288 bytes,   22034384 total
[2020-08-21T22:31:20.711+0000][10296][gc,phases    ] GC(22)   Pre Evacuate Collection Set: 0.1ms
[2020-08-21T22:31:20.711+0000][10296][gc,phases    ] GC(22)   Merge Heap Roots: 0.1ms
[2020-08-21T22:31:20.711+0000][10296][gc,phases    ] GC(22)   Evacuate Collection Set: 5.7ms
[2020-08-21T22:31:20.711+0000][10296][gc,phases    ] GC(22)   Post Evacuate Collection Set: 1.0ms
[2020-08-21T22:31:20.711+0000][10296][gc,phases    ] GC(22)   Other: 0.3ms
[2020-08-21T22:31:20.711+0000][10296][gc,heap      ] GC(22) Eden regions: 591->0(591)
[2020-08-21T22:31:20.711+0000][10296][gc,heap      ] GC(22) Survivor regions: 23->23(77)
[2020-08-21T22:31:20.711+0000][10296][gc,heap      ] GC(22) Old regions: 48->48
[2020-08-21T22:31:20.711+0000][10296][gc,heap      ] GC(22) Archive regions: 0->0
[2020-08-21T22:31:20.711+0000][10296][gc,heap      ] GC(22) Humongous regions: 7->7
[2020-08-21T22:31:20.711+0000][10296][gc,metaspace ] GC(22) Metaspace: 91899K(99840K)->91899K(99840K) NonClass: 79391K(84224K)->79391K(84224K) Class: 12507K(15616K)->12507K(15616K)
[2020-08-21T22:31:20.711+0000][10296][gc           ] GC(22) Pause Young (Normal) (G1 Evacuation Pause) 668M->77M(1024M) 7.140ms
[2020-08-21T22:31:20.711+0000][10296][gc,cpu       ] GC(22) User=0.20s Sys=0.03s Real=0.01s
[2020-08-21T22:31:20.711+0000][10296][safepoint    ] Safepoint "G1CollectForAllocation", Time since last: 73906067500 ns, Reaching safepoint: 84400 ns, At safepoint: 7202300 ns, Total: 7286700 ns
[2020-08-21T22:32:36.731+0000][10296][safepoint    ] Safepoint "Cleanup", Time since last: 76019529300 ns, Reaching safepoint: 95600 ns, At safepoint: 1800 ns, Total: 97400 ns
[2020-08-21T22:33:51.751+0000][10296][safepoint    ] Safepoint "Cleanup", Time since last: 75019894200 ns, Reaching safepoint: 90400 ns, At safepoint: 5700 ns, Total: 96100 ns
[2020-08-21T22:34:32.909+0000][10296][safepoint    ] Safepoint "BulkRevokeBias", Time since last: 41157889900 ns, Reaching safepoint: 98100 ns, At safepoint: 355900 ns, Total: 454000 ns
[2020-08-21T22:34:34.002+0000][10296][safepoint    ] Safepoint "Cleanup", Time since last: 1093122000 ns, Reaching safepoint: 122100 ns, At safepoint: 1600 ns, Total: 123700 ns
[2020-08-21T22:34:36.003+0000][10296][safepoint    ] Safepoint "Cleanup", Time since last: 2000849000 ns, Reaching safepoint: 90700 ns, At safepoint: 5400 ns, Total: 96100 ns
[2020-08-21T22:34:48.653+0000][10296][safepoint    ] Safepoint "Cleanup", Time since last: 12650328100 ns, Reaching safepoint: 82600 ns, At safepoint: 4000 ns, Total: 86600 ns
[2020-08-21T22:34:49.664+0000][10296][safepoint    ] Safepoint "Cleanup", Time since last: 1009993200 ns, Reaching safepoint: 97900 ns, At safepoint: 5000 ns, Total: 102900 ns
[2020-08-21T22:35:26.568+0000][10296][safepoint    ] Safepoint "Cleanup", Time since last: 36903811000 ns, Reaching safepoint: 104400 ns, At safepoint: 1600 ns, Total: 106000 ns
[2020-08-21T22:36:06.804+0000][10296][safepoint    ] Safepoint "Cleanup", Time since last: 40236166600 ns, Reaching safepoint: 130900 ns, At safepoint: 1500 ns, Total: 132400 ns
[2020-08-21T22:36:07.361+0000][10296][safepoint    ] Safepoint "BulkRevokeBias", Time since last: 556690500 ns, Reaching safepoint: 106000 ns, At safepoint: 356000 ns, Total: 462000 ns
[2020-08-21T22:36:08.382+0000][10296][safepoint    ] Safepoint "Cleanup", Time since last: 1020505600 ns, Reaching safepoint: 112000 ns, At safepoint: 5000 ns, Total: 117000 ns
[2020-08-21T22:36:18.696+0000][10296][safepoint    ] Safepoint "Cleanup", Time since last: 10314433000 ns, Reaching safepoint: 81500 ns, At safepoint: 3500 ns, Total: 85000 ns
[2020-08-21T22:36:21.699+0000][10296][safepoint    ] Safepoint "Cleanup", Time since last: 3002884100 ns, Reaching safepoint: 103500 ns, At safepoint: 1500 ns, Total: 105000 ns
[2020-08-21T22:36:36.703+0000][10296][safepoint    ] Safepoint "Cleanup", Time since last: 15003363600 ns, Reaching safepoint: 103200 ns, At safepoint: 2600 ns, Total: 105800 ns
[2020-08-21T22:36:41.704+0000][10296][safepoint    ] Safepoint "Cleanup", Time since last: 5000893300 ns, Reaching safepoint: 91400 ns, At safepoint: 1900 ns, Total: 93300 ns
[2020-08-21T22:37:08.711+0000][10296][safepoint    ] Safepoint "Cleanup", Time since last: 27007514400 ns, Reaching safepoint: 88300 ns, At safepoint: 1500 ns, Total: 89800 ns
[2020-08-21T22:38:08.725+0000][10296][safepoint    ] Safepoint "Cleanup", Time since last: 60013083700 ns, Reaching safepoint: 91300 ns, At safepoint: 1700 ns, Total: 93000 ns
[2020-08-21T22:39:29.632+0000][10296][safepoint    ] Safepoint "BulkRevokeBias", Time since last: 80906073000 ns, Reaching safepoint: 101000 ns, At safepoint: 867200 ns, Total: 968200 ns
[2020-08-21T22:39:30.632+0000][10296][safepoint    ] Safepoint "Cleanup", Time since last: 1000090200 ns, Reaching safepoint: 108100 ns, At safepoint: 1700 ns, Total: 109800 ns
[2020-08-21T22:40:06.496+0000][10296][safepoint    ] Safepoint "Cleanup", Time since last: 35864175100 ns, Reaching safepoint: 106300 ns, At safepoint: 1600 ns, Total: 107900 ns
[2020-08-21T22:40:10.026+0000][10296][safepoint    ] Safepoint "Cleanup", Time since last: 3529885700 ns, Reaching safepoint: 79300 ns, At safepoint: 8000 ns, Total: 87300 ns
[2020-08-21T22:40:11.030+0000][10296][safepoint    ] Safepoint "Cleanup", Time since last: 1003685400 ns, Reaching safepoint: 101200 ns, At safepoint: 1800 ns, Total: 103000 ns
[2020-08-21T22:40:24.259+0000][10296][safepoint    ] Safepoint "Cleanup", Time since last: 13229674300 ns, Reaching safepoint: 91900 ns, At safepoint: 4700 ns, Total: 96600 ns
[2020-08-21T22:40:25.261+0000][10296][safepoint    ] Safepoint "Cleanup", Time since last: 1001092600 ns, Reaching safepoint: 138100 ns, At safepoint: 4900 ns, Total: 143000 ns
[2020-08-21T22:40:37.265+0000][10296][safepoint    ] Safepoint "Cleanup", Time since last: 12003836400 ns, Reaching safepoint: 91000 ns, At safepoint: 1700 ns, Total: 92700 ns
[2020-08-21T22:41:09.272+0000][10296][safepoint    ] Safepoint "Cleanup", Time since last: 32007522900 ns, Reaching safepoint: 102800 ns, At safepoint: 2200 ns, Total: 105000 ns
[2020-08-21T22:41:31.892+0000][10296][safepoint    ] Safepoint "Cleanup", Time since last: 22620197700 ns, Reaching safepoint: 98100 ns, At safepoint: 4400 ns, Total: 102500 ns
[2020-08-21T22:42:11.046+0000][10296][safepoint    ] Safepoint "Cleanup", Time since last: 39153135300 ns, Reaching safepoint: 106700 ns, At safepoint: 4500 ns, Total: 111200 ns
[2020-08-21T22:42:12.047+0000][10296][safepoint    ] Safepoint "Cleanup", Time since last: 1000796600 ns, Reaching safepoint: 126000 ns, At safepoint: 1700 ns, Total: 127700 ns
[2020-08-21T22:42:17.047+0000][10296][safepoint    ] Safepoint "Cleanup", Time since last: 5000400100 ns, Reaching safepoint: 99400 ns, At safepoint: 1700 ns, Total: 101100 ns
[2020-08-21T22:42:35.665+0000][10296][safepoint    ] Safepoint "Cleanup", Time since last: 18617794800 ns, Reaching safepoint: 118300 ns, At safepoint: 5200 ns, Total: 123500 ns
[2020-08-21T22:42:38.666+0000][10296][safepoint    ] Safepoint "Cleanup", Time since last: 3000394700 ns, Reaching safepoint: 111300 ns, At safepoint: 1800 ns, Total: 113100 ns
[2020-08-21T22:42:43.667+0000][10296][safepoint    ] Safepoint "Cleanup", Time since last: 5001378900 ns, Reaching safepoint: 104500 ns, At safepoint: 5300 ns, Total: 109800 ns
[2020-08-21T22:42:57.233+0000][10296][safepoint    ] Safepoint "Cleanup", Time since last: 13566309600 ns, Reaching safepoint: 119600 ns, At safepoint: 8200 ns, Total: 127800 ns
[2020-08-21T22:42:58.235+0000][10296][safepoint    ] Safepoint "Cleanup", Time since last: 1000958300 ns, Reaching safepoint: 117200 ns, At safepoint: 2000 ns, Total: 119200 ns
[2020-08-21T22:43:26.000+0000][10296][safepoint    ] Safepoint "Cleanup", Time since last: 27765686800 ns, Reaching safepoint: 91400 ns, At safepoint: 8200 ns, Total: 99600 ns
[2020-08-21T22:43:35.485+0000][10296][safepoint    ] Safepoint "Cleanup", Time since last: 9484269900 ns, Reaching safepoint: 106500 ns, At safepoint: 5400 ns, Total: 111900 ns
[2020-08-21T22:43:36.486+0000][10296][safepoint    ] Safepoint "Cleanup", Time since last: 1001290500 ns, Reaching safepoint: 110300 ns, At safepoint: 5200 ns, Total: 115500 ns
[2020-08-21T22:44:06.231+0000][10296][gc,start     ] GC(23) Pause Young (Normal) (G1 Evacuation Pause)
[2020-08-21T22:44:06.231+0000][10296][gc,task      ] GC(23) Using 18 workers of 18 for evacuation
[2020-08-21T22:44:06.231+0000][10296][gc,age       ] GC(23) Desired survivor size 40370176 bytes, new threshold 15 (max threshold 15)
[2020-08-21T22:44:06.238+0000][10296][gc,age       ] GC(23) Age table with threshold 15 (max threshold 15)
[2020-08-21T22:44:06.238+0000][10296][gc,age       ] GC(23) - age   1:    1118024 bytes,    1118024 total
[2020-08-21T22:44:06.238+0000][10296][gc,age       ] GC(23) - age   2:     425216 bytes,    1543240 total
[2020-08-21T22:44:06.238+0000][10296][gc,age       ] GC(23) - age   3:       3032 bytes,    1546272 total
[2020-08-21T22:44:06.238+0000][10296][gc,age       ] GC(23) - age   4:       2640 bytes,    1548912 total
[2020-08-21T22:44:06.238+0000][10296][gc,age       ] GC(23) - age   5:       1768 bytes,    1550680 total
[2020-08-21T22:44:06.238+0000][10296][gc,age       ] GC(23) - age   6:     694416 bytes,    2245096 total
[2020-08-21T22:44:06.238+0000][10296][gc,age       ] GC(23) - age   7:       9592 bytes,    2254688 total
[2020-08-21T22:44:06.238+0000][10296][gc,age       ] GC(23) - age   8:      38112 bytes,    2292800 total
[2020-08-21T22:44:06.238+0000][10296][gc,age       ] GC(23) - age   9:      55712 bytes,    2348512 total
[2020-08-21T22:44:06.238+0000][10296][gc,age       ] GC(23) - age  10:     102120 bytes,    2450632 total
[2020-08-21T22:44:06.238+0000][10296][gc,age       ] GC(23) - age  11:     898056 bytes,    3348688 total
[2020-08-21T22:44:06.238+0000][10296][gc,age       ] GC(23) - age  12:   10159120 bytes,   13507808 total
[2020-08-21T22:44:06.238+0000][10296][gc,age       ] GC(23) - age  13:    9437288 bytes,   22945096 total
[2020-08-21T22:44:06.238+0000][10296][gc,phases    ] GC(23)   Pre Evacuate Collection Set: 0.1ms
[2020-08-21T22:44:06.238+0000][10296][gc,phases    ] GC(23)   Merge Heap Roots: 0.1ms
[2020-08-21T22:44:06.238+0000][10296][gc,phases    ] GC(23)   Evacuate Collection Set: 6.0ms
[2020-08-21T22:44:06.238+0000][10296][gc,phases    ] GC(23)   Post Evacuate Collection Set: 0.9ms
[2020-08-21T22:44:06.238+0000][10296][gc,phases    ] GC(23)   Other: 0.3ms
[2020-08-21T22:44:06.238+0000][10296][gc,heap      ] GC(23) Eden regions: 591->0(590)
[2020-08-21T22:44:06.238+0000][10296][gc,heap      ] GC(23) Survivor regions: 23->24(77)
[2020-08-21T22:44:06.238+0000][10296][gc,heap      ] GC(23) Old regions: 48->48
[2020-08-21T22:44:06.238+0000][10296][gc,heap      ] GC(23) Archive regions: 0->0
[2020-08-21T22:44:06.238+0000][10296][gc,heap      ] GC(23) Humongous regions: 7->7
[2020-08-21T22:44:06.238+0000][10296][gc,metaspace ] GC(23) Metaspace: 94337K(102400K)->94337K(102400K) NonClass: 81478K(86272K)->81478K(86272K) Class: 12859K(16128K)->12859K(16128K)
[2020-08-21T22:44:06.239+0000][10296][gc           ] GC(23) Pause Young (Normal) (G1 Evacuation Pause) 668M->78M(1024M) 7.523ms
[2020-08-21T22:44:06.239+0000][10296][gc,cpu       ] GC(23) User=0.28s Sys=0.00s Real=0.01s
[2020-08-21T22:44:06.239+0000][10296][safepoint    ] Safepoint "G1CollectForAllocation", Time since last: 29744718300 ns, Reaching safepoint: 113200 ns, At safepoint: 7603900 ns, Total: 7717100 ns
[2020-08-21T22:44:36.247+0000][10296][safepoint    ] Safepoint "Cleanup", Time since last: 30007901500 ns, Reaching safepoint: 154300 ns, At safepoint: 2000 ns, Total: 156300 ns
[2020-08-21T22:45:13.258+0000][10296][safepoint    ] Safepoint "Cleanup", Time since last: 37010868500 ns, Reaching safepoint: 109700 ns, At safepoint: 6500 ns, Total: 116200 ns
[2020-08-21T22:45:23.699+0000][10296][safepoint    ] Safepoint "Cleanup", Time since last: 10440399400 ns, Reaching safepoint: 145400 ns, At safepoint: 5800 ns, Total: 151200 ns
[2020-08-21T22:45:23.702+0000][10296][safepoint    ] Safepoint "BulkRevokeBias", Time since last: 2965100 ns, Reaching safepoint: 94900 ns, At safepoint: 512900 ns, Total: 607800 ns
[2020-08-21T22:45:42.707+0000][10296][safepoint    ] Safepoint "Cleanup", Time since last: 19005253000 ns, Reaching safepoint: 123800 ns, At safepoint: 6200 ns, Total: 130000 ns
[2020-08-21T22:46:00.777+0000][10296][safepoint    ] Safepoint "Cleanup", Time since last: 18069468300 ns, Reaching safepoint: 136600 ns, At safepoint: 5500 ns, Total: 142100 ns
[2020-08-21T22:46:01.780+0000][10296][safepoint    ] Safepoint "Cleanup", Time since last: 1003239000 ns, Reaching safepoint: 121700 ns, At safepoint: 6600 ns, Total: 128300 ns
[2020-08-21T22:46:31.930+0000][10296][safepoint    ] Safepoint "Cleanup", Time since last: 30149860200 ns, Reaching safepoint: 161800 ns, At safepoint: 6400 ns, Total: 168200 ns
[2020-08-21T22:48:31.604+0000][10296][safepoint    ] Safepoint "Cleanup", Time since last: 119673560600 ns, Reaching safepoint: 113400 ns, At safepoint: 1900 ns, Total: 115300 ns
[2020-08-21T22:50:09.487+0000][10296][safepoint    ] Safepoint "Cleanup", Time since last: 97882653800 ns, Reaching safepoint: 121300 ns, At safepoint: 1800 ns, Total: 123100 ns
[2020-08-21T22:51:54.051+0000][10296][safepoint    ] Safepoint "Cleanup", Time since last: 104564427200 ns, Reaching safepoint: 132800 ns, At safepoint: 5300 ns, Total: 138100 ns
[2020-08-21T22:51:55.054+0000][10296][safepoint    ] Safepoint "Cleanup", Time since last: 1002871900 ns, Reaching safepoint: 125600 ns, At safepoint: 6900 ns, Total: 132500 ns
[2020-08-21T22:53:27.078+0000][10296][safepoint    ] Safepoint "Cleanup", Time since last: 92023293000 ns, Reaching safepoint: 142600 ns, At safepoint: 2500 ns, Total: 145100 ns
[2020-08-21T22:53:37.081+0000][10296][safepoint    ] Safepoint "Cleanup", Time since last: 10002673000 ns, Reaching safepoint: 124900 ns, At safepoint: 6400 ns, Total: 131300 ns
[2020-08-21T22:55:50.115+0000][10296][safepoint    ] Safepoint "Cleanup", Time since last: 133034083300 ns, Reaching safepoint: 125800 ns, At safepoint: 2000 ns, Total: 127800 ns
[2020-08-21T22:57:50.147+0000][10296][safepoint    ] Safepoint "Cleanup", Time since last: 120031827300 ns, Reaching safepoint: 127900 ns, At safepoint: 6200 ns, Total: 134100 ns
[2020-08-21T22:58:01.994+0000][10296][gc,start     ] GC(24) Pause Young (Normal) (G1 Evacuation Pause)
[2020-08-21T22:58:01.994+0000][10296][gc,task      ] GC(24) Using 18 workers of 18 for evacuation
[2020-08-21T22:58:01.994+0000][10296][gc,age       ] GC(24) Desired survivor size 40370176 bytes, new threshold 15 (max threshold 15)
[2020-08-21T22:58:02.001+0000][10296][gc,age       ] GC(24) Age table with threshold 15 (max threshold 15)
[2020-08-21T22:58:02.001+0000][10296][gc,age       ] GC(24) - age   1:     272680 bytes,     272680 total
[2020-08-21T22:58:02.001+0000][10296][gc,age       ] GC(24) - age   2:    1089360 bytes,    1362040 total
[2020-08-21T22:58:02.001+0000][10296][gc,age       ] GC(24) - age   3:     356240 bytes,    1718280 total
[2020-08-21T22:58:02.001+0000][10296][gc,age       ] GC(24) - age   4:       3032 bytes,    1721312 total
[2020-08-21T22:58:02.001+0000][10296][gc,age       ] GC(24) - age   5:       2640 bytes,    1723952 total
[2020-08-21T22:58:02.001+0000][10296][gc,age       ] GC(24) - age   6:       1768 bytes,    1725720 total
[2020-08-21T22:58:02.001+0000][10296][gc,age       ] GC(24) - age   7:     694392 bytes,    2420112 total
[2020-08-21T22:58:02.001+0000][10296][gc,age       ] GC(24) - age   8:       9592 bytes,    2429704 total
[2020-08-21T22:58:02.001+0000][10296][gc,age       ] GC(24) - age   9:      38112 bytes,    2467816 total
[2020-08-21T22:58:02.001+0000][10296][gc,age       ] GC(24) - age  10:      55712 bytes,    2523528 total
[2020-08-21T22:58:02.001+0000][10296][gc,age       ] GC(24) - age  11:     102120 bytes,    2625648 total
[2020-08-21T22:58:02.001+0000][10296][gc,age       ] GC(24) - age  12:     898056 bytes,    3523704 total
[2020-08-21T22:58:02.001+0000][10296][gc,age       ] GC(24) - age  13:   10159120 bytes,   13682824 total
[2020-08-21T22:58:02.001+0000][10296][gc,age       ] GC(24) - age  14:    9437288 bytes,   23120112 total
[2020-08-21T22:58:02.001+0000][10296][gc,phases    ] GC(24)   Pre Evacuate Collection Set: 0.1ms
[2020-08-21T22:58:02.001+0000][10296][gc,phases    ] GC(24)   Merge Heap Roots: 0.1ms
[2020-08-21T22:58:02.001+0000][10296][gc,phases    ] GC(24)   Evacuate Collection Set: 6.0ms
[2020-08-21T22:58:02.001+0000][10296][gc,phases    ] GC(24)   Post Evacuate Collection Set: 1.0ms
[2020-08-21T22:58:02.001+0000][10296][gc,phases    ] GC(24)   Other: 0.4ms
[2020-08-21T22:58:02.001+0000][10296][gc,heap      ] GC(24) Eden regions: 590->0(589)
[2020-08-21T22:58:02.001+0000][10296][gc,heap      ] GC(24) Survivor regions: 24->25(77)
[2020-08-21T22:58:02.001+0000][10296][gc,heap      ] GC(24) Old regions: 48->48
[2020-08-21T22:58:02.001+0000][10296][gc,heap      ] GC(24) Archive regions: 0->0
[2020-08-21T22:58:02.001+0000][10296][gc,heap      ] GC(24) Humongous regions: 7->7
[2020-08-21T22:58:02.001+0000][10296][gc,metaspace ] GC(24) Metaspace: 94405K(102656K)->94405K(102656K) NonClass: 81546K(86528K)->81546K(86528K) Class: 12859K(16128K)->12859K(16128K)
[2020-08-21T22:58:02.001+0000][10296][gc           ] GC(24) Pause Young (Normal) (G1 Evacuation Pause) 668M->79M(1024M) 7.578ms
[2020-08-21T22:58:02.001+0000][10296][gc,cpu       ] GC(24) User=0.28s Sys=0.00s Real=0.01s
[2020-08-21T22:58:02.001+0000][10296][safepoint    ] Safepoint "G1CollectForAllocation", Time since last: 11846987900 ns, Reaching safepoint: 110400 ns, At safepoint: 7652600 ns, Total: 7763000 ns
[2020-08-21T22:58:20.006+0000][10296][safepoint    ] Safepoint "Cleanup", Time since last: 18004137300 ns, Reaching safepoint: 117200 ns, At safepoint: 1900 ns, Total: 119100 ns
[2020-08-21T22:58:32.009+0000][10296][safepoint    ] Safepoint "Cleanup", Time since last: 12002917000 ns, Reaching safepoint: 143700 ns, At safepoint: 6900 ns, Total: 150600 ns
[2020-08-21T22:58:39.011+0000][10296][safepoint    ] Safepoint "Cleanup", Time since last: 7002390100 ns, Reaching safepoint: 121700 ns, At safepoint: 2400 ns, Total: 124100 ns
[2020-08-21T22:58:50.013+0000][10296][safepoint    ] Safepoint "Cleanup", Time since last: 11001538700 ns, Reaching safepoint: 139200 ns, At safepoint: 2000 ns, Total: 141200 ns
[2020-08-21T22:59:10.658+0000][10296][safepoint    ] Safepoint "Cleanup", Time since last: 20645537200 ns, Reaching safepoint: 112800 ns, At safepoint: 1900 ns, Total: 114700 ns
[2020-08-21T22:59:11.660+0000][10296][safepoint    ] Safepoint "Cleanup", Time since last: 1001447500 ns, Reaching safepoint: 120500 ns, At safepoint: 1900 ns, Total: 122400 ns
[2020-08-21T23:00:20.679+0000][10296][safepoint    ] Safepoint "Cleanup", Time since last: 69018379800 ns, Reaching safepoint: 125100 ns, At safepoint: 6600 ns, Total: 131700 ns
[2020-08-21T23:00:36.683+0000][10296][safepoint    ] Safepoint "Cleanup", Time since last: 16004451200 ns, Reaching safepoint: 128700 ns, At safepoint: 6500 ns, Total: 135200 ns
[2020-08-21T23:02:06.707+0000][10296][safepoint    ] Safepoint "Cleanup", Time since last: 90023348200 ns, Reaching safepoint: 105200 ns, At safepoint: 7400 ns, Total: 112600 ns
[2020-08-21T23:10:51.112+0000][10296][safepoint    ] Safepoint "BulkRevokeBias", Time since last: 524405095900 ns, Reaching safepoint: 117200 ns, At safepoint: 633700 ns, Total: 750900 ns
[2020-08-21T23:12:07.388+0000][10296][gc,start     ] GC(25) Pause Young (Normal) (G1 Evacuation Pause)
[2020-08-21T23:12:07.388+0000][10296][gc,task      ] GC(25) Using 18 workers of 18 for evacuation
[2020-08-21T23:12:07.388+0000][10296][gc,age       ] GC(25) Desired survivor size 40370176 bytes, new threshold 15 (max threshold 15)
[2020-08-21T23:12:07.395+0000][10296][gc,age       ] GC(25) Age table with threshold 15 (max threshold 15)
[2020-08-21T23:12:07.395+0000][10296][gc,age       ] GC(25) - age   1:      46328 bytes,      46328 total
[2020-08-21T23:12:07.395+0000][10296][gc,age       ] GC(25) - age   2:     263984 bytes,     310312 total
[2020-08-21T23:12:07.395+0000][10296][gc,age       ] GC(25) - age   3:     637160 bytes,     947472 total
[2020-08-21T23:12:07.395+0000][10296][gc,age       ] GC(25) - age   4:     274368 bytes,    1221840 total
[2020-08-21T23:12:07.395+0000][10296][gc,age       ] GC(25) - age   5:       3032 bytes,    1224872 total
[2020-08-21T23:12:07.395+0000][10296][gc,age       ] GC(25) - age   6:       2640 bytes,    1227512 total
[2020-08-21T23:12:07.395+0000][10296][gc,age       ] GC(25) - age   7:       1768 bytes,    1229280 total
[2020-08-21T23:12:07.395+0000][10296][gc,age       ] GC(25) - age   8:     694392 bytes,    1923672 total
[2020-08-21T23:12:07.395+0000][10296][gc,age       ] GC(25) - age   9:       9592 bytes,    1933264 total
[2020-08-21T23:12:07.395+0000][10296][gc,age       ] GC(25) - age  10:      38112 bytes,    1971376 total
[2020-08-21T23:12:07.395+0000][10296][gc,age       ] GC(25) - age  11:      55712 bytes,    2027088 total
[2020-08-21T23:12:07.395+0000][10296][gc,age       ] GC(25) - age  12:     102120 bytes,    2129208 total
[2020-08-21T23:12:07.395+0000][10296][gc,age       ] GC(25) - age  13:     898056 bytes,    3027264 total
[2020-08-21T23:12:07.395+0000][10296][gc,age       ] GC(25) - age  14:   10159120 bytes,   13186384 total
[2020-08-21T23:12:07.395+0000][10296][gc,age       ] GC(25) - age  15:    9437288 bytes,   22623672 total
[2020-08-21T23:12:07.395+0000][10296][gc,phases    ] GC(25)   Pre Evacuate Collection Set: 0.1ms
[2020-08-21T23:12:07.395+0000][10296][gc,phases    ] GC(25)   Merge Heap Roots: 0.1ms
[2020-08-21T23:12:07.395+0000][10296][gc,phases    ] GC(25)   Evacuate Collection Set: 5.5ms
[2020-08-21T23:12:07.395+0000][10296][gc,phases    ] GC(25)   Post Evacuate Collection Set: 0.9ms
[2020-08-21T23:12:07.395+0000][10296][gc,phases    ] GC(25)   Other: 0.3ms
[2020-08-21T23:12:07.395+0000][10296][gc,heap      ] GC(25) Eden regions: 589->0(590)
[2020-08-21T23:12:07.395+0000][10296][gc,heap      ] GC(25) Survivor regions: 25->24(77)
[2020-08-21T23:12:07.395+0000][10296][gc,heap      ] GC(25) Old regions: 48->48
[2020-08-21T23:12:07.395+0000][10296][gc,heap      ] GC(25) Archive regions: 0->0
[2020-08-21T23:12:07.395+0000][10296][gc,heap      ] GC(25) Humongous regions: 7->7
[2020-08-21T23:12:07.395+0000][10296][gc,metaspace ] GC(25) Metaspace: 94482K(102656K)->94482K(102656K) NonClass: 81623K(86528K)->81623K(86528K) Class: 12859K(16128K)->12859K(16128K)
[2020-08-21T23:12:07.395+0000][10296][gc           ] GC(25) Pause Young (Normal) (G1 Evacuation Pause) 668M->78M(1024M) 7.000ms
[2020-08-21T23:12:07.395+0000][10296][gc,cpu       ] GC(25) User=0.28s Sys=0.00s Real=0.01s
[2020-08-21T23:12:07.395+0000][10296][safepoint    ] Safepoint "G1CollectForAllocation", Time since last: 76275793700 ns, Reaching safepoint: 109300 ns, At safepoint: 7072700 ns, Total: 7182000 ns
[2020-08-21T23:15:09.573+0000][10296][safepoint    ] Safepoint "Cleanup", Time since last: 182177037400 ns, Reaching safepoint: 196200 ns, At safepoint: 10500 ns, Total: 206700 ns
[2020-08-21T23:15:10.588+0000][10296][safepoint    ] Safepoint "Cleanup", Time since last: 1014793400 ns, Reaching safepoint: 126900 ns, At safepoint: 2700 ns, Total: 129600 ns
[2020-08-21T23:15:15.800+0000][10296][safepoint    ] Safepoint "Cleanup", Time since last: 5211949000 ns, Reaching safepoint: 120800 ns, At safepoint: 6400 ns, Total: 127200 ns
[2020-08-21T23:15:16.827+0000][10296][safepoint    ] Safepoint "Cleanup", Time since last: 1027366900 ns, Reaching safepoint: 146200 ns, At safepoint: 2400 ns, Total: 148600 ns
[2020-08-21T23:15:16.829+0000][10296][safepoint    ] Safepoint "BulkRevokeBias", Time since last: 1241900 ns, Reaching safepoint: 96400 ns, At safepoint: 608400 ns, Total: 704800 ns
[2020-08-21T23:15:19.830+0000][10296][safepoint    ] Safepoint "Cleanup", Time since last: 3000905900 ns, Reaching safepoint: 126700 ns, At safepoint: 2000 ns, Total: 128700 ns
[2020-08-21T23:16:09.027+0000][10296][safepoint    ] Safepoint "Cleanup", Time since last: 49196794600 ns, Reaching safepoint: 125100 ns, At safepoint: 6800 ns, Total: 131900 ns
[2020-08-21T23:16:20.030+0000][10296][safepoint    ] Safepoint "Cleanup", Time since last: 11002866800 ns, Reaching safepoint: 142700 ns, At safepoint: 6400 ns, Total: 149100 ns
[2020-08-21T23:16:24.712+0000][10296][safepoint    ] Safepoint "Cleanup", Time since last: 4681170400 ns, Reaching safepoint: 120300 ns, At safepoint: 5700 ns, Total: 126000 ns
[2020-08-21T23:16:26.773+0000][10296][safepoint    ] Safepoint "Cleanup", Time since last: 2061528500 ns, Reaching safepoint: 111100 ns, At safepoint: 3600 ns, Total: 114700 ns
[2020-08-21T23:16:26.778+0000][10296][safepoint    ] Safepoint "BulkRevokeBias", Time since last: 4647600 ns, Reaching safepoint: 104500 ns, At safepoint: 629300 ns, Total: 733800 ns
[2020-08-21T23:16:27.779+0000][10296][safepoint    ] Safepoint "Cleanup", Time since last: 1000036700 ns, Reaching safepoint: 116100 ns, At safepoint: 3700 ns, Total: 119800 ns
[2020-08-21T23:16:28.779+0000][10296][safepoint    ] Safepoint "Cleanup", Time since last: 1000339300 ns, Reaching safepoint: 136500 ns, At safepoint: 4200 ns, Total: 140700 ns
[2020-08-21T23:16:30.780+0000][10296][safepoint    ] Safepoint "Cleanup", Time since last: 2000382700 ns, Reaching safepoint: 131900 ns, At safepoint: 8700 ns, Total: 140600 ns
[2020-08-21T23:16:31.780+0000][10296][safepoint    ] Safepoint "Cleanup", Time since last: 1000344000 ns, Reaching safepoint: 124200 ns, At safepoint: 8000 ns, Total: 132200 ns
[2020-08-21T23:16:32.781+0000][10296][safepoint    ] Safepoint "Cleanup", Time since last: 1000368300 ns, Reaching safepoint: 120300 ns, At safepoint: 7200 ns, Total: 127500 ns
[2020-08-21T23:16:34.781+0000][10296][safepoint    ] Safepoint "Cleanup", Time since last: 1999939700 ns, Reaching safepoint: 160400 ns, At safepoint: 8500 ns, Total: 168900 ns
[2020-08-21T23:16:35.781+0000][10296][safepoint    ] Safepoint "Cleanup", Time since last: 1000291700 ns, Reaching safepoint: 118300 ns, At safepoint: 7700 ns, Total: 126000 ns
[2020-08-21T23:16:36.782+0000][10296][safepoint    ] Safepoint "Cleanup", Time since last: 1000369600 ns, Reaching safepoint: 117400 ns, At safepoint: 4200 ns, Total: 121600 ns
[2020-08-21T23:16:37.782+0000][10296][safepoint    ] Safepoint "Cleanup", Time since last: 1000322600 ns, Reaching safepoint: 115000 ns, At safepoint: 4000 ns, Total: 119000 ns
[2020-08-21T23:16:39.782+0000][10296][safepoint    ] Safepoint "Cleanup", Time since last: 1999949200 ns, Reaching safepoint: 124100 ns, At safepoint: 3900 ns, Total: 128000 ns
[2020-08-21T23:16:41.783+0000][10296][safepoint    ] Safepoint "Cleanup", Time since last: 2000354500 ns, Reaching safepoint: 136100 ns, At safepoint: 4200 ns, Total: 140300 ns
[2020-08-21T23:16:43.783+0000][10296][safepoint    ] Safepoint "Cleanup", Time since last: 2000368000 ns, Reaching safepoint: 111500 ns, At safepoint: 4300 ns, Total: 115800 ns
[2020-08-21T23:16:45.784+0000][10296][safepoint    ] Safepoint "Cleanup", Time since last: 2000359000 ns, Reaching safepoint: 121700 ns, At safepoint: 7300 ns, Total: 129000 ns
[2020-08-21T23:16:47.784+0000][10296][safepoint    ] Safepoint "Cleanup", Time since last: 1999900700 ns, Reaching safepoint: 124400 ns, At safepoint: 4300 ns, Total: 128700 ns
[2020-08-21T23:16:48.784+0000][10296][safepoint    ] Safepoint "Cleanup", Time since last: 1000349100 ns, Reaching safepoint: 119600 ns, At safepoint: 8100 ns, Total: 127700 ns
[2020-08-21T23:16:49.785+0000][10296][safepoint    ] Safepoint "Cleanup", Time since last: 1000371000 ns, Reaching safepoint: 130800 ns, At safepoint: 6900 ns, Total: 137700 ns
[2020-08-21T23:16:51.785+0000][10296][safepoint    ] Safepoint "Cleanup", Time since last: 2000351200 ns, Reaching safepoint: 133700 ns, At safepoint: 7700 ns, Total: 141400 ns
[2020-08-21T23:16:53.786+0000][10296][safepoint    ] Safepoint "Cleanup", Time since last: 2000385900 ns, Reaching safepoint: 125400 ns, At safepoint: 3800 ns, Total: 129200 ns
[2020-08-21T23:16:55.786+0000][10296][safepoint    ] Safepoint "Cleanup", Time since last: 2000349300 ns, Reaching safepoint: 140500 ns, At safepoint: 8000 ns, Total: 148500 ns
[2020-08-21T23:16:57.787+0000][10296][safepoint    ] Safepoint "Cleanup", Time since last: 2000311200 ns, Reaching safepoint: 128500 ns, At safepoint: 4100 ns, Total: 132600 ns
[2020-08-21T23:16:59.787+0000][10296][safepoint    ] Safepoint "Cleanup", Time since last: 1999933300 ns, Reaching safepoint: 125000 ns, At safepoint: 4400 ns, Total: 129400 ns
[2020-08-21T23:17:00.787+0000][10296][safepoint    ] Safepoint "Cleanup", Time since last: 1000377000 ns, Reaching safepoint: 128500 ns, At safepoint: 7600 ns, Total: 136100 ns
[2020-08-21T23:17:01.788+0000][10296][safepoint    ] Safepoint "Cleanup", Time since last: 1000321300 ns, Reaching safepoint: 133100 ns, At safepoint: 4000 ns, Total: 137100 ns
[2020-08-21T23:17:02.788+0000][10296][safepoint    ] Safepoint "Cleanup", Time since last: 1000012500 ns, Reaching safepoint: 136200 ns, At safepoint: 8100 ns, Total: 144300 ns
[2020-08-21T23:17:03.788+0000][10296][safepoint    ] Safepoint "Cleanup", Time since last: 1000297200 ns, Reaching safepoint: 128800 ns, At safepoint: 8000 ns, Total: 136800 ns
[2020-08-21T23:17:04.789+0000][10296][safepoint    ] Safepoint "Cleanup", Time since last: 1000321200 ns, Reaching safepoint: 129800 ns, At safepoint: 8800 ns, Total: 138600 ns
[2020-08-21T23:17:05.789+0000][10296][safepoint    ] Safepoint "Cleanup", Time since last: 1000343700 ns, Reaching safepoint: 133100 ns, At safepoint: 8000 ns, Total: 141100 ns
[2020-08-21T23:17:07.113+0000][10296][safepoint    ] Safepoint "Cleanup", Time since last: 1323865200 ns, Reaching safepoint: 154400 ns, At safepoint: 7200 ns, Total: 161600 ns
[2020-08-21T23:17:07.500+0000][10296][safepoint    ] Safepoint "BulkRevokeBias", Time since last: 386353800 ns, Reaching safepoint: 127300 ns, At safepoint: 607100 ns, Total: 734400 ns
[2020-08-21T23:17:08.512+0000][10296][safepoint    ] Safepoint "Cleanup", Time since last: 1011713800 ns, Reaching safepoint: 117500 ns, At safepoint: 2000 ns, Total: 119500 ns
[2020-08-21T23:17:10.512+0000][10296][safepoint    ] Safepoint "Cleanup", Time since last: 1999912100 ns, Reaching safepoint: 130900 ns, At safepoint: 1900 ns, Total: 132800 ns
[2020-08-21T23:17:12.512+0000][10296][safepoint    ] Safepoint "Cleanup", Time since last: 1999871700 ns, Reaching safepoint: 128800 ns, At safepoint: 5500 ns, Total: 134300 ns
[2020-08-21T23:17:14.513+0000][10296][safepoint    ] Safepoint "Cleanup", Time since last: 2000360700 ns, Reaching safepoint: 111000 ns, At safepoint: 2400 ns, Total: 113400 ns
[2020-08-21T23:17:16.513+0000][10296][safepoint    ] Safepoint "Cleanup", Time since last: 2000285600 ns, Reaching safepoint: 153400 ns, At safepoint: 1900 ns, Total: 155300 ns
[2020-08-21T23:17:17.514+0000][10296][safepoint    ] Safepoint "Cleanup", Time since last: 1000151500 ns, Reaching safepoint: 126900 ns, At safepoint: 6600 ns, Total: 133500 ns
[2020-08-21T23:17:18.514+0000][10296][safepoint    ] Safepoint "Cleanup", Time since last: 1000145100 ns, Reaching safepoint: 117900 ns, At safepoint: 2100 ns, Total: 120000 ns
[2020-08-21T23:17:19.514+0000][10296][safepoint    ] Safepoint "Cleanup", Time since last: 1000103400 ns, Reaching safepoint: 117000 ns, At safepoint: 2000 ns, Total: 119000 ns
[2020-08-21T23:17:20.514+0000][10296][safepoint    ] Safepoint "Cleanup", Time since last: 1000159700 ns, Reaching safepoint: 118100 ns, At safepoint: 6700 ns, Total: 124800 ns
[2020-08-21T23:17:22.514+0000][10296][safepoint    ] Safepoint "Cleanup", Time since last: 1999916400 ns, Reaching safepoint: 132000 ns, At safepoint: 6400 ns, Total: 138400 ns
[2020-08-21T23:17:23.515+0000][10296][safepoint    ] Safepoint "Cleanup", Time since last: 1000313600 ns, Reaching safepoint: 128900 ns, At safepoint: 7000 ns, Total: 135900 ns
[2020-08-21T23:17:24.515+0000][10296][safepoint    ] Safepoint "Cleanup", Time since last: 1000348400 ns, Reaching safepoint: 115300 ns, At safepoint: 2200 ns, Total: 117500 ns
[2020-08-21T23:17:26.516+0000][10296][safepoint    ] Safepoint "Cleanup", Time since last: 2000387500 ns, Reaching safepoint: 122200 ns, At safepoint: 2000 ns, Total: 124200 ns
[2020-08-21T23:17:26.973+0000][10296][safepoint    ] Safepoint "BulkRevokeBias", Time since last: 456914900 ns, Reaching safepoint: 121200 ns, At safepoint: 606700 ns, Total: 727900 ns
[2020-08-21T23:17:27.974+0000][10296][safepoint    ] Safepoint "Cleanup", Time since last: 1000761900 ns, Reaching safepoint: 137200 ns, At safepoint: 7300 ns, Total: 144500 ns
[2020-08-21T23:17:29.975+0000][10296][safepoint    ] Safepoint "Cleanup", Time since last: 2000324800 ns, Reaching safepoint: 137300 ns, At safepoint: 2200 ns, Total: 139500 ns
[2020-08-21T23:17:31.975+0000][10296][safepoint    ] Safepoint "Cleanup", Time since last: 1999924200 ns, Reaching safepoint: 128600 ns, At safepoint: 2000 ns, Total: 130600 ns
[2020-08-21T23:17:32.975+0000][10296][safepoint    ] Safepoint "Cleanup", Time since last: 1000346000 ns, Reaching safepoint: 164100 ns, At safepoint: 6400 ns, Total: 170500 ns
[2020-08-21T23:17:33.976+0000][10296][safepoint    ] Safepoint "Cleanup", Time since last: 1000153900 ns, Reaching safepoint: 133800 ns, At safepoint: 10400 ns, Total: 144200 ns
[2020-08-21T23:17:34.976+0000][10296][safepoint    ] Safepoint "Cleanup", Time since last: 1000009900 ns, Reaching safepoint: 111500 ns, At safepoint: 6600 ns, Total: 118100 ns
[2020-08-21T23:17:36.976+0000][10296][safepoint    ] Safepoint "Cleanup", Time since last: 2000400500 ns, Reaching safepoint: 132100 ns, At safepoint: 6800 ns, Total: 138900 ns
[2020-08-21T23:17:38.728+0000][10296][safepoint    ] Safepoint "Cleanup", Time since last: 1751600400 ns, Reaching safepoint: 138000 ns, At safepoint: 5300 ns, Total: 143300 ns
[2020-08-21T23:17:39.729+0000][10296][safepoint    ] Safepoint "Cleanup", Time since last: 1001095100 ns, Reaching safepoint: 124400 ns, At safepoint: 6400 ns, Total: 130800 ns
[2020-08-21T23:17:40.730+0000][10296][safepoint    ] Safepoint "Cleanup", Time since last: 1000172700 ns, Reaching safepoint: 131400 ns, At safepoint: 6700 ns, Total: 138100 ns
[2020-08-21T23:17:41.730+0000][10296][safepoint    ] Safepoint "Cleanup", Time since last: 1000166800 ns, Reaching safepoint: 123800 ns, At safepoint: 2000 ns, Total: 125800 ns
[2020-08-21T23:17:42.730+0000][10296][safepoint    ] Safepoint "Cleanup", Time since last: 1000290900 ns, Reaching safepoint: 130600 ns, At safepoint: 2400 ns, Total: 133000 ns
[2020-08-21T23:17:44.731+0000][10296][safepoint    ] Safepoint "Cleanup", Time since last: 2000334600 ns, Reaching safepoint: 135000 ns, At safepoint: 7000 ns, Total: 142000 ns
[2020-08-21T23:17:46.731+0000][10296][safepoint    ] Safepoint "Cleanup", Time since last: 1999983400 ns, Reaching safepoint: 121300 ns, At safepoint: 2000 ns, Total: 123300 ns
[2020-08-21T23:17:47.731+0000][10296][safepoint    ] Safepoint "Cleanup", Time since last: 1000285500 ns, Reaching safepoint: 125900 ns, At safepoint: 2000 ns, Total: 127900 ns
[2020-08-21T23:17:49.732+0000][10296][safepoint    ] Safepoint "Cleanup", Time since last: 2000361400 ns, Reaching safepoint: 110800 ns, At safepoint: 2300 ns, Total: 113100 ns
[2020-08-21T23:17:50.732+0000][10296][safepoint    ] Safepoint "Cleanup", Time since last: 1000373500 ns, Reaching safepoint: 124400 ns, At safepoint: 2500 ns, Total: 126900 ns
[2020-08-21T23:17:52.733+0000][10296][safepoint    ] Safepoint "Cleanup", Time since last: 2000374200 ns, Reaching safepoint: 124300 ns, At safepoint: 2200 ns, Total: 126500 ns
[2020-08-21T23:17:54.733+0000][10296][safepoint    ] Safepoint "Cleanup", Time since last: 2000375200 ns, Reaching safepoint: 131300 ns, At safepoint: 6300 ns, Total: 137600 ns
[2020-08-21T23:17:56.734+0000][10296][safepoint    ] Safepoint "Cleanup", Time since last: 2000368700 ns, Reaching safepoint: 153900 ns, At safepoint: 6100 ns, Total: 160000 ns
[2020-08-21T23:17:58.734+0000][10296][safepoint    ] Safepoint "Cleanup", Time since last: 1999869600 ns, Reaching safepoint: 132000 ns, At safepoint: 1900 ns, Total: 133900 ns
[2020-08-21T23:17:59.734+0000][10296][safepoint    ] Safepoint "Cleanup", Time since last: 1000348800 ns, Reaching safepoint: 111100 ns, At safepoint: 2500 ns, Total: 113600 ns
[2020-08-21T23:18:00.735+0000][10296][safepoint    ] Safepoint "Cleanup", Time since last: 1000257300 ns, Reaching safepoint: 127700 ns, At safepoint: 6500 ns, Total: 134200 ns
[2020-08-21T23:18:01.735+0000][10296][safepoint    ] Safepoint "Cleanup", Time since last: 1000162600 ns, Reaching safepoint: 113200 ns, At safepoint: 2200 ns, Total: 115400 ns
[2020-08-21T23:18:02.735+0000][10296][safepoint    ] Safepoint "Cleanup", Time since last: 1000219600 ns, Reaching safepoint: 113300 ns, At safepoint: 1900 ns, Total: 115200 ns
[2020-08-21T23:18:04.736+0000][10296][safepoint    ] Safepoint "Cleanup", Time since last: 2000380800 ns, Reaching safepoint: 120300 ns, At safepoint: 2200 ns, Total: 122500 ns
[2020-08-21T23:18:06.736+0000][10296][safepoint    ] Safepoint "Cleanup", Time since last: 1999937600 ns, Reaching safepoint: 131700 ns, At safepoint: 6000 ns, Total: 137700 ns
[2020-08-21T23:18:07.736+0000][10296][safepoint    ] Safepoint "Cleanup", Time since last: 1000290000 ns, Reaching safepoint: 116700 ns, At safepoint: 2000 ns, Total: 118700 ns
[2020-08-21T23:18:09.737+0000][10296][safepoint    ] Safepoint "Cleanup", Time since last: 2000378200 ns, Reaching safepoint: 127000 ns, At safepoint: 6700 ns, Total: 133700 ns
[2020-08-21T23:18:11.737+0000][10296][safepoint    ] Safepoint "Cleanup", Time since last: 1999902400 ns, Reaching safepoint: 120900 ns, At safepoint: 7500 ns, Total: 128400 ns
[2020-08-21T23:18:12.737+0000][10296][safepoint    ] Safepoint "Cleanup", Time since last: 1000073900 ns, Reaching safepoint: 120200 ns, At safepoint: 2000 ns, Total: 122200 ns
[2020-08-21T23:18:13.737+0000][10296][safepoint    ] Safepoint "Cleanup", Time since last: 1000112900 ns, Reaching safepoint: 160300 ns, At safepoint: 7800 ns, Total: 168100 ns
[2020-08-21T23:18:15.737+0000][10296][safepoint    ] Safepoint "Cleanup", Time since last: 1999896800 ns, Reaching safepoint: 129400 ns, At safepoint: 7100 ns, Total: 136500 ns
[2020-08-21T23:18:16.738+0000][10296][safepoint    ] Safepoint "Cleanup", Time since last: 1000330400 ns, Reaching safepoint: 121700 ns, At safepoint: 2200 ns, Total: 123900 ns
[2020-08-21T23:18:17.738+0000][10296][safepoint    ] Safepoint "Cleanup", Time since last: 1000345600 ns, Reaching safepoint: 116800 ns, At safepoint: 6500 ns, Total: 123300 ns
[2020-08-21T23:18:19.738+0000][10296][safepoint    ] Safepoint "Cleanup", Time since last: 1999922500 ns, Reaching safepoint: 127400 ns, At safepoint: 7300 ns, Total: 134700 ns
[2020-08-21T23:18:20.739+0000][10296][safepoint    ] Safepoint "Cleanup", Time since last: 1000335300 ns, Reaching safepoint: 127000 ns, At safepoint: 7300 ns, Total: 134300 ns
[2020-08-21T23:18:22.739+0000][10296][safepoint    ] Safepoint "Cleanup", Time since last: 1999931500 ns, Reaching safepoint: 130700 ns, At safepoint: 6400 ns, Total: 137100 ns
[2020-08-21T23:18:23.739+0000][10296][safepoint    ] Safepoint "Cleanup", Time since last: 1000075800 ns, Reaching safepoint: 132700 ns, At safepoint: 6100 ns, Total: 138800 ns
[2020-08-21T23:18:24.739+0000][10296][safepoint    ] Safepoint "Cleanup", Time since last: 1000229000 ns, Reaching safepoint: 122400 ns, At safepoint: 1900 ns, Total: 124300 ns
[2020-08-21T23:18:25.740+0000][10296][safepoint    ] Safepoint "Cleanup", Time since last: 1000301300 ns, Reaching safepoint: 133900 ns, At safepoint: 5900 ns, Total: 139800 ns
[2020-08-21T23:18:26.740+0000][10296][safepoint    ] Safepoint "Cleanup", Time since last: 1000299600 ns, Reaching safepoint: 122100 ns, At safepoint: 7100 ns, Total: 129200 ns
[2020-08-21T23:18:28.741+0000][10296][safepoint    ] Safepoint "Cleanup", Time since last: 2000363700 ns, Reaching safepoint: 120700 ns, At safepoint: 7200 ns, Total: 127900 ns
[2020-08-21T23:18:30.741+0000][10296][safepoint    ] Safepoint "Cleanup", Time since last: 2000390600 ns, Reaching safepoint: 127100 ns, At safepoint: 6100 ns, Total: 133200 ns
[2020-08-21T23:18:32.741+0000][10296][safepoint    ] Safepoint "Cleanup", Time since last: 1999877000 ns, Reaching safepoint: 129500 ns, At safepoint: 7000 ns, Total: 136500 ns
[2020-08-21T23:18:33.742+0000][10296][safepoint    ] Safepoint "Cleanup", Time since last: 1000352600 ns, Reaching safepoint: 131100 ns, At safepoint: 6700 ns, Total: 137800 ns
[2020-08-21T23:18:34.742+0000][10296][safepoint    ] Safepoint "Cleanup", Time since last: 1000031800 ns, Reaching safepoint: 131900 ns, At safepoint: 7000 ns, Total: 138900 ns
[2020-08-21T23:18:35.742+0000][10296][safepoint    ] Safepoint "Cleanup", Time since last: 1000021200 ns, Reaching safepoint: 116200 ns, At safepoint: 2000 ns, Total: 118200 ns
[2020-08-21T23:18:36.742+0000][10296][safepoint    ] Safepoint "Cleanup", Time since last: 1000192100 ns, Reaching safepoint: 126600 ns, At safepoint: 2500 ns, Total: 129100 ns
[2020-08-21T23:18:37.743+0000][10296][safepoint    ] Safepoint "Cleanup", Time since last: 1000070000 ns, Reaching safepoint: 138700 ns, At safepoint: 7100 ns, Total: 145800 ns
[2020-08-21T23:18:39.731+0000][10296][safepoint    ] Safepoint "Cleanup", Time since last: 1988540700 ns, Reaching safepoint: 137500 ns, At safepoint: 6800 ns, Total: 144300 ns
[2020-08-21T23:18:40.732+0000][10296][safepoint    ] Safepoint "Cleanup", Time since last: 1000325000 ns, Reaching safepoint: 140800 ns, At safepoint: 3200 ns, Total: 144000 ns
[2020-08-21T23:18:41.732+0000][10296][safepoint    ] Safepoint "Cleanup", Time since last: 1000002000 ns, Reaching safepoint: 130700 ns, At safepoint: 7000 ns, Total: 137700 ns
[2020-08-21T23:18:42.732+0000][10296][safepoint    ] Safepoint "Cleanup", Time since last: 1000216400 ns, Reaching safepoint: 123300 ns, At safepoint: 2500 ns, Total: 125800 ns
[2020-08-21T23:18:44.477+0000][10296][safepoint    ] Safepoint "Cleanup", Time since last: 1744865100 ns, Reaching safepoint: 125300 ns, At safepoint: 2100 ns, Total: 127400 ns
[2020-08-21T23:18:46.478+0000][10296][safepoint    ] Safepoint "Cleanup", Time since last: 2000367000 ns, Reaching safepoint: 123500 ns, At safepoint: 2000 ns, Total: 125500 ns
[2020-08-21T23:18:48.478+0000][10296][safepoint    ] Safepoint "Cleanup", Time since last: 1999890100 ns, Reaching safepoint: 133600 ns, At safepoint: 2000 ns, Total: 135600 ns
[2020-08-21T23:18:49.478+0000][10296][safepoint    ] Safepoint "Cleanup", Time since last: 1000366300 ns, Reaching safepoint: 117000 ns, At safepoint: 7200 ns, Total: 124200 ns
[2020-08-21T23:18:50.479+0000][10296][safepoint    ] Safepoint "Cleanup", Time since last: 1000381200 ns, Reaching safepoint: 126400 ns, At safepoint: 2000 ns, Total: 128400 ns
[2020-08-21T23:18:52.479+0000][10296][safepoint    ] Safepoint "Cleanup", Time since last: 2000385200 ns, Reaching safepoint: 117000 ns, At safepoint: 6800 ns, Total: 123800 ns
[2020-08-21T23:18:54.479+0000][10296][safepoint    ] Safepoint "Cleanup", Time since last: 1999887900 ns, Reaching safepoint: 135900 ns, At safepoint: 6700 ns, Total: 142600 ns
[2020-08-21T23:18:55.480+0000][10296][safepoint    ] Safepoint "Cleanup", Time since last: 1000343200 ns, Reaching safepoint: 148200 ns, At safepoint: 5900 ns, Total: 154100 ns
[2020-08-21T23:18:56.480+0000][10296][safepoint    ] Safepoint "Cleanup", Time since last: 1000288700 ns, Reaching safepoint: 127000 ns, At safepoint: 2000 ns, Total: 129000 ns
[2020-08-21T23:18:57.481+0000][10296][safepoint    ] Safepoint "Cleanup", Time since last: 1000352800 ns, Reaching safepoint: 125700 ns, At safepoint: 7500 ns, Total: 133200 ns
[2020-08-21T23:18:58.481+0000][10296][safepoint    ] Safepoint "Cleanup", Time since last: 1000367200 ns, Reaching safepoint: 132300 ns, At safepoint: 2000 ns, Total: 134300 ns
[2020-08-21T23:19:00.481+0000][10296][safepoint    ] Safepoint "Cleanup", Time since last: 1999952900 ns, Reaching safepoint: 123900 ns, At safepoint: 2400 ns, Total: 126300 ns
[2020-08-21T23:19:01.482+0000][10296][safepoint    ] Safepoint "Cleanup", Time since last: 1000371700 ns, Reaching safepoint: 125600 ns, At safepoint: 1900 ns, Total: 127500 ns
[2020-08-21T23:19:03.482+0000][10296][safepoint    ] Safepoint "Cleanup", Time since last: 2000350800 ns, Reaching safepoint: 146200 ns, At safepoint: 7000 ns, Total: 153200 ns
[2020-08-21T23:19:05.483+0000][10296][safepoint    ] Safepoint "Cleanup", Time since last: 2000322900 ns, Reaching safepoint: 134000 ns, At safepoint: 7000 ns, Total: 141000 ns
[2020-08-21T23:19:06.483+0000][10296][safepoint    ] Safepoint "Cleanup", Time since last: 1000359000 ns, Reaching safepoint: 125100 ns, At safepoint: 7000 ns, Total: 132100 ns
[2020-08-21T23:19:08.484+0000][10296][safepoint    ] Safepoint "Cleanup", Time since last: 2000373200 ns, Reaching safepoint: 131600 ns, At safepoint: 7100 ns, Total: 138700 ns
[2020-08-21T23:19:10.484+0000][10296][safepoint    ] Safepoint "Cleanup", Time since last: 2000383600 ns, Reaching safepoint: 129000 ns, At safepoint: 7100 ns, Total: 136100 ns
[2020-08-21T23:19:11.485+0000][10296][safepoint    ] Safepoint "Cleanup", Time since last: 1000333800 ns, Reaching safepoint: 113500 ns, At safepoint: 7100 ns, Total: 120600 ns
[2020-08-21T23:19:13.485+0000][10296][safepoint    ] Safepoint "Cleanup", Time since last: 2000412300 ns, Reaching safepoint: 124000 ns, At safepoint: 6800 ns, Total: 130800 ns
[2020-08-21T23:19:14.257+0000][10296][safepoint    ] Safepoint "BulkRevokeBias", Time since last: 770825000 ns, Reaching safepoint: 126200 ns, At safepoint: 675400 ns, Total: 801600 ns
[2020-08-21T23:19:15.269+0000][10296][safepoint    ] Safepoint "Cleanup", Time since last: 1012230400 ns, Reaching safepoint: 131200 ns, At safepoint: 7200 ns, Total: 138400 ns
[2020-08-21T23:19:16.270+0000][10296][safepoint    ] Safepoint "Cleanup", Time since last: 1000337500 ns, Reaching safepoint: 136500 ns, At safepoint: 7300 ns, Total: 143800 ns
[2020-08-21T23:19:18.270+0000][10296][safepoint    ] Safepoint "Cleanup", Time since last: 1999987400 ns, Reaching safepoint: 126900 ns, At safepoint: 6700 ns, Total: 133600 ns
[2020-08-21T23:19:19.270+0000][10296][safepoint    ] Safepoint "Cleanup", Time since last: 1000250900 ns, Reaching safepoint: 134000 ns, At safepoint: 2000 ns, Total: 136000 ns
[2020-08-21T23:19:20.271+0000][10296][safepoint    ] Safepoint "Cleanup", Time since last: 1000362400 ns, Reaching safepoint: 129600 ns, At safepoint: 8100 ns, Total: 137700 ns
[2020-08-21T23:19:22.271+0000][10296][safepoint    ] Safepoint "Cleanup", Time since last: 1999890000 ns, Reaching safepoint: 128300 ns, At safepoint: 7000 ns, Total: 135300 ns
[2020-08-21T23:19:23.271+0000][10296][safepoint    ] Safepoint "Cleanup", Time since last: 1000361000 ns, Reaching safepoint: 122600 ns, At safepoint: 6700 ns, Total: 129300 ns
[2020-08-21T23:19:25.272+0000][10296][safepoint    ] Safepoint "Cleanup", Time since last: 2000194700 ns, Reaching safepoint: 146700 ns, At safepoint: 6600 ns, Total: 153300 ns
[2020-08-21T23:19:26.272+0000][10296][safepoint    ] Safepoint "Cleanup", Time since last: 1000088100 ns, Reaching safepoint: 146100 ns, At safepoint: 2000 ns, Total: 148100 ns
[2020-08-21T23:19:27.357+0000][10296][safepoint    ] Safepoint "Cleanup", Time since last: 1085306400 ns, Reaching safepoint: 129900 ns, At safepoint: 2400 ns, Total: 132300 ns
[2020-08-21T23:19:28.698+0000][10296][safepoint    ] Safepoint "Cleanup", Time since last: 1340666400 ns, Reaching safepoint: 112500 ns, At safepoint: 2000 ns, Total: 114500 ns
[2020-08-21T23:19:29.698+0000][10296][safepoint    ] Safepoint "Cleanup", Time since last: 1000196400 ns, Reaching safepoint: 124200 ns, At safepoint: 6800 ns, Total: 131000 ns
[2020-08-21T23:19:30.699+0000][10296][safepoint    ] Safepoint "Cleanup", Time since last: 1000169100 ns, Reaching safepoint: 118500 ns, At safepoint: 2100 ns, Total: 120600 ns
[2020-08-21T23:19:32.699+0000][10296][safepoint    ] Safepoint "Cleanup", Time since last: 2000438000 ns, Reaching safepoint: 125300 ns, At safepoint: 5300 ns, Total: 130600 ns
[2020-08-21T23:19:33.700+0000][10296][safepoint    ] Safepoint "Cleanup", Time since last: 1000356600 ns, Reaching safepoint: 127400 ns, At safepoint: 2300 ns, Total: 129700 ns
[2020-08-21T23:19:34.700+0000][10296][safepoint    ] Safepoint "Cleanup", Time since last: 1000035700 ns, Reaching safepoint: 131800 ns, At safepoint: 1900 ns, Total: 133700 ns
[2020-08-21T23:19:35.700+0000][10296][safepoint    ] Safepoint "Cleanup", Time since last: 1000046700 ns, Reaching safepoint: 137400 ns, At safepoint: 6400 ns, Total: 143800 ns
[2020-08-21T23:19:37.560+0000][10296][safepoint    ] Safepoint "Cleanup", Time since last: 1860040700 ns, Reaching safepoint: 134500 ns, At safepoint: 6800 ns, Total: 141300 ns
[2020-08-21T23:19:39.560+0000][10296][safepoint    ] Safepoint "Cleanup", Time since last: 1999902600 ns, Reaching safepoint: 122400 ns, At safepoint: 2400 ns, Total: 124800 ns
[2020-08-21T23:19:40.561+0000][10296][safepoint    ] Safepoint "Cleanup", Time since last: 1000313700 ns, Reaching safepoint: 132300 ns, At safepoint: 6800 ns, Total: 139100 ns
[2020-08-21T23:19:41.561+0000][10296][safepoint    ] Safepoint "Cleanup", Time since last: 1000364000 ns, Reaching safepoint: 124900 ns, At safepoint: 2400 ns, Total: 127300 ns
[2020-08-21T23:19:41.946+0000][10296][safepoint    ] Safepoint "BulkRevokeBias", Time since last: 382816100 ns, Reaching safepoint: 111900 ns, At safepoint: 1195500 ns, Total: 1307400 ns
[2020-08-21T23:19:43.432+0000][10296][safepoint    ] Safepoint "Cleanup", Time since last: 1486753800 ns, Reaching safepoint: 144700 ns, At safepoint: 6700 ns, Total: 151400 ns
[2020-08-21T23:19:45.433+0000][10296][safepoint    ] Safepoint "Cleanup", Time since last: 2000368000 ns, Reaching safepoint: 133800 ns, At safepoint: 6700 ns, Total: 140500 ns
[2020-08-21T23:19:46.433+0000][10296][safepoint    ] Safepoint "Cleanup", Time since last: 1000199200 ns, Reaching safepoint: 141800 ns, At safepoint: 2300 ns, Total: 144100 ns
[2020-08-21T23:19:48.433+0000][10296][safepoint    ] Safepoint "Cleanup", Time since last: 1999989000 ns, Reaching safepoint: 123900 ns, At safepoint: 2200 ns, Total: 126100 ns
[2020-08-21T23:19:50.434+0000][10296][safepoint    ] Safepoint "Cleanup", Time since last: 2000341800 ns, Reaching safepoint: 119100 ns, At safepoint: 2100 ns, Total: 121200 ns
[2020-08-21T23:19:52.434+0000][10296][safepoint    ] Safepoint "Cleanup", Time since last: 2000382300 ns, Reaching safepoint: 133800 ns, At safepoint: 2600 ns, Total: 136400 ns
[2020-08-21T23:19:54.435+0000][10296][safepoint    ] Safepoint "Cleanup", Time since last: 2000366600 ns, Reaching safepoint: 140400 ns, At safepoint: 3100 ns, Total: 143500 ns
[2020-08-21T23:19:54.529+0000][10296][safepoint    ] Safepoint "BulkRevokeBias", Time since last: 93619000 ns, Reaching safepoint: 121800 ns, At safepoint: 687400 ns, Total: 809200 ns
[2020-08-21T23:19:55.538+0000][10296][safepoint    ] Safepoint "Cleanup", Time since last: 1008977100 ns, Reaching safepoint: 116400 ns, At safepoint: 6900 ns, Total: 123300 ns
[2020-08-21T23:19:57.539+0000][10296][safepoint    ] Safepoint "Cleanup", Time since last: 2000354200 ns, Reaching safepoint: 132700 ns, At safepoint: 2600 ns, Total: 135300 ns
[2020-08-21T23:19:59.539+0000][10296][safepoint    ] Safepoint "Cleanup", Time since last: 2000225300 ns, Reaching safepoint: 125600 ns, At safepoint: 2000 ns, Total: 127600 ns
[2020-08-21T23:20:00.539+0000][10296][safepoint    ] Safepoint "Cleanup", Time since last: 1000066200 ns, Reaching safepoint: 125100 ns, At safepoint: 7200 ns, Total: 132300 ns
[2020-08-21T23:20:01.540+0000][10296][safepoint    ] Safepoint "Cleanup", Time since last: 1000353900 ns, Reaching safepoint: 116800 ns, At safepoint: 2000 ns, Total: 118800 ns
[2020-08-21T23:20:02.540+0000][10296][safepoint    ] Safepoint "Cleanup", Time since last: 1000330100 ns, Reaching safepoint: 137900 ns, At safepoint: 2400 ns, Total: 140300 ns
[2020-08-21T23:20:04.256+0000][10296][safepoint    ] Safepoint "Cleanup", Time since last: 1715937800 ns, Reaching safepoint: 141900 ns, At safepoint: 7400 ns, Total: 149300 ns
[2020-08-21T23:20:05.257+0000][10296][safepoint    ] Safepoint "Cleanup", Time since last: 1000308000 ns, Reaching safepoint: 128800 ns, At safepoint: 11500 ns, Total: 140300 ns
[2020-08-21T23:20:06.562+0000][10296][safepoint    ] Safepoint "Cleanup", Time since last: 1305233500 ns, Reaching safepoint: 126300 ns, At safepoint: 10300 ns, Total: 136600 ns
[2020-08-21T23:20:07.563+0000][10296][safepoint    ] Safepoint "Cleanup", Time since last: 1000456900 ns, Reaching safepoint: 133800 ns, At safepoint: 7600 ns, Total: 141400 ns
[2020-08-21T23:20:08.725+0000][10296][safepoint    ] Safepoint "Cleanup", Time since last: 1162330000 ns, Reaching safepoint: 133100 ns, At safepoint: 2100 ns, Total: 135200 ns
[2020-08-21T23:20:10.726+0000][10296][safepoint    ] Safepoint "Cleanup", Time since last: 2000412700 ns, Reaching safepoint: 122300 ns, At safepoint: 7200 ns, Total: 129500 ns
[2020-08-21T23:20:11.513+0000][10296][safepoint    ] Safepoint "BulkRevokeBias", Time since last: 786097200 ns, Reaching safepoint: 116400 ns, At safepoint: 631900 ns, Total: 748300 ns
[2020-08-21T23:20:13.324+0000][10296][safepoint    ] Safepoint "Cleanup", Time since last: 1811003000 ns, Reaching safepoint: 152600 ns, At safepoint: 7600 ns, Total: 160200 ns
[2020-08-21T23:20:15.324+0000][10296][safepoint    ] Safepoint "Cleanup", Time since last: 2000344100 ns, Reaching safepoint: 129500 ns, At safepoint: 11100 ns, Total: 140600 ns
[2020-08-21T23:20:16.325+0000][10296][safepoint    ] Safepoint "Cleanup", Time since last: 1000357800 ns, Reaching safepoint: 129900 ns, At safepoint: 5100 ns, Total: 135000 ns
[2020-08-21T23:20:18.325+0000][10296][safepoint    ] Safepoint "Cleanup", Time since last: 2000373200 ns, Reaching safepoint: 123700 ns, At safepoint: 6700 ns, Total: 130400 ns
[2020-08-21T23:20:20.325+0000][10296][safepoint    ] Safepoint "Cleanup", Time since last: 1999892000 ns, Reaching safepoint: 121500 ns, At safepoint: 6500 ns, Total: 128000 ns
[2020-08-21T23:20:21.326+0000][10296][safepoint    ] Safepoint "Cleanup", Time since last: 1000314100 ns, Reaching safepoint: 134900 ns, At safepoint: 6600 ns, Total: 141500 ns
[2020-08-21T23:20:23.326+0000][10296][safepoint    ] Safepoint "Cleanup", Time since last: 1999898400 ns, Reaching safepoint: 129000 ns, At safepoint: 2400 ns, Total: 131400 ns
[2020-08-21T23:20:25.326+0000][10296][safepoint    ] Safepoint "Cleanup", Time since last: 2000356100 ns, Reaching safepoint: 116800 ns, At safepoint: 2100 ns, Total: 118900 ns
[2020-08-21T23:20:26.327+0000][10296][safepoint    ] Safepoint "Cleanup", Time since last: 1000356400 ns, Reaching safepoint: 120900 ns, At safepoint: 2000 ns, Total: 122900 ns
[2020-08-21T23:20:28.327+0000][10296][safepoint    ] Safepoint "Cleanup", Time since last: 1999915000 ns, Reaching safepoint: 131600 ns, At safepoint: 7300 ns, Total: 138900 ns
[2020-08-21T23:20:30.327+0000][10296][safepoint    ] Safepoint "Cleanup", Time since last: 1999890300 ns, Reaching safepoint: 126000 ns, At safepoint: 7200 ns, Total: 133200 ns
[2020-08-21T23:20:31.327+0000][10296][safepoint    ] Safepoint "Cleanup", Time since last: 1000341900 ns, Reaching safepoint: 132400 ns, At safepoint: 6800 ns, Total: 139200 ns
[2020-08-21T23:20:33.256+0000][10296][safepoint    ] Safepoint "Cleanup", Time since last: 1928357100 ns, Reaching safepoint: 128100 ns, At safepoint: 6400 ns, Total: 134500 ns
[2020-08-21T23:20:35.256+0000][10296][safepoint    ] Safepoint "Cleanup", Time since last: 2000354600 ns, Reaching safepoint: 128600 ns, At safepoint: 7100 ns, Total: 135700 ns
[2020-08-21T23:20:36.568+0000][10296][safepoint    ] Safepoint "Cleanup", Time since last: 1311264600 ns, Reaching safepoint: 127900 ns, At safepoint: 10100 ns, Total: 138000 ns
[2020-08-21T23:20:37.568+0000][10296][safepoint    ] Safepoint "Cleanup", Time since last: 1000450300 ns, Reaching safepoint: 113100 ns, At safepoint: 7400 ns, Total: 120500 ns
[2020-08-21T23:20:39.568+0000][10296][safepoint    ] Safepoint "Cleanup", Time since last: 1999963500 ns, Reaching safepoint: 132000 ns, At safepoint: 2100 ns, Total: 134100 ns
[2020-08-21T23:20:40.569+0000][10296][safepoint    ] Safepoint "Cleanup", Time since last: 1000293400 ns, Reaching safepoint: 160500 ns, At safepoint: 7200 ns, Total: 167700 ns
[2020-08-21T23:20:42.569+0000][10296][safepoint    ] Safepoint "Cleanup", Time since last: 2000357500 ns, Reaching safepoint: 118700 ns, At safepoint: 7000 ns, Total: 125700 ns
[2020-08-21T23:20:44.569+0000][10296][safepoint    ] Safepoint "Cleanup", Time since last: 1999924000 ns, Reaching safepoint: 114800 ns, At safepoint: 6500 ns, Total: 121300 ns
[2020-08-21T23:20:46.570+0000][10296][safepoint    ] Safepoint "Cleanup", Time since last: 2000395600 ns, Reaching safepoint: 115800 ns, At safepoint: 7000 ns, Total: 122800 ns
[2020-08-21T23:20:48.570+0000][10296][safepoint    ] Safepoint "Cleanup", Time since last: 2000208600 ns, Reaching safepoint: 150700 ns, At safepoint: 7600 ns, Total: 158300 ns
[2020-08-21T23:20:50.571+0000][10296][safepoint    ] Safepoint "Cleanup", Time since last: 2000194400 ns, Reaching safepoint: 127100 ns, At safepoint: 7300 ns, Total: 134400 ns
[2020-08-21T23:20:51.571+0000][10296][safepoint    ] Safepoint "Cleanup", Time since last: 1000077200 ns, Reaching safepoint: 136100 ns, At safepoint: 7000 ns, Total: 143100 ns
[2020-08-21T23:20:52.571+0000][10296][safepoint    ] Safepoint "Cleanup", Time since last: 1000360500 ns, Reaching safepoint: 125000 ns, At safepoint: 2500 ns, Total: 127500 ns
[2020-08-21T23:20:53.572+0000][10296][safepoint    ] Safepoint "Cleanup", Time since last: 1000371400 ns, Reaching safepoint: 136500 ns, At safepoint: 7200 ns, Total: 143700 ns
[2020-08-21T23:20:54.572+0000][10296][safepoint    ] Safepoint "Cleanup", Time since last: 1000336500 ns, Reaching safepoint: 141300 ns, At safepoint: 2000 ns, Total: 143300 ns
[2020-08-21T23:20:56.573+0000][10296][safepoint    ] Safepoint "Cleanup", Time since last: 2000404200 ns, Reaching safepoint: 164200 ns, At safepoint: 2000 ns, Total: 166200 ns
[2020-08-21T23:20:58.573+0000][10296][safepoint    ] Safepoint "Cleanup", Time since last: 2000337800 ns, Reaching safepoint: 130500 ns, At safepoint: 7400 ns, Total: 137900 ns
[2020-08-21T23:21:00.574+0000][10296][safepoint    ] Safepoint "Cleanup", Time since last: 2000358900 ns, Reaching safepoint: 130300 ns, At safepoint: 2000 ns, Total: 132300 ns
[2020-08-21T23:21:02.574+0000][10296][safepoint    ] Safepoint "Cleanup", Time since last: 1999875000 ns, Reaching safepoint: 140200 ns, At safepoint: 2300 ns, Total: 142500 ns
[2020-08-21T23:21:03.574+0000][10296][safepoint    ] Safepoint "Cleanup", Time since last: 1000332300 ns, Reaching safepoint: 122500 ns, At safepoint: 2500 ns, Total: 125000 ns
[2020-08-21T23:21:04.575+0000][10296][safepoint    ] Safepoint "Cleanup", Time since last: 1000356600 ns, Reaching safepoint: 121800 ns, At safepoint: 2200 ns, Total: 124000 ns
[2020-08-21T23:21:06.575+0000][10296][safepoint    ] Safepoint "Cleanup", Time since last: 1999966900 ns, Reaching safepoint: 117800 ns, At safepoint: 6600 ns, Total: 124400 ns
[2020-08-21T23:21:07.575+0000][10296][safepoint    ] Safepoint "Cleanup", Time since last: 1000316900 ns, Reaching safepoint: 133800 ns, At safepoint: 7200 ns, Total: 141000 ns
[2020-08-21T23:21:08.576+0000][10296][safepoint    ] Safepoint "Cleanup", Time since last: 1000351900 ns, Reaching safepoint: 135100 ns, At safepoint: 2000 ns, Total: 137100 ns
[2020-08-21T23:21:09.576+0000][10296][safepoint    ] Safepoint "Cleanup", Time since last: 1000329400 ns, Reaching safepoint: 130800 ns, At safepoint: 7200 ns, Total: 138000 ns
[2020-08-21T23:21:11.576+0000][10296][safepoint    ] Safepoint "Cleanup", Time since last: 1999905300 ns, Reaching safepoint: 125400 ns, At safepoint: 1900 ns, Total: 127300 ns
[2020-08-21T23:21:12.577+0000][10296][safepoint    ] Safepoint "Cleanup", Time since last: 1000379100 ns, Reaching safepoint: 125700 ns, At safepoint: 6900 ns, Total: 132600 ns
[2020-08-21T23:21:14.577+0000][10296][safepoint    ] Safepoint "Cleanup", Time since last: 2000388100 ns, Reaching safepoint: 141600 ns, At safepoint: 2500 ns, Total: 144100 ns
[2020-08-21T23:21:15.578+0000][10296][safepoint    ] Safepoint "Cleanup", Time since last: 1000369000 ns, Reaching safepoint: 130200 ns, At safepoint: 6800 ns, Total: 137000 ns
[2020-08-21T23:21:16.578+0000][10296][safepoint    ] Safepoint "Cleanup", Time since last: 1000311600 ns, Reaching safepoint: 124300 ns, At safepoint: 2100 ns, Total: 126400 ns
[2020-08-21T23:21:17.579+0000][10296][safepoint    ] Safepoint "Cleanup", Time since last: 1000373600 ns, Reaching safepoint: 131800 ns, At safepoint: 1900 ns, Total: 133700 ns
[2020-08-21T23:21:19.579+0000][10296][safepoint    ] Safepoint "Cleanup", Time since last: 2000186000 ns, Reaching safepoint: 129800 ns, At safepoint: 2200 ns, Total: 132000 ns
[2020-08-21T23:21:20.579+0000][10296][safepoint    ] Safepoint "Cleanup", Time since last: 1000014400 ns, Reaching safepoint: 128900 ns, At safepoint: 7000 ns, Total: 135900 ns
[2020-08-21T23:21:22.580+0000][10296][safepoint    ] Safepoint "Cleanup", Time since last: 2000402300 ns, Reaching safepoint: 148200 ns, At safepoint: 6900 ns, Total: 155100 ns
[2020-08-21T23:21:22.774+0000][10296][gc,start     ] GC(26) Pause Young (Normal) (G1 Evacuation Pause)
[2020-08-21T23:21:22.774+0000][10296][gc,task      ] GC(26) Using 18 workers of 18 for evacuation
[2020-08-21T23:21:22.775+0000][10296][gc,age       ] GC(26) Desired survivor size 40370176 bytes, new threshold 15 (max threshold 15)
[2020-08-21T23:21:22.782+0000][10296][gc,age       ] GC(26) Age table with threshold 15 (max threshold 15)
[2020-08-21T23:21:22.782+0000][10296][gc,age       ] GC(26) - age   1:     979992 bytes,     979992 total
[2020-08-21T23:21:22.782+0000][10296][gc,age       ] GC(26) - age   2:      34944 bytes,    1014936 total
[2020-08-21T23:21:22.782+0000][10296][gc,age       ] GC(26) - age   3:      18016 bytes,    1032952 total
[2020-08-21T23:21:22.782+0000][10296][gc,age       ] GC(26) - age   4:     445112 bytes,    1478064 total
[2020-08-21T23:21:22.782+0000][10296][gc,age       ] GC(26) - age   5:      99600 bytes,    1577664 total
[2020-08-21T23:21:22.782+0000][10296][gc,age       ] GC(26) - age   6:       2888 bytes,    1580552 total
[2020-08-21T23:21:22.782+0000][10296][gc,age       ] GC(26) - age   7:       2640 bytes,    1583192 total
[2020-08-21T23:21:22.782+0000][10296][gc,age       ] GC(26) - age   8:       1768 bytes,    1584960 total
[2020-08-21T23:21:22.782+0000][10296][gc,age       ] GC(26) - age   9:     679640 bytes,    2264600 total
[2020-08-21T23:21:22.782+0000][10296][gc,age       ] GC(26) - age  10:       9592 bytes,    2274192 total
[2020-08-21T23:21:22.782+0000][10296][gc,age       ] GC(26) - age  11:      38112 bytes,    2312304 total
[2020-08-21T23:21:22.782+0000][10296][gc,age       ] GC(26) - age  12:      55712 bytes,    2368016 total
[2020-08-21T23:21:22.782+0000][10296][gc,age       ] GC(26) - age  13:     102120 bytes,    2470136 total
[2020-08-21T23:21:22.782+0000][10296][gc,age       ] GC(26) - age  14:     895712 bytes,    3365848 total
[2020-08-21T23:21:22.782+0000][10296][gc,age       ] GC(26) - age  15:   10158528 bytes,   13524376 total
[2020-08-21T23:21:22.782+0000][10296][gc,phases    ] GC(26)   Pre Evacuate Collection Set: 0.1ms
[2020-08-21T23:21:22.782+0000][10296][gc,phases    ] GC(26)   Merge Heap Roots: 0.1ms
[2020-08-21T23:21:22.782+0000][10296][gc,phases    ] GC(26)   Evacuate Collection Set: 6.3ms
[2020-08-21T23:21:22.782+0000][10296][gc,phases    ] GC(26)   Post Evacuate Collection Set: 0.9ms
[2020-08-21T23:21:22.782+0000][10296][gc,phases    ] GC(26)   Other: 0.4ms
[2020-08-21T23:21:22.782+0000][10296][gc,heap      ] GC(26) Eden regions: 590->0(599)
[2020-08-21T23:21:22.782+0000][10296][gc,heap      ] GC(26) Survivor regions: 24->15(77)
[2020-08-21T23:21:22.782+0000][10296][gc,heap      ] GC(26) Old regions: 48->58
[2020-08-21T23:21:22.782+0000][10296][gc,heap      ] GC(26) Archive regions: 0->0
[2020-08-21T23:21:22.782+0000][10296][gc,heap      ] GC(26) Humongous regions: 7->7
[2020-08-21T23:21:22.782+0000][10296][gc,metaspace ] GC(26) Metaspace: 94867K(102912K)->94867K(102912K) NonClass: 81977K(86784K)->81977K(86784K) Class: 12890K(16128K)->12890K(16128K)
[2020-08-21T23:21:22.782+0000][10296][gc           ] GC(26) Pause Young (Normal) (G1 Evacuation Pause) 668M->79M(1024M) 7.859ms
[2020-08-21T23:21:22.782+0000][10296][gc,cpu       ] GC(26) User=0.00s Sys=0.02s Real=0.01s
[2020-08-21T23:21:22.782+0000][10296][safepoint    ] Safepoint "G1CollectForAllocation", Time since last: 194584100 ns, Reaching safepoint: 123500 ns, At safepoint: 7938400 ns, Total: 8061900 ns
[2020-08-21T23:21:23.783+0000][10296][safepoint    ] Safepoint "Cleanup", Time since last: 1000170000 ns, Reaching safepoint: 124500 ns, At safepoint: 2600 ns, Total: 127100 ns
[2020-08-21T23:21:25.783+0000][10296][safepoint    ] Safepoint "Cleanup", Time since last: 1999960400 ns, Reaching safepoint: 109500 ns, At safepoint: 1900 ns, Total: 111400 ns
[2020-08-21T23:21:27.783+0000][10296][safepoint    ] Safepoint "Cleanup", Time since last: 2000320000 ns, Reaching safepoint: 133300 ns, At safepoint: 6100 ns, Total: 139400 ns
[2020-08-21T23:21:28.784+0000][10296][safepoint    ] Safepoint "Cleanup", Time since last: 1000058900 ns, Reaching safepoint: 138600 ns, At safepoint: 7200 ns, Total: 145800 ns
[2020-08-21T23:21:29.784+0000][10296][safepoint    ] Safepoint "Cleanup", Time since last: 1000264100 ns, Reaching safepoint: 123600 ns, At safepoint: 6900 ns, Total: 130500 ns
[2020-08-21T23:21:30.784+0000][10296][safepoint    ] Safepoint "Cleanup", Time since last: 1000247000 ns, Reaching safepoint: 129600 ns, At safepoint: 2000 ns, Total: 131600 ns
[2020-08-21T23:21:31.785+0000][10296][safepoint    ] Safepoint "Cleanup", Time since last: 1000367700 ns, Reaching safepoint: 125000 ns, At safepoint: 2600 ns, Total: 127600 ns
[2020-08-21T23:21:32.987+0000][10296][safepoint    ] Safepoint "Cleanup", Time since last: 1202369700 ns, Reaching safepoint: 134200 ns, At safepoint: 7100 ns, Total: 141300 ns
[2020-08-21T23:21:34.988+0000][10296][safepoint    ] Safepoint "Cleanup", Time since last: 2000185000 ns, Reaching safepoint: 134400 ns, At safepoint: 7300 ns, Total: 141700 ns
[2020-08-21T23:21:35.988+0000][10296][safepoint    ] Safepoint "Cleanup", Time since last: 1000164600 ns, Reaching safepoint: 136900 ns, At safepoint: 6800 ns, Total: 143700 ns
[2020-08-21T23:21:36.988+0000][10296][safepoint    ] Safepoint "Cleanup", Time since last: 1000212300 ns, Reaching safepoint: 146800 ns, At safepoint: 2400 ns, Total: 149200 ns
[2020-08-21T23:21:38.989+0000][10296][safepoint    ] Safepoint "Cleanup", Time since last: 2000356000 ns, Reaching safepoint: 131300 ns, At safepoint: 6900 ns, Total: 138200 ns
[2020-08-21T23:21:40.740+0000][10296][safepoint    ] Safepoint "Cleanup", Time since last: 1750837300 ns, Reaching safepoint: 138200 ns, At safepoint: 7300 ns, Total: 145500 ns
[2020-08-21T23:21:42.442+0000][10296][safepoint    ] Safepoint "Cleanup", Time since last: 1701909600 ns, Reaching safepoint: 136300 ns, At safepoint: 6700 ns, Total: 143000 ns
[2020-08-21T23:21:44.442+0000][10296][safepoint    ] Safepoint "Cleanup", Time since last: 2000378400 ns, Reaching safepoint: 125800 ns, At safepoint: 6800 ns, Total: 132600 ns
[2020-08-21T23:21:45.443+0000][10296][safepoint    ] Safepoint "Cleanup", Time since last: 1000147500 ns, Reaching safepoint: 127100 ns, At safepoint: 10400 ns, Total: 137500 ns
[2020-08-21T23:21:46.443+0000][10296][safepoint    ] Safepoint "Cleanup", Time since last: 1000061100 ns, Reaching safepoint: 127600 ns, At safepoint: 10000 ns, Total: 137600 ns
[2020-08-21T23:21:48.443+0000][10296][safepoint    ] Safepoint "Cleanup", Time since last: 2000360600 ns, Reaching safepoint: 127600 ns, At safepoint: 2900 ns, Total: 130500 ns
[2020-08-21T23:21:50.444+0000][10296][safepoint    ] Safepoint "Cleanup", Time since last: 2000372400 ns, Reaching safepoint: 146000 ns, At safepoint: 2300 ns, Total: 148300 ns
[2020-08-21T23:21:51.444+0000][10296][safepoint    ] Safepoint "Cleanup", Time since last: 1000298200 ns, Reaching safepoint: 138300 ns, At safepoint: 7600 ns, Total: 145900 ns
[2020-08-21T23:21:52.445+0000][10296][safepoint    ] Safepoint "Cleanup", Time since last: 1000160000 ns, Reaching safepoint: 143800 ns, At safepoint: 2800 ns, Total: 146600 ns
[2020-08-21T23:21:53.445+0000][10296][safepoint    ] Safepoint "Cleanup", Time since last: 1000235700 ns, Reaching safepoint: 124400 ns, At safepoint: 2200 ns, Total: 126600 ns
[2020-08-21T23:21:54.445+0000][10296][safepoint    ] Safepoint "Cleanup", Time since last: 1000264100 ns, Reaching safepoint: 127000 ns, At safepoint: 2500 ns, Total: 129500 ns
[2020-08-21T23:21:56.446+0000][10296][safepoint    ] Safepoint "Cleanup", Time since last: 2000363300 ns, Reaching safepoint: 134500 ns, At safepoint: 7600 ns, Total: 142100 ns
[2020-08-21T23:21:57.446+0000][10296][safepoint    ] Safepoint "Cleanup", Time since last: 1000120900 ns, Reaching safepoint: 112400 ns, At safepoint: 6700 ns, Total: 119100 ns
[2020-08-21T23:21:58.446+0000][10296][safepoint    ] Safepoint "Cleanup", Time since last: 1000084200 ns, Reaching safepoint: 132600 ns, At safepoint: 2300 ns, Total: 134900 ns
[2020-08-21T23:21:59.446+0000][10296][safepoint    ] Safepoint "Cleanup", Time since last: 1000008500 ns, Reaching safepoint: 144800 ns, At safepoint: 7400 ns, Total: 152200 ns
[2020-08-21T23:22:00.447+0000][10296][safepoint    ] Safepoint "Cleanup", Time since last: 1000212100 ns, Reaching safepoint: 144100 ns, At safepoint: 7200 ns, Total: 151300 ns
[2020-08-21T23:22:02.447+0000][10296][safepoint    ] Safepoint "Cleanup", Time since last: 1999876700 ns, Reaching safepoint: 118200 ns, At safepoint: 2000 ns, Total: 120200 ns
[2020-08-21T23:22:03.447+0000][10296][safepoint    ] Safepoint "Cleanup", Time since last: 1000357600 ns, Reaching safepoint: 132700 ns, At safepoint: 2100 ns, Total: 134800 ns
[2020-08-21T23:22:04.448+0000][10296][safepoint    ] Safepoint "Cleanup", Time since last: 1000326800 ns, Reaching safepoint: 127300 ns, At safepoint: 2100 ns, Total: 129400 ns
[2020-08-21T23:22:06.448+0000][10296][safepoint    ] Safepoint "Cleanup", Time since last: 1999946700 ns, Reaching safepoint: 129000 ns, At safepoint: 2100 ns, Total: 131100 ns
[2020-08-21T23:22:07.448+0000][10296][safepoint    ] Safepoint "Cleanup", Time since last: 1000346500 ns, Reaching safepoint: 134500 ns, At safepoint: 2600 ns, Total: 137100 ns
[2020-08-21T23:22:08.449+0000][10296][safepoint    ] Safepoint "Cleanup", Time since last: 1000350100 ns, Reaching safepoint: 132500 ns, At safepoint: 6800 ns, Total: 139300 ns
[2020-08-21T23:22:10.449+0000][10296][safepoint    ] Safepoint "Cleanup", Time since last: 2000183600 ns, Reaching safepoint: 118800 ns, At safepoint: 2100 ns, Total: 120900 ns
[2020-08-21T23:22:11.449+0000][10296][safepoint    ] Safepoint "Cleanup", Time since last: 1000187500 ns, Reaching safepoint: 125300 ns, At safepoint: 7600 ns, Total: 132900 ns
[2020-08-21T23:22:12.854+0000][10296][safepoint    ] Safepoint "Cleanup", Time since last: 1404267700 ns, Reaching safepoint: 114800 ns, At safepoint: 2500 ns, Total: 117300 ns
[2020-08-21T23:22:14.204+0000][10296][safepoint    ] Safepoint "Cleanup", Time since last: 1349805400 ns, Reaching safepoint: 123600 ns, At safepoint: 2100 ns, Total: 125700 ns
[2020-08-21T23:22:15.204+0000][10296][safepoint    ] Safepoint "Cleanup", Time since last: 1000272500 ns, Reaching safepoint: 136200 ns, At safepoint: 2200 ns, Total: 138400 ns
[2020-08-21T23:22:16.204+0000][10296][safepoint    ] Safepoint "Cleanup", Time since last: 1000031000 ns, Reaching safepoint: 125400 ns, At safepoint: 2400 ns, Total: 127800 ns
[2020-08-21T23:22:17.205+0000][10296][safepoint    ] Safepoint "Cleanup", Time since last: 1000352000 ns, Reaching safepoint: 124700 ns, At safepoint: 6400 ns, Total: 131100 ns
[2020-08-21T23:22:18.205+0000][10296][safepoint    ] Safepoint "Cleanup", Time since last: 1000342800 ns, Reaching safepoint: 145500 ns, At safepoint: 2100 ns, Total: 147600 ns
[2020-08-21T23:22:20.205+0000][10296][safepoint    ] Safepoint "Cleanup", Time since last: 1999871800 ns, Reaching safepoint: 136200 ns, At safepoint: 6800 ns, Total: 143000 ns
[2020-08-21T23:22:21.206+0000][10296][safepoint    ] Safepoint "Cleanup", Time since last: 1000163100 ns, Reaching safepoint: 117600 ns, At safepoint: 2200 ns, Total: 119800 ns
[2020-08-21T23:22:22.206+0000][10296][safepoint    ] Safepoint "Cleanup", Time since last: 1000185800 ns, Reaching safepoint: 131300 ns, At safepoint: 2500 ns, Total: 133800 ns
[2020-08-21T23:22:23.206+0000][10296][safepoint    ] Safepoint "Cleanup", Time since last: 1000172200 ns, Reaching safepoint: 126500 ns, At safepoint: 7300 ns, Total: 133800 ns
[2020-08-21T23:22:24.207+0000][10296][safepoint    ] Safepoint "Cleanup", Time since last: 1000174400 ns, Reaching safepoint: 130800 ns, At safepoint: 6500 ns, Total: 137300 ns
[2020-08-21T23:22:25.207+0000][10296][safepoint    ] Safepoint "Cleanup", Time since last: 1000096900 ns, Reaching safepoint: 144600 ns, At safepoint: 7300 ns, Total: 151900 ns
[2020-08-21T23:22:27.207+0000][10296][safepoint    ] Safepoint "Cleanup", Time since last: 2000396900 ns, Reaching safepoint: 131200 ns, At safepoint: 2300 ns, Total: 133500 ns
[2020-08-21T23:22:29.208+0000][10296][safepoint    ] Safepoint "Cleanup", Time since last: 2000354000 ns, Reaching safepoint: 135100 ns, At safepoint: 2200 ns, Total: 137300 ns
[2020-08-21T23:22:30.208+0000][10296][safepoint    ] Safepoint "Cleanup", Time since last: 1000345200 ns, Reaching safepoint: 130300 ns, At safepoint: 2200 ns, Total: 132500 ns
[2020-08-21T23:22:31.209+0000][10296][safepoint    ] Safepoint "Cleanup", Time since last: 1000350200 ns, Reaching safepoint: 129200 ns, At safepoint: 7100 ns, Total: 136300 ns
[2020-08-21T23:22:33.209+0000][10296][safepoint    ] Safepoint "Cleanup", Time since last: 2000383800 ns, Reaching safepoint: 148100 ns, At safepoint: 2300 ns, Total: 150400 ns
[2020-08-21T23:22:35.210+0000][10296][safepoint    ] Safepoint "Cleanup", Time since last: 2000345600 ns, Reaching safepoint: 125500 ns, At safepoint: 2100 ns, Total: 127600 ns
[2020-08-21T23:22:37.210+0000][10296][safepoint    ] Safepoint "Cleanup", Time since last: 2000374200 ns, Reaching safepoint: 128600 ns, At safepoint: 2100 ns, Total: 130700 ns
[2020-08-21T23:22:39.210+0000][10296][safepoint    ] Safepoint "Cleanup", Time since last: 1999948700 ns, Reaching safepoint: 146200 ns, At safepoint: 2100 ns, Total: 148300 ns
[2020-08-21T23:22:40.284+0000][10296][safepoint    ] Safepoint "Cleanup", Time since last: 1073859900 ns, Reaching safepoint: 129000 ns, At safepoint: 2400 ns, Total: 131400 ns
[2020-08-21T23:22:41.285+0000][10296][safepoint    ] Safepoint "Cleanup", Time since last: 1000305600 ns, Reaching safepoint: 124700 ns, At safepoint: 7600 ns, Total: 132300 ns
[2020-08-21T23:22:42.285+0000][10296][safepoint    ] Safepoint "Cleanup", Time since last: 1000361600 ns, Reaching safepoint: 131400 ns, At safepoint: 7300 ns, Total: 138700 ns
[2020-08-21T23:22:44.286+0000][10296][safepoint    ] Safepoint "Cleanup", Time since last: 2000365100 ns, Reaching safepoint: 122800 ns, At safepoint: 7100 ns, Total: 129900 ns
[2020-08-21T23:22:46.286+0000][10296][safepoint    ] Safepoint "Cleanup", Time since last: 1999945800 ns, Reaching safepoint: 133200 ns, At safepoint: 7200 ns, Total: 140400 ns
[2020-08-21T23:22:47.286+0000][10296][safepoint    ] Safepoint "Cleanup", Time since last: 1000284000 ns, Reaching safepoint: 140000 ns, At safepoint: 2800 ns, Total: 142800 ns
[2020-08-21T23:22:49.287+0000][10296][safepoint    ] Safepoint "Cleanup", Time since last: 2000337500 ns, Reaching safepoint: 141700 ns, At safepoint: 7300 ns, Total: 149000 ns
[2020-08-21T23:22:51.287+0000][10296][safepoint    ] Safepoint "Cleanup", Time since last: 1999939200 ns, Reaching safepoint: 123600 ns, At safepoint: 7100 ns, Total: 130700 ns
[2020-08-21T23:22:53.287+0000][10296][safepoint    ] Safepoint "Cleanup", Time since last: 2000301700 ns, Reaching safepoint: 115200 ns, At safepoint: 6600 ns, Total: 121800 ns
[2020-08-21T23:22:55.288+0000][10296][safepoint    ] Safepoint "Cleanup", Time since last: 2000380500 ns, Reaching safepoint: 121100 ns, At safepoint: 7800 ns, Total: 128900 ns
[2020-08-21T23:22:57.288+0000][10296][safepoint    ] Safepoint "Cleanup", Time since last: 1999896000 ns, Reaching safepoint: 113000 ns, At safepoint: 7000 ns, Total: 120000 ns
[2020-08-21T23:22:58.288+0000][10296][safepoint    ] Safepoint "Cleanup", Time since last: 1000326400 ns, Reaching safepoint: 132600 ns, At safepoint: 7500 ns, Total: 140100 ns
[2020-08-21T23:23:00.289+0000][10296][safepoint    ] Safepoint "Cleanup", Time since last: 2000370800 ns, Reaching safepoint: 134100 ns, At safepoint: 7400 ns, Total: 141500 ns
[2020-08-21T23:23:02.289+0000][10296][safepoint    ] Safepoint "Cleanup", Time since last: 1999948800 ns, Reaching safepoint: 122100 ns, At safepoint: 7300 ns, Total: 129400 ns
[2020-08-21T23:23:04.289+0000][10296][safepoint    ] Safepoint "Cleanup", Time since last: 2000263700 ns, Reaching safepoint: 137200 ns, At safepoint: 7100 ns, Total: 144300 ns
[2020-08-21T23:23:06.290+0000][10296][safepoint    ] Safepoint "Cleanup", Time since last: 2000379400 ns, Reaching safepoint: 120800 ns, At safepoint: 2500 ns, Total: 123300 ns
[2020-08-21T23:23:07.290+0000][10296][safepoint    ] Safepoint "Cleanup", Time since last: 1000342600 ns, Reaching safepoint: 167600 ns, At safepoint: 6700 ns, Total: 174300 ns
[2020-08-21T23:23:09.291+0000][10296][safepoint    ] Safepoint "Cleanup", Time since last: 2000063100 ns, Reaching safepoint: 126900 ns, At safepoint: 2200 ns, Total: 129100 ns
[2020-08-21T23:23:10.291+0000][10296][safepoint    ] Safepoint "Cleanup", Time since last: 1000173800 ns, Reaching safepoint: 147000 ns, At safepoint: 2500 ns, Total: 149500 ns
[2020-08-21T23:23:12.291+0000][10296][safepoint    ] Safepoint "Cleanup", Time since last: 2000089700 ns, Reaching safepoint: 135400 ns, At safepoint: 7000 ns, Total: 142400 ns
[2020-08-21T23:23:13.291+0000][10296][safepoint    ] Safepoint "Cleanup", Time since last: 1000117400 ns, Reaching safepoint: 119900 ns, At safepoint: 6300 ns, Total: 126200 ns
[2020-08-21T23:23:15.292+0000][10296][safepoint    ] Safepoint "Cleanup", Time since last: 2000372500 ns, Reaching safepoint: 152500 ns, At safepoint: 7200 ns, Total: 159700 ns
[2020-08-21T23:23:17.292+0000][10296][safepoint    ] Safepoint "Cleanup", Time since last: 2000216500 ns, Reaching safepoint: 124300 ns, At safepoint: 2500 ns, Total: 126800 ns
[2020-08-21T23:23:18.292+0000][10296][safepoint    ] Safepoint "Cleanup", Time since last: 1000152400 ns, Reaching safepoint: 127500 ns, At safepoint: 6800 ns, Total: 134300 ns
[2020-08-21T23:23:19.293+0000][10296][safepoint    ] Safepoint "Cleanup", Time since last: 1000197000 ns, Reaching safepoint: 130300 ns, At safepoint: 2200 ns, Total: 132500 ns
[2020-08-21T23:23:20.293+0000][10296][safepoint    ] Safepoint "Cleanup", Time since last: 1000366400 ns, Reaching safepoint: 128700 ns, At safepoint: 6800 ns, Total: 135500 ns
[2020-08-21T23:23:22.294+0000][10296][safepoint    ] Safepoint "Cleanup", Time since last: 2000363600 ns, Reaching safepoint: 140800 ns, At safepoint: 7000 ns, Total: 147800 ns
[2020-08-21T23:23:24.294+0000][10296][safepoint    ] Safepoint "Cleanup", Time since last: 2000356800 ns, Reaching safepoint: 127400 ns, At safepoint: 6800 ns, Total: 134200 ns
[2020-08-21T23:23:26.295+0000][10296][safepoint    ] Safepoint "Cleanup", Time since last: 2000063600 ns, Reaching safepoint: 147600 ns, At safepoint: 2100 ns, Total: 149700 ns
[2020-08-21T23:23:27.295+0000][10296][safepoint    ] Safepoint "Cleanup", Time since last: 1000139100 ns, Reaching safepoint: 127700 ns, At safepoint: 7000 ns, Total: 134700 ns
[2020-08-21T23:23:29.295+0000][10296][safepoint    ] Safepoint "Cleanup", Time since last: 2000387800 ns, Reaching safepoint: 147400 ns, At safepoint: 7600 ns, Total: 155000 ns
[2020-08-21T23:23:30.296+0000][10296][safepoint    ] Safepoint "Cleanup", Time since last: 1000328600 ns, Reaching safepoint: 174000 ns, At safepoint: 7200 ns, Total: 181200 ns
[2020-08-21T23:23:32.296+0000][10296][safepoint    ] Safepoint "Cleanup", Time since last: 1999850200 ns, Reaching safepoint: 123500 ns, At safepoint: 6800 ns, Total: 130300 ns
[2020-08-21T23:23:33.296+0000][10296][safepoint    ] Safepoint "Cleanup", Time since last: 1000356300 ns, Reaching safepoint: 126500 ns, At safepoint: 6700 ns, Total: 133200 ns
[2020-08-21T23:23:34.297+0000][10296][safepoint    ] Safepoint "Cleanup", Time since last: 1000253800 ns, Reaching safepoint: 135700 ns, At safepoint: 2100 ns, Total: 137800 ns
[2020-08-21T23:23:35.440+0000][10296][safepoint    ] Safepoint "Cleanup", Time since last: 1143282200 ns, Reaching safepoint: 139000 ns, At safepoint: 7600 ns, Total: 146600 ns
[2020-08-21T23:23:37.441+0000][10296][safepoint    ] Safepoint "Cleanup", Time since last: 2000331500 ns, Reaching safepoint: 126200 ns, At safepoint: 2400 ns, Total: 128600 ns
[2020-08-21T23:23:38.441+0000][10296][safepoint    ] Safepoint "Cleanup", Time since last: 1000178000 ns, Reaching safepoint: 121700 ns, At safepoint: 2100 ns, Total: 123800 ns
[2020-08-21T23:23:39.441+0000][10296][safepoint    ] Safepoint "Cleanup", Time since last: 1000275200 ns, Reaching safepoint: 163000 ns, At safepoint: 6700 ns, Total: 169700 ns
[2020-08-21T23:23:41.442+0000][10296][safepoint    ] Safepoint "Cleanup", Time since last: 2000302200 ns, Reaching safepoint: 132200 ns, At safepoint: 2100 ns, Total: 134300 ns
[2020-08-21T23:23:43.442+0000][10296][safepoint    ] Safepoint "Cleanup", Time since last: 1999941800 ns, Reaching safepoint: 138800 ns, At safepoint: 2200 ns, Total: 141000 ns
[2020-08-21T23:23:44.442+0000][10296][safepoint    ] Safepoint "Cleanup", Time since last: 1000318800 ns, Reaching safepoint: 135300 ns, At safepoint: 7300 ns, Total: 142600 ns
[2020-08-21T23:23:46.443+0000][10296][safepoint    ] Safepoint "Cleanup", Time since last: 2000359600 ns, Reaching safepoint: 119400 ns, At safepoint: 6800 ns, Total: 126200 ns
[2020-08-21T23:23:48.443+0000][10296][safepoint    ] Safepoint "Cleanup", Time since last: 1999991100 ns, Reaching safepoint: 119700 ns, At safepoint: 2100 ns, Total: 121800 ns
[2020-08-21T23:23:49.443+0000][10296][safepoint    ] Safepoint "Cleanup", Time since last: 1000225800 ns, Reaching safepoint: 173300 ns, At safepoint: 6900 ns, Total: 180200 ns
[2020-08-21T23:23:50.444+0000][10296][safepoint    ] Safepoint "Cleanup", Time since last: 1000290800 ns, Reaching safepoint: 129200 ns, At safepoint: 7000 ns, Total: 136200 ns
[2020-08-21T23:23:52.444+0000][10296][safepoint    ] Safepoint "Cleanup", Time since last: 2000404400 ns, Reaching safepoint: 137700 ns, At safepoint: 6900 ns, Total: 144600 ns
[2020-08-21T23:23:54.445+0000][10296][safepoint    ] Safepoint "Cleanup", Time since last: 2000346700 ns, Reaching safepoint: 132300 ns, At safepoint: 3000 ns, Total: 135300 ns
[2020-08-21T23:23:56.445+0000][10296][safepoint    ] Safepoint "Cleanup", Time since last: 1999898100 ns, Reaching safepoint: 141200 ns, At safepoint: 7700 ns, Total: 148900 ns
[2020-08-21T23:23:57.445+0000][10296][safepoint    ] Safepoint "Cleanup", Time since last: 1000226000 ns, Reaching safepoint: 131500 ns, At safepoint: 7400 ns, Total: 138900 ns
[2020-08-21T23:23:59.445+0000][10296][safepoint    ] Safepoint "Cleanup", Time since last: 1999952800 ns, Reaching safepoint: 159600 ns, At safepoint: 7000 ns, Total: 166600 ns
[2020-08-21T23:24:01.445+0000][10296][safepoint    ] Safepoint "Cleanup", Time since last: 1999866700 ns, Reaching safepoint: 154000 ns, At safepoint: 2100 ns, Total: 156100 ns
[2020-08-21T23:24:02.446+0000][10296][safepoint    ] Safepoint "Cleanup", Time since last: 1000341800 ns, Reaching safepoint: 115200 ns, At safepoint: 5800 ns, Total: 121000 ns
[2020-08-21T23:24:03.446+0000][10296][safepoint    ] Safepoint "Cleanup", Time since last: 1000345400 ns, Reaching safepoint: 129200 ns, At safepoint: 6900 ns, Total: 136100 ns
[2020-08-21T23:24:05.447+0000][10296][safepoint    ] Safepoint "Cleanup", Time since last: 2000404400 ns, Reaching safepoint: 121200 ns, At safepoint: 6700 ns, Total: 127900 ns
[2020-08-21T23:24:06.447+0000][10296][safepoint    ] Safepoint "Cleanup", Time since last: 1000367800 ns, Reaching safepoint: 169400 ns, At safepoint: 7300 ns, Total: 176700 ns
[2020-08-21T23:24:07.448+0000][10296][safepoint    ] Safepoint "Cleanup", Time since last: 1000032100 ns, Reaching safepoint: 130200 ns, At safepoint: 6400 ns, Total: 136600 ns
[2020-08-21T23:24:09.448+0000][10296][safepoint    ] Safepoint "Cleanup", Time since last: 2000132900 ns, Reaching safepoint: 132900 ns, At safepoint: 2200 ns, Total: 135100 ns
[2020-08-21T23:24:11.448+0000][10296][safepoint    ] Safepoint "Cleanup", Time since last: 2000351000 ns, Reaching safepoint: 126900 ns, At safepoint: 7100 ns, Total: 134000 ns
[2020-08-21T23:24:13.449+0000][10296][safepoint    ] Safepoint "Cleanup", Time since last: 2000401400 ns, Reaching safepoint: 140400 ns, At safepoint: 7400 ns, Total: 147800 ns
[2020-08-21T23:24:15.449+0000][10296][safepoint    ] Safepoint "Cleanup", Time since last: 2000334800 ns, Reaching safepoint: 127100 ns, At safepoint: 7100 ns, Total: 134200 ns
[2020-08-21T23:24:16.450+0000][10296][safepoint    ] Safepoint "Cleanup", Time since last: 1000361800 ns, Reaching safepoint: 132100 ns, At safepoint: 2400 ns, Total: 134500 ns
[2020-08-21T23:24:18.450+0000][10296][safepoint    ] Safepoint "Cleanup", Time since last: 2000391800 ns, Reaching safepoint: 150700 ns, At safepoint: 6400 ns, Total: 157100 ns
[2020-08-21T23:24:20.451+0000][10296][safepoint    ] Safepoint "Cleanup", Time since last: 2000169900 ns, Reaching safepoint: 140700 ns, At safepoint: 7600 ns, Total: 148300 ns
[2020-08-21T23:24:21.451+0000][10296][safepoint    ] Safepoint "Cleanup", Time since last: 1000015700 ns, Reaching safepoint: 123300 ns, At safepoint: 2900 ns, Total: 126200 ns
[2020-08-21T23:24:23.451+0000][10296][safepoint    ] Safepoint "Cleanup", Time since last: 1999885600 ns, Reaching safepoint: 111400 ns, At safepoint: 7600 ns, Total: 119000 ns
[2020-08-21T23:24:24.451+0000][10296][safepoint    ] Safepoint "Cleanup", Time since last: 1000377100 ns, Reaching safepoint: 130000 ns, At safepoint: 2700 ns, Total: 132700 ns
[2020-08-21T23:24:25.452+0000][10296][safepoint    ] Safepoint "Cleanup", Time since last: 1000324600 ns, Reaching safepoint: 135800 ns, At safepoint: 8100 ns, Total: 143900 ns
[2020-08-21T23:24:27.452+0000][10296][safepoint    ] Safepoint "Cleanup", Time since last: 1999908500 ns, Reaching safepoint: 147700 ns, At safepoint: 2600 ns, Total: 150300 ns
[2020-08-21T23:24:28.452+0000][10296][safepoint    ] Safepoint "Cleanup", Time since last: 1000334800 ns, Reaching safepoint: 132000 ns, At safepoint: 2100 ns, Total: 134100 ns
[2020-08-21T23:24:29.453+0000][10296][safepoint    ] Safepoint "Cleanup", Time since last: 1000356800 ns, Reaching safepoint: 126500 ns, At safepoint: 2100 ns, Total: 128600 ns
[2020-08-21T23:24:31.453+0000][10296][safepoint    ] Safepoint "Cleanup", Time since last: 2000383200 ns, Reaching safepoint: 127100 ns, At safepoint: 6800 ns, Total: 133900 ns
[2020-08-21T23:24:32.454+0000][10296][safepoint    ] Safepoint "Cleanup", Time since last: 1000351900 ns, Reaching safepoint: 150200 ns, At safepoint: 2500 ns, Total: 152700 ns
[2020-08-21T23:24:34.454+0000][10296][safepoint    ] Safepoint "Cleanup", Time since last: 2000417000 ns, Reaching safepoint: 142800 ns, At safepoint: 2500 ns, Total: 145300 ns
[2020-08-21T23:24:35.455+0000][10296][safepoint    ] Safepoint "Cleanup", Time since last: 1000309100 ns, Reaching safepoint: 128100 ns, At safepoint: 7600 ns, Total: 135700 ns
[2020-08-21T23:24:36.455+0000][10296][safepoint    ] Safepoint "Cleanup", Time since last: 1000351600 ns, Reaching safepoint: 134500 ns, At safepoint: 7300 ns, Total: 141800 ns
[2020-08-21T23:24:37.577+0000][10296][safepoint    ] Safepoint "Cleanup", Time since last: 1121345400 ns, Reaching safepoint: 143100 ns, At safepoint: 7400 ns, Total: 150500 ns
[2020-08-21T23:24:39.577+0000][10296][safepoint    ] Safepoint "Cleanup", Time since last: 2000363100 ns, Reaching safepoint: 123600 ns, At safepoint: 6900 ns, Total: 130500 ns
[2020-08-21T23:24:41.578+0000][10296][safepoint    ] Safepoint "Cleanup", Time since last: 2000343800 ns, Reaching safepoint: 132600 ns, At safepoint: 6800 ns, Total: 139400 ns
[2020-08-21T23:24:43.578+0000][10296][safepoint    ] Safepoint "Cleanup", Time since last: 2000386500 ns, Reaching safepoint: 118000 ns, At safepoint: 2500 ns, Total: 120500 ns
[2020-08-21T23:24:45.579+0000][10296][safepoint    ] Safepoint "Cleanup", Time since last: 2000382400 ns, Reaching safepoint: 128500 ns, At safepoint: 2200 ns, Total: 130700 ns
[2020-08-21T23:24:46.579+0000][10296][safepoint    ] Safepoint "Cleanup", Time since last: 1000334100 ns, Reaching safepoint: 200000 ns, At safepoint: 6900 ns, Total: 206900 ns
[2020-08-21T23:24:48.580+0000][10296][safepoint    ] Safepoint "Cleanup", Time since last: 2000330600 ns, Reaching safepoint: 116600 ns, At safepoint: 6500 ns, Total: 123100 ns
[2020-08-21T23:24:49.580+0000][10296][safepoint    ] Safepoint "Cleanup", Time since last: 1000341800 ns, Reaching safepoint: 128400 ns, At safepoint: 2400 ns, Total: 130800 ns
[2020-08-21T23:24:51.580+0000][10296][safepoint    ] Safepoint "Cleanup", Time since last: 1999911500 ns, Reaching safepoint: 140600 ns, At safepoint: 7300 ns, Total: 147900 ns
[2020-08-21T23:24:53.581+0000][10296][safepoint    ] Safepoint "Cleanup", Time since last: 2000316500 ns, Reaching safepoint: 132900 ns, At safepoint: 6100 ns, Total: 139000 ns
[2020-08-21T23:24:54.581+0000][10296][safepoint    ] Safepoint "Cleanup", Time since last: 1000072000 ns, Reaching safepoint: 138000 ns, At safepoint: 6800 ns, Total: 144800 ns
[2020-08-21T23:24:55.581+0000][10296][safepoint    ] Safepoint "Cleanup", Time since last: 1000230700 ns, Reaching safepoint: 123400 ns, At safepoint: 7000 ns, Total: 130400 ns
[2020-08-21T23:24:56.582+0000][10296][safepoint    ] Safepoint "Cleanup", Time since last: 1000319500 ns, Reaching safepoint: 134600 ns, At safepoint: 6900 ns, Total: 141500 ns
[2020-08-21T23:24:57.582+0000][10296][safepoint    ] Safepoint "Cleanup", Time since last: 1000327400 ns, Reaching safepoint: 143100 ns, At safepoint: 2200 ns, Total: 145300 ns
[2020-08-21T23:24:58.583+0000][10296][safepoint    ] Safepoint "Cleanup", Time since last: 1000340000 ns, Reaching safepoint: 134900 ns, At safepoint: 7000 ns, Total: 141900 ns
[2020-08-21T23:25:00.583+0000][10296][safepoint    ] Safepoint "Cleanup", Time since last: 2000375800 ns, Reaching safepoint: 164900 ns, At safepoint: 2300 ns, Total: 167200 ns
[2020-08-21T23:25:02.583+0000][10296][safepoint    ] Safepoint "Cleanup", Time since last: 1999873500 ns, Reaching safepoint: 122800 ns, At safepoint: 2100 ns, Total: 124900 ns
[2020-08-21T23:25:03.584+0000][10296][safepoint    ] Safepoint "Cleanup", Time since last: 1000305400 ns, Reaching safepoint: 137000 ns, At safepoint: 2100 ns, Total: 139100 ns
[2020-08-21T23:25:05.584+0000][10296][safepoint    ] Safepoint "Cleanup", Time since last: 1999967200 ns, Reaching safepoint: 130300 ns, At safepoint: 2000 ns, Total: 132300 ns
[2020-08-21T23:25:06.584+0000][10296][safepoint    ] Safepoint "Cleanup", Time since last: 1000310100 ns, Reaching safepoint: 151600 ns, At safepoint: 2700 ns, Total: 154300 ns
[2020-08-21T23:25:08.585+0000][10296][safepoint    ] Safepoint "Cleanup", Time since last: 2000347500 ns, Reaching safepoint: 119500 ns, At safepoint: 2000 ns, Total: 121500 ns
[2020-08-21T23:25:09.585+0000][10296][safepoint    ] Safepoint "Cleanup", Time since last: 1000372000 ns, Reaching safepoint: 145600 ns, At safepoint: 3300 ns, Total: 148900 ns
[2020-08-21T23:25:10.586+0000][10296][safepoint    ] Safepoint "Cleanup", Time since last: 1000307200 ns, Reaching safepoint: 159700 ns, At safepoint: 6500 ns, Total: 166200 ns
[2020-08-21T23:25:11.973+0000][10296][safepoint    ] Safepoint "Cleanup", Time since last: 1387447000 ns, Reaching safepoint: 126800 ns, At safepoint: 6400 ns, Total: 133200 ns
[2020-08-21T23:25:12.974+0000][10296][safepoint    ] Safepoint "Cleanup", Time since last: 1000289600 ns, Reaching safepoint: 169800 ns, At safepoint: 6000 ns, Total: 175800 ns
[2020-08-21T23:25:14.974+0000][10296][safepoint    ] Safepoint "Cleanup", Time since last: 1999867400 ns, Reaching safepoint: 118000 ns, At safepoint: 6800 ns, Total: 124800 ns
[2020-08-21T23:25:15.974+0000][10296][safepoint    ] Safepoint "Cleanup", Time since last: 1000379600 ns, Reaching safepoint: 121500 ns, At safepoint: 7000 ns, Total: 128500 ns
[2020-08-21T23:25:16.975+0000][10296][safepoint    ] Safepoint "Cleanup", Time since last: 1000341400 ns, Reaching safepoint: 125600 ns, At safepoint: 6600 ns, Total: 132200 ns
[2020-08-21T23:25:18.975+0000][10296][safepoint    ] Safepoint "Cleanup", Time since last: 2000358500 ns, Reaching safepoint: 138600 ns, At safepoint: 6600 ns, Total: 145200 ns
[2020-08-21T23:25:19.976+0000][10296][safepoint    ] Safepoint "Cleanup", Time since last: 1000330000 ns, Reaching safepoint: 134100 ns, At safepoint: 6800 ns, Total: 140900 ns
[2020-08-21T23:25:21.976+0000][10296][safepoint    ] Safepoint "Cleanup", Time since last: 1999957600 ns, Reaching safepoint: 129000 ns, At safepoint: 6300 ns, Total: 135300 ns
[2020-08-21T23:25:22.976+0000][10296][safepoint    ] Safepoint "Cleanup", Time since last: 1000296400 ns, Reaching safepoint: 122400 ns, At safepoint: 6200 ns, Total: 128600 ns
[2020-08-21T23:25:23.977+0000][10296][safepoint    ] Safepoint "Cleanup", Time since last: 1000365100 ns, Reaching safepoint: 128800 ns, At safepoint: 10300 ns, Total: 139100 ns
[2020-08-21T23:25:24.977+0000][10296][safepoint    ] Safepoint "Cleanup", Time since last: 1000328000 ns, Reaching safepoint: 131800 ns, At safepoint: 6100 ns, Total: 137900 ns
[2020-08-21T23:25:26.977+0000][10296][safepoint    ] Safepoint "Cleanup", Time since last: 2000032800 ns, Reaching safepoint: 131200 ns, At safepoint: 10500 ns, Total: 141700 ns
[2020-08-21T23:25:27.978+0000][10296][safepoint    ] Safepoint "Cleanup", Time since last: 1000221400 ns, Reaching safepoint: 126200 ns, At safepoint: 2200 ns, Total: 128400 ns
[2020-08-21T23:25:28.978+0000][10296][safepoint    ] Safepoint "Cleanup", Time since last: 1000371500 ns, Reaching safepoint: 152800 ns, At safepoint: 2400 ns, Total: 155200 ns
[2020-08-21T23:25:30.979+0000][10296][safepoint    ] Safepoint "Cleanup", Time since last: 2000342100 ns, Reaching safepoint: 134000 ns, At safepoint: 2000 ns, Total: 136000 ns
[2020-08-21T23:25:31.979+0000][10296][safepoint    ] Safepoint "Cleanup", Time since last: 1000339900 ns, Reaching safepoint: 126000 ns, At safepoint: 7500 ns, Total: 133500 ns
[2020-08-21T23:25:33.979+0000][10296][safepoint    ] Safepoint "Cleanup", Time since last: 1999896600 ns, Reaching safepoint: 124600 ns, At safepoint: 2100 ns, Total: 126700 ns
[2020-08-21T23:25:34.980+0000][10296][safepoint    ] Safepoint "Cleanup", Time since last: 1000338200 ns, Reaching safepoint: 119100 ns, At safepoint: 2000 ns, Total: 121100 ns
[2020-08-21T23:25:36.980+0000][10296][safepoint    ] Safepoint "Cleanup", Time since last: 2000426000 ns, Reaching safepoint: 135900 ns, At safepoint: 6900 ns, Total: 142800 ns
[2020-08-21T23:25:38.981+0000][10296][safepoint    ] Safepoint "Cleanup", Time since last: 2000341700 ns, Reaching safepoint: 121200 ns, At safepoint: 2200 ns, Total: 123400 ns
[2020-08-21T23:25:39.981+0000][10296][safepoint    ] Safepoint "Cleanup", Time since last: 1000368400 ns, Reaching safepoint: 131600 ns, At safepoint: 7100 ns, Total: 138700 ns
[2020-08-21T23:25:41.981+0000][10296][safepoint    ] Safepoint "Cleanup", Time since last: 1999916400 ns, Reaching safepoint: 131800 ns, At safepoint: 2000 ns, Total: 133800 ns
[2020-08-21T23:25:42.982+0000][10296][safepoint    ] Safepoint "Cleanup", Time since last: 1000346200 ns, Reaching safepoint: 129800 ns, At safepoint: 7300 ns, Total: 137100 ns
[2020-08-21T23:25:44.982+0000][10296][safepoint    ] Safepoint "Cleanup", Time since last: 2000370800 ns, Reaching safepoint: 131600 ns, At safepoint: 2600 ns, Total: 134200 ns
[2020-08-21T23:25:45.983+0000][10296][safepoint    ] Safepoint "Cleanup", Time since last: 1000322400 ns, Reaching safepoint: 145200 ns, At safepoint: 2400 ns, Total: 147600 ns
[2020-08-21T23:25:47.983+0000][10296][safepoint    ] Safepoint "Cleanup", Time since last: 2000339900 ns, Reaching safepoint: 135300 ns, At safepoint: 2100 ns, Total: 137400 ns
[2020-08-21T23:25:49.984+0000][10296][safepoint    ] Safepoint "Cleanup", Time since last: 2000426200 ns, Reaching safepoint: 127100 ns, At safepoint: 2100 ns, Total: 129200 ns
[2020-08-21T23:25:50.984+0000][10296][safepoint    ] Safepoint "Cleanup", Time since last: 1000333200 ns, Reaching safepoint: 130700 ns, At safepoint: 7100 ns, Total: 137800 ns
[2020-08-21T23:25:52.985+0000][10296][safepoint    ] Safepoint "Cleanup", Time since last: 2000360900 ns, Reaching safepoint: 118100 ns, At safepoint: 2000 ns, Total: 120100 ns
[2020-08-21T23:25:54.985+0000][10296][safepoint    ] Safepoint "Cleanup", Time since last: 2000404700 ns, Reaching safepoint: 152000 ns, At safepoint: 6800 ns, Total: 158800 ns
[2020-08-21T23:25:56.986+0000][10296][safepoint    ] Safepoint "Cleanup", Time since last: 2000334000 ns, Reaching safepoint: 117600 ns, At safepoint: 2600 ns, Total: 120200 ns
[2020-08-21T23:25:57.986+0000][10296][safepoint    ] Safepoint "Cleanup", Time since last: 1000361500 ns, Reaching safepoint: 127300 ns, At safepoint: 6300 ns, Total: 133600 ns
[2020-08-21T23:25:59.987+0000][10296][safepoint    ] Safepoint "Cleanup", Time since last: 2000365700 ns, Reaching safepoint: 140200 ns, At safepoint: 6700 ns, Total: 146900 ns
[2020-08-21T23:26:01.987+0000][10296][safepoint    ] Safepoint "Cleanup", Time since last: 2000382200 ns, Reaching safepoint: 124800 ns, At safepoint: 7400 ns, Total: 132200 ns
[2020-08-21T23:26:03.988+0000][10296][safepoint    ] Safepoint "Cleanup", Time since last: 2000365300 ns, Reaching safepoint: 130900 ns, At safepoint: 6900 ns, Total: 137800 ns
[2020-08-21T23:26:04.988+0000][10296][safepoint    ] Safepoint "Cleanup", Time since last: 1000334800 ns, Reaching safepoint: 125300 ns, At safepoint: 2100 ns, Total: 127400 ns
[2020-08-21T23:26:06.988+0000][10296][safepoint    ] Safepoint "Cleanup", Time since last: 1999931700 ns, Reaching safepoint: 168000 ns, At safepoint: 7100 ns, Total: 175100 ns
[2020-08-21T23:26:07.989+0000][10296][safepoint    ] Safepoint "Cleanup", Time since last: 1000296600 ns, Reaching safepoint: 125000 ns, At safepoint: 6400 ns, Total: 131400 ns
[2020-08-21T23:26:08.989+0000][10296][safepoint    ] Safepoint "Cleanup", Time since last: 1000359500 ns, Reaching safepoint: 132600 ns, At safepoint: 6500 ns, Total: 139100 ns
[2020-08-21T23:26:09.990+0000][10296][safepoint    ] Safepoint "Cleanup", Time since last: 1000358300 ns, Reaching safepoint: 138200 ns, At safepoint: 2100 ns, Total: 140300 ns
[2020-08-21T23:26:11.990+0000][10296][safepoint    ] Safepoint "Cleanup", Time since last: 2000334700 ns, Reaching safepoint: 124400 ns, At safepoint: 6600 ns, Total: 131000 ns
[2020-08-21T23:26:13.991+0000][10296][safepoint    ] Safepoint "Cleanup", Time since last: 2000054600 ns, Reaching safepoint: 120600 ns, At safepoint: 2700 ns, Total: 123300 ns
[2020-08-21T23:26:14.991+0000][10296][safepoint    ] Safepoint "Cleanup", Time since last: 1000158200 ns, Reaching safepoint: 128200 ns, At safepoint: 2500 ns, Total: 130700 ns
[2020-08-21T23:26:16.991+0000][10296][safepoint    ] Safepoint "Cleanup", Time since last: 2000379000 ns, Reaching safepoint: 119700 ns, At safepoint: 7600 ns, Total: 127300 ns
[2020-08-21T23:26:18.991+0000][10296][safepoint    ] Safepoint "Cleanup", Time since last: 1999931800 ns, Reaching safepoint: 152700 ns, At safepoint: 7400 ns, Total: 160100 ns
[2020-08-21T23:26:19.992+0000][10296][safepoint    ] Safepoint "Cleanup", Time since last: 1000321000 ns, Reaching safepoint: 124000 ns, At safepoint: 2100 ns, Total: 126100 ns
[2020-08-21T23:26:20.992+0000][10296][safepoint    ] Safepoint "Cleanup", Time since last: 1000203900 ns, Reaching safepoint: 132200 ns, At safepoint: 2100 ns, Total: 134300 ns
[2020-08-21T23:26:21.992+0000][10296][safepoint    ] Safepoint "Cleanup", Time since last: 1000055500 ns, Reaching safepoint: 129400 ns, At safepoint: 3100 ns, Total: 132500 ns
[2020-08-21T23:26:22.993+0000][10296][safepoint    ] Safepoint "Cleanup", Time since last: 1000332600 ns, Reaching safepoint: 130900 ns, At safepoint: 2500 ns, Total: 133400 ns
[2020-08-21T23:26:24.993+0000][10296][safepoint    ] Safepoint "Cleanup", Time since last: 2000367400 ns, Reaching safepoint: 127500 ns, At safepoint: 7100 ns, Total: 134600 ns
[2020-08-21T23:26:26.994+0000][10296][safepoint    ] Safepoint "Cleanup", Time since last: 2000369300 ns, Reaching safepoint: 136400 ns, At safepoint: 7200 ns, Total: 143600 ns
[2020-08-21T23:26:28.994+0000][10296][safepoint    ] Safepoint "Cleanup", Time since last: 2000372800 ns, Reaching safepoint: 125700 ns, At safepoint: 7000 ns, Total: 132700 ns
[2020-08-21T23:26:29.995+0000][10296][safepoint    ] Safepoint "Cleanup", Time since last: 1000345500 ns, Reaching safepoint: 137000 ns, At safepoint: 7200 ns, Total: 144200 ns
[2020-08-21T23:26:31.995+0000][10296][safepoint    ] Safepoint "Cleanup", Time since last: 2000351700 ns, Reaching safepoint: 144800 ns, At safepoint: 6900 ns, Total: 151700 ns
[2020-08-21T23:26:33.005+0000][10296][safepoint    ] Safepoint "Cleanup", Time since last: 1010167700 ns, Reaching safepoint: 145600 ns, At safepoint: 6100 ns, Total: 151700 ns
[2020-08-21T23:26:34.021+0000][10296][safepoint    ] Safepoint "Cleanup", Time since last: 1015591200 ns, Reaching safepoint: 132700 ns, At safepoint: 2200 ns, Total: 134900 ns
[2020-08-21T23:26:35.022+0000][10296][safepoint    ] Safepoint "Cleanup", Time since last: 1000315300 ns, Reaching safepoint: 122300 ns, At safepoint: 6900 ns, Total: 129200 ns
[2020-08-21T23:26:37.022+0000][10296][safepoint    ] Safepoint "Cleanup", Time since last: 2000374800 ns, Reaching safepoint: 119200 ns, At safepoint: 2600 ns, Total: 121800 ns
[2020-08-21T23:26:38.023+0000][10296][safepoint    ] Safepoint "Cleanup", Time since last: 1000333200 ns, Reaching safepoint: 127100 ns, At safepoint: 6500 ns, Total: 133600 ns
[2020-08-21T23:26:40.023+0000][10296][safepoint    ] Safepoint "Cleanup", Time since last: 2000409600 ns, Reaching safepoint: 137400 ns, At safepoint: 2900 ns, Total: 140300 ns
[2020-08-21T23:26:42.023+0000][10296][safepoint    ] Safepoint "Cleanup", Time since last: 1999865500 ns, Reaching safepoint: 132000 ns, At safepoint: 2500 ns, Total: 134500 ns
[2020-08-21T23:26:43.024+0000][10296][safepoint    ] Safepoint "Cleanup", Time since last: 1000353700 ns, Reaching safepoint: 131300 ns, At safepoint: 2500 ns, Total: 133800 ns
[2020-08-21T23:26:45.024+0000][10296][safepoint    ] Safepoint "Cleanup", Time since last: 2000357300 ns, Reaching safepoint: 119700 ns, At safepoint: 6900 ns, Total: 126600 ns
[2020-08-21T23:26:47.025+0000][10296][safepoint    ] Safepoint "Cleanup", Time since last: 2000378800 ns, Reaching safepoint: 146800 ns, At safepoint: 2200 ns, Total: 149000 ns
[2020-08-21T23:26:48.025+0000][10296][safepoint    ] Safepoint "Cleanup", Time since last: 1000338100 ns, Reaching safepoint: 126500 ns, At safepoint: 2700 ns, Total: 129200 ns
[2020-08-21T23:26:50.025+0000][10296][safepoint    ] Safepoint "Cleanup", Time since last: 1999886600 ns, Reaching safepoint: 134300 ns, At safepoint: 7500 ns, Total: 141800 ns
[2020-08-21T23:26:51.026+0000][10296][safepoint    ] Safepoint "Cleanup", Time since last: 1000344200 ns, Reaching safepoint: 124600 ns, At safepoint: 2200 ns, Total: 126800 ns
[2020-08-21T23:26:53.026+0000][10296][safepoint    ] Safepoint "Cleanup", Time since last: 1999902400 ns, Reaching safepoint: 170000 ns, At safepoint: 6300 ns, Total: 176300 ns
[2020-08-21T23:26:54.026+0000][10296][safepoint    ] Safepoint "Cleanup", Time since last: 1000291500 ns, Reaching safepoint: 123300 ns, At safepoint: 7000 ns, Total: 130300 ns
[2020-08-21T23:26:56.026+0000][10296][safepoint    ] Safepoint "Cleanup", Time since last: 1999894500 ns, Reaching safepoint: 141400 ns, At safepoint: 8100 ns, Total: 149500 ns
[2020-08-21T23:26:57.027+0000][10296][safepoint    ] Safepoint "Cleanup", Time since last: 1000312200 ns, Reaching safepoint: 144300 ns, At safepoint: 7300 ns, Total: 151600 ns
[2020-08-21T23:26:59.027+0000][10296][safepoint    ] Safepoint "Cleanup", Time since last: 2000390800 ns, Reaching safepoint: 119600 ns, At safepoint: 6800 ns, Total: 126400 ns
[2020-08-21T23:27:01.028+0000][10296][safepoint    ] Safepoint "Cleanup", Time since last: 2000361800 ns, Reaching safepoint: 122700 ns, At safepoint: 7100 ns, Total: 129800 ns
[2020-08-21T23:27:02.028+0000][10296][safepoint    ] Safepoint "Cleanup", Time since last: 1000342000 ns, Reaching safepoint: 129100 ns, At safepoint: 7800 ns, Total: 136900 ns
[2020-08-21T23:27:04.029+0000][10296][safepoint    ] Safepoint "Cleanup", Time since last: 2000347600 ns, Reaching safepoint: 126600 ns, At safepoint: 2200 ns, Total: 128800 ns
[2020-08-21T23:27:06.029+0000][10296][safepoint    ] Safepoint "Cleanup", Time since last: 2000414200 ns, Reaching safepoint: 128800 ns, At safepoint: 6600 ns, Total: 135400 ns
[2020-08-21T23:27:07.030+0000][10296][safepoint    ] Safepoint "Cleanup", Time since last: 1000362900 ns, Reaching safepoint: 137000 ns, At safepoint: 6600 ns, Total: 143600 ns
[2020-08-21T23:27:09.030+0000][10296][safepoint    ] Safepoint "Cleanup", Time since last: 2000359100 ns, Reaching safepoint: 113000 ns, At safepoint: 7100 ns, Total: 120100 ns
[2020-08-21T23:27:11.031+0000][10296][safepoint    ] Safepoint "Cleanup", Time since last: 2000375200 ns, Reaching safepoint: 126500 ns, At safepoint: 6600 ns, Total: 133100 ns
[2020-08-21T23:27:13.031+0000][10296][safepoint    ] Safepoint "Cleanup", Time since last: 2000355200 ns, Reaching safepoint: 124500 ns, At safepoint: 6700 ns, Total: 131200 ns
[2020-08-21T23:27:15.031+0000][10296][safepoint    ] Safepoint "Cleanup", Time since last: 1999900700 ns, Reaching safepoint: 120600 ns, At safepoint: 3600 ns, Total: 124200 ns
[2020-08-21T23:27:16.032+0000][10296][safepoint    ] Safepoint "Cleanup", Time since last: 1000357200 ns, Reaching safepoint: 135100 ns, At safepoint: 2100 ns, Total: 137200 ns
[2020-08-21T23:27:17.032+0000][10296][safepoint    ] Safepoint "Cleanup", Time since last: 1000351300 ns, Reaching safepoint: 128500 ns, At safepoint: 2100 ns, Total: 130600 ns
[2020-08-21T23:27:19.033+0000][10296][safepoint    ] Safepoint "Cleanup", Time since last: 2000351900 ns, Reaching safepoint: 126800 ns, At safepoint: 2500 ns, Total: 129300 ns
[2020-08-21T23:27:21.033+0000][10296][safepoint    ] Safepoint "Cleanup", Time since last: 2000412400 ns, Reaching safepoint: 137600 ns, At safepoint: 7100 ns, Total: 144700 ns
[2020-08-21T23:27:22.034+0000][10296][safepoint    ] Safepoint "Cleanup", Time since last: 1000341700 ns, Reaching safepoint: 138000 ns, At safepoint: 2300 ns, Total: 140300 ns
[2020-08-21T23:27:23.034+0000][10296][safepoint    ] Safepoint "Cleanup", Time since last: 1000362800 ns, Reaching safepoint: 122600 ns, At safepoint: 2600 ns, Total: 125200 ns
[2020-08-21T23:27:25.035+0000][10296][safepoint    ] Safepoint "Cleanup", Time since last: 2000339400 ns, Reaching safepoint: 124800 ns, At safepoint: 2300 ns, Total: 127100 ns
[2020-08-21T23:27:27.035+0000][10296][safepoint    ] Safepoint "Cleanup", Time since last: 2000403700 ns, Reaching safepoint: 133500 ns, At safepoint: 7800 ns, Total: 141300 ns
[2020-08-21T23:27:29.035+0000][10296][safepoint    ] Safepoint "Cleanup", Time since last: 1999860500 ns, Reaching safepoint: 130400 ns, At safepoint: 2600 ns, Total: 133000 ns
[2020-08-21T23:27:31.035+0000][10296][safepoint    ] Safepoint "Cleanup", Time since last: 1999876600 ns, Reaching safepoint: 121200 ns, At safepoint: 7000 ns, Total: 128200 ns
[2020-08-21T23:27:33.036+0000][10296][safepoint    ] Safepoint "Cleanup", Time since last: 2000338100 ns, Reaching safepoint: 132700 ns, At safepoint: 2200 ns, Total: 134900 ns
[2020-08-21T23:27:35.036+0000][10296][safepoint    ] Safepoint "Cleanup", Time since last: 1999901900 ns, Reaching safepoint: 118400 ns, At safepoint: 7000 ns, Total: 125400 ns
[2020-08-21T23:27:36.036+0000][10296][safepoint    ] Safepoint "Cleanup", Time since last: 1000369400 ns, Reaching safepoint: 119900 ns, At safepoint: 7000 ns, Total: 126900 ns
[2020-08-21T23:27:37.037+0000][10296][safepoint    ] Safepoint "Cleanup", Time since last: 1000348800 ns, Reaching safepoint: 135500 ns, At safepoint: 6800 ns, Total: 142300 ns
[2020-08-21T23:27:39.037+0000][10296][safepoint    ] Safepoint "Cleanup", Time since last: 1999919000 ns, Reaching safepoint: 130100 ns, At safepoint: 2200 ns, Total: 132300 ns
[2020-08-21T23:27:40.037+0000][10296][safepoint    ] Safepoint "Cleanup", Time since last: 1000323700 ns, Reaching safepoint: 127100 ns, At safepoint: 6800 ns, Total: 133900 ns
[2020-08-21T23:27:42.038+0000][10296][safepoint    ] Safepoint "Cleanup", Time since last: 2000355400 ns, Reaching safepoint: 134300 ns, At safepoint: 7100 ns, Total: 141400 ns
[2020-08-21T23:27:44.038+0000][10296][safepoint    ] Safepoint "Cleanup", Time since last: 1999878700 ns, Reaching safepoint: 137300 ns, At safepoint: 7400 ns, Total: 144700 ns
[2020-08-21T23:27:45.038+0000][10296][safepoint    ] Safepoint "Cleanup", Time since last: 1000327600 ns, Reaching safepoint: 136600 ns, At safepoint: 2100 ns, Total: 138700 ns
[2020-08-21T23:27:47.039+0000][10296][safepoint    ] Safepoint "Cleanup", Time since last: 2000377300 ns, Reaching safepoint: 129600 ns, At safepoint: 2300 ns, Total: 131900 ns
[2020-08-21T23:27:49.039+0000][10296][safepoint    ] Safepoint "Cleanup", Time since last: 2000364100 ns, Reaching safepoint: 143100 ns, At safepoint: 2300 ns, Total: 145400 ns
[2020-08-21T23:27:51.039+0000][10296][safepoint    ] Safepoint "Cleanup", Time since last: 1999946100 ns, Reaching safepoint: 115800 ns, At safepoint: 2000 ns, Total: 117800 ns
[2020-08-21T23:27:52.040+0000][10296][safepoint    ] Safepoint "Cleanup", Time since last: 1000001500 ns, Reaching safepoint: 123100 ns, At safepoint: 6700 ns, Total: 129800 ns
[2020-08-21T23:27:53.040+0000][10296][safepoint    ] Safepoint "Cleanup", Time since last: 1000300800 ns, Reaching safepoint: 118900 ns, At safepoint: 2000 ns, Total: 120900 ns
[2020-08-21T23:27:54.040+0000][10296][safepoint    ] Safepoint "Cleanup", Time since last: 1000237200 ns, Reaching safepoint: 152800 ns, At safepoint: 6900 ns, Total: 159700 ns
[2020-08-21T23:27:56.041+0000][10296][safepoint    ] Safepoint "Cleanup", Time since last: 2000345500 ns, Reaching safepoint: 163400 ns, At safepoint: 6800 ns, Total: 170200 ns
[2020-08-21T23:27:57.041+0000][10296][safepoint    ] Safepoint "Cleanup", Time since last: 1000325700 ns, Reaching safepoint: 128400 ns, At safepoint: 6900 ns, Total: 135300 ns
[2020-08-21T23:27:59.042+0000][10296][safepoint    ] Safepoint "Cleanup", Time since last: 2000354200 ns, Reaching safepoint: 126600 ns, At safepoint: 7500 ns, Total: 134100 ns
[2020-08-21T23:28:01.042+0000][10296][safepoint    ] Safepoint "Cleanup", Time since last: 2000409800 ns, Reaching safepoint: 143400 ns, At safepoint: 6700 ns, Total: 150100 ns
[2020-08-21T23:28:02.043+0000][10296][safepoint    ] Safepoint "Cleanup", Time since last: 1000309200 ns, Reaching safepoint: 141800 ns, At safepoint: 7000 ns, Total: 148800 ns
[2020-08-21T23:28:04.043+0000][10296][safepoint    ] Safepoint "Cleanup", Time since last: 1999888100 ns, Reaching safepoint: 115700 ns, At safepoint: 2200 ns, Total: 117900 ns
[2020-08-21T23:28:05.043+0000][10296][safepoint    ] Safepoint "Cleanup", Time since last: 1000356400 ns, Reaching safepoint: 129900 ns, At safepoint: 7200 ns, Total: 137100 ns
[2020-08-21T23:28:06.583+0000][10296][safepoint    ] Safepoint "Cleanup", Time since last: 1539845900 ns, Reaching safepoint: 407900 ns, At safepoint: 12800 ns, Total: 420700 ns
[2020-08-21T23:28:07.584+0000][10296][safepoint    ] Safepoint "Cleanup", Time since last: 1000615100 ns, Reaching safepoint: 121800 ns, At safepoint: 6700 ns, Total: 128500 ns
[2020-08-21T23:28:08.585+0000][10296][safepoint    ] Safepoint "Cleanup", Time since last: 1000358800 ns, Reaching safepoint: 136200 ns, At safepoint: 2200 ns, Total: 138400 ns
[2020-08-21T23:28:09.585+0000][10296][safepoint    ] Safepoint "Cleanup", Time since last: 1000350300 ns, Reaching safepoint: 129800 ns, At safepoint: 2000 ns, Total: 131800 ns
[2020-08-21T23:28:11.586+0000][10296][safepoint    ] Safepoint "Cleanup", Time since last: 2000375400 ns, Reaching safepoint: 122300 ns, At safepoint: 2200 ns, Total: 124500 ns
[2020-08-21T23:28:12.586+0000][10296][safepoint    ] Safepoint "Cleanup", Time since last: 1000364100 ns, Reaching safepoint: 120100 ns, At safepoint: 2100 ns, Total: 122200 ns
[2020-08-21T23:28:13.587+0000][10296][safepoint    ] Safepoint "Cleanup", Time since last: 1000261200 ns, Reaching safepoint: 134300 ns, At safepoint: 2600 ns, Total: 136900 ns
[2020-08-21T23:28:15.587+0000][10296][safepoint    ] Safepoint "Cleanup", Time since last: 1999965300 ns, Reaching safepoint: 144000 ns, At safepoint: 2100 ns, Total: 146100 ns
[2020-08-21T23:28:17.587+0000][10296][safepoint    ] Safepoint "Cleanup", Time since last: 2000380900 ns, Reaching safepoint: 140300 ns, At safepoint: 7400 ns, Total: 147700 ns
[2020-08-21T23:28:19.588+0000][10296][safepoint    ] Safepoint "Cleanup", Time since last: 2000343300 ns, Reaching safepoint: 125800 ns, At safepoint: 2300 ns, Total: 128100 ns
[2020-08-21T23:28:21.588+0000][10296][safepoint    ] Safepoint "Cleanup", Time since last: 2000404500 ns, Reaching safepoint: 133500 ns, At safepoint: 6700 ns, Total: 140200 ns
[2020-08-21T23:28:22.589+0000][10296][safepoint    ] Safepoint "Cleanup", Time since last: 1000360400 ns, Reaching safepoint: 140100 ns, At safepoint: 7800 ns, Total: 147900 ns
[2020-08-21T23:28:23.589+0000][10296][safepoint    ] Safepoint "Cleanup", Time since last: 1000330900 ns, Reaching safepoint: 125900 ns, At safepoint: 6800 ns, Total: 132700 ns
[2020-08-21T23:28:24.590+0000][10296][safepoint    ] Safepoint "Cleanup", Time since last: 1000360900 ns, Reaching safepoint: 135800 ns, At safepoint: 9800 ns, Total: 145600 ns
[2020-08-21T23:28:26.590+0000][10296][safepoint    ] Safepoint "Cleanup", Time since last: 2000355900 ns, Reaching safepoint: 126400 ns, At safepoint: 2200 ns, Total: 128600 ns
[2020-08-21T23:28:27.591+0000][10296][safepoint    ] Safepoint "Cleanup", Time since last: 1000356600 ns, Reaching safepoint: 121800 ns, At safepoint: 7100 ns, Total: 128900 ns
[2020-08-21T23:28:29.591+0000][10296][safepoint    ] Safepoint "Cleanup", Time since last: 1999913400 ns, Reaching safepoint: 121600 ns, At safepoint: 2000 ns, Total: 123600 ns
[2020-08-21T23:28:30.591+0000][10296][safepoint    ] Safepoint "Cleanup", Time since last: 1000358600 ns, Reaching safepoint: 142000 ns, At safepoint: 6900 ns, Total: 148900 ns
[2020-08-21T23:28:31.592+0000][10296][safepoint    ] Safepoint "Cleanup", Time since last: 1000344100 ns, Reaching safepoint: 147200 ns, At safepoint: 2500 ns, Total: 149700 ns
[2020-08-21T23:28:32.592+0000][10296][safepoint    ] Safepoint "Cleanup", Time since last: 1000315200 ns, Reaching safepoint: 123600 ns, At safepoint: 7100 ns, Total: 130700 ns
[2020-08-21T23:28:34.270+0000][10296][safepoint    ] Safepoint "Cleanup", Time since last: 1677399700 ns, Reaching safepoint: 143600 ns, At safepoint: 4300 ns, Total: 147900 ns
[2020-08-21T23:28:35.270+0000][10296][safepoint    ] Safepoint "Cleanup", Time since last: 1000024700 ns, Reaching safepoint: 131300 ns, At safepoint: 2500 ns, Total: 133800 ns
[2020-08-21T23:28:36.270+0000][10296][safepoint    ] Safepoint "Cleanup", Time since last: 1000179100 ns, Reaching safepoint: 139000 ns, At safepoint: 2500 ns, Total: 141500 ns
[2020-08-21T23:28:38.271+0000][10296][safepoint    ] Safepoint "Cleanup", Time since last: 2000382500 ns, Reaching safepoint: 136300 ns, At safepoint: 2100 ns, Total: 138400 ns
[2020-08-21T23:28:40.271+0000][10296][safepoint    ] Safepoint "Cleanup", Time since last: 2000369500 ns, Reaching safepoint: 134700 ns, At safepoint: 7400 ns, Total: 142100 ns
[2020-08-21T23:28:42.272+0000][10296][safepoint    ] Safepoint "Cleanup", Time since last: 2000320900 ns, Reaching safepoint: 125700 ns, At safepoint: 2100 ns, Total: 127800 ns
[2020-08-21T23:28:44.272+0000][10296][safepoint    ] Safepoint "Cleanup", Time since last: 1999892000 ns, Reaching safepoint: 121800 ns, At safepoint: 7600 ns, Total: 129400 ns
[2020-08-21T23:28:45.272+0000][10296][safepoint    ] Safepoint "Cleanup", Time since last: 1000328300 ns, Reaching safepoint: 141000 ns, At safepoint: 2000 ns, Total: 143000 ns
[2020-08-21T23:28:47.272+0000][10296][safepoint    ] Safepoint "Cleanup", Time since last: 1999963500 ns, Reaching safepoint: 132900 ns, At safepoint: 1900 ns, Total: 134800 ns
[2020-08-21T23:28:48.273+0000][10296][safepoint    ] Safepoint "Cleanup", Time since last: 1000297400 ns, Reaching safepoint: 119500 ns, At safepoint: 2300 ns, Total: 121800 ns
[2020-08-21T23:28:50.273+0000][10296][safepoint    ] Safepoint "Cleanup", Time since last: 1999927500 ns, Reaching safepoint: 155600 ns, At safepoint: 2100 ns, Total: 157700 ns
[2020-08-21T23:28:52.273+0000][10296][safepoint    ] Safepoint "Cleanup", Time since last: 2000242700 ns, Reaching safepoint: 126200 ns, At safepoint: 2000 ns, Total: 128200 ns
[2020-08-21T23:28:54.274+0000][10296][safepoint    ] Safepoint "Cleanup", Time since last: 2000410600 ns, Reaching safepoint: 131000 ns, At safepoint: 2600 ns, Total: 133600 ns
[2020-08-21T23:28:56.274+0000][10296][safepoint    ] Safepoint "Cleanup", Time since last: 2000380100 ns, Reaching safepoint: 129000 ns, At safepoint: 7400 ns, Total: 136400 ns
[2020-08-21T23:28:58.275+0000][10296][safepoint    ] Safepoint "Cleanup", Time since last: 2000387900 ns, Reaching safepoint: 130600 ns, At safepoint: 2400 ns, Total: 133000 ns
[2020-08-21T23:28:59.275+0000][10296][safepoint    ] Safepoint "Cleanup", Time since last: 1000362100 ns, Reaching safepoint: 119000 ns, At safepoint: 2500 ns, Total: 121500 ns
[2020-08-21T23:29:00.276+0000][10296][safepoint    ] Safepoint "Cleanup", Time since last: 1000364500 ns, Reaching safepoint: 137800 ns, At safepoint: 7000 ns, Total: 144800 ns
[2020-08-21T23:29:01.276+0000][10296][safepoint    ] Safepoint "Cleanup", Time since last: 1000329000 ns, Reaching safepoint: 125300 ns, At safepoint: 2200 ns, Total: 127500 ns
[2020-08-21T23:29:03.277+0000][10296][safepoint    ] Safepoint "Cleanup", Time since last: 2000398100 ns, Reaching safepoint: 130100 ns, At safepoint: 2000 ns, Total: 132100 ns
[2020-08-21T23:29:04.277+0000][10296][safepoint    ] Safepoint "Cleanup", Time since last: 1000315900 ns, Reaching safepoint: 128100 ns, At safepoint: 2000 ns, Total: 130100 ns
[2020-08-21T23:29:06.278+0000][10296][safepoint    ] Safepoint "Cleanup", Time since last: 2000425500 ns, Reaching safepoint: 143100 ns, At safepoint: 8600 ns, Total: 151700 ns
[2020-08-21T23:29:07.588+0000][10296][safepoint    ] Safepoint "Cleanup", Time since last: 1309797800 ns, Reaching safepoint: 153800 ns, At safepoint: 10900 ns, Total: 164700 ns
[2020-08-21T23:29:09.588+0000][10296][safepoint    ] Safepoint "Cleanup", Time since last: 2000335400 ns, Reaching safepoint: 119100 ns, At safepoint: 7100 ns, Total: 126200 ns
[2020-08-21T23:29:11.589+0000][10296][safepoint    ] Safepoint "Cleanup", Time since last: 2000466600 ns, Reaching safepoint: 139400 ns, At safepoint: 2000 ns, Total: 141400 ns
[2020-08-21T23:29:12.589+0000][10296][safepoint    ] Safepoint "Cleanup", Time since last: 1000336800 ns, Reaching safepoint: 133900 ns, At safepoint: 6500 ns, Total: 140400 ns
[2020-08-21T23:29:13.590+0000][10296][safepoint    ] Safepoint "Cleanup", Time since last: 1000339400 ns, Reaching safepoint: 129200 ns, At safepoint: 7300 ns, Total: 136500 ns
[2020-08-21T23:29:14.590+0000][10296][safepoint    ] Safepoint "Cleanup", Time since last: 1000367800 ns, Reaching safepoint: 132100 ns, At safepoint: 3200 ns, Total: 135300 ns
[2020-08-21T23:29:15.591+0000][10296][safepoint    ] Safepoint "Cleanup", Time since last: 1000344900 ns, Reaching safepoint: 141800 ns, At safepoint: 6800 ns, Total: 148600 ns
[2020-08-21T23:29:17.591+0000][10296][safepoint    ] Safepoint "Cleanup", Time since last: 2000353400 ns, Reaching safepoint: 160500 ns, At safepoint: 2100 ns, Total: 162600 ns
[2020-08-21T23:29:19.592+0000][10296][safepoint    ] Safepoint "Cleanup", Time since last: 2000094300 ns, Reaching safepoint: 129800 ns, At safepoint: 2100 ns, Total: 131900 ns
[2020-08-21T23:29:20.592+0000][10296][safepoint    ] Safepoint "Cleanup", Time since last: 1000102200 ns, Reaching safepoint: 138900 ns, At safepoint: 6700 ns, Total: 145600 ns
[2020-08-21T23:29:21.592+0000][10296][safepoint    ] Safepoint "Cleanup", Time since last: 1000016900 ns, Reaching safepoint: 124700 ns, At safepoint: 7200 ns, Total: 131900 ns
[2020-08-21T23:29:22.592+0000][10296][safepoint    ] Safepoint "Cleanup", Time since last: 1000213100 ns, Reaching safepoint: 128700 ns, At safepoint: 7000 ns, Total: 135700 ns
[2020-08-21T23:29:24.593+0000][10296][safepoint    ] Safepoint "Cleanup", Time since last: 2000363700 ns, Reaching safepoint: 133600 ns, At safepoint: 7200 ns, Total: 140800 ns
[2020-08-21T23:29:25.593+0000][10296][safepoint    ] Safepoint "Cleanup", Time since last: 1000349100 ns, Reaching safepoint: 135500 ns, At safepoint: 2200 ns, Total: 137700 ns
[2020-08-21T23:29:27.593+0000][10296][safepoint    ] Safepoint "Cleanup", Time since last: 1999994300 ns, Reaching safepoint: 134000 ns, At safepoint: 6800 ns, Total: 140800 ns
[2020-08-21T23:29:28.594+0000][10296][safepoint    ] Safepoint "Cleanup", Time since last: 1000300100 ns, Reaching safepoint: 148800 ns, At safepoint: 6900 ns, Total: 155700 ns
[2020-08-21T23:29:30.594+0000][10296][safepoint    ] Safepoint "Cleanup", Time since last: 2000350700 ns, Reaching safepoint: 168300 ns, At safepoint: 7400 ns, Total: 175700 ns
[2020-08-21T23:29:32.595+0000][10296][safepoint    ] Safepoint "Cleanup", Time since last: 2000155000 ns, Reaching safepoint: 137500 ns, At safepoint: 6900 ns, Total: 144400 ns
[2020-08-21T23:29:34.595+0000][10296][safepoint    ] Safepoint "Cleanup", Time since last: 2000449000 ns, Reaching safepoint: 137600 ns, At safepoint: 6900 ns, Total: 144500 ns
[2020-08-21T23:29:35.596+0000][10296][safepoint    ] Safepoint "Cleanup", Time since last: 1000337300 ns, Reaching safepoint: 126200 ns, At safepoint: 7300 ns, Total: 133500 ns
[2020-08-21T23:29:37.587+0000][10296][safepoint    ] Safepoint "Cleanup", Time since last: 1991409500 ns, Reaching safepoint: 131300 ns, At safepoint: 7600 ns, Total: 138900 ns
[2020-08-21T23:29:39.588+0000][10296][safepoint    ] Safepoint "Cleanup", Time since last: 2000371100 ns, Reaching safepoint: 123700 ns, At safepoint: 7500 ns, Total: 131200 ns
[2020-08-21T23:29:40.588+0000][10296][safepoint    ] Safepoint "Cleanup", Time since last: 1000355600 ns, Reaching safepoint: 130700 ns, At safepoint: 7600 ns, Total: 138300 ns
[2020-08-21T23:29:41.589+0000][10296][safepoint    ] Safepoint "Cleanup", Time since last: 1000345500 ns, Reaching safepoint: 135000 ns, At safepoint: 6900 ns, Total: 141900 ns
[2020-08-21T23:29:43.589+0000][10296][safepoint    ] Safepoint "Cleanup", Time since last: 2000371800 ns, Reaching safepoint: 126900 ns, At safepoint: 2100 ns, Total: 129000 ns
[2020-08-21T23:29:44.590+0000][10296][safepoint    ] Safepoint "Cleanup", Time since last: 1000372800 ns, Reaching safepoint: 128400 ns, At safepoint: 2700 ns, Total: 131100 ns
[2020-08-21T23:29:46.590+0000][10296][safepoint    ] Safepoint "Cleanup", Time since last: 2000357300 ns, Reaching safepoint: 132100 ns, At safepoint: 2900 ns, Total: 135000 ns
[2020-08-21T23:29:48.591+0000][10296][safepoint    ] Safepoint "Cleanup", Time since last: 2000349100 ns, Reaching safepoint: 125700 ns, At safepoint: 2300 ns, Total: 128000 ns
[2020-08-21T23:29:50.591+0000][10296][safepoint    ] Safepoint "Cleanup", Time since last: 2000402900 ns, Reaching safepoint: 141800 ns, At safepoint: 7000 ns, Total: 148800 ns
[2020-08-21T23:29:52.592+0000][10296][safepoint    ] Safepoint "Cleanup", Time since last: 2000306800 ns, Reaching safepoint: 125700 ns, At safepoint: 2300 ns, Total: 128000 ns
[2020-08-21T23:29:54.592+0000][10296][safepoint    ] Safepoint "Cleanup", Time since last: 2000416000 ns, Reaching safepoint: 134700 ns, At safepoint: 7100 ns, Total: 141800 ns
[2020-08-21T23:29:56.593+0000][10296][safepoint    ] Safepoint "Cleanup", Time since last: 2000352000 ns, Reaching safepoint: 131500 ns, At safepoint: 6700 ns, Total: 138200 ns
[2020-08-21T23:29:58.593+0000][10296][safepoint    ] Safepoint "Cleanup", Time since last: 2000345300 ns, Reaching safepoint: 139300 ns, At safepoint: 2300 ns, Total: 141600 ns
[2020-08-21T23:30:00.593+0000][10296][safepoint    ] Safepoint "Cleanup", Time since last: 1999885300 ns, Reaching safepoint: 130400 ns, At safepoint: 7200 ns, Total: 137600 ns
[2020-08-21T23:30:02.593+0000][10296][safepoint    ] Safepoint "Cleanup", Time since last: 1999875500 ns, Reaching safepoint: 151900 ns, At safepoint: 7200 ns, Total: 159100 ns
[2020-08-21T23:30:04.256+0000][10296][safepoint    ] Safepoint "Cleanup", Time since last: 1662326100 ns, Reaching safepoint: 125300 ns, At safepoint: 2200 ns, Total: 127500 ns
[2020-08-21T23:30:06.256+0000][10296][safepoint    ] Safepoint "Cleanup", Time since last: 2000009800 ns, Reaching safepoint: 129600 ns, At safepoint: 2100 ns, Total: 131700 ns
[2020-08-21T23:30:07.256+0000][10296][safepoint    ] Safepoint "Cleanup", Time since last: 1000263900 ns, Reaching safepoint: 130200 ns, At safepoint: 7100 ns, Total: 137300 ns
[2020-08-21T23:30:08.257+0000][10296][safepoint    ] Safepoint "Cleanup", Time since last: 1000322100 ns, Reaching safepoint: 133100 ns, At safepoint: 2200 ns, Total: 135300 ns
[2020-08-21T23:30:10.257+0000][10296][safepoint    ] Safepoint "Cleanup", Time since last: 2000402900 ns, Reaching safepoint: 127900 ns, At safepoint: 6600 ns, Total: 134500 ns
[2020-08-21T23:30:11.258+0000][10296][safepoint    ] Safepoint "Cleanup", Time since last: 1000334900 ns, Reaching safepoint: 145100 ns, At safepoint: 7300 ns, Total: 152400 ns
[2020-08-21T23:30:12.258+0000][10296][safepoint    ] Safepoint "Cleanup", Time since last: 1000336700 ns, Reaching safepoint: 120300 ns, At safepoint: 2400 ns, Total: 122700 ns
[2020-08-21T23:30:14.258+0000][10296][safepoint    ] Safepoint "Cleanup", Time since last: 1999907700 ns, Reaching safepoint: 145300 ns, At safepoint: 7000 ns, Total: 152300 ns
[2020-08-21T23:30:15.259+0000][10296][safepoint    ] Safepoint "Cleanup", Time since last: 1000325000 ns, Reaching safepoint: 123800 ns, At safepoint: 2000 ns, Total: 125800 ns
[2020-08-21T23:30:16.259+0000][10296][safepoint    ] Safepoint "Cleanup", Time since last: 1000337000 ns, Reaching safepoint: 162900 ns, At safepoint: 2900 ns, Total: 165800 ns
[2020-08-21T23:30:18.260+0000][10296][safepoint    ] Safepoint "Cleanup", Time since last: 2000355400 ns, Reaching safepoint: 123200 ns, At safepoint: 2200 ns, Total: 125400 ns
[2020-08-21T23:30:20.260+0000][10296][safepoint    ] Safepoint "Cleanup", Time since last: 2000375900 ns, Reaching safepoint: 137500 ns, At safepoint: 7900 ns, Total: 145400 ns
[2020-08-21T23:30:22.261+0000][10296][safepoint    ] Safepoint "Cleanup", Time since last: 2000359900 ns, Reaching safepoint: 136000 ns, At safepoint: 2300 ns, Total: 138300 ns
[2020-08-21T23:30:23.261+0000][10296][safepoint    ] Safepoint "Cleanup", Time since last: 1000361300 ns, Reaching safepoint: 125800 ns, At safepoint: 2100 ns, Total: 127900 ns
[2020-08-21T23:30:24.262+0000][10296][safepoint    ] Safepoint "Cleanup", Time since last: 1000342600 ns, Reaching safepoint: 124700 ns, At safepoint: 6900 ns, Total: 131600 ns
[2020-08-21T23:30:26.262+0000][10296][safepoint    ] Safepoint "Cleanup", Time since last: 1999975000 ns, Reaching safepoint: 126600 ns, At safepoint: 7200 ns, Total: 133800 ns
[2020-08-21T23:30:27.262+0000][10296][safepoint    ] Safepoint "Cleanup", Time since last: 1000291600 ns, Reaching safepoint: 132900 ns, At safepoint: 2500 ns, Total: 135400 ns
[2020-08-21T23:30:29.262+0000][10296][safepoint    ] Safepoint "Cleanup", Time since last: 1999868300 ns, Reaching safepoint: 131500 ns, At safepoint: 7300 ns, Total: 138800 ns
[2020-08-21T23:30:31.263+0000][10296][safepoint    ] Safepoint "Cleanup", Time since last: 2000366800 ns, Reaching safepoint: 127600 ns, At safepoint: 6800 ns, Total: 134400 ns
[2020-08-21T23:30:33.263+0000][10296][safepoint    ] Safepoint "Cleanup", Time since last: 1999905300 ns, Reaching safepoint: 125600 ns, At safepoint: 2400 ns, Total: 128000 ns
[2020-08-21T23:30:34.271+0000][10296][safepoint    ] Safepoint "Cleanup", Time since last: 1007861800 ns, Reaching safepoint: 136300 ns, At safepoint: 2000 ns, Total: 138300 ns
[2020-08-21T23:30:36.271+0000][10296][safepoint    ] Safepoint "Cleanup", Time since last: 2000320500 ns, Reaching safepoint: 135400 ns, At safepoint: 2300 ns, Total: 137700 ns
[2020-08-21T23:30:38.272+0000][10296][safepoint    ] Safepoint "Cleanup", Time since last: 2000359800 ns, Reaching safepoint: 122200 ns, At safepoint: 7700 ns, Total: 129900 ns
[2020-08-21T23:30:40.272+0000][10296][safepoint    ] Safepoint "Cleanup", Time since last: 1999889900 ns, Reaching safepoint: 129200 ns, At safepoint: 7200 ns, Total: 136400 ns
[2020-08-21T23:30:41.272+0000][10296][safepoint    ] Safepoint "Cleanup", Time since last: 1000341800 ns, Reaching safepoint: 147200 ns, At safepoint: 7200 ns, Total: 154400 ns
[2020-08-21T23:30:43.273+0000][10296][safepoint    ] Safepoint "Cleanup", Time since last: 2000364200 ns, Reaching safepoint: 139900 ns, At safepoint: 6400 ns, Total: 146300 ns
[2020-08-21T23:30:45.273+0000][10296][safepoint    ] Safepoint "Cleanup", Time since last: 1999935600 ns, Reaching safepoint: 128700 ns, At safepoint: 7800 ns, Total: 136500 ns
[2020-08-21T23:30:46.273+0000][10296][safepoint    ] Safepoint "Cleanup", Time since last: 1000284400 ns, Reaching safepoint: 135400 ns, At safepoint: 6900 ns, Total: 142300 ns
[2020-08-21T23:30:48.273+0000][10296][safepoint    ] Safepoint "Cleanup", Time since last: 1999893700 ns, Reaching safepoint: 142200 ns, At safepoint: 2200 ns, Total: 144400 ns
[2020-08-21T23:30:49.274+0000][10296][safepoint    ] Safepoint "Cleanup", Time since last: 1000348500 ns, Reaching safepoint: 130400 ns, At safepoint: 2200 ns, Total: 132600 ns
[2020-08-21T23:30:50.274+0000][10296][safepoint    ] Safepoint "Cleanup", Time since last: 1000366000 ns, Reaching safepoint: 138500 ns, At safepoint: 6900 ns, Total: 145400 ns
[2020-08-21T23:30:51.275+0000][10296][safepoint    ] Safepoint "Cleanup", Time since last: 1000319100 ns, Reaching safepoint: 137200 ns, At safepoint: 7300 ns, Total: 144500 ns
[2020-08-21T23:30:52.275+0000][10296][safepoint    ] Safepoint "Cleanup", Time since last: 1000341400 ns, Reaching safepoint: 164400 ns, At safepoint: 2400 ns, Total: 166800 ns
[2020-08-21T23:30:54.275+0000][10296][safepoint    ] Safepoint "Cleanup", Time since last: 1999871700 ns, Reaching safepoint: 130300 ns, At safepoint: 7100 ns, Total: 137400 ns
[2020-08-21T23:30:55.276+0000][10296][safepoint    ] Safepoint "Cleanup", Time since last: 1000354200 ns, Reaching safepoint: 124800 ns, At safepoint: 2500 ns, Total: 127300 ns
[2020-08-21T23:30:56.276+0000][10296][safepoint    ] Safepoint "Cleanup", Time since last: 1000348900 ns, Reaching safepoint: 134200 ns, At safepoint: 7200 ns, Total: 141400 ns
[2020-08-21T23:30:58.276+0000][10296][safepoint    ] Safepoint "Cleanup", Time since last: 1999908600 ns, Reaching safepoint: 133900 ns, At safepoint: 2100 ns, Total: 136000 ns
[2020-08-21T23:30:59.277+0000][10296][safepoint    ] Safepoint "Cleanup", Time since last: 1000309600 ns, Reaching safepoint: 129300 ns, At safepoint: 2000 ns, Total: 131300 ns
[2020-08-21T23:31:01.277+0000][10296][safepoint    ] Safepoint "Cleanup", Time since last: 2000356200 ns, Reaching safepoint: 141900 ns, At safepoint: 7600 ns, Total: 149500 ns
[2020-08-21T23:31:03.278+0000][10296][safepoint    ] Safepoint "Cleanup", Time since last: 2000380500 ns, Reaching safepoint: 138400 ns, At safepoint: 6100 ns, Total: 144500 ns
[2020-08-21T23:31:04.278+0000][10296][safepoint    ] Safepoint "Cleanup", Time since last: 1000344200 ns, Reaching safepoint: 139800 ns, At safepoint: 7200 ns, Total: 147000 ns
[2020-08-21T23:31:05.279+0000][10296][safepoint    ] Safepoint "Cleanup", Time since last: 1000272500 ns, Reaching safepoint: 122500 ns, At safepoint: 2000 ns, Total: 124500 ns
[2020-08-21T23:31:06.592+0000][10296][safepoint    ] Safepoint "Cleanup", Time since last: 1313198500 ns, Reaching safepoint: 123700 ns, At safepoint: 10000 ns, Total: 133700 ns
[2020-08-21T23:31:07.592+0000][10296][safepoint    ] Safepoint "Cleanup", Time since last: 1000105100 ns, Reaching safepoint: 127100 ns, At safepoint: 2100 ns, Total: 129200 ns
[2020-08-21T23:31:09.592+0000][10296][safepoint    ] Safepoint "Cleanup", Time since last: 1999906100 ns, Reaching safepoint: 175800 ns, At safepoint: 7700 ns, Total: 183500 ns
[2020-08-21T23:31:10.593+0000][10296][safepoint    ] Safepoint "Cleanup", Time since last: 1000303500 ns, Reaching safepoint: 129300 ns, At safepoint: 2200 ns, Total: 131500 ns
[2020-08-21T23:31:11.593+0000][10296][safepoint    ] Safepoint "Cleanup", Time since last: 1000337000 ns, Reaching safepoint: 139300 ns, At safepoint: 7500 ns, Total: 146800 ns
[2020-08-21T23:31:13.594+0000][10296][safepoint    ] Safepoint "Cleanup", Time since last: 2000363100 ns, Reaching safepoint: 144800 ns, At safepoint: 2100 ns, Total: 146900 ns
[2020-08-21T23:31:14.594+0000][10296][safepoint    ] Safepoint "Cleanup", Time since last: 1000085000 ns, Reaching safepoint: 142700 ns, At safepoint: 2700 ns, Total: 145400 ns
[2020-08-21T23:31:15.594+0000][10296][safepoint    ] Safepoint "Cleanup", Time since last: 1000137700 ns, Reaching safepoint: 124500 ns, At safepoint: 7100 ns, Total: 131600 ns
[2020-08-21T23:31:17.594+0000][10296][safepoint    ] Safepoint "Cleanup", Time since last: 1999899400 ns, Reaching safepoint: 148100 ns, At safepoint: 8300 ns, Total: 156400 ns
[2020-08-21T23:31:18.595+0000][10296][safepoint    ] Safepoint "Cleanup", Time since last: 1000323900 ns, Reaching safepoint: 116000 ns, At safepoint: 2000 ns, Total: 118000 ns
[2020-08-21T23:31:19.595+0000][10296][safepoint    ] Safepoint "Cleanup", Time since last: 1000337700 ns, Reaching safepoint: 130800 ns, At safepoint: 2400 ns, Total: 133200 ns
[2020-08-21T23:31:21.595+0000][10296][safepoint    ] Safepoint "Cleanup", Time since last: 1999982300 ns, Reaching safepoint: 119800 ns, At safepoint: 7300 ns, Total: 127100 ns
[2020-08-21T23:31:22.596+0000][10296][safepoint    ] Safepoint "Cleanup", Time since last: 1000299900 ns, Reaching safepoint: 152400 ns, At safepoint: 7400 ns, Total: 159800 ns
[2020-08-21T23:31:24.596+0000][10296][safepoint    ] Safepoint "Cleanup", Time since last: 1999885000 ns, Reaching safepoint: 126400 ns, At safepoint: 2000 ns, Total: 128400 ns
[2020-08-21T23:31:25.596+0000][10296][safepoint    ] Safepoint "Cleanup", Time since last: 1000038600 ns, Reaching safepoint: 146400 ns, At safepoint: 7900 ns, Total: 154300 ns
[2020-08-21T23:31:26.596+0000][10296][safepoint    ] Safepoint "Cleanup", Time since last: 1000194600 ns, Reaching safepoint: 147500 ns, At safepoint: 2500 ns, Total: 150000 ns
[2020-08-21T23:31:27.597+0000][10296][safepoint    ] Safepoint "Cleanup", Time since last: 1000316100 ns, Reaching safepoint: 140000 ns, At safepoint: 1900 ns, Total: 141900 ns
[2020-08-21T23:31:28.597+0000][10296][safepoint    ] Safepoint "Cleanup", Time since last: 1000355300 ns, Reaching safepoint: 139500 ns, At safepoint: 2500 ns, Total: 142000 ns
[2020-08-21T23:31:30.598+0000][10296][safepoint    ] Safepoint "Cleanup", Time since last: 2000316600 ns, Reaching safepoint: 128100 ns, At safepoint: 6600 ns, Total: 134700 ns
[2020-08-21T23:31:32.598+0000][10296][safepoint    ] Safepoint "Cleanup", Time since last: 2000376000 ns, Reaching safepoint: 146800 ns, At safepoint: 7500 ns, Total: 154300 ns
[2020-08-21T23:31:34.599+0000][10296][safepoint    ] Safepoint "Cleanup", Time since last: 2000170900 ns, Reaching safepoint: 118200 ns, At safepoint: 6600 ns, Total: 124800 ns
[2020-08-21T23:31:35.599+0000][10296][safepoint    ] Safepoint "Cleanup", Time since last: 1000058800 ns, Reaching safepoint: 118700 ns, At safepoint: 7000 ns, Total: 125700 ns
[2020-08-21T23:31:37.593+0000][10296][safepoint    ] Safepoint "Cleanup", Time since last: 1994390400 ns, Reaching safepoint: 132600 ns, At safepoint: 7100 ns, Total: 139700 ns
[2020-08-21T23:31:38.594+0000][10296][safepoint    ] Safepoint "Cleanup", Time since last: 1000315400 ns, Reaching safepoint: 131200 ns, At safepoint: 2100 ns, Total: 133300 ns
[2020-08-21T23:31:40.594+0000][10296][safepoint    ] Safepoint "Cleanup", Time since last: 2000398000 ns, Reaching safepoint: 140300 ns, At safepoint: 2200 ns, Total: 142500 ns
[2020-08-21T23:31:42.595+0000][10296][safepoint    ] Safepoint "Cleanup", Time since last: 2000363500 ns, Reaching safepoint: 123100 ns, At safepoint: 2100 ns, Total: 125200 ns
[2020-08-21T23:31:43.595+0000][10296][safepoint    ] Safepoint "Cleanup", Time since last: 1000007600 ns, Reaching safepoint: 140800 ns, At safepoint: 7500 ns, Total: 148300 ns
[2020-08-21T23:31:44.595+0000][10296][safepoint    ] Safepoint "Cleanup", Time since last: 1000206700 ns, Reaching safepoint: 133700 ns, At safepoint: 2600 ns, Total: 136300 ns
[2020-08-21T23:31:46.596+0000][10296][safepoint    ] Safepoint "Cleanup", Time since last: 2000177200 ns, Reaching safepoint: 138000 ns, At safepoint: 2100 ns, Total: 140100 ns
[2020-08-21T23:31:47.596+0000][10296][safepoint    ] Safepoint "Cleanup", Time since last: 1000165300 ns, Reaching safepoint: 142700 ns, At safepoint: 7200 ns, Total: 149900 ns
[2020-08-21T23:31:48.596+0000][10296][safepoint    ] Safepoint "Cleanup", Time since last: 1000157700 ns, Reaching safepoint: 140800 ns, At safepoint: 7600 ns, Total: 148400 ns
[2020-08-21T23:31:50.596+0000][10296][safepoint    ] Safepoint "Cleanup", Time since last: 1999934600 ns, Reaching safepoint: 119600 ns, At safepoint: 2400 ns, Total: 122000 ns
[2020-08-21T23:31:51.597+0000][10296][safepoint    ] Safepoint "Cleanup", Time since last: 1000334400 ns, Reaching safepoint: 139800 ns, At safepoint: 2300 ns, Total: 142100 ns
[2020-08-21T23:31:52.597+0000][10296][safepoint    ] Safepoint "Cleanup", Time since last: 1000163100 ns, Reaching safepoint: 132300 ns, At safepoint: 2400 ns, Total: 134700 ns
[2020-08-21T23:31:53.597+0000][10296][safepoint    ] Safepoint "Cleanup", Time since last: 1000091600 ns, Reaching safepoint: 144200 ns, At safepoint: 7400 ns, Total: 151600 ns
[2020-08-21T23:31:55.598+0000][10296][safepoint    ] Safepoint "Cleanup", Time since last: 2000260200 ns, Reaching safepoint: 147500 ns, At safepoint: 2100 ns, Total: 149600 ns
[2020-08-21T23:31:57.598+0000][10296][safepoint    ] Safepoint "Cleanup", Time since last: 2000106800 ns, Reaching safepoint: 147600 ns, At safepoint: 2000 ns, Total: 149600 ns
[2020-08-21T23:31:58.598+0000][10296][safepoint    ] Safepoint "Cleanup", Time since last: 1000141900 ns, Reaching safepoint: 202800 ns, At safepoint: 2300 ns, Total: 205100 ns
[2020-08-21T23:32:00.598+0000][10296][safepoint    ] Safepoint "Cleanup", Time since last: 1999871900 ns, Reaching safepoint: 120100 ns, At safepoint: 2500 ns, Total: 122600 ns
[2020-08-21T23:32:01.599+0000][10296][safepoint    ] Safepoint "Cleanup", Time since last: 1000352300 ns, Reaching safepoint: 138700 ns, At safepoint: 7200 ns, Total: 145900 ns
[2020-08-21T23:32:03.599+0000][10296][safepoint    ] Safepoint "Cleanup", Time since last: 2000326700 ns, Reaching safepoint: 133200 ns, At safepoint: 7100 ns, Total: 140300 ns
[2020-08-21T23:32:04.600+0000][10296][safepoint    ] Safepoint "Cleanup", Time since last: 1000055500 ns, Reaching safepoint: 132500 ns, At safepoint: 7400 ns, Total: 139900 ns
[2020-08-21T23:32:05.600+0000][10296][safepoint    ] Safepoint "Cleanup", Time since last: 1000349900 ns, Reaching safepoint: 133300 ns, At safepoint: 7500 ns, Total: 140800 ns
[2020-08-21T23:32:07.595+0000][10296][safepoint    ] Safepoint "Cleanup", Time since last: 1994691900 ns, Reaching safepoint: 141500 ns, At safepoint: 2300 ns, Total: 143800 ns
[2020-08-21T23:32:09.595+0000][10296][safepoint    ] Safepoint "Cleanup", Time since last: 1999946800 ns, Reaching safepoint: 152300 ns, At safepoint: 2100 ns, Total: 154400 ns
[2020-08-21T23:32:10.595+0000][10296][safepoint    ] Safepoint "Cleanup", Time since last: 1000253600 ns, Reaching safepoint: 139100 ns, At safepoint: 7100 ns, Total: 146200 ns
[2020-08-21T23:32:11.596+0000][10296][safepoint    ] Safepoint "Cleanup", Time since last: 1000318000 ns, Reaching safepoint: 139600 ns, At safepoint: 2200 ns, Total: 141800 ns
[2020-08-21T23:32:12.596+0000][10296][safepoint    ] Safepoint "Cleanup", Time since last: 1000008500 ns, Reaching safepoint: 128100 ns, At safepoint: 2000 ns, Total: 130100 ns
[2020-08-21T23:32:13.596+0000][10296][safepoint    ] Safepoint "Cleanup", Time since last: 1000253700 ns, Reaching safepoint: 122600 ns, At safepoint: 7300 ns, Total: 129900 ns
[2020-08-21T23:32:14.597+0000][10296][safepoint    ] Safepoint "Cleanup", Time since last: 1000368900 ns, Reaching safepoint: 129000 ns, At safepoint: 6600 ns, Total: 135600 ns
[2020-08-21T23:32:16.597+0000][10296][safepoint    ] Safepoint "Cleanup", Time since last: 2000369600 ns, Reaching safepoint: 127600 ns, At safepoint: 2700 ns, Total: 130300 ns
[2020-08-21T23:32:18.598+0000][10296][safepoint    ] Safepoint "Cleanup", Time since last: 2000314200 ns, Reaching safepoint: 136400 ns, At safepoint: 2000 ns, Total: 138400 ns
[2020-08-21T23:32:20.598+0000][10296][safepoint    ] Safepoint "Cleanup", Time since last: 2000421900 ns, Reaching safepoint: 139900 ns, At safepoint: 3000 ns, Total: 142900 ns
[2020-08-21T23:32:22.598+0000][10296][safepoint    ] Safepoint "Cleanup", Time since last: 1999871000 ns, Reaching safepoint: 134000 ns, At safepoint: 2100 ns, Total: 136100 ns
[2020-08-21T23:32:24.599+0000][10296][safepoint    ] Safepoint "Cleanup", Time since last: 2000337300 ns, Reaching safepoint: 136500 ns, At safepoint: 7800 ns, Total: 144300 ns
[2020-08-21T23:32:26.599+0000][10296][safepoint    ] Safepoint "Cleanup", Time since last: 2000413700 ns, Reaching safepoint: 138200 ns, At safepoint: 7600 ns, Total: 145800 ns
[2020-08-21T23:32:28.600+0000][10296][safepoint    ] Safepoint "Cleanup", Time since last: 2000301800 ns, Reaching safepoint: 140400 ns, At safepoint: 7500 ns, Total: 147900 ns
[2020-08-21T23:32:29.600+0000][10296][safepoint    ] Safepoint "Cleanup", Time since last: 1000348000 ns, Reaching safepoint: 157000 ns, At safepoint: 2900 ns, Total: 159900 ns
[2020-08-21T23:32:30.601+0000][10296][safepoint    ] Safepoint "Cleanup", Time since last: 1000324500 ns, Reaching safepoint: 132900 ns, At safepoint: 2400 ns, Total: 135300 ns
[2020-08-21T23:32:31.601+0000][10296][safepoint    ] Safepoint "Cleanup", Time since last: 1000345300 ns, Reaching safepoint: 121900 ns, At safepoint: 6900 ns, Total: 128800 ns
[2020-08-21T23:32:32.601+0000][10296][safepoint    ] Safepoint "Cleanup", Time since last: 1000048000 ns, Reaching safepoint: 135300 ns, At safepoint: 7900 ns, Total: 143200 ns
[2020-08-21T23:32:33.602+0000][10296][safepoint    ] Safepoint "Cleanup", Time since last: 1000159400 ns, Reaching safepoint: 143700 ns, At safepoint: 2500 ns, Total: 146200 ns
[2020-08-21T23:32:34.602+0000][10296][safepoint    ] Safepoint "Cleanup", Time since last: 1000156300 ns, Reaching safepoint: 136000 ns, At safepoint: 2000 ns, Total: 138000 ns
[2020-08-21T23:32:35.602+0000][10296][safepoint    ] Safepoint "Cleanup", Time since last: 1000125200 ns, Reaching safepoint: 123400 ns, At safepoint: 6600 ns, Total: 130000 ns
[2020-08-21T23:32:36.603+0000][10296][safepoint    ] Safepoint "Cleanup", Time since last: 1000358300 ns, Reaching safepoint: 125800 ns, At safepoint: 2300 ns, Total: 128100 ns
[2020-08-21T23:32:37.603+0000][10296][safepoint    ] Safepoint "Cleanup", Time since last: 1000356000 ns, Reaching safepoint: 135700 ns, At safepoint: 2100 ns, Total: 137800 ns
[2020-08-21T23:32:38.726+0000][10296][safepoint    ] Safepoint "Cleanup", Time since last: 1121902600 ns, Reaching safepoint: 334600 ns, At safepoint: 12900 ns, Total: 347500 ns
[2020-08-21T23:32:39.726+0000][10296][safepoint    ] Safepoint "Cleanup", Time since last: 1000028000 ns, Reaching safepoint: 153100 ns, At safepoint: 2600 ns, Total: 155700 ns
[2020-08-21T23:32:40.726+0000][10296][safepoint    ] Safepoint "Cleanup", Time since last: 1000104900 ns, Reaching safepoint: 154200 ns, At safepoint: 7000 ns, Total: 161200 ns
[2020-08-21T23:32:41.726+0000][10296][safepoint    ] Safepoint "Cleanup", Time since last: 1000338800 ns, Reaching safepoint: 126500 ns, At safepoint: 7400 ns, Total: 133900 ns
[2020-08-21T23:32:42.727+0000][10296][safepoint    ] Safepoint "Cleanup", Time since last: 1000206300 ns, Reaching safepoint: 145000 ns, At safepoint: 2200 ns, Total: 147200 ns
[2020-08-21T23:32:44.727+0000][10296][safepoint    ] Safepoint "Cleanup", Time since last: 2000045600 ns, Reaching safepoint: 125600 ns, At safepoint: 2000 ns, Total: 127600 ns
[2020-08-21T23:32:46.727+0000][10296][safepoint    ] Safepoint "Cleanup", Time since last: 2000175300 ns, Reaching safepoint: 138300 ns, At safepoint: 7400 ns, Total: 145700 ns
[2020-08-21T23:32:48.728+0000][10296][safepoint    ] Safepoint "Cleanup", Time since last: 2000368900 ns, Reaching safepoint: 118100 ns, At safepoint: 7300 ns, Total: 125400 ns
[2020-08-21T23:32:49.728+0000][10296][safepoint    ] Safepoint "Cleanup", Time since last: 1000350700 ns, Reaching safepoint: 144100 ns, At safepoint: 2600 ns, Total: 146700 ns
[2020-08-21T23:32:50.729+0000][10296][safepoint    ] Safepoint "Cleanup", Time since last: 1000340500 ns, Reaching safepoint: 134200 ns, At safepoint: 7900 ns, Total: 142100 ns
[2020-08-21T23:32:52.729+0000][10296][safepoint    ] Safepoint "Cleanup", Time since last: 2000237300 ns, Reaching safepoint: 154900 ns, At safepoint: 2400 ns, Total: 157300 ns
[2020-08-21T23:32:54.729+0000][10296][safepoint    ] Safepoint "Cleanup", Time since last: 2000010700 ns, Reaching safepoint: 131000 ns, At safepoint: 2100 ns, Total: 133100 ns
[2020-08-21T23:32:55.730+0000][10296][safepoint    ] Safepoint "Cleanup", Time since last: 1000351000 ns, Reaching safepoint: 132600 ns, At safepoint: 2200 ns, Total: 134800 ns
[2020-08-21T23:32:56.730+0000][10296][safepoint    ] Safepoint "Cleanup", Time since last: 1000350700 ns, Reaching safepoint: 152900 ns, At safepoint: 7500 ns, Total: 160400 ns
[2020-08-21T23:32:58.730+0000][10296][safepoint    ] Safepoint "Cleanup", Time since last: 1999888900 ns, Reaching safepoint: 146100 ns, At safepoint: 2100 ns, Total: 148200 ns
[2020-08-21T23:32:59.731+0000][10296][safepoint    ] Safepoint "Cleanup", Time since last: 1000316800 ns, Reaching safepoint: 127200 ns, At safepoint: 2000 ns, Total: 129200 ns
[2020-08-21T23:33:00.731+0000][10296][safepoint    ] Safepoint "Cleanup", Time since last: 1000352900 ns, Reaching safepoint: 140200 ns, At safepoint: 6700 ns, Total: 146900 ns
[2020-08-21T23:33:02.732+0000][10296][safepoint    ] Safepoint "Cleanup", Time since last: 2000411700 ns, Reaching safepoint: 127500 ns, At safepoint: 7300 ns, Total: 134800 ns
[2020-08-21T23:33:03.732+0000][10296][safepoint    ] Safepoint "Cleanup", Time since last: 1000329100 ns, Reaching safepoint: 137000 ns, At safepoint: 2800 ns, Total: 139800 ns
[2020-08-21T23:33:04.733+0000][10296][safepoint    ] Safepoint "Cleanup", Time since last: 1000337800 ns, Reaching safepoint: 133300 ns, At safepoint: 7000 ns, Total: 140300 ns
[2020-08-21T23:33:05.733+0000][10296][safepoint    ] Safepoint "Cleanup", Time since last: 1000350600 ns, Reaching safepoint: 141800 ns, At safepoint: 2100 ns, Total: 143900 ns
[2020-08-21T23:33:07.734+0000][10296][safepoint    ] Safepoint "Cleanup", Time since last: 2000352100 ns, Reaching safepoint: 143700 ns, At safepoint: 7100 ns, Total: 150800 ns
[2020-08-21T23:33:08.734+0000][10296][safepoint    ] Safepoint "Cleanup", Time since last: 1000330700 ns, Reaching safepoint: 145100 ns, At safepoint: 2000 ns, Total: 147100 ns
[2020-08-21T23:33:09.734+0000][10296][safepoint    ] Safepoint "Cleanup", Time since last: 1000038100 ns, Reaching safepoint: 138000 ns, At safepoint: 2600 ns, Total: 140600 ns
[2020-08-21T23:33:10.735+0000][10296][safepoint    ] Safepoint "Cleanup", Time since last: 1000204700 ns, Reaching safepoint: 126500 ns, At safepoint: 7300 ns, Total: 133800 ns
[2020-08-21T23:33:12.735+0000][10296][safepoint    ] Safepoint "Cleanup", Time since last: 2000347900 ns, Reaching safepoint: 149600 ns, At safepoint: 7000 ns, Total: 156600 ns
[2020-08-21T23:33:14.736+0000][10296][safepoint    ] Safepoint "Cleanup", Time since last: 2000375600 ns, Reaching safepoint: 133300 ns, At safepoint: 7100 ns, Total: 140400 ns
[2020-08-21T23:33:16.736+0000][10296][safepoint    ] Safepoint "Cleanup", Time since last: 1999880900 ns, Reaching safepoint: 130300 ns, At safepoint: 2100 ns, Total: 132400 ns
[2020-08-21T23:33:18.736+0000][10296][safepoint    ] Safepoint "Cleanup", Time since last: 2000360600 ns, Reaching safepoint: 124000 ns, At safepoint: 2500 ns, Total: 126500 ns
[2020-08-21T23:33:19.737+0000][10296][safepoint    ] Safepoint "Cleanup", Time since last: 1000358400 ns, Reaching safepoint: 125300 ns, At safepoint: 7500 ns, Total: 132800 ns
[2020-08-21T23:33:21.737+0000][10296][safepoint    ] Safepoint "Cleanup", Time since last: 2000405000 ns, Reaching safepoint: 120800 ns, At safepoint: 2800 ns, Total: 123600 ns
[2020-08-21T23:33:22.738+0000][10296][safepoint    ] Safepoint "Cleanup", Time since last: 1000320000 ns, Reaching safepoint: 133500 ns, At safepoint: 1900 ns, Total: 135400 ns
[2020-08-21T23:33:24.738+0000][10296][safepoint    ] Safepoint "Cleanup", Time since last: 2000392300 ns, Reaching safepoint: 136000 ns, At safepoint: 7700 ns, Total: 143700 ns
[2020-08-21T23:33:25.739+0000][10296][safepoint    ] Safepoint "Cleanup", Time since last: 1000334000 ns, Reaching safepoint: 117400 ns, At safepoint: 6900 ns, Total: 124300 ns
[2020-08-21T23:33:27.739+0000][10296][safepoint    ] Safepoint "Cleanup", Time since last: 2000401200 ns, Reaching safepoint: 130300 ns, At safepoint: 2400 ns, Total: 132700 ns
[2020-08-21T23:33:29.739+0000][10296][safepoint    ] Safepoint "Cleanup", Time since last: 1999948200 ns, Reaching safepoint: 136100 ns, At safepoint: 2500 ns, Total: 138600 ns
[2020-08-21T23:33:30.740+0000][10296][safepoint    ] Safepoint "Cleanup", Time since last: 1000246000 ns, Reaching safepoint: 137800 ns, At safepoint: 2300 ns, Total: 140100 ns
[2020-08-21T23:33:32.740+0000][10296][safepoint    ] Safepoint "Cleanup", Time since last: 1999936100 ns, Reaching safepoint: 131500 ns, At safepoint: 7700 ns, Total: 139200 ns
[2020-08-21T23:33:33.740+0000][10296][safepoint    ] Safepoint "Cleanup", Time since last: 1000322100 ns, Reaching safepoint: 135900 ns, At safepoint: 6600 ns, Total: 142500 ns
[2020-08-21T23:33:35.741+0000][10296][safepoint    ] Safepoint "Cleanup", Time since last: 2000348100 ns, Reaching safepoint: 121200 ns, At safepoint: 7200 ns, Total: 128400 ns
[2020-08-21T23:33:37.597+0000][10296][safepoint    ] Safepoint "Cleanup", Time since last: 1855938500 ns, Reaching safepoint: 149700 ns, At safepoint: 7400 ns, Total: 157100 ns
[2020-08-21T23:33:38.597+0000][10296][safepoint    ] Safepoint "Cleanup", Time since last: 1000276100 ns, Reaching safepoint: 128800 ns, At safepoint: 2100 ns, Total: 130900 ns
[2020-08-21T23:33:39.598+0000][10296][safepoint    ] Safepoint "Cleanup", Time since last: 1000374400 ns, Reaching safepoint: 132400 ns, At safepoint: 7000 ns, Total: 139400 ns
[2020-08-21T23:33:40.598+0000][10296][safepoint    ] Safepoint "Cleanup", Time since last: 1000335300 ns, Reaching safepoint: 138700 ns, At safepoint: 2200 ns, Total: 140900 ns
[2020-08-21T23:33:42.598+0000][10296][safepoint    ] Safepoint "Cleanup", Time since last: 1999967900 ns, Reaching safepoint: 140900 ns, At safepoint: 7900 ns, Total: 148800 ns
[2020-08-21T23:33:43.599+0000][10296][safepoint    ] Safepoint "Cleanup", Time since last: 1000253500 ns, Reaching safepoint: 150500 ns, At safepoint: 8000 ns, Total: 158500 ns
[2020-08-21T23:33:44.599+0000][10296][safepoint    ] Safepoint "Cleanup", Time since last: 1000317200 ns, Reaching safepoint: 131600 ns, At safepoint: 2200 ns, Total: 133800 ns
[2020-08-21T23:33:46.600+0000][10296][safepoint    ] Safepoint "Cleanup", Time since last: 2000396300 ns, Reaching safepoint: 129900 ns, At safepoint: 2100 ns, Total: 132000 ns
[2020-08-21T23:33:48.600+0000][10296][safepoint    ] Safepoint "Cleanup", Time since last: 2000374000 ns, Reaching safepoint: 154200 ns, At safepoint: 7800 ns, Total: 162000 ns
[2020-08-21T23:33:50.601+0000][10296][safepoint    ] Safepoint "Cleanup", Time since last: 2000013100 ns, Reaching safepoint: 134600 ns, At safepoint: 2100 ns, Total: 136700 ns
[2020-08-21T23:33:51.601+0000][10296][safepoint    ] Safepoint "Cleanup", Time since last: 1000203500 ns, Reaching safepoint: 131000 ns, At safepoint: 2100 ns, Total: 133100 ns
[2020-08-21T23:33:52.601+0000][10296][safepoint    ] Safepoint "Cleanup", Time since last: 1000068500 ns, Reaching safepoint: 137800 ns, At safepoint: 2000 ns, Total: 139800 ns
[2020-08-21T23:33:53.601+0000][10296][safepoint    ] Safepoint "Cleanup", Time since last: 1000140100 ns, Reaching safepoint: 149400 ns, At safepoint: 7400 ns, Total: 156800 ns
[2020-08-21T23:33:55.601+0000][10296][safepoint    ] Safepoint "Cleanup", Time since last: 1999881200 ns, Reaching safepoint: 120700 ns, At safepoint: 2000 ns, Total: 122700 ns
[2020-08-21T23:33:56.602+0000][10296][safepoint    ] Safepoint "Cleanup", Time since last: 1000355300 ns, Reaching safepoint: 128300 ns, At safepoint: 7500 ns, Total: 135800 ns
[2020-08-21T23:33:58.602+0000][10296][safepoint    ] Safepoint "Cleanup", Time since last: 2000205700 ns, Reaching safepoint: 134200 ns, At safepoint: 2500 ns, Total: 136700 ns
[2020-08-21T23:34:00.602+0000][10296][safepoint    ] Safepoint "Cleanup", Time since last: 2000044800 ns, Reaching safepoint: 136800 ns, At safepoint: 7600 ns, Total: 144400 ns
[2020-08-21T23:34:01.603+0000][10296][safepoint    ] Safepoint "Cleanup", Time since last: 1000350300 ns, Reaching safepoint: 133800 ns, At safepoint: 2000 ns, Total: 135800 ns
[2020-08-21T23:34:02.603+0000][10296][safepoint    ] Safepoint "Cleanup", Time since last: 1000352500 ns, Reaching safepoint: 134000 ns, At safepoint: 3100 ns, Total: 137100 ns
[2020-08-21T23:34:03.604+0000][10296][safepoint    ] Safepoint "Cleanup", Time since last: 1000342100 ns, Reaching safepoint: 146700 ns, At safepoint: 7300 ns, Total: 154000 ns
[2020-08-21T23:34:05.604+0000][10296][safepoint    ] Safepoint "Cleanup", Time since last: 2000342400 ns, Reaching safepoint: 126700 ns, At safepoint: 6700 ns, Total: 133400 ns
[2020-08-21T23:34:07.605+0000][10296][safepoint    ] Safepoint "Cleanup", Time since last: 2000370300 ns, Reaching safepoint: 125100 ns, At safepoint: 2200 ns, Total: 127300 ns
[2020-08-21T23:34:09.605+0000][10296][safepoint    ] Safepoint "Cleanup", Time since last: 2000380300 ns, Reaching safepoint: 128100 ns, At safepoint: 2500 ns, Total: 130600 ns
[2020-08-21T23:34:10.605+0000][10296][safepoint    ] Safepoint "Cleanup", Time since last: 1000005600 ns, Reaching safepoint: 137900 ns, At safepoint: 2100 ns, Total: 140000 ns
[2020-08-21T23:34:11.606+0000][10296][safepoint    ] Safepoint "Cleanup", Time since last: 1000160300 ns, Reaching safepoint: 128300 ns, At safepoint: 7100 ns, Total: 135400 ns
[2020-08-21T23:34:12.606+0000][10296][safepoint    ] Safepoint "Cleanup", Time since last: 1000153200 ns, Reaching safepoint: 150600 ns, At safepoint: 2000 ns, Total: 152600 ns
[2020-08-21T23:34:13.606+0000][10296][safepoint    ] Safepoint "Cleanup", Time since last: 1000133200 ns, Reaching safepoint: 129800 ns, At safepoint: 2000 ns, Total: 131800 ns
[2020-08-21T23:34:15.607+0000][10296][safepoint    ] Safepoint "Cleanup", Time since last: 2000391700 ns, Reaching safepoint: 143600 ns, At safepoint: 2100 ns, Total: 145700 ns
[2020-08-21T23:34:16.607+0000][10296][safepoint    ] Safepoint "Cleanup", Time since last: 1000322000 ns, Reaching safepoint: 148600 ns, At safepoint: 7000 ns, Total: 155600 ns
[2020-08-21T23:34:18.608+0000][10296][safepoint    ] Safepoint "Cleanup", Time since last: 2000346600 ns, Reaching safepoint: 121800 ns, At safepoint: 2100 ns, Total: 123900 ns
[2020-08-21T23:34:20.608+0000][10296][safepoint    ] Safepoint "Cleanup", Time since last: 2000368300 ns, Reaching safepoint: 129000 ns, At safepoint: 7700 ns, Total: 136700 ns
[2020-08-21T23:34:21.609+0000][10296][safepoint    ] Safepoint "Cleanup", Time since last: 1000344400 ns, Reaching safepoint: 131400 ns, At safepoint: 7400 ns, Total: 138800 ns
[2020-08-21T23:34:22.609+0000][10296][safepoint    ] Safepoint "Cleanup", Time since last: 1000346900 ns, Reaching safepoint: 137200 ns, At safepoint: 2100 ns, Total: 139300 ns
[2020-08-21T23:34:24.610+0000][10296][safepoint    ] Safepoint "Cleanup", Time since last: 2000381800 ns, Reaching safepoint: 137100 ns, At safepoint: 2000 ns, Total: 139100 ns
[2020-08-21T23:34:25.610+0000][10296][safepoint    ] Safepoint "Cleanup", Time since last: 1000351400 ns, Reaching safepoint: 132300 ns, At safepoint: 7400 ns, Total: 139700 ns
[2020-08-21T23:34:27.611+0000][10296][safepoint    ] Safepoint "Cleanup", Time since last: 2000376300 ns, Reaching safepoint: 119400 ns, At safepoint: 7700 ns, Total: 127100 ns
[2020-08-21T23:34:29.611+0000][10296][safepoint    ] Safepoint "Cleanup", Time since last: 1999977600 ns, Reaching safepoint: 131100 ns, At safepoint: 7200 ns, Total: 138300 ns
[2020-08-21T23:34:30.611+0000][10296][safepoint    ] Safepoint "Cleanup", Time since last: 1000291200 ns, Reaching safepoint: 121600 ns, At safepoint: 7000 ns, Total: 128600 ns
[2020-08-21T23:34:31.612+0000][10296][safepoint    ] Safepoint "Cleanup", Time since last: 1000315900 ns, Reaching safepoint: 120600 ns, At safepoint: 2100 ns, Total: 122700 ns
[2020-08-21T23:34:33.612+0000][10296][safepoint    ] Safepoint "Cleanup", Time since last: 2000377600 ns, Reaching safepoint: 127400 ns, At safepoint: 7100 ns, Total: 134500 ns
[2020-08-21T23:34:35.613+0000][10296][safepoint    ] Safepoint "Cleanup", Time since last: 2000311300 ns, Reaching safepoint: 136300 ns, At safepoint: 7900 ns, Total: 144200 ns
[2020-08-21T23:34:37.613+0000][10296][safepoint    ] Safepoint "Cleanup", Time since last: 2000394000 ns, Reaching safepoint: 163800 ns, At safepoint: 6600 ns, Total: 170400 ns
[2020-08-21T23:34:39.614+0000][10296][safepoint    ] Safepoint "Cleanup", Time since last: 2000361500 ns, Reaching safepoint: 149700 ns, At safepoint: 6800 ns, Total: 156500 ns
[2020-08-21T23:34:40.614+0000][10296][safepoint    ] Safepoint "Cleanup", Time since last: 1000328200 ns, Reaching safepoint: 142500 ns, At safepoint: 2900 ns, Total: 145400 ns
[2020-08-21T23:34:42.615+0000][10296][safepoint    ] Safepoint "Cleanup", Time since last: 2000086000 ns, Reaching safepoint: 130100 ns, At safepoint: 2000 ns, Total: 132100 ns
[2020-08-21T23:34:43.615+0000][10296][safepoint    ] Safepoint "Cleanup", Time since last: 1000199000 ns, Reaching safepoint: 126600 ns, At safepoint: 2100 ns, Total: 128700 ns
[2020-08-21T23:34:44.615+0000][10296][safepoint    ] Safepoint "Cleanup", Time since last: 1000302900 ns, Reaching safepoint: 129400 ns, At safepoint: 2400 ns, Total: 131800 ns
[2020-08-21T23:34:46.615+0000][10296][safepoint    ] Safepoint "Cleanup", Time since last: 1999959100 ns, Reaching safepoint: 129300 ns, At safepoint: 2200 ns, Total: 131500 ns
[2020-08-21T23:34:47.616+0000][10296][safepoint    ] Safepoint "Cleanup", Time since last: 1000303800 ns, Reaching safepoint: 138800 ns, At safepoint: 2300 ns, Total: 141100 ns
[2020-08-21T23:34:49.616+0000][10296][safepoint    ] Safepoint "Cleanup", Time since last: 1999878000 ns, Reaching safepoint: 145100 ns, At safepoint: 2900 ns, Total: 148000 ns
[2020-08-21T23:34:51.616+0000][10296][safepoint    ] Safepoint "Cleanup", Time since last: 1999917300 ns, Reaching safepoint: 140600 ns, At safepoint: 6900 ns, Total: 147500 ns
[2020-08-21T23:34:52.616+0000][10296][safepoint    ] Safepoint "Cleanup", Time since last: 1000327300 ns, Reaching safepoint: 133000 ns, At safepoint: 6600 ns, Total: 139600 ns
[2020-08-21T23:34:53.617+0000][10296][safepoint    ] Safepoint "Cleanup", Time since last: 1000337800 ns, Reaching safepoint: 125600 ns, At safepoint: 6900 ns, Total: 132500 ns
[2020-08-21T23:34:54.617+0000][10296][safepoint    ] Safepoint "Cleanup", Time since last: 1000349700 ns, Reaching safepoint: 123100 ns, At safepoint: 2700 ns, Total: 125800 ns
[2020-08-21T23:34:56.618+0000][10296][safepoint    ] Safepoint "Cleanup", Time since last: 2000355600 ns, Reaching safepoint: 121200 ns, At safepoint: 2200 ns, Total: 123400 ns
[2020-08-21T23:34:57.618+0000][10296][safepoint    ] Safepoint "Cleanup", Time since last: 1000378100 ns, Reaching safepoint: 144700 ns, At safepoint: 7400 ns, Total: 152100 ns
[2020-08-21T23:34:58.619+0000][10296][safepoint    ] Safepoint "Cleanup", Time since last: 1000309700 ns, Reaching safepoint: 145700 ns, At safepoint: 6600 ns, Total: 152300 ns
[2020-08-21T23:35:00.619+0000][10296][safepoint    ] Safepoint "Cleanup", Time since last: 1999901100 ns, Reaching safepoint: 143300 ns, At safepoint: 8000 ns, Total: 151300 ns
[2020-08-21T23:35:01.619+0000][10296][safepoint    ] Safepoint "Cleanup", Time since last: 1000177300 ns, Reaching safepoint: 137700 ns, At safepoint: 2200 ns, Total: 139900 ns
[2020-08-21T23:35:02.619+0000][10296][safepoint    ] Safepoint "Cleanup", Time since last: 1000049500 ns, Reaching safepoint: 131200 ns, At safepoint: 7300 ns, Total: 138500 ns
[2020-08-21T23:35:03.620+0000][10296][safepoint    ] Safepoint "Cleanup", Time since last: 1000321900 ns, Reaching safepoint: 123600 ns, At safepoint: 2000 ns, Total: 125600 ns
[2020-08-21T23:35:04.620+0000][10296][safepoint    ] Safepoint "Cleanup", Time since last: 1000342300 ns, Reaching safepoint: 131700 ns, At safepoint: 2500 ns, Total: 134200 ns
[2020-08-21T23:35:05.621+0000][10296][safepoint    ] Safepoint "Cleanup", Time since last: 1000085800 ns, Reaching safepoint: 117700 ns, At safepoint: 7400 ns, Total: 125100 ns
[2020-08-21T23:35:06.621+0000][10296][safepoint    ] Safepoint "Cleanup", Time since last: 1000178600 ns, Reaching safepoint: 125000 ns, At safepoint: 2000 ns, Total: 127000 ns
[2020-08-21T23:35:08.335+0000][10296][gc,start     ] GC(27) Pause Young (Normal) (G1 Evacuation Pause)
[2020-08-21T23:35:08.335+0000][10296][gc,task      ] GC(27) Using 18 workers of 18 for evacuation
[2020-08-21T23:35:08.335+0000][10296][gc,age       ] GC(27) Desired survivor size 40370176 bytes, new threshold 15 (max threshold 15)
[2020-08-21T23:35:08.340+0000][10296][gc,age       ] GC(27) Age table with threshold 15 (max threshold 15)
[2020-08-21T23:35:08.340+0000][10296][gc,age       ] GC(27) - age   1:     162136 bytes,     162136 total
[2020-08-21T23:35:08.340+0000][10296][gc,age       ] GC(27) - age   2:     952104 bytes,    1114240 total
[2020-08-21T23:35:08.340+0000][10296][gc,age       ] GC(27) - age   3:       2496 bytes,    1116736 total
[2020-08-21T23:35:08.340+0000][10296][gc,age       ] GC(27) - age   4:      18016 bytes,    1134752 total
[2020-08-21T23:35:08.340+0000][10296][gc,age       ] GC(27) - age   5:     444600 bytes,    1579352 total
[2020-08-21T23:35:08.340+0000][10296][gc,age       ] GC(27) - age   6:      99520 bytes,    1678872 total
[2020-08-21T23:35:08.340+0000][10296][gc,age       ] GC(27) - age   7:       2888 bytes,    1681760 total
[2020-08-21T23:35:08.340+0000][10296][gc,age       ] GC(27) - age   8:       2640 bytes,    1684400 total
[2020-08-21T23:35:08.340+0000][10296][gc,age       ] GC(27) - age   9:       1768 bytes,    1686168 total
[2020-08-21T23:35:08.340+0000][10296][gc,age       ] GC(27) - age  10:     679640 bytes,    2365808 total
[2020-08-21T23:35:08.340+0000][10296][gc,age       ] GC(27) - age  11:       9592 bytes,    2375400 total
[2020-08-21T23:35:08.340+0000][10296][gc,age       ] GC(27) - age  12:      38112 bytes,    2413512 total
[2020-08-21T23:35:08.340+0000][10296][gc,age       ] GC(27) - age  13:      55712 bytes,    2469224 total
[2020-08-21T23:35:08.340+0000][10296][gc,age       ] GC(27) - age  14:     102120 bytes,    2571344 total
[2020-08-21T23:35:08.340+0000][10296][gc,age       ] GC(27) - age  15:     895712 bytes,    3467056 total
[2020-08-21T23:35:08.340+0000][10296][gc,phases    ] GC(27)   Pre Evacuate Collection Set: 0.1ms
[2020-08-21T23:35:08.340+0000][10296][gc,phases    ] GC(27)   Merge Heap Roots: 0.1ms
[2020-08-21T23:35:08.340+0000][10296][gc,phases    ] GC(27)   Evacuate Collection Set: 3.9ms
[2020-08-21T23:35:08.340+0000][10296][gc,phases    ] GC(27)   Post Evacuate Collection Set: 0.7ms
[2020-08-21T23:35:08.340+0000][10296][gc,phases    ] GC(27)   Other: 0.3ms
[2020-08-21T23:35:08.340+0000][10296][gc,heap      ] GC(27) Eden regions: 599->0(609)
[2020-08-21T23:35:08.340+0000][10296][gc,heap      ] GC(27) Survivor regions: 15->5(77)
[2020-08-21T23:35:08.340+0000][10296][gc,heap      ] GC(27) Old regions: 58->68
[2020-08-21T23:35:08.340+0000][10296][gc,heap      ] GC(27) Archive regions: 0->0
[2020-08-21T23:35:08.340+0000][10296][gc,heap      ] GC(27) Humongous regions: 7->7
[2020-08-21T23:35:08.340+0000][10296][gc,metaspace ] GC(27) Metaspace: 95017K(103168K)->95017K(103168K) NonClass: 82126K(87040K)->82126K(87040K) Class: 12890K(16128K)->12890K(16128K)
[2020-08-21T23:35:08.340+0000][10296][gc           ] GC(27) Pause Young (Normal) (G1 Evacuation Pause) 678M->79M(1024M) 5.175ms
[2020-08-21T23:35:08.340+0000][10296][gc,cpu       ] GC(27) User=0.00s Sys=0.00s Real=0.00s
[2020-08-21T23:35:08.341+0000][10296][safepoint    ] Safepoint "G1CollectForAllocation", Time since last: 1714519400 ns, Reaching safepoint: 136800 ns, At safepoint: 5244600 ns, Total: 5381400 ns
[2020-08-21T23:35:09.341+0000][10296][safepoint    ] Safepoint "Cleanup", Time since last: 1000460200 ns, Reaching safepoint: 132100 ns, At safepoint: 6600 ns, Total: 138700 ns
[2020-08-21T23:35:11.342+0000][10296][safepoint    ] Safepoint "Cleanup", Time since last: 2000360300 ns, Reaching safepoint: 159800 ns, At safepoint: 7100 ns, Total: 166900 ns
[2020-08-21T23:35:13.342+0000][10296][safepoint    ] Safepoint "Cleanup", Time since last: 2000359500 ns, Reaching safepoint: 133100 ns, At safepoint: 3100 ns, Total: 136200 ns
[2020-08-21T23:35:15.343+0000][10296][safepoint    ] Safepoint "Cleanup", Time since last: 2000350800 ns, Reaching safepoint: 135200 ns, At safepoint: 6900 ns, Total: 142100 ns
[2020-08-21T23:35:16.343+0000][10296][safepoint    ] Safepoint "Cleanup", Time since last: 1000337400 ns, Reaching safepoint: 126200 ns, At safepoint: 2000 ns, Total: 128200 ns
[2020-08-21T23:35:18.344+0000][10296][safepoint    ] Safepoint "Cleanup", Time since last: 2000429400 ns, Reaching safepoint: 130400 ns, At safepoint: 2500 ns, Total: 132900 ns
[2020-08-21T23:35:19.344+0000][10296][safepoint    ] Safepoint "Cleanup", Time since last: 1000345600 ns, Reaching safepoint: 156600 ns, At safepoint: 8300 ns, Total: 164900 ns
[2020-08-21T23:35:20.345+0000][10296][safepoint    ] Safepoint "Cleanup", Time since last: 1000339600 ns, Reaching safepoint: 151000 ns, At safepoint: 6700 ns, Total: 157700 ns
[2020-08-21T23:35:22.345+0000][10296][safepoint    ] Safepoint "Cleanup", Time since last: 1999897500 ns, Reaching safepoint: 140500 ns, At safepoint: 7200 ns, Total: 147700 ns
[2020-08-21T23:35:23.345+0000][10296][safepoint    ] Safepoint "Cleanup", Time since last: 1000292500 ns, Reaching safepoint: 140800 ns, At safepoint: 6800 ns, Total: 147600 ns
[2020-08-21T23:35:25.346+0000][10296][safepoint    ] Safepoint "Cleanup", Time since last: 2000350900 ns, Reaching safepoint: 140200 ns, At safepoint: 7100 ns, Total: 147300 ns
[2020-08-21T23:35:27.346+0000][10296][safepoint    ] Safepoint "Cleanup", Time since last: 2000371300 ns, Reaching safepoint: 122000 ns, At safepoint: 7100 ns, Total: 129100 ns
[2020-08-21T23:35:28.347+0000][10296][safepoint    ] Safepoint "Cleanup", Time since last: 1000363900 ns, Reaching safepoint: 122000 ns, At safepoint: 2000 ns, Total: 124000 ns
[2020-08-21T23:35:29.347+0000][10296][safepoint    ] Safepoint "Cleanup", Time since last: 1000328900 ns, Reaching safepoint: 125700 ns, At safepoint: 2200 ns, Total: 127900 ns
[2020-08-21T23:35:31.348+0000][10296][safepoint    ] Safepoint "Cleanup", Time since last: 2000410100 ns, Reaching safepoint: 129600 ns, At safepoint: 7000 ns, Total: 136600 ns
[2020-08-21T23:35:33.348+0000][10296][safepoint    ] Safepoint "Cleanup", Time since last: 2000208400 ns, Reaching safepoint: 138100 ns, At safepoint: 2700 ns, Total: 140800 ns
[2020-08-21T23:35:35.348+0000][10296][safepoint    ] Safepoint "Cleanup", Time since last: 2000049900 ns, Reaching safepoint: 120100 ns, At safepoint: 2500 ns, Total: 122600 ns
[2020-08-21T23:35:36.349+0000][10296][safepoint    ] Safepoint "Cleanup", Time since last: 1000315000 ns, Reaching safepoint: 128800 ns, At safepoint: 7300 ns, Total: 136100 ns
[2020-08-21T23:35:37.602+0000][10296][safepoint    ] Safepoint "Cleanup", Time since last: 1253386300 ns, Reaching safepoint: 129400 ns, At safepoint: 2600 ns, Total: 132000 ns
[2020-08-21T23:35:39.602+0000][10296][safepoint    ] Safepoint "Cleanup", Time since last: 1999881000 ns, Reaching safepoint: 128900 ns, At safepoint: 7200 ns, Total: 136100 ns
[2020-08-21T23:35:40.603+0000][10296][safepoint    ] Safepoint "Cleanup", Time since last: 1000364700 ns, Reaching safepoint: 169500 ns, At safepoint: 7000 ns, Total: 176500 ns
[2020-08-21T23:35:41.603+0000][10296][safepoint    ] Safepoint "Cleanup", Time since last: 1000307900 ns, Reaching safepoint: 127900 ns, At safepoint: 6900 ns, Total: 134800 ns
[2020-08-21T23:35:43.603+0000][10296][safepoint    ] Safepoint "Cleanup", Time since last: 1999891700 ns, Reaching safepoint: 133100 ns, At safepoint: 2100 ns, Total: 135200 ns
[2020-08-21T23:35:44.604+0000][10296][safepoint    ] Safepoint "Cleanup", Time since last: 1000337100 ns, Reaching safepoint: 119300 ns, At safepoint: 2100 ns, Total: 121400 ns
[2020-08-21T23:35:45.604+0000][10296][safepoint    ] Safepoint "Cleanup", Time since last: 1000362200 ns, Reaching safepoint: 146800 ns, At safepoint: 7300 ns, Total: 154100 ns
[2020-08-21T23:35:46.605+0000][10296][safepoint    ] Safepoint "Cleanup", Time since last: 1000093500 ns, Reaching safepoint: 136200 ns, At safepoint: 7400 ns, Total: 143600 ns
[2020-08-21T23:35:47.605+0000][10296][safepoint    ] Safepoint "Cleanup", Time since last: 1000107800 ns, Reaching safepoint: 147100 ns, At safepoint: 3700 ns, Total: 150800 ns
[2020-08-21T23:35:49.605+0000][10296][safepoint    ] Safepoint "Cleanup", Time since last: 2000386900 ns, Reaching safepoint: 124700 ns, At safepoint: 2600 ns, Total: 127300 ns
[2020-08-21T23:35:51.606+0000][10296][safepoint    ] Safepoint "Cleanup", Time since last: 2000378200 ns, Reaching safepoint: 122500 ns, At safepoint: 7600 ns, Total: 130100 ns
[2020-08-21T23:35:52.606+0000][10296][safepoint    ] Safepoint "Cleanup", Time since last: 1000344600 ns, Reaching safepoint: 154300 ns, At safepoint: 2400 ns, Total: 156700 ns
[2020-08-21T23:35:53.607+0000][10296][safepoint    ] Safepoint "Cleanup", Time since last: 1000326700 ns, Reaching safepoint: 126700 ns, At safepoint: 2300 ns, Total: 129000 ns
[2020-08-21T23:35:55.607+0000][10296][safepoint    ] Safepoint "Cleanup", Time since last: 2000115300 ns, Reaching safepoint: 141000 ns, At safepoint: 6700 ns, Total: 147700 ns
[2020-08-21T23:35:56.607+0000][10296][safepoint    ] Safepoint "Cleanup", Time since last: 1000152800 ns, Reaching safepoint: 192700 ns, At safepoint: 6600 ns, Total: 199300 ns
[2020-08-21T23:35:58.608+0000][10296][safepoint    ] Safepoint "Cleanup", Time since last: 2000284100 ns, Reaching safepoint: 127500 ns, At safepoint: 7100 ns, Total: 134600 ns
[2020-08-21T23:35:59.608+0000][10296][safepoint    ] Safepoint "Cleanup", Time since last: 1000367800 ns, Reaching safepoint: 134500 ns, At safepoint: 7300 ns, Total: 141800 ns
[2020-08-21T23:36:01.609+0000][10296][safepoint    ] Safepoint "Cleanup", Time since last: 2000322200 ns, Reaching safepoint: 152500 ns, At safepoint: 2500 ns, Total: 155000 ns
[2020-08-21T23:36:03.609+0000][10296][safepoint    ] Safepoint "Cleanup", Time since last: 2000353600 ns, Reaching safepoint: 133500 ns, At safepoint: 2200 ns, Total: 135700 ns
[2020-08-21T23:36:05.609+0000][10296][safepoint    ] Safepoint "Cleanup", Time since last: 1999880000 ns, Reaching safepoint: 132200 ns, At safepoint: 2100 ns, Total: 134300 ns
[2020-08-21T23:36:07.609+0000][10296][safepoint    ] Safepoint "Cleanup", Time since last: 2000013100 ns, Reaching safepoint: 130900 ns, At safepoint: 7200 ns, Total: 138100 ns
[2020-08-21T23:36:08.610+0000][10296][safepoint    ] Safepoint "Cleanup", Time since last: 1000294100 ns, Reaching safepoint: 130900 ns, At safepoint: 2200 ns, Total: 133100 ns
[2020-08-21T23:36:09.610+0000][10296][safepoint    ] Safepoint "Cleanup", Time since last: 1000334100 ns, Reaching safepoint: 125900 ns, At safepoint: 7600 ns, Total: 133500 ns
[2020-08-21T23:36:10.611+0000][10296][safepoint    ] Safepoint "Cleanup", Time since last: 1000326800 ns, Reaching safepoint: 138600 ns, At safepoint: 7600 ns, Total: 146200 ns
[2020-08-21T23:36:11.611+0000][10296][safepoint    ] Safepoint "Cleanup", Time since last: 1000350000 ns, Reaching safepoint: 135900 ns, At safepoint: 6800 ns, Total: 142700 ns
[2020-08-21T23:36:13.612+0000][10296][safepoint    ] Safepoint "Cleanup", Time since last: 2000377600 ns, Reaching safepoint: 133300 ns, At safepoint: 6900 ns, Total: 140200 ns
[2020-08-21T23:36:14.612+0000][10296][safepoint    ] Safepoint "Cleanup", Time since last: 1000310500 ns, Reaching safepoint: 161400 ns, At safepoint: 2000 ns, Total: 163400 ns
[2020-08-21T23:36:15.613+0000][10296][safepoint    ] Safepoint "Cleanup", Time since last: 1000031800 ns, Reaching safepoint: 127800 ns, At safepoint: 7900 ns, Total: 135700 ns
[2020-08-21T23:36:16.613+0000][10296][safepoint    ] Safepoint "Cleanup", Time since last: 1000170500 ns, Reaching safepoint: 136700 ns, At safepoint: 7400 ns, Total: 144100 ns
[2020-08-21T23:36:18.613+0000][10296][safepoint    ] Safepoint "Cleanup", Time since last: 2000362200 ns, Reaching safepoint: 122100 ns, At safepoint: 1800 ns, Total: 123900 ns
[2020-08-21T23:36:20.614+0000][10296][safepoint    ] Safepoint "Cleanup", Time since last: 2000396500 ns, Reaching safepoint: 185000 ns, At safepoint: 2300 ns, Total: 187300 ns
[2020-08-21T23:36:22.614+0000][10296][safepoint    ] Safepoint "Cleanup", Time since last: 2000321800 ns, Reaching safepoint: 145800 ns, At safepoint: 7600 ns, Total: 153400 ns
[2020-08-21T23:36:23.615+0000][10296][safepoint    ] Safepoint "Cleanup", Time since last: 1000344300 ns, Reaching safepoint: 131300 ns, At safepoint: 7300 ns, Total: 138600 ns
[2020-08-21T23:36:25.615+0000][10296][safepoint    ] Safepoint "Cleanup", Time since last: 2000328600 ns, Reaching safepoint: 141200 ns, At safepoint: 7400 ns, Total: 148600 ns
[2020-08-21T23:36:27.616+0000][10296][safepoint    ] Safepoint "Cleanup", Time since last: 2000377800 ns, Reaching safepoint: 131200 ns, At safepoint: 7000 ns, Total: 138200 ns
[2020-08-21T23:36:29.616+0000][10296][safepoint    ] Safepoint "Cleanup", Time since last: 2000102800 ns, Reaching safepoint: 159100 ns, At safepoint: 2000 ns, Total: 161100 ns
[2020-08-21T23:36:30.616+0000][10296][safepoint    ] Safepoint "Cleanup", Time since last: 1000097300 ns, Reaching safepoint: 128500 ns, At safepoint: 7500 ns, Total: 136000 ns
[2020-08-21T23:36:31.617+0000][10296][safepoint    ] Safepoint "Cleanup", Time since last: 1000364400 ns, Reaching safepoint: 146900 ns, At safepoint: 7800 ns, Total: 154700 ns
[2020-08-21T23:36:32.617+0000][10296][safepoint    ] Safepoint "Cleanup", Time since last: 1000292600 ns, Reaching safepoint: 128000 ns, At safepoint: 2000 ns, Total: 130000 ns
[2020-08-21T23:36:34.618+0000][10296][safepoint    ] Safepoint "Cleanup", Time since last: 2000394800 ns, Reaching safepoint: 128100 ns, At safepoint: 7000 ns, Total: 135100 ns
[2020-08-21T23:36:36.618+0000][10296][safepoint    ] Safepoint "Cleanup", Time since last: 2000389400 ns, Reaching safepoint: 129400 ns, At safepoint: 6600 ns, Total: 136000 ns
[2020-08-21T23:36:38.619+0000][10296][safepoint    ] Safepoint "Cleanup", Time since last: 2000354000 ns, Reaching safepoint: 121400 ns, At safepoint: 1800 ns, Total: 123200 ns
[2020-08-21T23:36:40.619+0000][10296][safepoint    ] Safepoint "Cleanup", Time since last: 2000419100 ns, Reaching safepoint: 122700 ns, At safepoint: 3000 ns, Total: 125700 ns
[2020-08-21T23:36:41.620+0000][10296][safepoint    ] Safepoint "Cleanup", Time since last: 1000335100 ns, Reaching safepoint: 127100 ns, At safepoint: 7500 ns, Total: 134600 ns
[2020-08-21T23:36:43.620+0000][10296][safepoint    ] Safepoint "Cleanup", Time since last: 2000367600 ns, Reaching safepoint: 174600 ns, At safepoint: 7400 ns, Total: 182000 ns
[2020-08-21T23:36:44.621+0000][10296][safepoint    ] Safepoint "Cleanup", Time since last: 1000305400 ns, Reaching safepoint: 132700 ns, At safepoint: 2500 ns, Total: 135200 ns
[2020-08-21T23:36:46.621+0000][10296][safepoint    ] Safepoint "Cleanup", Time since last: 2000390400 ns, Reaching safepoint: 129700 ns, At safepoint: 2900 ns, Total: 132600 ns
[2020-08-21T23:36:47.622+0000][10296][safepoint    ] Safepoint "Cleanup", Time since last: 1000366200 ns, Reaching safepoint: 124500 ns, At safepoint: 7200 ns, Total: 131700 ns
[2020-08-21T23:36:49.622+0000][10296][safepoint    ] Safepoint "Cleanup", Time since last: 2000346100 ns, Reaching safepoint: 128100 ns, At safepoint: 7600 ns, Total: 135700 ns
[2020-08-21T23:36:51.623+0000][10296][safepoint    ] Safepoint "Cleanup", Time since last: 2000371300 ns, Reaching safepoint: 126000 ns, At safepoint: 7300 ns, Total: 133300 ns
[2020-08-21T23:36:52.623+0000][10296][safepoint    ] Safepoint "Cleanup", Time since last: 1000332600 ns, Reaching safepoint: 151400 ns, At safepoint: 6900 ns, Total: 158300 ns
[2020-08-21T23:36:54.623+0000][10296][safepoint    ] Safepoint "Cleanup", Time since last: 1999883200 ns, Reaching safepoint: 148500 ns, At safepoint: 3000 ns, Total: 151500 ns
[2020-08-21T23:36:56.623+0000][10296][safepoint    ] Safepoint "Cleanup", Time since last: 1999859600 ns, Reaching safepoint: 132300 ns, At safepoint: 2200 ns, Total: 134500 ns
[2020-08-21T23:36:57.624+0000][10296][safepoint    ] Safepoint "Cleanup", Time since last: 1000359900 ns, Reaching safepoint: 152500 ns, At safepoint: 7600 ns, Total: 160100 ns
[2020-08-21T23:36:59.624+0000][10296][safepoint    ] Safepoint "Cleanup", Time since last: 2000346200 ns, Reaching safepoint: 148000 ns, At safepoint: 7500 ns, Total: 155500 ns
[2020-08-21T23:37:00.625+0000][10296][safepoint    ] Safepoint "Cleanup", Time since last: 1000333700 ns, Reaching safepoint: 127800 ns, At safepoint: 2100 ns, Total: 129900 ns
[2020-08-21T23:37:01.625+0000][10296][safepoint    ] Safepoint "Cleanup", Time since last: 1000367300 ns, Reaching safepoint: 141900 ns, At safepoint: 7300 ns, Total: 149200 ns
[2020-08-21T23:37:03.626+0000][10296][safepoint    ] Safepoint "Cleanup", Time since last: 2000357700 ns, Reaching safepoint: 150400 ns, At safepoint: 7400 ns, Total: 157800 ns
[2020-08-21T23:37:05.626+0000][10296][safepoint    ] Safepoint "Cleanup", Time since last: 2000301100 ns, Reaching safepoint: 125900 ns, At safepoint: 2400 ns, Total: 128300 ns
[2020-08-21T23:37:07.627+0000][10296][safepoint    ] Safepoint "Cleanup", Time since last: 2000469200 ns, Reaching safepoint: 142000 ns, At safepoint: 7500 ns, Total: 149500 ns
[2020-08-21T23:37:08.627+0000][10296][safepoint    ] Safepoint "Cleanup", Time since last: 1000043500 ns, Reaching safepoint: 125000 ns, At safepoint: 2000 ns, Total: 127000 ns
[2020-08-21T23:37:09.627+0000][10296][safepoint    ] Safepoint "Cleanup", Time since last: 1000227300 ns, Reaching safepoint: 169900 ns, At safepoint: 2200 ns, Total: 172100 ns
[2020-08-21T23:37:10.628+0000][10296][safepoint    ] Safepoint "Cleanup", Time since last: 1000233900 ns, Reaching safepoint: 126300 ns, At safepoint: 7700 ns, Total: 134000 ns
[2020-08-21T23:37:11.628+0000][10296][safepoint    ] Safepoint "Cleanup", Time since last: 1000324900 ns, Reaching safepoint: 123500 ns, At safepoint: 6400 ns, Total: 129900 ns
[2020-08-21T23:37:13.628+0000][10296][safepoint    ] Safepoint "Cleanup", Time since last: 1999894800 ns, Reaching safepoint: 120100 ns, At safepoint: 2200 ns, Total: 122300 ns
[2020-08-21T23:37:15.628+0000][10296][safepoint    ] Safepoint "Cleanup", Time since last: 1999913300 ns, Reaching safepoint: 129000 ns, At safepoint: 2400 ns, Total: 131400 ns
[2020-08-21T23:37:16.629+0000][10296][safepoint    ] Safepoint "Cleanup", Time since last: 1000322500 ns, Reaching safepoint: 121800 ns, At safepoint: 2000 ns, Total: 123800 ns
[2020-08-21T23:37:17.629+0000][10296][safepoint    ] Safepoint "Cleanup", Time since last: 1000370600 ns, Reaching safepoint: 131700 ns, At safepoint: 2100 ns, Total: 133800 ns
[2020-08-21T23:37:19.629+0000][10296][safepoint    ] Safepoint "Cleanup", Time since last: 1999881000 ns, Reaching safepoint: 142000 ns, At safepoint: 7300 ns, Total: 149300 ns
[2020-08-21T23:37:21.629+0000][10296][safepoint    ] Safepoint "Cleanup", Time since last: 1999863800 ns, Reaching safepoint: 135100 ns, At safepoint: 2100 ns, Total: 137200 ns
[2020-08-21T23:37:22.630+0000][10296][safepoint    ] Safepoint "Cleanup", Time since last: 1000333900 ns, Reaching safepoint: 148300 ns, At safepoint: 6500 ns, Total: 154800 ns
[2020-08-21T23:37:23.630+0000][10296][safepoint    ] Safepoint "Cleanup", Time since last: 1000332500 ns, Reaching safepoint: 136600 ns, At safepoint: 2100 ns, Total: 138700 ns
[2020-08-21T23:37:25.630+0000][10296][safepoint    ] Safepoint "Cleanup", Time since last: 1999891200 ns, Reaching safepoint: 117400 ns, At safepoint: 7400 ns, Total: 124800 ns
[2020-08-21T23:37:26.631+0000][10296][safepoint    ] Safepoint "Cleanup", Time since last: 1000371100 ns, Reaching safepoint: 126900 ns, At safepoint: 2600 ns, Total: 129500 ns
[2020-08-21T23:37:27.631+0000][10296][safepoint    ] Safepoint "Cleanup", Time since last: 1000359700 ns, Reaching safepoint: 135500 ns, At safepoint: 7300 ns, Total: 142800 ns
[2020-08-21T23:37:29.632+0000][10296][safepoint    ] Safepoint "Cleanup", Time since last: 2000373300 ns, Reaching safepoint: 122600 ns, At safepoint: 6800 ns, Total: 129400 ns
[2020-08-21T23:37:31.632+0000][10296][safepoint    ] Safepoint "Cleanup", Time since last: 2000370900 ns, Reaching safepoint: 157000 ns, At safepoint: 2100 ns, Total: 159100 ns
[2020-08-21T23:37:32.633+0000][10296][safepoint    ] Safepoint "Cleanup", Time since last: 1000340100 ns, Reaching safepoint: 156300 ns, At safepoint: 8300 ns, Total: 164600 ns
[2020-08-21T23:37:33.633+0000][10296][safepoint    ] Safepoint "Cleanup", Time since last: 1000312300 ns, Reaching safepoint: 128500 ns, At safepoint: 6500 ns, Total: 135000 ns
[2020-08-21T23:37:35.634+0000][10296][safepoint    ] Safepoint "Cleanup", Time since last: 2000357800 ns, Reaching safepoint: 130300 ns, At safepoint: 2000 ns, Total: 132300 ns
[2020-08-21T23:37:37.634+0000][10296][safepoint    ] Safepoint "Cleanup", Time since last: 1999905300 ns, Reaching safepoint: 126900 ns, At safepoint: 7400 ns, Total: 134300 ns
[2020-08-21T23:37:38.634+0000][10296][safepoint    ] Safepoint "Cleanup", Time since last: 1000098700 ns, Reaching safepoint: 132100 ns, At safepoint: 6800 ns, Total: 138900 ns
[2020-08-21T23:37:39.634+0000][10296][safepoint    ] Safepoint "Cleanup", Time since last: 1000132300 ns, Reaching safepoint: 166700 ns, At safepoint: 6800 ns, Total: 173500 ns
[2020-08-21T23:37:40.635+0000][10296][safepoint    ] Safepoint "Cleanup", Time since last: 1000319300 ns, Reaching safepoint: 138100 ns, At safepoint: 2200 ns, Total: 140300 ns
[2020-08-21T23:37:42.635+0000][10296][safepoint    ] Safepoint "Cleanup", Time since last: 1999876900 ns, Reaching safepoint: 129000 ns, At safepoint: 2000 ns, Total: 131000 ns
[2020-08-21T23:37:43.635+0000][10296][safepoint    ] Safepoint "Cleanup", Time since last: 1000348300 ns, Reaching safepoint: 130800 ns, At safepoint: 2700 ns, Total: 133500 ns
[2020-08-21T23:37:45.636+0000][10296][safepoint    ] Safepoint "Cleanup", Time since last: 2000352700 ns, Reaching safepoint: 148200 ns, At safepoint: 2300 ns, Total: 150500 ns
[2020-08-21T23:37:47.636+0000][10296][safepoint    ] Safepoint "Cleanup", Time since last: 1999878900 ns, Reaching safepoint: 122500 ns, At safepoint: 2100 ns, Total: 124600 ns
[2020-08-21T23:37:49.636+0000][10296][safepoint    ] Safepoint "Cleanup", Time since last: 1999909500 ns, Reaching safepoint: 131300 ns, At safepoint: 6800 ns, Total: 138100 ns
[2020-08-21T23:37:50.636+0000][10296][safepoint    ] Safepoint "Cleanup", Time since last: 1000069100 ns, Reaching safepoint: 120100 ns, At safepoint: 2000 ns, Total: 122100 ns
[2020-08-21T23:37:51.636+0000][10296][safepoint    ] Safepoint "Cleanup", Time since last: 1000184600 ns, Reaching safepoint: 113400 ns, At safepoint: 6800 ns, Total: 120200 ns
[2020-08-21T23:37:52.637+0000][10296][safepoint    ] Safepoint "Cleanup", Time since last: 1000338700 ns, Reaching safepoint: 145700 ns, At safepoint: 7300 ns, Total: 153000 ns
[2020-08-21T23:37:53.637+0000][10296][safepoint    ] Safepoint "Cleanup", Time since last: 1000103000 ns, Reaching safepoint: 141100 ns, At safepoint: 2600 ns, Total: 143700 ns
[2020-08-21T23:37:54.637+0000][10296][safepoint    ] Safepoint "Cleanup", Time since last: 1000096300 ns, Reaching safepoint: 135200 ns, At safepoint: 7200 ns, Total: 142400 ns
[2020-08-21T23:37:55.638+0000][10296][safepoint    ] Safepoint "Cleanup", Time since last: 1000347400 ns, Reaching safepoint: 133500 ns, At safepoint: 7100 ns, Total: 140600 ns
[2020-08-21T23:37:56.638+0000][10296][safepoint    ] Safepoint "Cleanup", Time since last: 1000336000 ns, Reaching safepoint: 129500 ns, At safepoint: 6900 ns, Total: 136400 ns
[2020-08-21T23:37:58.639+0000][10296][safepoint    ] Safepoint "Cleanup", Time since last: 2000347000 ns, Reaching safepoint: 130700 ns, At safepoint: 7100 ns, Total: 137800 ns
[2020-08-21T23:38:00.639+0000][10296][safepoint    ] Safepoint "Cleanup", Time since last: 2000414400 ns, Reaching safepoint: 134200 ns, At safepoint: 7300 ns, Total: 141500 ns
[2020-08-21T23:38:01.640+0000][10296][safepoint    ] Safepoint "Cleanup", Time since last: 1000349200 ns, Reaching safepoint: 125900 ns, At safepoint: 7200 ns, Total: 133100 ns
[2020-08-21T23:38:02.640+0000][10296][safepoint    ] Safepoint "Cleanup", Time since last: 1000355700 ns, Reaching safepoint: 148300 ns, At safepoint: 2500 ns, Total: 150800 ns
[2020-08-21T23:38:03.641+0000][10296][safepoint    ] Safepoint "Cleanup", Time since last: 1000321600 ns, Reaching safepoint: 124200 ns, At safepoint: 2100 ns, Total: 126300 ns
[2020-08-21T23:38:04.641+0000][10296][safepoint    ] Safepoint "Cleanup", Time since last: 1000368500 ns, Reaching safepoint: 128000 ns, At safepoint: 7500 ns, Total: 135500 ns
[2020-08-21T23:38:06.606+0000][10296][safepoint    ] Safepoint "Cleanup", Time since last: 1965100900 ns, Reaching safepoint: 127300 ns, At safepoint: 6500 ns, Total: 133800 ns
[2020-08-21T23:38:07.607+0000][10296][safepoint    ] Safepoint "Cleanup", Time since last: 1000631800 ns, Reaching safepoint: 126200 ns, At safepoint: 7200 ns, Total: 133400 ns
[2020-08-21T23:38:09.607+0000][10296][safepoint    ] Safepoint "Cleanup", Time since last: 1999921700 ns, Reaching safepoint: 135300 ns, At safepoint: 6200 ns, Total: 141500 ns
[2020-08-21T23:38:11.608+0000][10296][safepoint    ] Safepoint "Cleanup", Time since last: 2000325000 ns, Reaching safepoint: 129000 ns, At safepoint: 7500 ns, Total: 136500 ns
[2020-08-21T23:38:12.608+0000][10296][safepoint    ] Safepoint "Cleanup", Time since last: 1000344900 ns, Reaching safepoint: 121200 ns, At safepoint: 2000 ns, Total: 123200 ns
[2020-08-21T23:38:14.609+0000][10296][safepoint    ] Safepoint "Cleanup", Time since last: 2000390500 ns, Reaching safepoint: 124600 ns, At safepoint: 2500 ns, Total: 127100 ns
[2020-08-21T23:38:16.609+0000][10296][safepoint    ] Safepoint "Cleanup", Time since last: 1999937800 ns, Reaching safepoint: 121200 ns, At safepoint: 2100 ns, Total: 123300 ns
[2020-08-21T23:38:17.609+0000][10296][safepoint    ] Safepoint "Cleanup", Time since last: 1000315700 ns, Reaching safepoint: 128800 ns, At safepoint: 2900 ns, Total: 131700 ns
[2020-08-21T23:38:19.609+0000][10296][safepoint    ] Safepoint "Cleanup", Time since last: 1999963400 ns, Reaching safepoint: 130400 ns, At safepoint: 3100 ns, Total: 133500 ns
[2020-08-21T23:38:20.610+0000][10296][safepoint    ] Safepoint "Cleanup", Time since last: 1000283300 ns, Reaching safepoint: 136100 ns, At safepoint: 7800 ns, Total: 143900 ns
[2020-08-21T23:38:22.610+0000][10296][safepoint    ] Safepoint "Cleanup", Time since last: 1999889500 ns, Reaching safepoint: 141700 ns, At safepoint: 7000 ns, Total: 148700 ns
[2020-08-21T23:38:24.610+0000][10296][safepoint    ] Safepoint "Cleanup", Time since last: 2000314600 ns, Reaching safepoint: 129200 ns, At safepoint: 7300 ns, Total: 136500 ns
[2020-08-21T23:38:26.611+0000][10296][safepoint    ] Safepoint "Cleanup", Time since last: 2000331900 ns, Reaching safepoint: 163000 ns, At safepoint: 6900 ns, Total: 169900 ns
[2020-08-21T23:38:28.611+0000][10296][safepoint    ] Safepoint "Cleanup", Time since last: 2000355200 ns, Reaching safepoint: 125600 ns, At safepoint: 6600 ns, Total: 132200 ns
[2020-08-21T23:38:30.612+0000][10296][safepoint    ] Safepoint "Cleanup", Time since last: 2000369900 ns, Reaching safepoint: 143800 ns, At safepoint: 2100 ns, Total: 145900 ns
[2020-08-21T23:38:32.612+0000][10296][safepoint    ] Safepoint "Cleanup", Time since last: 1999865900 ns, Reaching safepoint: 148300 ns, At safepoint: 7600 ns, Total: 155900 ns
[2020-08-21T23:38:33.612+0000][10296][safepoint    ] Safepoint "Cleanup", Time since last: 1000344400 ns, Reaching safepoint: 142600 ns, At safepoint: 6400 ns, Total: 149000 ns
[2020-08-21T23:38:34.613+0000][10296][safepoint    ] Safepoint "Cleanup", Time since last: 1000342300 ns, Reaching safepoint: 114700 ns, At safepoint: 2100 ns, Total: 116800 ns
[2020-08-21T23:38:36.608+0000][10296][safepoint    ] Safepoint "Cleanup", Time since last: 1995596300 ns, Reaching safepoint: 123700 ns, At safepoint: 9600 ns, Total: 133300 ns
[2020-08-21T23:38:37.609+0000][10296][safepoint    ] Safepoint "Cleanup", Time since last: 1000638800 ns, Reaching safepoint: 125500 ns, At safepoint: 7300 ns, Total: 132800 ns
[2020-08-21T23:38:39.610+0000][10296][safepoint    ] Safepoint "Cleanup", Time since last: 2000367100 ns, Reaching safepoint: 126000 ns, At safepoint: 2000 ns, Total: 128000 ns
[2020-08-21T23:38:41.610+0000][10296][safepoint    ] Safepoint "Cleanup", Time since last: 2000405300 ns, Reaching safepoint: 144400 ns, At safepoint: 7100 ns, Total: 151500 ns
[2020-08-21T23:38:42.611+0000][10296][safepoint    ] Safepoint "Cleanup", Time since last: 1000293400 ns, Reaching safepoint: 131700 ns, At safepoint: 2300 ns, Total: 134000 ns
[2020-08-21T23:38:44.611+0000][10296][safepoint    ] Safepoint "Cleanup", Time since last: 1999908500 ns, Reaching safepoint: 126200 ns, At safepoint: 2000 ns, Total: 128200 ns
[2020-08-21T23:38:46.611+0000][10296][safepoint    ] Safepoint "Cleanup", Time since last: 2000367700 ns, Reaching safepoint: 131700 ns, At safepoint: 7300 ns, Total: 139000 ns
[2020-08-21T23:38:48.612+0000][10296][safepoint    ] Safepoint "Cleanup", Time since last: 2000346000 ns, Reaching safepoint: 133900 ns, At safepoint: 7000 ns, Total: 140900 ns
[2020-08-21T23:38:50.612+0000][10296][safepoint    ] Safepoint "Cleanup", Time since last: 1999892000 ns, Reaching safepoint: 133900 ns, At safepoint: 6700 ns, Total: 140600 ns
[2020-08-21T23:38:52.612+0000][10296][safepoint    ] Safepoint "Cleanup", Time since last: 2000345400 ns, Reaching safepoint: 126800 ns, At safepoint: 2000 ns, Total: 128800 ns
[2020-08-21T23:38:53.613+0000][10296][safepoint    ] Safepoint "Cleanup", Time since last: 1000325300 ns, Reaching safepoint: 136600 ns, At safepoint: 7100 ns, Total: 143700 ns
[2020-08-21T23:38:55.613+0000][10296][safepoint    ] Safepoint "Cleanup", Time since last: 2000398000 ns, Reaching safepoint: 124600 ns, At safepoint: 6500 ns, Total: 131100 ns
[2020-08-21T23:38:57.614+0000][10296][safepoint    ] Safepoint "Cleanup", Time since last: 2000275600 ns, Reaching safepoint: 127100 ns, At safepoint: 7400 ns, Total: 134500 ns
[2020-08-21T23:38:58.614+0000][10296][safepoint    ] Safepoint "Cleanup", Time since last: 1000171100 ns, Reaching safepoint: 128300 ns, At safepoint: 7200 ns, Total: 135500 ns
[2020-08-21T23:38:59.614+0000][10296][safepoint    ] Safepoint "Cleanup", Time since last: 1000172500 ns, Reaching safepoint: 127500 ns, At safepoint: 2600 ns, Total: 130100 ns
[2020-08-21T23:39:00.615+0000][10296][safepoint    ] Safepoint "Cleanup", Time since last: 1000352100 ns, Reaching safepoint: 144700 ns, At safepoint: 2300 ns, Total: 147000 ns
[2020-08-21T23:39:02.615+0000][10296][safepoint    ] Safepoint "Cleanup", Time since last: 2000388600 ns, Reaching safepoint: 127600 ns, At safepoint: 3100 ns, Total: 130700 ns
[2020-08-21T23:39:03.616+0000][10296][safepoint    ] Safepoint "Cleanup", Time since last: 1000317600 ns, Reaching safepoint: 109400 ns, At safepoint: 2100 ns, Total: 111500 ns
[2020-08-21T23:39:05.616+0000][10296][safepoint    ] Safepoint "Cleanup", Time since last: 2000371900 ns, Reaching safepoint: 159500 ns, At safepoint: 7600 ns, Total: 167100 ns
[2020-08-21T23:39:06.625+0000][10296][safepoint    ] Safepoint "Cleanup", Time since last: 1009296700 ns, Reaching safepoint: 118300 ns, At safepoint: 2100 ns, Total: 120400 ns
[2020-08-21T23:39:07.626+0000][10296][safepoint    ] Safepoint "Cleanup", Time since last: 1000449900 ns, Reaching safepoint: 133400 ns, At safepoint: 7400 ns, Total: 140800 ns
[2020-08-21T23:39:09.627+0000][10296][safepoint    ] Safepoint "Cleanup", Time since last: 2000289300 ns, Reaching safepoint: 124800 ns, At safepoint: 7100 ns, Total: 131900 ns
[2020-08-21T23:39:10.627+0000][10296][safepoint    ] Safepoint "Cleanup", Time since last: 1000171900 ns, Reaching safepoint: 127400 ns, At safepoint: 2000 ns, Total: 129400 ns
[2020-08-21T23:39:11.627+0000][10296][safepoint    ] Safepoint "Cleanup", Time since last: 1000176300 ns, Reaching safepoint: 136600 ns, At safepoint: 7200 ns, Total: 143800 ns
[2020-08-21T23:39:12.628+0000][10296][safepoint    ] Safepoint "Cleanup", Time since last: 1000162600 ns, Reaching safepoint: 121700 ns, At safepoint: 7300 ns, Total: 129000 ns
[2020-08-21T23:39:13.628+0000][10296][safepoint    ] Safepoint "Cleanup", Time since last: 1000173200 ns, Reaching safepoint: 119200 ns, At safepoint: 7400 ns, Total: 126600 ns
[2020-08-21T23:39:14.628+0000][10296][safepoint    ] Safepoint "Cleanup", Time since last: 1000179600 ns, Reaching safepoint: 116200 ns, At safepoint: 6800 ns, Total: 123000 ns
[2020-08-21T23:39:16.628+0000][10296][safepoint    ] Safepoint "Cleanup", Time since last: 1999938600 ns, Reaching safepoint: 132100 ns, At safepoint: 2000 ns, Total: 134100 ns
[2020-08-21T23:39:18.629+0000][10296][safepoint    ] Safepoint "Cleanup", Time since last: 2000316600 ns, Reaching safepoint: 112400 ns, At safepoint: 6400 ns, Total: 118800 ns
[2020-08-21T23:39:20.629+0000][10296][safepoint    ] Safepoint "Cleanup", Time since last: 2000411100 ns, Reaching safepoint: 141400 ns, At safepoint: 1900 ns, Total: 143300 ns
[2020-08-21T23:39:22.630+0000][10296][safepoint    ] Safepoint "Cleanup", Time since last: 2000366600 ns, Reaching safepoint: 121100 ns, At safepoint: 1900 ns, Total: 123000 ns
[2020-08-21T23:39:23.630+0000][10296][safepoint    ] Safepoint "Cleanup", Time since last: 1000374500 ns, Reaching safepoint: 136600 ns, At safepoint: 2400 ns, Total: 139000 ns
[2020-08-21T23:39:24.631+0000][10296][safepoint    ] Safepoint "Cleanup", Time since last: 1000356200 ns, Reaching safepoint: 137300 ns, At safepoint: 7000 ns, Total: 144300 ns
[2020-08-21T23:39:25.631+0000][10296][safepoint    ] Safepoint "Cleanup", Time since last: 1000343900 ns, Reaching safepoint: 122300 ns, At safepoint: 6800 ns, Total: 129100 ns
[2020-08-21T23:39:27.632+0000][10296][safepoint    ] Safepoint "Cleanup", Time since last: 2000384800 ns, Reaching safepoint: 128500 ns, At safepoint: 2100 ns, Total: 130600 ns
[2020-08-21T23:39:28.632+0000][10296][safepoint    ] Safepoint "Cleanup", Time since last: 1000005200 ns, Reaching safepoint: 125100 ns, At safepoint: 2000 ns, Total: 127100 ns
[2020-08-21T23:39:29.632+0000][10296][safepoint    ] Safepoint "Cleanup", Time since last: 1000179200 ns, Reaching safepoint: 119900 ns, At safepoint: 2400 ns, Total: 122300 ns
[2020-08-21T23:39:31.632+0000][10296][safepoint    ] Safepoint "Cleanup", Time since last: 1999917000 ns, Reaching safepoint: 131500 ns, At safepoint: 2300 ns, Total: 133800 ns
[2020-08-21T23:39:32.633+0000][10296][safepoint    ] Safepoint "Cleanup", Time since last: 1000351400 ns, Reaching safepoint: 132500 ns, At safepoint: 7100 ns, Total: 139600 ns
[2020-08-21T23:39:34.633+0000][10296][safepoint    ] Safepoint "Cleanup", Time since last: 2000405000 ns, Reaching safepoint: 149300 ns, At safepoint: 2800 ns, Total: 152100 ns
[2020-08-21T23:39:35.634+0000][10296][safepoint    ] Safepoint "Cleanup", Time since last: 1000294900 ns, Reaching safepoint: 117300 ns, At safepoint: 7300 ns, Total: 124600 ns
[2020-08-21T23:39:37.634+0000][10296][safepoint    ] Safepoint "Cleanup", Time since last: 2000423100 ns, Reaching safepoint: 137400 ns, At safepoint: 7700 ns, Total: 145100 ns
[2020-08-21T23:39:38.635+0000][10296][safepoint    ] Safepoint "Cleanup", Time since last: 1000347500 ns, Reaching safepoint: 115000 ns, At safepoint: 2100 ns, Total: 117100 ns
[2020-08-21T23:39:39.635+0000][10296][safepoint    ] Safepoint "Cleanup", Time since last: 1000348300 ns, Reaching safepoint: 121800 ns, At safepoint: 2100 ns, Total: 123900 ns
[2020-08-21T23:39:41.636+0000][10296][safepoint    ] Safepoint "Cleanup", Time since last: 2000414800 ns, Reaching safepoint: 130400 ns, At safepoint: 7500 ns, Total: 137900 ns
[2020-08-21T23:39:43.636+0000][10296][safepoint    ] Safepoint "Cleanup", Time since last: 2000362600 ns, Reaching safepoint: 132500 ns, At safepoint: 2500 ns, Total: 135000 ns
[2020-08-21T23:39:44.637+0000][10296][safepoint    ] Safepoint "Cleanup", Time since last: 1000345500 ns, Reaching safepoint: 144200 ns, At safepoint: 2000 ns, Total: 146200 ns
[2020-08-21T23:39:45.637+0000][10296][safepoint    ] Safepoint "Cleanup", Time since last: 1000319900 ns, Reaching safepoint: 123100 ns, At safepoint: 7700 ns, Total: 130800 ns
[2020-08-21T23:39:47.637+0000][10296][safepoint    ] Safepoint "Cleanup", Time since last: 1999964600 ns, Reaching safepoint: 189600 ns, At safepoint: 8300 ns, Total: 197900 ns
[2020-08-21T23:39:48.638+0000][10296][safepoint    ] Safepoint "Cleanup", Time since last: 1000258300 ns, Reaching safepoint: 130300 ns, At safepoint: 7500 ns, Total: 137800 ns
[2020-08-21T23:39:49.638+0000][10296][safepoint    ] Safepoint "Cleanup", Time since last: 1000057800 ns, Reaching safepoint: 124200 ns, At safepoint: 7100 ns, Total: 131300 ns
[2020-08-21T23:39:50.638+0000][10296][safepoint    ] Safepoint "Cleanup", Time since last: 1000174500 ns, Reaching safepoint: 127800 ns, At safepoint: 2600 ns, Total: 130400 ns
[2020-08-21T23:39:52.639+0000][10296][safepoint    ] Safepoint "Cleanup", Time since last: 2000328400 ns, Reaching safepoint: 121800 ns, At safepoint: 2100 ns, Total: 123900 ns
[2020-08-21T23:39:53.639+0000][10296][safepoint    ] Safepoint "Cleanup", Time since last: 1000183500 ns, Reaching safepoint: 124600 ns, At safepoint: 6400 ns, Total: 131000 ns
[2020-08-21T23:39:54.639+0000][10296][safepoint    ] Safepoint "Cleanup", Time since last: 1000061400 ns, Reaching safepoint: 113200 ns, At safepoint: 7200 ns, Total: 120400 ns
[2020-08-21T23:39:56.639+0000][10296][safepoint    ] Safepoint "Cleanup", Time since last: 1999913200 ns, Reaching safepoint: 138800 ns, At safepoint: 7600 ns, Total: 146400 ns
[2020-08-21T23:39:58.640+0000][10296][safepoint    ] Safepoint "Cleanup", Time since last: 2000353000 ns, Reaching safepoint: 120000 ns, At safepoint: 2100 ns, Total: 122100 ns
[2020-08-21T23:39:59.640+0000][10296][safepoint    ] Safepoint "Cleanup", Time since last: 1000364000 ns, Reaching safepoint: 130900 ns, At safepoint: 2600 ns, Total: 133500 ns
[2020-08-21T23:40:01.641+0000][10296][safepoint    ] Safepoint "Cleanup", Time since last: 2000341000 ns, Reaching safepoint: 121400 ns, At safepoint: 7000 ns, Total: 128400 ns
[2020-08-21T23:40:03.641+0000][10296][safepoint    ] Safepoint "Cleanup", Time since last: 2000410700 ns, Reaching safepoint: 111000 ns, At safepoint: 7200 ns, Total: 118200 ns
[2020-08-21T23:40:04.642+0000][10296][safepoint    ] Safepoint "Cleanup", Time since last: 1000376600 ns, Reaching safepoint: 130100 ns, At safepoint: 7000 ns, Total: 137100 ns
[2020-08-21T23:40:05.642+0000][10296][safepoint    ] Safepoint "Cleanup", Time since last: 1000341400 ns, Reaching safepoint: 131600 ns, At safepoint: 6700 ns, Total: 138300 ns
[2020-08-21T23:40:07.643+0000][10296][safepoint    ] Safepoint "Cleanup", Time since last: 2000104100 ns, Reaching safepoint: 119200 ns, At safepoint: 2100 ns, Total: 121300 ns
[2020-08-21T23:40:08.643+0000][10296][safepoint    ] Safepoint "Cleanup", Time since last: 1000181300 ns, Reaching safepoint: 133000 ns, At safepoint: 7200 ns, Total: 140200 ns
[2020-08-21T23:40:09.643+0000][10296][safepoint    ] Safepoint "Cleanup", Time since last: 1000317300 ns, Reaching safepoint: 154300 ns, At safepoint: 7100 ns, Total: 161400 ns
[2020-08-21T23:40:11.643+0000][10296][safepoint    ] Safepoint "Cleanup", Time since last: 1999881300 ns, Reaching safepoint: 137900 ns, At safepoint: 7300 ns, Total: 145200 ns
[2020-08-21T23:40:12.644+0000][10296][safepoint    ] Safepoint "Cleanup", Time since last: 1000343400 ns, Reaching safepoint: 171400 ns, At safepoint: 2400 ns, Total: 173800 ns
[2020-08-21T23:40:13.644+0000][10296][safepoint    ] Safepoint "Cleanup", Time since last: 1000317700 ns, Reaching safepoint: 132400 ns, At safepoint: 2600 ns, Total: 135000 ns
[2020-08-21T23:40:15.645+0000][10296][safepoint    ] Safepoint "Cleanup", Time since last: 2000347500 ns, Reaching safepoint: 124000 ns, At safepoint: 2000 ns, Total: 126000 ns
[2020-08-21T23:40:16.645+0000][10296][safepoint    ] Safepoint "Cleanup", Time since last: 1000372500 ns, Reaching safepoint: 129200 ns, At safepoint: 6500 ns, Total: 135700 ns
[2020-08-21T23:40:18.645+0000][10296][safepoint    ] Safepoint "Cleanup", Time since last: 1999897900 ns, Reaching safepoint: 151400 ns, At safepoint: 7100 ns, Total: 158500 ns
[2020-08-21T23:40:20.646+0000][10296][safepoint    ] Safepoint "Cleanup", Time since last: 2000336400 ns, Reaching safepoint: 119000 ns, At safepoint: 2100 ns, Total: 121100 ns
[2020-08-21T23:40:21.646+0000][10296][safepoint    ] Safepoint "Cleanup", Time since last: 1000349900 ns, Reaching safepoint: 123400 ns, At safepoint: 7200 ns, Total: 130600 ns
[2020-08-21T23:40:23.646+0000][10296][safepoint    ] Safepoint "Cleanup", Time since last: 1999918500 ns, Reaching safepoint: 122700 ns, At safepoint: 2000 ns, Total: 124700 ns
[2020-08-21T23:40:24.647+0000][10296][safepoint    ] Safepoint "Cleanup", Time since last: 1000315900 ns, Reaching safepoint: 128600 ns, At safepoint: 5700 ns, Total: 134300 ns
[2020-08-21T23:40:26.647+0000][10296][safepoint    ] Safepoint "Cleanup", Time since last: 1999878300 ns, Reaching safepoint: 128200 ns, At safepoint: 2000 ns, Total: 130200 ns
[2020-08-21T23:40:28.647+0000][10296][safepoint    ] Safepoint "Cleanup", Time since last: 1999912000 ns, Reaching safepoint: 123200 ns, At safepoint: 2100 ns, Total: 125300 ns
[2020-08-21T23:40:29.647+0000][10296][safepoint    ] Safepoint "Cleanup", Time since last: 1000376200 ns, Reaching safepoint: 132400 ns, At safepoint: 2800 ns, Total: 135200 ns
[2020-08-21T23:40:30.648+0000][10296][safepoint    ] Safepoint "Cleanup", Time since last: 1000329400 ns, Reaching safepoint: 116600 ns, At safepoint: 1900 ns, Total: 118500 ns
[2020-08-21T23:40:32.648+0000][10296][safepoint    ] Safepoint "Cleanup", Time since last: 2000378000 ns, Reaching safepoint: 126400 ns, At safepoint: 2500 ns, Total: 128900 ns
[2020-08-21T23:40:34.648+0000][10296][safepoint    ] Safepoint "Cleanup", Time since last: 1999892500 ns, Reaching safepoint: 134500 ns, At safepoint: 8200 ns, Total: 142700 ns
[2020-08-21T23:40:35.649+0000][10296][safepoint    ] Safepoint "Cleanup", Time since last: 1000325000 ns, Reaching safepoint: 118100 ns, At safepoint: 6900 ns, Total: 125000 ns
[2020-08-21T23:40:37.649+0000][10296][safepoint    ] Safepoint "Cleanup", Time since last: 1999905600 ns, Reaching safepoint: 135900 ns, At safepoint: 2200 ns, Total: 138100 ns
[2020-08-21T23:40:39.649+0000][10296][safepoint    ] Safepoint "Cleanup", Time since last: 2000330200 ns, Reaching safepoint: 132200 ns, At safepoint: 7000 ns, Total: 139200 ns
[2020-08-21T23:40:41.650+0000][10296][safepoint    ] Safepoint "Cleanup", Time since last: 2000375500 ns, Reaching safepoint: 142300 ns, At safepoint: 2600 ns, Total: 144900 ns
[2020-08-21T23:40:42.650+0000][10296][safepoint    ] Safepoint "Cleanup", Time since last: 1000339400 ns, Reaching safepoint: 128300 ns, At safepoint: 2000 ns, Total: 130300 ns
[2020-08-21T23:40:44.651+0000][10296][safepoint    ] Safepoint "Cleanup", Time since last: 2000380500 ns, Reaching safepoint: 119000 ns, At safepoint: 2800 ns, Total: 121800 ns
[2020-08-21T23:40:45.651+0000][10296][safepoint    ] Safepoint "Cleanup", Time since last: 1000374000 ns, Reaching safepoint: 129800 ns, At safepoint: 2100 ns, Total: 131900 ns
[2020-08-21T23:40:47.652+0000][10296][safepoint    ] Safepoint "Cleanup", Time since last: 2000373700 ns, Reaching safepoint: 143200 ns, At safepoint: 2500 ns, Total: 145700 ns
[2020-08-21T23:40:48.652+0000][10296][safepoint    ] Safepoint "Cleanup", Time since last: 1000331600 ns, Reaching safepoint: 124600 ns, At safepoint: 6500 ns, Total: 131100 ns
[2020-08-21T23:40:50.652+0000][10296][safepoint    ] Safepoint "Cleanup", Time since last: 1999978300 ns, Reaching safepoint: 123900 ns, At safepoint: 2300 ns, Total: 126200 ns
[2020-08-21T23:40:51.653+0000][10296][safepoint    ] Safepoint "Cleanup", Time since last: 1000319600 ns, Reaching safepoint: 135300 ns, At safepoint: 2300 ns, Total: 137600 ns
[2020-08-21T23:40:52.653+0000][10296][safepoint    ] Safepoint "Cleanup", Time since last: 1000347800 ns, Reaching safepoint: 128400 ns, At safepoint: 7500 ns, Total: 135900 ns
[2020-08-21T23:40:54.654+0000][10296][safepoint    ] Safepoint "Cleanup", Time since last: 2000328300 ns, Reaching safepoint: 129500 ns, At safepoint: 7200 ns, Total: 136700 ns
[2020-08-21T23:40:56.654+0000][10296][safepoint    ] Safepoint "Cleanup", Time since last: 2000387400 ns, Reaching safepoint: 126100 ns, At safepoint: 6900 ns, Total: 133000 ns
[2020-08-21T23:40:58.655+0000][10296][safepoint    ] Safepoint "Cleanup", Time since last: 2000372700 ns, Reaching safepoint: 122500 ns, At safepoint: 6200 ns, Total: 128700 ns
[2020-08-21T23:41:00.655+0000][10296][safepoint    ] Safepoint "Cleanup", Time since last: 1999949800 ns, Reaching safepoint: 132900 ns, At safepoint: 6800 ns, Total: 139700 ns
[2020-08-21T23:41:01.655+0000][10296][safepoint    ] Safepoint "Cleanup", Time since last: 1000276900 ns, Reaching safepoint: 146800 ns, At safepoint: 2400 ns, Total: 149200 ns
[2020-08-21T23:41:02.656+0000][10296][safepoint    ] Safepoint "Cleanup", Time since last: 1000348200 ns, Reaching safepoint: 136600 ns, At safepoint: 7400 ns, Total: 144000 ns
[2020-08-21T23:41:03.656+0000][10296][safepoint    ] Safepoint "Cleanup", Time since last: 1000345300 ns, Reaching safepoint: 125900 ns, At safepoint: 6200 ns, Total: 132100 ns
[2020-08-21T23:41:05.656+0000][10296][safepoint    ] Safepoint "Cleanup", Time since last: 1999881200 ns, Reaching safepoint: 127700 ns, At safepoint: 7100 ns, Total: 134800 ns
[2020-08-21T23:41:06.657+0000][10296][safepoint    ] Safepoint "Cleanup", Time since last: 1000361900 ns, Reaching safepoint: 156100 ns, At safepoint: 6800 ns, Total: 162900 ns
[2020-08-21T23:41:08.657+0000][10296][safepoint    ] Safepoint "Cleanup", Time since last: 2000421900 ns, Reaching safepoint: 122300 ns, At safepoint: 2500 ns, Total: 124800 ns
[2020-08-21T23:41:09.658+0000][10296][safepoint    ] Safepoint "Cleanup", Time since last: 1000307500 ns, Reaching safepoint: 130900 ns, At safepoint: 6500 ns, Total: 137400 ns
[2020-08-21T23:41:11.658+0000][10296][safepoint    ] Safepoint "Cleanup", Time since last: 2000334900 ns, Reaching safepoint: 129000 ns, At safepoint: 2000 ns, Total: 131000 ns
[2020-08-21T23:41:13.658+0000][10296][safepoint    ] Safepoint "Cleanup", Time since last: 1999935200 ns, Reaching safepoint: 120000 ns, At safepoint: 6400 ns, Total: 126400 ns
[2020-08-21T23:41:14.659+0000][10296][safepoint    ] Safepoint "Cleanup", Time since last: 1000337200 ns, Reaching safepoint: 131300 ns, At safepoint: 6700 ns, Total: 138000 ns
[2020-08-21T23:41:15.659+0000][10296][safepoint    ] Safepoint "Cleanup", Time since last: 1000330000 ns, Reaching safepoint: 106000 ns, At safepoint: 2000 ns, Total: 108000 ns
[2020-08-21T23:41:17.659+0000][10296][safepoint    ] Safepoint "Cleanup", Time since last: 1999921900 ns, Reaching safepoint: 129100 ns, At safepoint: 2400 ns, Total: 131500 ns
[2020-08-21T23:41:18.660+0000][10296][safepoint    ] Safepoint "Cleanup", Time since last: 1000350400 ns, Reaching safepoint: 124600 ns, At safepoint: 6100 ns, Total: 130700 ns
[2020-08-21T23:41:20.660+0000][10296][safepoint    ] Safepoint "Cleanup", Time since last: 2000344600 ns, Reaching safepoint: 121900 ns, At safepoint: 2000 ns, Total: 123900 ns
[2020-08-21T23:41:22.661+0000][10296][safepoint    ] Safepoint "Cleanup", Time since last: 2000419400 ns, Reaching safepoint: 118700 ns, At safepoint: 2400 ns, Total: 121100 ns
[2020-08-21T23:41:24.661+0000][10296][safepoint    ] Safepoint "Cleanup", Time since last: 2000372900 ns, Reaching safepoint: 140700 ns, At safepoint: 2200 ns, Total: 142900 ns
[2020-08-21T23:41:26.662+0000][10296][safepoint    ] Safepoint "Cleanup", Time since last: 2000342800 ns, Reaching safepoint: 146000 ns, At safepoint: 2200 ns, Total: 148200 ns
[2020-08-21T23:41:28.662+0000][10296][safepoint    ] Safepoint "Cleanup", Time since last: 1999893700 ns, Reaching safepoint: 155300 ns, At safepoint: 6400 ns, Total: 161700 ns
[2020-08-21T23:41:29.662+0000][10296][safepoint    ] Safepoint "Cleanup", Time since last: 1000330500 ns, Reaching safepoint: 140700 ns, At safepoint: 2600 ns, Total: 143300 ns
[2020-08-21T23:41:30.663+0000][10296][safepoint    ] Safepoint "Cleanup", Time since last: 1000357000 ns, Reaching safepoint: 140300 ns, At safepoint: 6900 ns, Total: 147200 ns
[2020-08-21T23:41:31.663+0000][10296][safepoint    ] Safepoint "Cleanup", Time since last: 1000310100 ns, Reaching safepoint: 131300 ns, At safepoint: 6600 ns, Total: 137900 ns
[2020-08-21T23:41:32.664+0000][10296][safepoint    ] Safepoint "Cleanup", Time since last: 1000359100 ns, Reaching safepoint: 126600 ns, At safepoint: 2800 ns, Total: 129400 ns
[2020-08-21T23:41:34.664+0000][10296][safepoint    ] Safepoint "Cleanup", Time since last: 1999909100 ns, Reaching safepoint: 140300 ns, At safepoint: 6700 ns, Total: 147000 ns
[2020-08-21T23:41:35.664+0000][10296][safepoint    ] Safepoint "Cleanup", Time since last: 1000353400 ns, Reaching safepoint: 117400 ns, At safepoint: 7000 ns, Total: 124400 ns
[2020-08-21T23:41:36.665+0000][10296][safepoint    ] Safepoint "Cleanup", Time since last: 1000379900 ns, Reaching safepoint: 128000 ns, At safepoint: 7100 ns, Total: 135100 ns
[2020-08-21T23:41:38.665+0000][10296][safepoint    ] Safepoint "Cleanup", Time since last: 2000362400 ns, Reaching safepoint: 129300 ns, At safepoint: 2400 ns, Total: 131700 ns
[2020-08-21T23:41:39.666+0000][10296][safepoint    ] Safepoint "Cleanup", Time since last: 1000351500 ns, Reaching safepoint: 122900 ns, At safepoint: 2300 ns, Total: 125200 ns
[2020-08-21T23:41:41.666+0000][10296][safepoint    ] Safepoint "Cleanup", Time since last: 1999880400 ns, Reaching safepoint: 120200 ns, At safepoint: 2500 ns, Total: 122700 ns
[2020-08-21T23:41:42.666+0000][10296][safepoint    ] Safepoint "Cleanup", Time since last: 1000335300 ns, Reaching safepoint: 122000 ns, At safepoint: 6800 ns, Total: 128800 ns
[2020-08-21T23:41:44.666+0000][10296][safepoint    ] Safepoint "Cleanup", Time since last: 1999922300 ns, Reaching safepoint: 122600 ns, At safepoint: 2000 ns, Total: 124600 ns
[2020-08-21T23:41:45.667+0000][10296][safepoint    ] Safepoint "Cleanup", Time since last: 1000325900 ns, Reaching safepoint: 127200 ns, At safepoint: 6600 ns, Total: 133800 ns
[2020-08-21T23:41:47.667+0000][10296][safepoint    ] Safepoint "Cleanup", Time since last: 2000402900 ns, Reaching safepoint: 124700 ns, At safepoint: 7200 ns, Total: 131900 ns
[2020-08-21T23:41:49.668+0000][10296][safepoint    ] Safepoint "Cleanup", Time since last: 2000351400 ns, Reaching safepoint: 120000 ns, At safepoint: 2100 ns, Total: 122100 ns
[2020-08-21T23:41:51.668+0000][10296][safepoint    ] Safepoint "Cleanup", Time since last: 2000392500 ns, Reaching safepoint: 115200 ns, At safepoint: 7200 ns, Total: 122400 ns
[2020-08-21T23:41:53.668+0000][10296][safepoint    ] Safepoint "Cleanup", Time since last: 1999888900 ns, Reaching safepoint: 116700 ns, At safepoint: 6200 ns, Total: 122900 ns
[2020-08-21T23:41:54.669+0000][10296][safepoint    ] Safepoint "Cleanup", Time since last: 1000367400 ns, Reaching safepoint: 121100 ns, At safepoint: 2100 ns, Total: 123200 ns
[2020-08-21T23:41:55.669+0000][10296][safepoint    ] Safepoint "Cleanup", Time since last: 1000360400 ns, Reaching safepoint: 127600 ns, At safepoint: 6400 ns, Total: 134000 ns
[2020-08-21T23:41:57.670+0000][10296][safepoint    ] Safepoint "Cleanup", Time since last: 2000381300 ns, Reaching safepoint: 157900 ns, At safepoint: 2100 ns, Total: 160000 ns
[2020-08-21T23:41:58.670+0000][10296][safepoint    ] Safepoint "Cleanup", Time since last: 1000332300 ns, Reaching safepoint: 119200 ns, At safepoint: 6800 ns, Total: 126000 ns
[2020-08-21T23:41:59.671+0000][10296][safepoint    ] Safepoint "Cleanup", Time since last: 1000355800 ns, Reaching safepoint: 126500 ns, At safepoint: 7000 ns, Total: 133500 ns
[2020-08-21T23:42:01.671+0000][10296][safepoint    ] Safepoint "Cleanup", Time since last: 1999926000 ns, Reaching safepoint: 123700 ns, At safepoint: 2200 ns, Total: 125900 ns
[2020-08-21T23:42:03.469+0000][10296][safepoint    ] Safepoint "Cleanup", Time since last: 1798341400 ns, Reaching safepoint: 116700 ns, At safepoint: 2100 ns, Total: 118800 ns
[2020-08-21T23:42:04.470+0000][10296][safepoint    ] Safepoint "Cleanup", Time since last: 1000382800 ns, Reaching safepoint: 128300 ns, At safepoint: 6200 ns, Total: 134500 ns
[2020-08-21T23:42:06.470+0000][10296][safepoint    ] Safepoint "Cleanup", Time since last: 1999899900 ns, Reaching safepoint: 122800 ns, At safepoint: 2000 ns, Total: 124800 ns
[2020-08-21T23:42:08.470+0000][10296][safepoint    ] Safepoint "Cleanup", Time since last: 2000378500 ns, Reaching safepoint: 149900 ns, At safepoint: 8000 ns, Total: 157900 ns
[2020-08-21T23:42:09.471+0000][10296][safepoint    ] Safepoint "Cleanup", Time since last: 1000275600 ns, Reaching safepoint: 160300 ns, At safepoint: 8200 ns, Total: 168500 ns
[2020-08-21T23:42:11.471+0000][10296][safepoint    ] Safepoint "Cleanup", Time since last: 1999866300 ns, Reaching safepoint: 128500 ns, At safepoint: 2100 ns, Total: 130600 ns
[2020-08-21T23:42:12.471+0000][10296][safepoint    ] Safepoint "Cleanup", Time since last: 1000342500 ns, Reaching safepoint: 151600 ns, At safepoint: 7000 ns, Total: 158600 ns
[2020-08-21T23:42:13.472+0000][10296][safepoint    ] Safepoint "Cleanup", Time since last: 1000267800 ns, Reaching safepoint: 130900 ns, At safepoint: 2000 ns, Total: 132900 ns
[2020-08-21T23:42:14.472+0000][10296][safepoint    ] Safepoint "Cleanup", Time since last: 1000176800 ns, Reaching safepoint: 127800 ns, At safepoint: 2100 ns, Total: 129900 ns
[2020-08-21T23:42:15.472+0000][10296][safepoint    ] Safepoint "Cleanup", Time since last: 1000175000 ns, Reaching safepoint: 146500 ns, At safepoint: 2800 ns, Total: 149300 ns
[2020-08-21T23:42:16.473+0000][10296][safepoint    ] Safepoint "Cleanup", Time since last: 1000153900 ns, Reaching safepoint: 153100 ns, At safepoint: 7200 ns, Total: 160300 ns
[2020-08-21T23:42:18.473+0000][10296][safepoint    ] Safepoint "Cleanup", Time since last: 2000001500 ns, Reaching safepoint: 124900 ns, At safepoint: 2300 ns, Total: 127200 ns
[2020-08-21T23:42:20.473+0000][10296][safepoint    ] Safepoint "Cleanup", Time since last: 2000359800 ns, Reaching safepoint: 131800 ns, At safepoint: 2600 ns, Total: 134400 ns
[2020-08-21T23:42:22.473+0000][10296][safepoint    ] Safepoint "Cleanup", Time since last: 1999951500 ns, Reaching safepoint: 113400 ns, At safepoint: 2000 ns, Total: 115400 ns
[2020-08-21T23:42:24.474+0000][10296][safepoint    ] Safepoint "Cleanup", Time since last: 2000283100 ns, Reaching safepoint: 149200 ns, At safepoint: 7800 ns, Total: 157000 ns
[2020-08-21T23:42:26.474+0000][10296][safepoint    ] Safepoint "Cleanup", Time since last: 1999872800 ns, Reaching safepoint: 136500 ns, At safepoint: 2200 ns, Total: 138700 ns
[2020-08-21T23:42:28.474+0000][10296][safepoint    ] Safepoint "Cleanup", Time since last: 2000406400 ns, Reaching safepoint: 170700 ns, At safepoint: 2300 ns, Total: 173000 ns
[2020-08-21T23:42:29.475+0000][10296][safepoint    ] Safepoint "Cleanup", Time since last: 1000297700 ns, Reaching safepoint: 137600 ns, At safepoint: 7900 ns, Total: 145500 ns
[2020-08-21T23:42:30.475+0000][10296][safepoint    ] Safepoint "Cleanup", Time since last: 1000327300 ns, Reaching safepoint: 131300 ns, At safepoint: 6900 ns, Total: 138200 ns
[2020-08-21T23:42:32.475+0000][10296][safepoint    ] Safepoint "Cleanup", Time since last: 1999869400 ns, Reaching safepoint: 137600 ns, At safepoint: 7700 ns, Total: 145300 ns
[2020-08-21T23:42:33.476+0000][10296][safepoint    ] Safepoint "Cleanup", Time since last: 1000355200 ns, Reaching safepoint: 129200 ns, At safepoint: 2800 ns, Total: 132000 ns
[2020-08-21T23:42:35.476+0000][10296][safepoint    ] Safepoint "Cleanup", Time since last: 2000356200 ns, Reaching safepoint: 127700 ns, At safepoint: 7200 ns, Total: 134900 ns
[2020-08-21T23:42:37.477+0000][10296][safepoint    ] Safepoint "Cleanup", Time since last: 2000389200 ns, Reaching safepoint: 138300 ns, At safepoint: 7400 ns, Total: 145700 ns
[2020-08-21T23:42:39.477+0000][10296][safepoint    ] Safepoint "Cleanup", Time since last: 2000341300 ns, Reaching safepoint: 120400 ns, At safepoint: 2100 ns, Total: 122500 ns
[2020-08-21T23:42:41.478+0000][10296][safepoint    ] Safepoint "Cleanup", Time since last: 2000368600 ns, Reaching safepoint: 119100 ns, At safepoint: 2100 ns, Total: 121200 ns
[2020-08-21T23:42:43.478+0000][10296][safepoint    ] Safepoint "Cleanup", Time since last: 2000398300 ns, Reaching safepoint: 148600 ns, At safepoint: 2500 ns, Total: 151100 ns
[2020-08-21T23:42:45.478+0000][10296][safepoint    ] Safepoint "Cleanup", Time since last: 1999861400 ns, Reaching safepoint: 163900 ns, At safepoint: 7900 ns, Total: 171800 ns
[2020-08-21T23:42:47.479+0000][10296][safepoint    ] Safepoint "Cleanup", Time since last: 2000349800 ns, Reaching safepoint: 130000 ns, At safepoint: 7400 ns, Total: 137400 ns
[2020-08-21T23:42:48.479+0000][10296][safepoint    ] Safepoint "Cleanup", Time since last: 1000201300 ns, Reaching safepoint: 157300 ns, At safepoint: 6600 ns, Total: 163900 ns
[2020-08-21T23:42:49.480+0000][10296][safepoint    ] Safepoint "Cleanup", Time since last: 1000142200 ns, Reaching safepoint: 133100 ns, At safepoint: 7600 ns, Total: 140700 ns
[2020-08-21T23:42:50.480+0000][10296][safepoint    ] Safepoint "Cleanup", Time since last: 1000153900 ns, Reaching safepoint: 120000 ns, At safepoint: 7500 ns, Total: 127500 ns
[2020-08-21T23:42:52.480+0000][10296][safepoint    ] Safepoint "Cleanup", Time since last: 1999933200 ns, Reaching safepoint: 128400 ns, At safepoint: 6400 ns, Total: 134800 ns
[2020-08-21T23:42:53.480+0000][10296][safepoint    ] Safepoint "Cleanup", Time since last: 1000306300 ns, Reaching safepoint: 132200 ns, At safepoint: 2300 ns, Total: 134500 ns
[2020-08-21T23:42:55.481+0000][10296][safepoint    ] Safepoint "Cleanup", Time since last: 2000374800 ns, Reaching safepoint: 129500 ns, At safepoint: 2800 ns, Total: 132300 ns
[2020-08-21T23:42:57.481+0000][10296][safepoint    ] Safepoint "Cleanup", Time since last: 2000225600 ns, Reaching safepoint: 150900 ns, At safepoint: 2000 ns, Total: 152900 ns
[2020-08-21T23:42:58.481+0000][10296][safepoint    ] Safepoint "Cleanup", Time since last: 1000086300 ns, Reaching safepoint: 123100 ns, At safepoint: 7800 ns, Total: 130900 ns
[2020-08-21T23:42:59.482+0000][10296][safepoint    ] Safepoint "Cleanup", Time since last: 1000348900 ns, Reaching safepoint: 120900 ns, At safepoint: 6900 ns, Total: 127800 ns
[2020-08-21T23:43:00.482+0000][10296][safepoint    ] Safepoint "Cleanup", Time since last: 1000031700 ns, Reaching safepoint: 132700 ns, At safepoint: 2000 ns, Total: 134700 ns
[2020-08-21T23:43:01.482+0000][10296][safepoint    ] Safepoint "Cleanup", Time since last: 1000143500 ns, Reaching safepoint: 116500 ns, At safepoint: 7600 ns, Total: 124100 ns
[2020-08-21T23:43:03.482+0000][10296][safepoint    ] Safepoint "Cleanup", Time since last: 1999970400 ns, Reaching safepoint: 117100 ns, At safepoint: 2100 ns, Total: 119200 ns
[2020-08-21T23:43:04.483+0000][10296][safepoint    ] Safepoint "Cleanup", Time since last: 1000339500 ns, Reaching safepoint: 126700 ns, At safepoint: 2000 ns, Total: 128700 ns
[2020-08-21T23:43:05.483+0000][10296][safepoint    ] Safepoint "Cleanup", Time since last: 1000303600 ns, Reaching safepoint: 131600 ns, At safepoint: 7800 ns, Total: 139400 ns
[2020-08-21T23:43:06.620+0000][10296][safepoint    ] Safepoint "Cleanup", Time since last: 1136245900 ns, Reaching safepoint: 134800 ns, At safepoint: 10400 ns, Total: 145200 ns
[2020-08-21T23:43:07.620+0000][10296][safepoint    ] Safepoint "Cleanup", Time since last: 1000005200 ns, Reaching safepoint: 139100 ns, At safepoint: 7300 ns, Total: 146400 ns
[2020-08-21T23:43:08.620+0000][10296][safepoint    ] Safepoint "Cleanup", Time since last: 1000332300 ns, Reaching safepoint: 125400 ns, At safepoint: 2200 ns, Total: 127600 ns
[2020-08-21T23:43:10.621+0000][10296][safepoint    ] Safepoint "Cleanup", Time since last: 2000360400 ns, Reaching safepoint: 147000 ns, At safepoint: 7800 ns, Total: 154800 ns
[2020-08-21T23:43:11.621+0000][10296][safepoint    ] Safepoint "Cleanup", Time since last: 1000014700 ns, Reaching safepoint: 145000 ns, At safepoint: 7700 ns, Total: 152700 ns
[2020-08-21T23:43:12.621+0000][10296][safepoint    ] Safepoint "Cleanup", Time since last: 1000229700 ns, Reaching safepoint: 130100 ns, At safepoint: 7800 ns, Total: 137900 ns
[2020-08-21T23:43:13.622+0000][10296][safepoint    ] Safepoint "Cleanup", Time since last: 1000328600 ns, Reaching safepoint: 129800 ns, At safepoint: 7600 ns, Total: 137400 ns
[2020-08-21T23:43:15.622+0000][10296][safepoint    ] Safepoint "Cleanup", Time since last: 1999901600 ns, Reaching safepoint: 121800 ns, At safepoint: 2000 ns, Total: 123800 ns
[2020-08-21T23:43:16.622+0000][10296][safepoint    ] Safepoint "Cleanup", Time since last: 1000373100 ns, Reaching safepoint: 137000 ns, At safepoint: 7200 ns, Total: 144200 ns
[2020-08-21T23:43:17.623+0000][10296][safepoint    ] Safepoint "Cleanup", Time since last: 1000323600 ns, Reaching safepoint: 139400 ns, At safepoint: 8200 ns, Total: 147600 ns
[2020-08-21T23:43:18.623+0000][10296][safepoint    ] Safepoint "Cleanup", Time since last: 1000353100 ns, Reaching safepoint: 137700 ns, At safepoint: 7200 ns, Total: 144900 ns
[2020-08-21T23:43:20.623+0000][10296][safepoint    ] Safepoint "Cleanup", Time since last: 1999948800 ns, Reaching safepoint: 130600 ns, At safepoint: 2200 ns, Total: 132800 ns
[2020-08-21T23:43:21.624+0000][10296][safepoint    ] Safepoint "Cleanup", Time since last: 1000307900 ns, Reaching safepoint: 118200 ns, At safepoint: 2200 ns, Total: 120400 ns
[2020-08-21T23:43:22.624+0000][10296][safepoint    ] Safepoint "Cleanup", Time since last: 1000330400 ns, Reaching safepoint: 139100 ns, At safepoint: 2400 ns, Total: 141500 ns
[2020-08-21T23:43:24.625+0000][10296][safepoint    ] Safepoint "Cleanup", Time since last: 2000370600 ns, Reaching safepoint: 140900 ns, At safepoint: 8100 ns, Total: 149000 ns
[2020-08-21T23:43:25.625+0000][10296][safepoint    ] Safepoint "Cleanup", Time since last: 1000315300 ns, Reaching safepoint: 135400 ns, At safepoint: 7100 ns, Total: 142500 ns
[2020-08-21T23:43:27.625+0000][10296][safepoint    ] Safepoint "Cleanup", Time since last: 1999978700 ns, Reaching safepoint: 130500 ns, At safepoint: 2400 ns, Total: 132900 ns
[2020-08-21T23:43:28.626+0000][10296][safepoint    ] Safepoint "Cleanup", Time since last: 1000319200 ns, Reaching safepoint: 131300 ns, At safepoint: 6900 ns, Total: 138200 ns
[2020-08-21T23:43:29.626+0000][10296][safepoint    ] Safepoint "Cleanup", Time since last: 1000320000 ns, Reaching safepoint: 132500 ns, At safepoint: 7300 ns, Total: 139800 ns
[2020-08-21T23:43:30.627+0000][10296][safepoint    ] Safepoint "Cleanup", Time since last: 1000358500 ns, Reaching safepoint: 134500 ns, At safepoint: 7400 ns, Total: 141900 ns
[2020-08-21T23:43:32.627+0000][10296][safepoint    ] Safepoint "Cleanup", Time since last: 2000365200 ns, Reaching safepoint: 138900 ns, At safepoint: 2300 ns, Total: 141200 ns
[2020-08-21T23:43:34.628+0000][10296][safepoint    ] Safepoint "Cleanup", Time since last: 2000335700 ns, Reaching safepoint: 132400 ns, At safepoint: 7000 ns, Total: 139400 ns
[2020-08-21T23:43:35.628+0000][10296][safepoint    ] Safepoint "Cleanup", Time since last: 1000361600 ns, Reaching safepoint: 128900 ns, At safepoint: 7700 ns, Total: 136600 ns
[2020-08-21T23:43:37.628+0000][10296][safepoint    ] Safepoint "Cleanup", Time since last: 1999884900 ns, Reaching safepoint: 139300 ns, At safepoint: 7500 ns, Total: 146800 ns
[2020-08-21T23:43:39.629+0000][10296][safepoint    ] Safepoint "Cleanup", Time since last: 2000393000 ns, Reaching safepoint: 122700 ns, At safepoint: 7000 ns, Total: 129700 ns
[2020-08-21T23:43:40.629+0000][10296][safepoint    ] Safepoint "Cleanup", Time since last: 1000321100 ns, Reaching safepoint: 126500 ns, At safepoint: 2300 ns, Total: 128800 ns
[2020-08-21T23:43:42.630+0000][10296][safepoint    ] Safepoint "Cleanup", Time since last: 2000325000 ns, Reaching safepoint: 131800 ns, At safepoint: 7200 ns, Total: 139000 ns
[2020-08-21T23:43:44.630+0000][10296][safepoint    ] Safepoint "Cleanup", Time since last: 2000414200 ns, Reaching safepoint: 143100 ns, At safepoint: 7500 ns, Total: 150600 ns
[2020-08-21T23:43:45.631+0000][10296][safepoint    ] Safepoint "Cleanup", Time since last: 1000315400 ns, Reaching safepoint: 128700 ns, At safepoint: 2000 ns, Total: 130700 ns
[2020-08-21T23:43:47.631+0000][10296][safepoint    ] Safepoint "Cleanup", Time since last: 2000422300 ns, Reaching safepoint: 124100 ns, At safepoint: 7100 ns, Total: 131200 ns
[2020-08-21T23:43:49.632+0000][10296][safepoint    ] Safepoint "Cleanup", Time since last: 2000374000 ns, Reaching safepoint: 124800 ns, At safepoint: 2000 ns, Total: 126800 ns
[2020-08-21T23:43:51.632+0000][10296][safepoint    ] Safepoint "Cleanup", Time since last: 2000322600 ns, Reaching safepoint: 124400 ns, At safepoint: 7200 ns, Total: 131600 ns
[2020-08-21T23:43:53.632+0000][10296][safepoint    ] Safepoint "Cleanup", Time since last: 1999875900 ns, Reaching safepoint: 179600 ns, At safepoint: 2300 ns, Total: 181900 ns
[2020-08-21T23:43:55.632+0000][10296][safepoint    ] Safepoint "Cleanup", Time since last: 1999868900 ns, Reaching safepoint: 150300 ns, At safepoint: 2100 ns, Total: 152400 ns
[2020-08-21T23:43:56.633+0000][10296][safepoint    ] Safepoint "Cleanup", Time since last: 1000303900 ns, Reaching safepoint: 132400 ns, At safepoint: 7300 ns, Total: 139700 ns
[2020-08-21T23:43:58.633+0000][10296][safepoint    ] Safepoint "Cleanup", Time since last: 2000331100 ns, Reaching safepoint: 135300 ns, At safepoint: 7500 ns, Total: 142800 ns
[2020-08-21T23:44:00.634+0000][10296][safepoint    ] Safepoint "Cleanup", Time since last: 2000482100 ns, Reaching safepoint: 131000 ns, At safepoint: 2000 ns, Total: 133000 ns
[2020-08-21T23:44:01.634+0000][10296][safepoint    ] Safepoint "Cleanup", Time since last: 1000291000 ns, Reaching safepoint: 134200 ns, At safepoint: 7200 ns, Total: 141400 ns
[2020-08-21T23:44:02.635+0000][10296][safepoint    ] Safepoint "Cleanup", Time since last: 1000317600 ns, Reaching safepoint: 144600 ns, At safepoint: 2100 ns, Total: 146700 ns
[2020-08-21T23:44:04.635+0000][10296][safepoint    ] Safepoint "Cleanup", Time since last: 1999935700 ns, Reaching safepoint: 119700 ns, At safepoint: 7300 ns, Total: 127000 ns
[2020-08-21T23:44:05.635+0000][10296][safepoint    ] Safepoint "Cleanup", Time since last: 1000330700 ns, Reaching safepoint: 131100 ns, At safepoint: 6700 ns, Total: 137800 ns
[2020-08-21T23:44:06.636+0000][10296][safepoint    ] Safepoint "Cleanup", Time since last: 1000319300 ns, Reaching safepoint: 125000 ns, At safepoint: 6500 ns, Total: 131500 ns
[2020-08-21T23:44:08.636+0000][10296][safepoint    ] Safepoint "Cleanup", Time since last: 1999911000 ns, Reaching safepoint: 136200 ns, At safepoint: 7100 ns, Total: 143300 ns
[2020-08-21T23:44:09.636+0000][10296][safepoint    ] Safepoint "Cleanup", Time since last: 1000363600 ns, Reaching safepoint: 130700 ns, At safepoint: 2200 ns, Total: 132900 ns
[2020-08-21T23:44:11.637+0000][10296][safepoint    ] Safepoint "Cleanup", Time since last: 2000360200 ns, Reaching safepoint: 117700 ns, At safepoint: 2000 ns, Total: 119700 ns
[2020-08-21T23:44:13.637+0000][10296][safepoint    ] Safepoint "Cleanup", Time since last: 2000217400 ns, Reaching safepoint: 121000 ns, At safepoint: 7700 ns, Total: 128700 ns
[2020-08-21T23:44:14.637+0000][10296][safepoint    ] Safepoint "Cleanup", Time since last: 1000180300 ns, Reaching safepoint: 125400 ns, At safepoint: 7400 ns, Total: 132800 ns
[2020-08-21T23:44:15.638+0000][10296][safepoint    ] Safepoint "Cleanup", Time since last: 1000236000 ns, Reaching safepoint: 135500 ns, At safepoint: 7200 ns, Total: 142700 ns
[2020-08-21T23:44:16.638+0000][10296][safepoint    ] Safepoint "Cleanup", Time since last: 1000334200 ns, Reaching safepoint: 147000 ns, At safepoint: 2200 ns, Total: 149200 ns
[2020-08-21T23:44:17.639+0000][10296][safepoint    ] Safepoint "Cleanup", Time since last: 1000315300 ns, Reaching safepoint: 124800 ns, At safepoint: 2100 ns, Total: 126900 ns
[2020-08-21T23:44:19.639+0000][10296][safepoint    ] Safepoint "Cleanup", Time since last: 2000419300 ns, Reaching safepoint: 129700 ns, At safepoint: 8100 ns, Total: 137800 ns
[2020-08-21T23:44:21.640+0000][10296][safepoint    ] Safepoint "Cleanup", Time since last: 2000321500 ns, Reaching safepoint: 148600 ns, At safepoint: 7100 ns, Total: 155700 ns
[2020-08-21T23:44:23.640+0000][10296][safepoint    ] Safepoint "Cleanup", Time since last: 1999891700 ns, Reaching safepoint: 136200 ns, At safepoint: 7400 ns, Total: 143600 ns
[2020-08-21T23:44:24.640+0000][10296][safepoint    ] Safepoint "Cleanup", Time since last: 1000341100 ns, Reaching safepoint: 131200 ns, At safepoint: 2200 ns, Total: 133400 ns
[2020-08-21T23:44:25.641+0000][10296][safepoint    ] Safepoint "Cleanup", Time since last: 1000337300 ns, Reaching safepoint: 125800 ns, At safepoint: 7300 ns, Total: 133100 ns
[2020-08-21T23:44:27.641+0000][10296][safepoint    ] Safepoint "Cleanup", Time since last: 1999943600 ns, Reaching safepoint: 146000 ns, At safepoint: 2100 ns, Total: 148100 ns
[2020-08-21T23:44:28.641+0000][10296][safepoint    ] Safepoint "Cleanup", Time since last: 1000310100 ns, Reaching safepoint: 122500 ns, At safepoint: 2400 ns, Total: 124900 ns
[2020-08-21T23:44:30.641+0000][10296][safepoint    ] Safepoint "Cleanup", Time since last: 1999957100 ns, Reaching safepoint: 135300 ns, At safepoint: 2000 ns, Total: 137300 ns
[2020-08-21T23:44:31.642+0000][10296][safepoint    ] Safepoint "Cleanup", Time since last: 1000276500 ns, Reaching safepoint: 127300 ns, At safepoint: 2500 ns, Total: 129800 ns
[2020-08-21T23:44:32.642+0000][10296][safepoint    ] Safepoint "Cleanup", Time since last: 1000359900 ns, Reaching safepoint: 131200 ns, At safepoint: 2000 ns, Total: 133200 ns
[2020-08-21T23:44:34.643+0000][10296][safepoint    ] Safepoint "Cleanup", Time since last: 2000399300 ns, Reaching safepoint: 128800 ns, At safepoint: 6200 ns, Total: 135000 ns
[2020-08-21T23:44:36.643+0000][10296][safepoint    ] Safepoint "Cleanup", Time since last: 2000304900 ns, Reaching safepoint: 114500 ns, At safepoint: 2200 ns, Total: 116700 ns
[2020-08-21T23:44:38.643+0000][10296][safepoint    ] Safepoint "Cleanup", Time since last: 1999935100 ns, Reaching safepoint: 132200 ns, At safepoint: 7600 ns, Total: 139800 ns
[2020-08-21T23:44:39.644+0000][10296][safepoint    ] Safepoint "Cleanup", Time since last: 1000347800 ns, Reaching safepoint: 130400 ns, At safepoint: 2000 ns, Total: 132400 ns
[2020-08-21T23:44:40.644+0000][10296][safepoint    ] Safepoint "Cleanup", Time since last: 1000340100 ns, Reaching safepoint: 158700 ns, At safepoint: 1900 ns, Total: 160600 ns
[2020-08-21T23:44:42.644+0000][10296][safepoint    ] Safepoint "Cleanup", Time since last: 1999876600 ns, Reaching safepoint: 117800 ns, At safepoint: 2100 ns, Total: 119900 ns
[2020-08-21T23:44:43.645+0000][10296][safepoint    ] Safepoint "Cleanup", Time since last: 1000361900 ns, Reaching safepoint: 134000 ns, At safepoint: 7000 ns, Total: 141000 ns
[2020-08-21T23:44:45.645+0000][10296][safepoint    ] Safepoint "Cleanup", Time since last: 2000359800 ns, Reaching safepoint: 165000 ns, At safepoint: 2000 ns, Total: 167000 ns
[2020-08-21T23:44:47.645+0000][10296][safepoint    ] Safepoint "Cleanup", Time since last: 1999840000 ns, Reaching safepoint: 133200 ns, At safepoint: 3100 ns, Total: 136300 ns
[2020-08-21T23:44:49.645+0000][10296][safepoint    ] Safepoint "Cleanup", Time since last: 1999879900 ns, Reaching safepoint: 122100 ns, At safepoint: 7200 ns, Total: 129300 ns
[2020-08-21T23:44:50.646+0000][10296][safepoint    ] Safepoint "Cleanup", Time since last: 1000345700 ns, Reaching safepoint: 145700 ns, At safepoint: 1900 ns, Total: 147600 ns
[2020-08-21T23:44:52.646+0000][10296][safepoint    ] Safepoint "Cleanup", Time since last: 2000350800 ns, Reaching safepoint: 129200 ns, At safepoint: 7300 ns, Total: 136500 ns
[2020-08-21T23:44:54.647+0000][10296][safepoint    ] Safepoint "Cleanup", Time since last: 2000352000 ns, Reaching safepoint: 107900 ns, At safepoint: 2200 ns, Total: 110100 ns
[2020-08-21T23:44:56.647+0000][10296][safepoint    ] Safepoint "Cleanup", Time since last: 1999932500 ns, Reaching safepoint: 129200 ns, At safepoint: 2100 ns, Total: 131300 ns
[2020-08-21T23:44:57.647+0000][10296][safepoint    ] Safepoint "Cleanup", Time since last: 1000349600 ns, Reaching safepoint: 130800 ns, At safepoint: 2500 ns, Total: 133300 ns
[2020-08-21T23:44:58.648+0000][10296][safepoint    ] Safepoint "Cleanup", Time since last: 1000331900 ns, Reaching safepoint: 135200 ns, At safepoint: 7600 ns, Total: 142800 ns
[2020-08-21T23:45:00.648+0000][10296][safepoint    ] Safepoint "Cleanup", Time since last: 2000400500 ns, Reaching safepoint: 137200 ns, At safepoint: 2900 ns, Total: 140100 ns
[2020-08-21T23:45:01.649+0000][10296][safepoint    ] Safepoint "Cleanup", Time since last: 1000341600 ns, Reaching safepoint: 131400 ns, At safepoint: 7100 ns, Total: 138500 ns
[2020-08-21T23:45:02.649+0000][10296][safepoint    ] Safepoint "Cleanup", Time since last: 1000291800 ns, Reaching safepoint: 128400 ns, At safepoint: 7000 ns, Total: 135400 ns
[2020-08-21T23:45:04.649+0000][10296][safepoint    ] Safepoint "Cleanup", Time since last: 1999933400 ns, Reaching safepoint: 119700 ns, At safepoint: 2000 ns, Total: 121700 ns
[2020-08-21T23:45:06.650+0000][10296][safepoint    ] Safepoint "Cleanup", Time since last: 2000377600 ns, Reaching safepoint: 132100 ns, At safepoint: 6400 ns, Total: 138500 ns
[2020-08-21T23:45:07.650+0000][10296][safepoint    ] Safepoint "Cleanup", Time since last: 1000362600 ns, Reaching safepoint: 130000 ns, At safepoint: 8200 ns, Total: 138200 ns
[2020-08-21T23:45:09.651+0000][10296][safepoint    ] Safepoint "Cleanup", Time since last: 2000346600 ns, Reaching safepoint: 128400 ns, At safepoint: 8000 ns, Total: 136400 ns
[2020-08-21T23:45:10.651+0000][10296][safepoint    ] Safepoint "Cleanup", Time since last: 1000324600 ns, Reaching safepoint: 139100 ns, At safepoint: 2100 ns, Total: 141200 ns
[2020-08-21T23:45:11.651+0000][10296][safepoint    ] Safepoint "Cleanup", Time since last: 1000019500 ns, Reaching safepoint: 122600 ns, At safepoint: 7200 ns, Total: 129800 ns
[2020-08-21T23:45:12.652+0000][10296][safepoint    ] Safepoint "Cleanup", Time since last: 1000310600 ns, Reaching safepoint: 135800 ns, At safepoint: 7000 ns, Total: 142800 ns
[2020-08-21T23:45:13.652+0000][10296][safepoint    ] Safepoint "Cleanup", Time since last: 1000340100 ns, Reaching safepoint: 124100 ns, At safepoint: 7300 ns, Total: 131400 ns
[2020-08-21T23:45:14.653+0000][10296][safepoint    ] Safepoint "Cleanup", Time since last: 1000350700 ns, Reaching safepoint: 146200 ns, At safepoint: 2300 ns, Total: 148500 ns
[2020-08-21T23:45:16.653+0000][10296][safepoint    ] Safepoint "Cleanup", Time since last: 1999893600 ns, Reaching safepoint: 116600 ns, At safepoint: 7200 ns, Total: 123800 ns
[2020-08-21T23:45:17.653+0000][10296][safepoint    ] Safepoint "Cleanup", Time since last: 1000322500 ns, Reaching safepoint: 126800 ns, At safepoint: 6900 ns, Total: 133700 ns
[2020-08-21T23:45:19.654+0000][10296][safepoint    ] Safepoint "Cleanup", Time since last: 2000381900 ns, Reaching safepoint: 137100 ns, At safepoint: 7600 ns, Total: 144700 ns
[2020-08-21T23:45:21.654+0000][10296][safepoint    ] Safepoint "Cleanup", Time since last: 2000345500 ns, Reaching safepoint: 139300 ns, At safepoint: 6800 ns, Total: 146100 ns
[2020-08-21T23:45:22.655+0000][10296][safepoint    ] Safepoint "Cleanup", Time since last: 1000342400 ns, Reaching safepoint: 173200 ns, At safepoint: 2300 ns, Total: 175500 ns
[2020-08-21T23:45:24.655+0000][10296][safepoint    ] Safepoint "Cleanup", Time since last: 1999849900 ns, Reaching safepoint: 128300 ns, At safepoint: 6900 ns, Total: 135200 ns
[2020-08-21T23:45:26.655+0000][10296][safepoint    ] Safepoint "Cleanup", Time since last: 2000340800 ns, Reaching safepoint: 126700 ns, At safepoint: 7000 ns, Total: 133700 ns
[2020-08-21T23:45:27.656+0000][10296][safepoint    ] Safepoint "Cleanup", Time since last: 1000344700 ns, Reaching safepoint: 117700 ns, At safepoint: 7100 ns, Total: 124800 ns
[2020-08-21T23:45:29.656+0000][10296][safepoint    ] Safepoint "Cleanup", Time since last: 2000399000 ns, Reaching safepoint: 148500 ns, At safepoint: 2100 ns, Total: 150600 ns
[2020-08-21T23:45:30.656+0000][10296][safepoint    ] Safepoint "Cleanup", Time since last: 1000019900 ns, Reaching safepoint: 119900 ns, At safepoint: 6400 ns, Total: 126300 ns
[2020-08-21T23:45:31.657+0000][10296][safepoint    ] Safepoint "Cleanup", Time since last: 1000187100 ns, Reaching safepoint: 131300 ns, At safepoint: 6600 ns, Total: 137900 ns
[2020-08-21T23:45:33.657+0000][10296][safepoint    ] Safepoint "Cleanup", Time since last: 1999955600 ns, Reaching safepoint: 140700 ns, At safepoint: 7000 ns, Total: 147700 ns
[2020-08-21T23:45:34.657+0000][10296][safepoint    ] Safepoint "Cleanup", Time since last: 1000291100 ns, Reaching safepoint: 131500 ns, At safepoint: 2200 ns, Total: 133700 ns
[2020-08-21T23:45:36.658+0000][10296][safepoint    ] Safepoint "Cleanup", Time since last: 2000359900 ns, Reaching safepoint: 123600 ns, At safepoint: 2100 ns, Total: 125700 ns
[2020-08-21T23:45:37.658+0000][10296][safepoint    ] Safepoint "Cleanup", Time since last: 1000382900 ns, Reaching safepoint: 116900 ns, At safepoint: 7200 ns, Total: 124100 ns
[2020-08-21T23:45:38.659+0000][10296][safepoint    ] Safepoint "Cleanup", Time since last: 1000336200 ns, Reaching safepoint: 131800 ns, At safepoint: 7400 ns, Total: 139200 ns
[2020-08-21T23:45:40.659+0000][10296][safepoint    ] Safepoint "Cleanup", Time since last: 1999926200 ns, Reaching safepoint: 113900 ns, At safepoint: 2200 ns, Total: 116100 ns
[2020-08-21T23:45:42.659+0000][10296][safepoint    ] Safepoint "Cleanup", Time since last: 1999933800 ns, Reaching safepoint: 146700 ns, At safepoint: 7600 ns, Total: 154300 ns
[2020-08-21T23:45:43.659+0000][10296][safepoint    ] Safepoint "Cleanup", Time since last: 1000266500 ns, Reaching safepoint: 146500 ns, At safepoint: 2500 ns, Total: 149000 ns
[2020-08-21T23:45:44.660+0000][10296][safepoint    ] Safepoint "Cleanup", Time since last: 1000342900 ns, Reaching safepoint: 137200 ns, At safepoint: 6500 ns, Total: 143700 ns
[2020-08-21T23:45:46.660+0000][10296][safepoint    ] Safepoint "Cleanup", Time since last: 2000350400 ns, Reaching safepoint: 131900 ns, At safepoint: 6700 ns, Total: 138600 ns
[2020-08-21T23:45:47.661+0000][10296][safepoint    ] Safepoint "Cleanup", Time since last: 1000363700 ns, Reaching safepoint: 135100 ns, At safepoint: 6900 ns, Total: 142000 ns
[2020-08-21T23:45:49.661+0000][10296][safepoint    ] Safepoint "Cleanup", Time since last: 2000355100 ns, Reaching safepoint: 144800 ns, At safepoint: 6800 ns, Total: 151600 ns
[2020-08-21T23:45:50.662+0000][10296][safepoint    ] Safepoint "Cleanup", Time since last: 1000353700 ns, Reaching safepoint: 133800 ns, At safepoint: 6500 ns, Total: 140300 ns
[2020-08-21T23:45:51.662+0000][10296][safepoint    ] Safepoint "Cleanup", Time since last: 1000358800 ns, Reaching safepoint: 160000 ns, At safepoint: 2500 ns, Total: 162500 ns
[2020-08-21T23:45:53.663+0000][10296][safepoint    ] Safepoint "Cleanup", Time since last: 2000355700 ns, Reaching safepoint: 128200 ns, At safepoint: 7400 ns, Total: 135600 ns
[2020-08-21T23:45:54.663+0000][10296][safepoint    ] Safepoint "Cleanup", Time since last: 1000355500 ns, Reaching safepoint: 129000 ns, At safepoint: 8000 ns, Total: 137000 ns
[2020-08-21T23:45:55.664+0000][10296][safepoint    ] Safepoint "Cleanup", Time since last: 1000356800 ns, Reaching safepoint: 117100 ns, At safepoint: 2200 ns, Total: 119300 ns
[2020-08-21T23:45:56.664+0000][10296][safepoint    ] Safepoint "Cleanup", Time since last: 1000349400 ns, Reaching safepoint: 135900 ns, At safepoint: 7200 ns, Total: 143100 ns
[2020-08-21T23:45:58.665+0000][10296][safepoint    ] Safepoint "Cleanup", Time since last: 2000400300 ns, Reaching safepoint: 133100 ns, At safepoint: 7600 ns, Total: 140700 ns
[2020-08-21T23:46:00.665+0000][10296][safepoint    ] Safepoint "Cleanup", Time since last: 2000338200 ns, Reaching safepoint: 137300 ns, At safepoint: 7500 ns, Total: 144800 ns
[2020-08-21T23:46:02.666+0000][10296][safepoint    ] Safepoint "Cleanup", Time since last: 2000389600 ns, Reaching safepoint: 125700 ns, At safepoint: 14900 ns, Total: 140600 ns
[2020-08-21T23:46:03.666+0000][10296][safepoint    ] Safepoint "Cleanup", Time since last: 1000316600 ns, Reaching safepoint: 141600 ns, At safepoint: 7600 ns, Total: 149200 ns
[2020-08-21T23:46:05.666+0000][10296][safepoint    ] Safepoint "Cleanup", Time since last: 1999902900 ns, Reaching safepoint: 121800 ns, At safepoint: 2100 ns, Total: 123900 ns
[2020-08-21T23:46:07.628+0000][10296][safepoint    ] Safepoint "Cleanup", Time since last: 1961926500 ns, Reaching safepoint: 130000 ns, At safepoint: 2500 ns, Total: 132500 ns
[2020-08-21T23:46:08.629+0000][10296][safepoint    ] Safepoint "Cleanup", Time since last: 1000262400 ns, Reaching safepoint: 128100 ns, At safepoint: 2000 ns, Total: 130100 ns
[2020-08-21T23:46:10.629+0000][10296][safepoint    ] Safepoint "Cleanup", Time since last: 2000379800 ns, Reaching safepoint: 150700 ns, At safepoint: 7400 ns, Total: 158100 ns
[2020-08-21T23:46:12.630+0000][10296][safepoint    ] Safepoint "Cleanup", Time since last: 2000358900 ns, Reaching safepoint: 156900 ns, At safepoint: 2100 ns, Total: 159000 ns
[2020-08-21T23:46:13.630+0000][10296][safepoint    ] Safepoint "Cleanup", Time since last: 1000105400 ns, Reaching safepoint: 123400 ns, At safepoint: 2100 ns, Total: 125500 ns
[2020-08-21T23:46:14.630+0000][10296][safepoint    ] Safepoint "Cleanup", Time since last: 1000103000 ns, Reaching safepoint: 129900 ns, At safepoint: 7100 ns, Total: 137000 ns
[2020-08-21T23:46:15.631+0000][10296][safepoint    ] Safepoint "Cleanup", Time since last: 1000127300 ns, Reaching safepoint: 139500 ns, At safepoint: 2500 ns, Total: 142000 ns
[2020-08-21T23:46:16.631+0000][10296][safepoint    ] Safepoint "Cleanup", Time since last: 1000085000 ns, Reaching safepoint: 130600 ns, At safepoint: 2000 ns, Total: 132600 ns
[2020-08-21T23:46:18.631+0000][10296][safepoint    ] Safepoint "Cleanup", Time since last: 2000351600 ns, Reaching safepoint: 132200 ns, At safepoint: 7100 ns, Total: 139300 ns
[2020-08-21T23:46:20.632+0000][10296][safepoint    ] Safepoint "Cleanup", Time since last: 2000400000 ns, Reaching safepoint: 128300 ns, At safepoint: 7200 ns, Total: 135500 ns
[2020-08-21T23:46:22.632+0000][10296][safepoint    ] Safepoint "Cleanup", Time since last: 2000366200 ns, Reaching safepoint: 116200 ns, At safepoint: 6600 ns, Total: 122800 ns
[2020-08-21T23:46:24.633+0000][10296][safepoint    ] Safepoint "Cleanup", Time since last: 2000331900 ns, Reaching safepoint: 135800 ns, At safepoint: 7500 ns, Total: 143300 ns
[2020-08-21T23:46:26.633+0000][10296][safepoint    ] Safepoint "Cleanup", Time since last: 2000403300 ns, Reaching safepoint: 127100 ns, At safepoint: 7100 ns, Total: 134200 ns
[2020-08-21T23:46:28.634+0000][10296][safepoint    ] Safepoint "Cleanup", Time since last: 2000356700 ns, Reaching safepoint: 137600 ns, At safepoint: 2100 ns, Total: 139700 ns
[2020-08-21T23:46:29.634+0000][10296][safepoint    ] Safepoint "Cleanup", Time since last: 1000355700 ns, Reaching safepoint: 133900 ns, At safepoint: 7300 ns, Total: 141200 ns
[2020-08-21T23:46:31.635+0000][10296][safepoint    ] Safepoint "Cleanup", Time since last: 2000363300 ns, Reaching safepoint: 156900 ns, At safepoint: 7500 ns, Total: 164400 ns
[2020-08-21T23:46:33.635+0000][10296][safepoint    ] Safepoint "Cleanup", Time since last: 2000259600 ns, Reaching safepoint: 140500 ns, At safepoint: 7700 ns, Total: 148200 ns
[2020-08-21T23:46:34.636+0000][10296][safepoint    ] Safepoint "Cleanup", Time since last: 1000174700 ns, Reaching safepoint: 133000 ns, At safepoint: 6700 ns, Total: 139700 ns
[2020-08-21T23:46:35.636+0000][10296][safepoint    ] Safepoint "Cleanup", Time since last: 1000149900 ns, Reaching safepoint: 134700 ns, At safepoint: 2100 ns, Total: 136800 ns
[2020-08-21T23:46:37.628+0000][10296][safepoint    ] Safepoint "Cleanup", Time since last: 1991968800 ns, Reaching safepoint: 131900 ns, At safepoint: 2200 ns, Total: 134100 ns
[2020-08-21T23:46:38.628+0000][10296][safepoint    ] Safepoint "Cleanup", Time since last: 1000230700 ns, Reaching safepoint: 127400 ns, At safepoint: 6800 ns, Total: 134200 ns
[2020-08-21T23:46:39.629+0000][10296][safepoint    ] Safepoint "Cleanup", Time since last: 1000351400 ns, Reaching safepoint: 124700 ns, At safepoint: 7400 ns, Total: 132100 ns
[2020-08-21T23:46:40.629+0000][10296][safepoint    ] Safepoint "Cleanup", Time since last: 1000345000 ns, Reaching safepoint: 136000 ns, At safepoint: 7400 ns, Total: 143400 ns
[2020-08-21T23:46:42.630+0000][10296][safepoint    ] Safepoint "Cleanup", Time since last: 2000386300 ns, Reaching safepoint: 128400 ns, At safepoint: 7600 ns, Total: 136000 ns
[2020-08-21T23:46:44.630+0000][10296][safepoint    ] Safepoint "Cleanup", Time since last: 2000329700 ns, Reaching safepoint: 129600 ns, At safepoint: 6800 ns, Total: 136400 ns
[2020-08-21T23:46:46.631+0000][10296][safepoint    ] Safepoint "Cleanup", Time since last: 2000391700 ns, Reaching safepoint: 134500 ns, At safepoint: 2100 ns, Total: 136600 ns
[2020-08-21T23:46:48.631+0000][10296][safepoint    ] Safepoint "Cleanup", Time since last: 1999883200 ns, Reaching safepoint: 159000 ns, At safepoint: 2400 ns, Total: 161400 ns
[2020-08-21T23:46:49.631+0000][10296][safepoint    ] Safepoint "Cleanup", Time since last: 1000312900 ns, Reaching safepoint: 129400 ns, At safepoint: 2000 ns, Total: 131400 ns
[2020-08-21T23:46:51.631+0000][10296][safepoint    ] Safepoint "Cleanup", Time since last: 1999994900 ns, Reaching safepoint: 143200 ns, At safepoint: 8400 ns, Total: 151600 ns
[2020-08-21T23:46:52.632+0000][10296][safepoint    ] Safepoint "Cleanup", Time since last: 1000291600 ns, Reaching safepoint: 128500 ns, At safepoint: 7900 ns, Total: 136400 ns
[2020-08-21T23:46:53.632+0000][10296][safepoint    ] Safepoint "Cleanup", Time since last: 1000306800 ns, Reaching safepoint: 137600 ns, At safepoint: 2400 ns, Total: 140000 ns
[2020-08-21T23:46:54.633+0000][10296][safepoint    ] Safepoint "Cleanup", Time since last: 1000345700 ns, Reaching safepoint: 132700 ns, At safepoint: 8100 ns, Total: 140800 ns
[2020-08-21T23:46:55.633+0000][10296][safepoint    ] Safepoint "Cleanup", Time since last: 1000165600 ns, Reaching safepoint: 136300 ns, At safepoint: 8200 ns, Total: 144500 ns
[2020-08-21T23:46:57.633+0000][10296][safepoint    ] Safepoint "Cleanup", Time since last: 2000032600 ns, Reaching safepoint: 139000 ns, At safepoint: 8400 ns, Total: 147400 ns
[2020-08-21T23:46:59.633+0000][10296][safepoint    ] Safepoint "Cleanup", Time since last: 1999888100 ns, Reaching safepoint: 135500 ns, At safepoint: 2900 ns, Total: 138400 ns
[2020-08-21T23:47:00.634+0000][10296][safepoint    ] Safepoint "Cleanup", Time since last: 1000355600 ns, Reaching safepoint: 128800 ns, At safepoint: 2200 ns, Total: 131000 ns
[2020-08-21T23:47:02.634+0000][10296][safepoint    ] Safepoint "Cleanup", Time since last: 2000370200 ns, Reaching safepoint: 137900 ns, At safepoint: 7700 ns, Total: 145600 ns
[2020-08-21T23:47:04.635+0000][10296][safepoint    ] Safepoint "Cleanup", Time since last: 2000312400 ns, Reaching safepoint: 126100 ns, At safepoint: 7500 ns, Total: 133600 ns
[2020-08-21T23:47:05.635+0000][10296][safepoint    ] Safepoint "Cleanup", Time since last: 1000369100 ns, Reaching safepoint: 136300 ns, At safepoint: 2100 ns, Total: 138400 ns
[2020-08-21T23:47:06.636+0000][10296][safepoint    ] Safepoint "Cleanup", Time since last: 1000200400 ns, Reaching safepoint: 121300 ns, At safepoint: 2500 ns, Total: 123800 ns
[2020-08-21T23:47:07.636+0000][10296][safepoint    ] Safepoint "Cleanup", Time since last: 1000039800 ns, Reaching safepoint: 120200 ns, At safepoint: 2000 ns, Total: 122200 ns
[2020-08-21T23:47:09.636+0000][10296][safepoint    ] Safepoint "Cleanup", Time since last: 1999923700 ns, Reaching safepoint: 130400 ns, At safepoint: 7200 ns, Total: 137600 ns
[2020-08-21T23:47:10.636+0000][10296][safepoint    ] Safepoint "Cleanup", Time since last: 1000331100 ns, Reaching safepoint: 122600 ns, At safepoint: 2200 ns, Total: 124800 ns
[2020-08-21T23:47:11.637+0000][10296][safepoint    ] Safepoint "Cleanup", Time since last: 1000356600 ns, Reaching safepoint: 123500 ns, At safepoint: 7100 ns, Total: 130600 ns
[2020-08-21T23:47:12.637+0000][10296][safepoint    ] Safepoint "Cleanup", Time since last: 1000369900 ns, Reaching safepoint: 135300 ns, At safepoint: 2100 ns, Total: 137400 ns
[2020-08-21T23:47:14.638+0000][10296][safepoint    ] Safepoint "Cleanup", Time since last: 2000358700 ns, Reaching safepoint: 139500 ns, At safepoint: 7700 ns, Total: 147200 ns
[2020-08-21T23:47:16.638+0000][10296][safepoint    ] Safepoint "Cleanup", Time since last: 2000353000 ns, Reaching safepoint: 120500 ns, At safepoint: 6800 ns, Total: 127300 ns
[2020-08-21T23:47:18.638+0000][10296][safepoint    ] Safepoint "Cleanup", Time since last: 1999927600 ns, Reaching safepoint: 132200 ns, At safepoint: 7300 ns, Total: 139500 ns
[2020-08-21T23:47:20.639+0000][10296][safepoint    ] Safepoint "Cleanup", Time since last: 2000348300 ns, Reaching safepoint: 127400 ns, At safepoint: 7600 ns, Total: 135000 ns
[2020-08-21T23:47:22.639+0000][10296][safepoint    ] Safepoint "Cleanup", Time since last: 2000379300 ns, Reaching safepoint: 132200 ns, At safepoint: 2900 ns, Total: 135100 ns
[2020-08-21T23:47:24.640+0000][10296][safepoint    ] Safepoint "Cleanup", Time since last: 2000204200 ns, Reaching safepoint: 122900 ns, At safepoint: 2000 ns, Total: 124900 ns
[2020-08-21T23:47:25.640+0000][10296][safepoint    ] Safepoint "Cleanup", Time since last: 1000041400 ns, Reaching safepoint: 149900 ns, At safepoint: 1900 ns, Total: 151800 ns
[2020-08-21T23:47:26.640+0000][10296][safepoint    ] Safepoint "Cleanup", Time since last: 1000297500 ns, Reaching safepoint: 141200 ns, At safepoint: 2900 ns, Total: 144100 ns
[2020-08-21T23:47:28.641+0000][10296][safepoint    ] Safepoint "Cleanup", Time since last: 2000384000 ns, Reaching safepoint: 120500 ns, At safepoint: 2300 ns, Total: 122800 ns
[2020-08-21T23:47:30.641+0000][10296][safepoint    ] Safepoint "Cleanup", Time since last: 2000375900 ns, Reaching safepoint: 121800 ns, At safepoint: 2100 ns, Total: 123900 ns
[2020-08-21T23:47:31.642+0000][10296][safepoint    ] Safepoint "Cleanup", Time since last: 1000350300 ns, Reaching safepoint: 133600 ns, At safepoint: 2600 ns, Total: 136200 ns
[2020-08-21T23:47:33.642+0000][10296][safepoint    ] Safepoint "Cleanup", Time since last: 2000407400 ns, Reaching safepoint: 126700 ns, At safepoint: 3200 ns, Total: 129900 ns
[2020-08-21T23:47:34.643+0000][10296][safepoint    ] Safepoint "Cleanup", Time since last: 1000361000 ns, Reaching safepoint: 134100 ns, At safepoint: 6900 ns, Total: 141000 ns
[2020-08-21T23:47:35.643+0000][10296][safepoint    ] Safepoint "Cleanup", Time since last: 1000349400 ns, Reaching safepoint: 154900 ns, At safepoint: 7200 ns, Total: 162100 ns
[2020-08-21T23:47:37.628+0000][10296][safepoint    ] Safepoint "Cleanup", Time since last: 1984836300 ns, Reaching safepoint: 140600 ns, At safepoint: 7500 ns, Total: 148100 ns
[2020-08-21T23:47:38.629+0000][10296][safepoint    ] Safepoint "Cleanup", Time since last: 1000319300 ns, Reaching safepoint: 132600 ns, At safepoint: 7600 ns, Total: 140200 ns
[2020-08-21T23:47:40.629+0000][10296][safepoint    ] Safepoint "Cleanup", Time since last: 2000367800 ns, Reaching safepoint: 132100 ns, At safepoint: 2000 ns, Total: 134100 ns
[2020-08-21T23:47:42.630+0000][10296][safepoint    ] Safepoint "Cleanup", Time since last: 2000397500 ns, Reaching safepoint: 113600 ns, At safepoint: 7000 ns, Total: 120600 ns
[2020-08-21T23:47:44.630+0000][10296][safepoint    ] Safepoint "Cleanup", Time since last: 2000377200 ns, Reaching safepoint: 126000 ns, At safepoint: 2100 ns, Total: 128100 ns
[2020-08-21T23:47:46.631+0000][10296][safepoint    ] Safepoint "Cleanup", Time since last: 2000389600 ns, Reaching safepoint: 126600 ns, At safepoint: 2200 ns, Total: 128800 ns
[2020-08-21T23:47:47.631+0000][10296][safepoint    ] Safepoint "Cleanup", Time since last: 1000059400 ns, Reaching safepoint: 117400 ns, At safepoint: 7400 ns, Total: 124800 ns
[2020-08-21T23:47:48.631+0000][10296][safepoint    ] Safepoint "Cleanup", Time since last: 1000179900 ns, Reaching safepoint: 114100 ns, At safepoint: 2000 ns, Total: 116100 ns
[2020-08-21T23:47:49.632+0000][10296][safepoint    ] Safepoint "Cleanup", Time since last: 1000189500 ns, Reaching safepoint: 115100 ns, At safepoint: 2000 ns, Total: 117100 ns
[2020-08-21T23:47:50.632+0000][10296][safepoint    ] Safepoint "Cleanup", Time since last: 1000189900 ns, Reaching safepoint: 120800 ns, At safepoint: 2100 ns, Total: 122900 ns
[2020-08-21T23:47:51.632+0000][10296][safepoint    ] Safepoint "Cleanup", Time since last: 1000215200 ns, Reaching safepoint: 128800 ns, At safepoint: 2300 ns, Total: 131100 ns
[2020-08-21T23:47:53.632+0000][10296][safepoint    ] Safepoint "Cleanup", Time since last: 1999900100 ns, Reaching safepoint: 122500 ns, At safepoint: 2300 ns, Total: 124800 ns
[2020-08-21T23:47:55.633+0000][10296][safepoint    ] Safepoint "Cleanup", Time since last: 2000385100 ns, Reaching safepoint: 142600 ns, At safepoint: 6500 ns, Total: 149100 ns
[2020-08-21T23:47:56.633+0000][10296][safepoint    ] Safepoint "Cleanup", Time since last: 1000344300 ns, Reaching safepoint: 118700 ns, At safepoint: 7500 ns, Total: 126200 ns
[2020-08-21T23:47:57.634+0000][10296][safepoint    ] Safepoint "Cleanup", Time since last: 1000366900 ns, Reaching safepoint: 147900 ns, At safepoint: 2400 ns, Total: 150300 ns
[2020-08-21T23:47:58.634+0000][10296][safepoint    ] Safepoint "Cleanup", Time since last: 1000154200 ns, Reaching safepoint: 124300 ns, At safepoint: 7300 ns, Total: 131600 ns
[2020-08-21T23:47:59.634+0000][10296][safepoint    ] Safepoint "Cleanup", Time since last: 1000084600 ns, Reaching safepoint: 121700 ns, At safepoint: 6800 ns, Total: 128500 ns
[2020-08-21T23:48:00.634+0000][10296][safepoint    ] Safepoint "Cleanup", Time since last: 1000003400 ns, Reaching safepoint: 132100 ns, At safepoint: 2600 ns, Total: 134700 ns
[2020-08-21T23:48:01.635+0000][10296][safepoint    ] Safepoint "Cleanup", Time since last: 1000169800 ns, Reaching safepoint: 143000 ns, At safepoint: 7500 ns, Total: 150500 ns
[2020-08-21T23:48:02.635+0000][10296][safepoint    ] Safepoint "Cleanup", Time since last: 1000152500 ns, Reaching safepoint: 139000 ns, At safepoint: 2100 ns, Total: 141100 ns
[2020-08-21T23:48:03.635+0000][10296][safepoint    ] Safepoint "Cleanup", Time since last: 1000168200 ns, Reaching safepoint: 135600 ns, At safepoint: 2500 ns, Total: 138100 ns
[2020-08-21T23:48:04.636+0000][10296][safepoint    ] Safepoint "Cleanup", Time since last: 1000306900 ns, Reaching safepoint: 136100 ns, At safepoint: 2500 ns, Total: 138600 ns
[2020-08-21T23:48:06.636+0000][10296][safepoint    ] Safepoint "Cleanup", Time since last: 2000375600 ns, Reaching safepoint: 140600 ns, At safepoint: 6200 ns, Total: 146800 ns
[2020-08-21T23:48:07.637+0000][10296][safepoint    ] Safepoint "Cleanup", Time since last: 1000336000 ns, Reaching safepoint: 116800 ns, At safepoint: 2100 ns, Total: 118900 ns
[2020-08-21T23:48:08.637+0000][10296][safepoint    ] Safepoint "Cleanup", Time since last: 1000366600 ns, Reaching safepoint: 138300 ns, At safepoint: 7300 ns, Total: 145600 ns
[2020-08-21T23:48:09.638+0000][10296][safepoint    ] Safepoint "Cleanup", Time since last: 1000331900 ns, Reaching safepoint: 117900 ns, At safepoint: 6400 ns, Total: 124300 ns
[2020-08-21T23:48:11.638+0000][10296][safepoint    ] Safepoint "Cleanup", Time since last: 1999915200 ns, Reaching safepoint: 130300 ns, At safepoint: 2100 ns, Total: 132400 ns
[2020-08-21T23:48:12.638+0000][10296][safepoint    ] Safepoint "Cleanup", Time since last: 1000351900 ns, Reaching safepoint: 131000 ns, At safepoint: 7500 ns, Total: 138500 ns
[2020-08-21T23:48:14.638+0000][10296][safepoint    ] Safepoint "Cleanup", Time since last: 1999897400 ns, Reaching safepoint: 113100 ns, At safepoint: 2200 ns, Total: 115300 ns
[2020-08-21T23:48:15.639+0000][10296][safepoint    ] Safepoint "Cleanup", Time since last: 1000365400 ns, Reaching safepoint: 123700 ns, At safepoint: 2600 ns, Total: 126300 ns
[2020-08-21T23:48:17.639+0000][10296][safepoint    ] Safepoint "Cleanup", Time since last: 2000331200 ns, Reaching safepoint: 141800 ns, At safepoint: 6600 ns, Total: 148400 ns
[2020-08-21T23:48:19.640+0000][10296][safepoint    ] Safepoint "Cleanup", Time since last: 2000371700 ns, Reaching safepoint: 117700 ns, At safepoint: 2100 ns, Total: 119800 ns
[2020-08-21T23:48:20.640+0000][10296][safepoint    ] Safepoint "Cleanup", Time since last: 1000358100 ns, Reaching safepoint: 126800 ns, At safepoint: 7200 ns, Total: 134000 ns
[2020-08-21T23:48:22.640+0000][10296][safepoint    ] Safepoint "Cleanup", Time since last: 1999885400 ns, Reaching safepoint: 143700 ns, At safepoint: 8400 ns, Total: 152100 ns
[2020-08-21T23:48:23.641+0000][10296][safepoint    ] Safepoint "Cleanup", Time since last: 1000176500 ns, Reaching safepoint: 124700 ns, At safepoint: 3500 ns, Total: 128200 ns
[2020-08-21T23:48:24.641+0000][10296][safepoint    ] Safepoint "Cleanup", Time since last: 1000062500 ns, Reaching safepoint: 141400 ns, At safepoint: 2500 ns, Total: 143900 ns
[2020-08-21T23:48:25.641+0000][10296][safepoint    ] Safepoint "Cleanup", Time since last: 1000324700 ns, Reaching safepoint: 132300 ns, At safepoint: 8000 ns, Total: 140300 ns
[2020-08-21T23:48:26.642+0000][10296][safepoint    ] Safepoint "Cleanup", Time since last: 1000351800 ns, Reaching safepoint: 127200 ns, At safepoint: 7600 ns, Total: 134800 ns
[2020-08-21T23:48:28.642+0000][10296][safepoint    ] Safepoint "Cleanup", Time since last: 1999918900 ns, Reaching safepoint: 153300 ns, At safepoint: 7500 ns, Total: 160800 ns
[2020-08-21T23:48:29.642+0000][10296][safepoint    ] Safepoint "Cleanup", Time since last: 1000329700 ns, Reaching safepoint: 131300 ns, At safepoint: 7300 ns, Total: 138600 ns
[2020-08-21T23:48:30.643+0000][10296][safepoint    ] Safepoint "Cleanup", Time since last: 1000329100 ns, Reaching safepoint: 120600 ns, At safepoint: 2100 ns, Total: 122700 ns
[2020-08-21T23:48:32.643+0000][10296][safepoint    ] Safepoint "Cleanup", Time since last: 2000383000 ns, Reaching safepoint: 122600 ns, At safepoint: 7700 ns, Total: 130300 ns
[2020-08-21T23:48:34.643+0000][10296][safepoint    ] Safepoint "Cleanup", Time since last: 1999900800 ns, Reaching safepoint: 137800 ns, At safepoint: 7000 ns, Total: 144800 ns
[2020-08-21T23:48:35.644+0000][10296][safepoint    ] Safepoint "Cleanup", Time since last: 1000340400 ns, Reaching safepoint: 133800 ns, At safepoint: 7700 ns, Total: 141500 ns
[2020-08-21T23:48:37.644+0000][10296][safepoint    ] Safepoint "Cleanup", Time since last: 2000368000 ns, Reaching safepoint: 135700 ns, At safepoint: 2100 ns, Total: 137800 ns
[2020-08-21T23:48:38.645+0000][10296][safepoint    ] Safepoint "Cleanup", Time since last: 1000347500 ns, Reaching safepoint: 121500 ns, At safepoint: 2000 ns, Total: 123500 ns
[2020-08-21T23:48:40.645+0000][10296][safepoint    ] Safepoint "Cleanup", Time since last: 2000346400 ns, Reaching safepoint: 131700 ns, At safepoint: 7800 ns, Total: 139500 ns
[2020-08-21T23:48:42.646+0000][10296][safepoint    ] Safepoint "Cleanup", Time since last: 2000394800 ns, Reaching safepoint: 141300 ns, At safepoint: 7000 ns, Total: 148300 ns
[2020-08-21T23:48:44.646+0000][10296][safepoint    ] Safepoint "Cleanup", Time since last: 2000376100 ns, Reaching safepoint: 126800 ns, At safepoint: 6100 ns, Total: 132900 ns
[2020-08-21T23:48:46.647+0000][10296][safepoint    ] Safepoint "Cleanup", Time since last: 2000322600 ns, Reaching safepoint: 120700 ns, At safepoint: 7500 ns, Total: 128200 ns
[2020-08-21T23:48:48.647+0000][10296][safepoint    ] Safepoint "Cleanup", Time since last: 1999907400 ns, Reaching safepoint: 125300 ns, At safepoint: 6600 ns, Total: 131900 ns
[2020-08-21T23:48:49.647+0000][10296][safepoint    ] Safepoint "Cleanup", Time since last: 1000356300 ns, Reaching safepoint: 131700 ns, At safepoint: 7500 ns, Total: 139200 ns
[2020-08-21T23:48:50.648+0000][10296][safepoint    ] Safepoint "Cleanup", Time since last: 1000327500 ns, Reaching safepoint: 130700 ns, At safepoint: 6300 ns, Total: 137000 ns
[2020-08-21T23:48:52.648+0000][10296][safepoint    ] Safepoint "Cleanup", Time since last: 1999904000 ns, Reaching safepoint: 120500 ns, At safepoint: 2000 ns, Total: 122500 ns
[2020-08-21T23:48:54.648+0000][10296][safepoint    ] Safepoint "Cleanup", Time since last: 2000080300 ns, Reaching safepoint: 128700 ns, At safepoint: 7200 ns, Total: 135900 ns
[2020-08-21T23:48:55.648+0000][10296][safepoint    ] Safepoint "Cleanup", Time since last: 1000170200 ns, Reaching safepoint: 130600 ns, At safepoint: 6700 ns, Total: 137300 ns
[2020-08-21T23:48:56.649+0000][10296][safepoint    ] Safepoint "Cleanup", Time since last: 1000351700 ns, Reaching safepoint: 109300 ns, At safepoint: 7100 ns, Total: 116400 ns
[2020-08-21T23:48:57.649+0000][10296][safepoint    ] Safepoint "Cleanup", Time since last: 1000339900 ns, Reaching safepoint: 118400 ns, At safepoint: 7600 ns, Total: 126000 ns
[2020-08-21T23:48:59.649+0000][10296][safepoint    ] Safepoint "Cleanup", Time since last: 1999932400 ns, Reaching safepoint: 147300 ns, At safepoint: 2000 ns, Total: 149300 ns
[2020-08-21T23:49:01.650+0000][10296][safepoint    ] Safepoint "Cleanup", Time since last: 2000335200 ns, Reaching safepoint: 128400 ns, At safepoint: 7100 ns, Total: 135500 ns
[2020-08-21T23:49:03.650+0000][10296][safepoint    ] Safepoint "Cleanup", Time since last: 2000349400 ns, Reaching safepoint: 133200 ns, At safepoint: 2500 ns, Total: 135700 ns
[2020-08-21T23:49:05.650+0000][10296][safepoint    ] Safepoint "Cleanup", Time since last: 1999886400 ns, Reaching safepoint: 117100 ns, At safepoint: 7700 ns, Total: 124800 ns
[2020-08-21T23:49:06.651+0000][10296][safepoint    ] Safepoint "Cleanup", Time since last: 1000370600 ns, Reaching safepoint: 114700 ns, At safepoint: 6500 ns, Total: 121200 ns
[2020-08-21T23:49:08.651+0000][10296][safepoint    ] Safepoint "Cleanup", Time since last: 2000363300 ns, Reaching safepoint: 127900 ns, At safepoint: 2200 ns, Total: 130100 ns
[2020-08-21T23:49:10.651+0000][10296][safepoint    ] Safepoint "Cleanup", Time since last: 1999996300 ns, Reaching safepoint: 118200 ns, At safepoint: 7000 ns, Total: 125200 ns
[2020-08-21T23:49:11.652+0000][10296][safepoint    ] Safepoint "Cleanup", Time since last: 1000276300 ns, Reaching safepoint: 127300 ns, At safepoint: 2500 ns, Total: 129800 ns
[2020-08-21T23:49:12.652+0000][10296][safepoint    ] Safepoint "Cleanup", Time since last: 1000353800 ns, Reaching safepoint: 118000 ns, At safepoint: 7600 ns, Total: 125600 ns
[2020-08-21T23:49:13.653+0000][10296][safepoint    ] Safepoint "Cleanup", Time since last: 1000044700 ns, Reaching safepoint: 130600 ns, At safepoint: 3000 ns, Total: 133600 ns
[2020-08-21T23:49:14.653+0000][10296][safepoint    ] Safepoint "Cleanup", Time since last: 1000199300 ns, Reaching safepoint: 158000 ns, At safepoint: 2300 ns, Total: 160300 ns
[2020-08-21T23:49:16.653+0000][10296][safepoint    ] Safepoint "Cleanup", Time since last: 2000320900 ns, Reaching safepoint: 121500 ns, At safepoint: 7700 ns, Total: 129200 ns
[2020-08-21T23:49:18.654+0000][10296][safepoint    ] Safepoint "Cleanup", Time since last: 2000371300 ns, Reaching safepoint: 144800 ns, At safepoint: 2400 ns, Total: 147200 ns
[2020-08-21T23:49:20.654+0000][10296][safepoint    ] Safepoint "Cleanup", Time since last: 2000372900 ns, Reaching safepoint: 134400 ns, At safepoint: 2000 ns, Total: 136400 ns
[2020-08-21T23:49:21.655+0000][10296][safepoint    ] Safepoint "Cleanup", Time since last: 1000335500 ns, Reaching safepoint: 130400 ns, At safepoint: 2700 ns, Total: 133100 ns
[2020-08-21T23:49:23.655+0000][10296][safepoint    ] Safepoint "Cleanup", Time since last: 2000378100 ns, Reaching safepoint: 124600 ns, At safepoint: 7500 ns, Total: 132100 ns
[2020-08-21T23:49:25.656+0000][10296][safepoint    ] Safepoint "Cleanup", Time since last: 2000366200 ns, Reaching safepoint: 147200 ns, At safepoint: 3100 ns, Total: 150300 ns
[2020-08-21T23:49:26.656+0000][10296][safepoint    ] Safepoint "Cleanup", Time since last: 1000324800 ns, Reaching safepoint: 132400 ns, At safepoint: 2100 ns, Total: 134500 ns
[2020-08-21T23:49:28.657+0000][10296][safepoint    ] Safepoint "Cleanup", Time since last: 2000410300 ns, Reaching safepoint: 137300 ns, At safepoint: 2400 ns, Total: 139700 ns
[2020-08-21T23:49:29.657+0000][10296][safepoint    ] Safepoint "Cleanup", Time since last: 1000339100 ns, Reaching safepoint: 142200 ns, At safepoint: 6900 ns, Total: 149100 ns
[2020-08-21T23:49:31.658+0000][10296][safepoint    ] Safepoint "Cleanup", Time since last: 2000368500 ns, Reaching safepoint: 150700 ns, At safepoint: 7600 ns, Total: 158300 ns
[2020-08-21T23:49:32.658+0000][10296][safepoint    ] Safepoint "Cleanup", Time since last: 1000197600 ns, Reaching safepoint: 135600 ns, At safepoint: 7300 ns, Total: 142900 ns
[2020-08-21T23:49:34.658+0000][10296][safepoint    ] Safepoint "Cleanup", Time since last: 2000018900 ns, Reaching safepoint: 123900 ns, At safepoint: 2500 ns, Total: 126400 ns
[2020-08-21T23:49:35.659+0000][10296][safepoint    ] Safepoint "Cleanup", Time since last: 1000314900 ns, Reaching safepoint: 130400 ns, At safepoint: 7000 ns, Total: 137400 ns
[2020-08-21T23:49:37.659+0000][10296][safepoint    ] Safepoint "Cleanup", Time since last: 1999901300 ns, Reaching safepoint: 133500 ns, At safepoint: 2100 ns, Total: 135600 ns
[2020-08-21T23:49:38.923+0000][10296][gc,start     ] GC(28) Pause Young (Normal) (G1 Evacuation Pause)
[2020-08-21T23:49:38.923+0000][10296][gc,task      ] GC(28) Using 18 workers of 18 for evacuation
[2020-08-21T23:49:38.924+0000][10296][gc,age       ] GC(28) Desired survivor size 40370176 bytes, new threshold 15 (max threshold 15)
[2020-08-21T23:49:38.926+0000][10296][gc,age       ] GC(28) Age table with threshold 15 (max threshold 15)
[2020-08-21T23:49:38.926+0000][10296][gc,age       ] GC(28) - age   1:      11352 bytes,      11352 total
[2020-08-21T23:49:38.926+0000][10296][gc,age       ] GC(28) - age   2:     151776 bytes,     163128 total
[2020-08-21T23:49:38.926+0000][10296][gc,age       ] GC(28) - age   3:     452024 bytes,     615152 total
[2020-08-21T23:49:38.926+0000][10296][gc,age       ] GC(28) - age   4:       2352 bytes,     617504 total
[2020-08-21T23:49:38.926+0000][10296][gc,age       ] GC(28) - age   5:      18016 bytes,     635520 total
[2020-08-21T23:49:38.926+0000][10296][gc,age       ] GC(28) - age   6:     444600 bytes,    1080120 total
[2020-08-21T23:49:38.926+0000][10296][gc,age       ] GC(28) - age   7:      99520 bytes,    1179640 total
[2020-08-21T23:49:38.926+0000][10296][gc,age       ] GC(28) - age   8:       2888 bytes,    1182528 total
[2020-08-21T23:49:38.926+0000][10296][gc,age       ] GC(28) - age   9:       2640 bytes,    1185168 total
[2020-08-21T23:49:38.926+0000][10296][gc,age       ] GC(28) - age  10:       1768 bytes,    1186936 total
[2020-08-21T23:49:38.926+0000][10296][gc,age       ] GC(28) - age  11:     679640 bytes,    1866576 total
[2020-08-21T23:49:38.926+0000][10296][gc,age       ] GC(28) - age  12:       9592 bytes,    1876168 total
[2020-08-21T23:49:38.926+0000][10296][gc,age       ] GC(28) - age  13:      38112 bytes,    1914280 total
[2020-08-21T23:49:38.926+0000][10296][gc,age       ] GC(28) - age  14:      55712 bytes,    1969992 total
[2020-08-21T23:49:38.926+0000][10296][gc,age       ] GC(28) - age  15:     102120 bytes,    2072112 total
[2020-08-21T23:49:38.926+0000][10296][gc,phases    ] GC(28)   Pre Evacuate Collection Set: 0.1ms
[2020-08-21T23:49:38.926+0000][10296][gc,phases    ] GC(28)   Merge Heap Roots: 0.1ms
[2020-08-21T23:49:38.926+0000][10296][gc,phases    ] GC(28)   Evacuate Collection Set: 1.3ms
[2020-08-21T23:49:38.926+0000][10296][gc,phases    ] GC(28)   Post Evacuate Collection Set: 0.5ms
[2020-08-21T23:49:38.926+0000][10296][gc,phases    ] GC(28)   Other: 0.4ms
[2020-08-21T23:49:38.926+0000][10296][gc,heap      ] GC(28) Eden regions: 609->0(611)
[2020-08-21T23:49:38.926+0000][10296][gc,heap      ] GC(28) Survivor regions: 5->3(77)
[2020-08-21T23:49:38.926+0000][10296][gc,heap      ] GC(28) Old regions: 68->70
[2020-08-21T23:49:38.926+0000][10296][gc,heap      ] GC(28) Archive regions: 0->0
[2020-08-21T23:49:38.926+0000][10296][gc,heap      ] GC(28) Humongous regions: 7->7
[2020-08-21T23:49:38.926+0000][10296][gc,metaspace ] GC(28) Metaspace: 95026K(103168K)->95026K(103168K) NonClass: 82135K(87040K)->82135K(87040K) Class: 12890K(16128K)->12890K(16128K)
[2020-08-21T23:49:38.926+0000][10296][gc           ] GC(28) Pause Young (Normal) (G1 Evacuation Pause) 688M->79M(1024M) 2.436ms
[2020-08-21T23:49:38.926+0000][10296][gc,cpu       ] GC(28) User=0.00s Sys=0.00s Real=0.00s
[2020-08-21T23:49:38.926+0000][10296][safepoint    ] Safepoint "G1CollectForAllocation", Time since last: 1264412300 ns, Reaching safepoint: 164000 ns, At safepoint: 2508000 ns, Total: 2672000 ns
[2020-08-21T23:49:40.926+0000][10296][safepoint    ] Safepoint "Cleanup", Time since last: 2000196200 ns, Reaching safepoint: 123200 ns, At safepoint: 2000 ns, Total: 125200 ns
[2020-08-21T23:49:42.927+0000][10296][safepoint    ] Safepoint "Cleanup", Time since last: 2000431900 ns, Reaching safepoint: 129200 ns, At safepoint: 2000 ns, Total: 131200 ns
[2020-08-21T23:49:44.927+0000][10296][safepoint    ] Safepoint "Cleanup", Time since last: 2000357800 ns, Reaching safepoint: 147600 ns, At safepoint: 2300 ns, Total: 149900 ns
[2020-08-21T23:49:46.928+0000][10296][safepoint    ] Safepoint "Cleanup", Time since last: 2000381200 ns, Reaching safepoint: 117200 ns, At safepoint: 2100 ns, Total: 119300 ns
[2020-08-21T23:49:48.928+0000][10296][safepoint    ] Safepoint "Cleanup", Time since last: 1999943900 ns, Reaching safepoint: 127400 ns, At safepoint: 7600 ns, Total: 135000 ns
[2020-08-21T23:49:49.928+0000][10296][safepoint    ] Safepoint "Cleanup", Time since last: 1000344700 ns, Reaching safepoint: 136900 ns, At safepoint: 7200 ns, Total: 144100 ns
[2020-08-21T23:49:51.929+0000][10296][safepoint    ] Safepoint "Cleanup", Time since last: 2000234500 ns, Reaching safepoint: 113200 ns, At safepoint: 7700 ns, Total: 120900 ns
[2020-08-21T23:49:52.929+0000][10296][safepoint    ] Safepoint "Cleanup", Time since last: 1000191300 ns, Reaching safepoint: 131400 ns, At safepoint: 2900 ns, Total: 134300 ns
[2020-08-21T23:49:53.929+0000][10296][safepoint    ] Safepoint "Cleanup", Time since last: 1000168500 ns, Reaching safepoint: 125900 ns, At safepoint: 3000 ns, Total: 128900 ns
[2020-08-21T23:49:54.930+0000][10296][safepoint    ] Safepoint "Cleanup", Time since last: 1000320500 ns, Reaching safepoint: 135800 ns, At safepoint: 2000 ns, Total: 137800 ns
[2020-08-21T23:49:56.930+0000][10296][safepoint    ] Safepoint "Cleanup", Time since last: 2000356800 ns, Reaching safepoint: 138600 ns, At safepoint: 7400 ns, Total: 146000 ns
[2020-08-21T23:49:58.931+0000][10296][safepoint    ] Safepoint "Cleanup", Time since last: 2000382500 ns, Reaching safepoint: 136900 ns, At safepoint: 2000 ns, Total: 138900 ns
[2020-08-21T23:50:00.931+0000][10296][safepoint    ] Safepoint "Cleanup", Time since last: 2000329200 ns, Reaching safepoint: 139600 ns, At safepoint: 7100 ns, Total: 146700 ns
[2020-08-21T23:50:02.932+0000][10296][safepoint    ] Safepoint "Cleanup", Time since last: 2000386000 ns, Reaching safepoint: 120700 ns, At safepoint: 7400 ns, Total: 128100 ns
[2020-08-21T23:50:04.932+0000][10296][safepoint    ] Safepoint "Cleanup", Time since last: 1999902600 ns, Reaching safepoint: 149500 ns, At safepoint: 7400 ns, Total: 156900 ns
[2020-08-21T23:50:05.932+0000][10296][safepoint    ] Safepoint "Cleanup", Time since last: 1000307100 ns, Reaching safepoint: 137000 ns, At safepoint: 7400 ns, Total: 144400 ns
[2020-08-21T23:50:07.632+0000][10296][safepoint    ] Safepoint "Cleanup", Time since last: 1699619300 ns, Reaching safepoint: 126900 ns, At safepoint: 1900 ns, Total: 128800 ns
[2020-08-21T23:50:08.632+0000][10296][safepoint    ] Safepoint "Cleanup", Time since last: 1000179200 ns, Reaching safepoint: 134800 ns, At safepoint: 6300 ns, Total: 141100 ns
[2020-08-21T23:50:09.633+0000][10296][safepoint    ] Safepoint "Cleanup", Time since last: 1000212700 ns, Reaching safepoint: 131300 ns, At safepoint: 7300 ns, Total: 138600 ns
[2020-08-21T23:50:11.633+0000][10296][safepoint    ] Safepoint "Cleanup", Time since last: 1999996100 ns, Reaching safepoint: 151100 ns, At safepoint: 2100 ns, Total: 153200 ns
[2020-08-21T23:50:12.633+0000][10296][safepoint    ] Safepoint "Cleanup", Time since last: 1000277900 ns, Reaching safepoint: 121000 ns, At safepoint: 2300 ns, Total: 123300 ns
[2020-08-21T23:50:13.634+0000][10296][safepoint    ] Safepoint "Cleanup", Time since last: 1000345100 ns, Reaching safepoint: 140700 ns, At safepoint: 7000 ns, Total: 147700 ns
[2020-08-21T23:50:15.634+0000][10296][safepoint    ] Safepoint "Cleanup", Time since last: 2000397400 ns, Reaching safepoint: 126900 ns, At safepoint: 7100 ns, Total: 134000 ns
[2020-08-21T23:50:17.635+0000][10296][safepoint    ] Safepoint "Cleanup", Time since last: 2000366800 ns, Reaching safepoint: 129700 ns, At safepoint: 2000 ns, Total: 131700 ns
[2020-08-21T23:50:18.635+0000][10296][safepoint    ] Safepoint "Cleanup", Time since last: 1000367100 ns, Reaching safepoint: 126600 ns, At safepoint: 7000 ns, Total: 133600 ns
[2020-08-21T23:50:19.636+0000][10296][safepoint    ] Safepoint "Cleanup", Time since last: 1000361900 ns, Reaching safepoint: 132500 ns, At safepoint: 2200 ns, Total: 134700 ns
[2020-08-21T23:50:21.636+0000][10296][safepoint    ] Safepoint "Cleanup", Time since last: 2000369500 ns, Reaching safepoint: 126400 ns, At safepoint: 6300 ns, Total: 132700 ns
[2020-08-21T23:50:22.637+0000][10296][safepoint    ] Safepoint "Cleanup", Time since last: 1000361300 ns, Reaching safepoint: 129200 ns, At safepoint: 2200 ns, Total: 131400 ns
[2020-08-21T23:50:24.637+0000][10296][safepoint    ] Safepoint "Cleanup", Time since last: 1999963500 ns, Reaching safepoint: 133000 ns, At safepoint: 2100 ns, Total: 135100 ns
[2020-08-21T23:50:25.637+0000][10296][safepoint    ] Safepoint "Cleanup", Time since last: 1000360200 ns, Reaching safepoint: 125600 ns, At safepoint: 7500 ns, Total: 133100 ns
[2020-08-21T23:50:26.638+0000][10296][safepoint    ] Safepoint "Cleanup", Time since last: 1000281600 ns, Reaching safepoint: 133500 ns, At safepoint: 2000 ns, Total: 135500 ns
[2020-08-21T23:50:27.638+0000][10296][safepoint    ] Safepoint "Cleanup", Time since last: 1000351500 ns, Reaching safepoint: 139200 ns, At safepoint: 2400 ns, Total: 141600 ns
[2020-08-21T23:50:29.639+0000][10296][safepoint    ] Safepoint "Cleanup", Time since last: 2000354100 ns, Reaching safepoint: 143700 ns, At safepoint: 7100 ns, Total: 150800 ns
[2020-08-21T23:50:30.639+0000][10296][safepoint    ] Safepoint "Cleanup", Time since last: 1000339700 ns, Reaching safepoint: 141600 ns, At safepoint: 7600 ns, Total: 149200 ns
[2020-08-21T23:50:32.640+0000][10296][safepoint    ] Safepoint "Cleanup", Time since last: 2000368900 ns, Reaching safepoint: 127900 ns, At safepoint: 2100 ns, Total: 130000 ns
[2020-08-21T23:50:34.640+0000][10296][safepoint    ] Safepoint "Cleanup", Time since last: 1999909000 ns, Reaching safepoint: 125600 ns, At safepoint: 2000 ns, Total: 127600 ns
[2020-08-21T23:50:36.640+0000][10296][safepoint    ] Safepoint "Cleanup", Time since last: 1999879200 ns, Reaching safepoint: 125700 ns, At safepoint: 6400 ns, Total: 132100 ns
[2020-08-21T23:50:37.640+0000][10296][safepoint    ] Safepoint "Cleanup", Time since last: 1000333200 ns, Reaching safepoint: 130900 ns, At safepoint: 2600 ns, Total: 133500 ns
[2020-08-21T23:50:39.641+0000][10296][safepoint    ] Safepoint "Cleanup", Time since last: 2000365000 ns, Reaching safepoint: 145800 ns, At safepoint: 2400 ns, Total: 148200 ns
[2020-08-21T23:50:41.641+0000][10296][safepoint    ] Safepoint "Cleanup", Time since last: 2000325200 ns, Reaching safepoint: 125400 ns, At safepoint: 7900 ns, Total: 133300 ns
[2020-08-21T23:50:43.642+0000][10296][safepoint    ] Safepoint "Cleanup", Time since last: 2000140100 ns, Reaching safepoint: 140300 ns, At safepoint: 2500 ns, Total: 142800 ns
[2020-08-21T23:50:44.642+0000][10296][safepoint    ] Safepoint "Cleanup", Time since last: 1000114300 ns, Reaching safepoint: 120700 ns, At safepoint: 7100 ns, Total: 127800 ns
[2020-08-21T23:50:46.642+0000][10296][safepoint    ] Safepoint "Cleanup", Time since last: 2000331600 ns, Reaching safepoint: 134500 ns, At safepoint: 7600 ns, Total: 142100 ns
[2020-08-21T23:50:48.643+0000][10296][safepoint    ] Safepoint "Cleanup", Time since last: 2000372600 ns, Reaching safepoint: 134800 ns, At safepoint: 2200 ns, Total: 137000 ns
[2020-08-21T23:50:50.643+0000][10296][safepoint    ] Safepoint "Cleanup", Time since last: 1999884600 ns, Reaching safepoint: 120300 ns, At safepoint: 7400 ns, Total: 127700 ns
[2020-08-21T23:50:51.643+0000][10296][safepoint    ] Safepoint "Cleanup", Time since last: 1000367700 ns, Reaching safepoint: 116300 ns, At safepoint: 7600 ns, Total: 123900 ns
[2020-08-21T23:50:52.644+0000][10296][safepoint    ] Safepoint "Cleanup", Time since last: 1000384000 ns, Reaching safepoint: 121300 ns, At safepoint: 2700 ns, Total: 124000 ns
[2020-08-21T23:50:53.644+0000][10296][safepoint    ] Safepoint "Cleanup", Time since last: 1000334900 ns, Reaching safepoint: 121900 ns, At safepoint: 2100 ns, Total: 124000 ns
[2020-08-21T23:50:54.645+0000][10296][safepoint    ] Safepoint "Cleanup", Time since last: 1000375200 ns, Reaching safepoint: 121700 ns, At safepoint: 2700 ns, Total: 124400 ns
[2020-08-21T23:50:56.645+0000][10296][safepoint    ] Safepoint "Cleanup", Time since last: 1999938000 ns, Reaching safepoint: 126900 ns, At safepoint: 2000 ns, Total: 128900 ns
[2020-08-21T23:50:57.645+0000][10296][safepoint    ] Safepoint "Cleanup", Time since last: 1000363700 ns, Reaching safepoint: 140700 ns, At safepoint: 2800 ns, Total: 143500 ns
[2020-08-21T23:50:58.646+0000][10296][safepoint    ] Safepoint "Cleanup", Time since last: 1000305300 ns, Reaching safepoint: 151400 ns, At safepoint: 2500 ns, Total: 153900 ns
[2020-08-21T23:51:00.646+0000][10296][safepoint    ] Safepoint "Cleanup", Time since last: 2000391600 ns, Reaching safepoint: 132700 ns, At safepoint: 2400 ns, Total: 135100 ns
[2020-08-21T23:51:01.647+0000][10296][safepoint    ] Safepoint "Cleanup", Time since last: 1000344700 ns, Reaching safepoint: 130400 ns, At safepoint: 7300 ns, Total: 137700 ns
[2020-08-21T23:51:02.647+0000][10296][safepoint    ] Safepoint "Cleanup", Time since last: 1000332600 ns, Reaching safepoint: 126200 ns, At safepoint: 7200 ns, Total: 133400 ns
[2020-08-21T23:51:04.647+0000][10296][safepoint    ] Safepoint "Cleanup", Time since last: 1999910700 ns, Reaching safepoint: 127300 ns, At safepoint: 2500 ns, Total: 129800 ns
[2020-08-21T23:51:05.648+0000][10296][safepoint    ] Safepoint "Cleanup", Time since last: 1000343700 ns, Reaching safepoint: 126100 ns, At safepoint: 2100 ns, Total: 128200 ns
[2020-08-21T23:51:07.648+0000][10296][safepoint    ] Safepoint "Cleanup", Time since last: 2000351300 ns, Reaching safepoint: 121700 ns, At safepoint: 2300 ns, Total: 124000 ns
[2020-08-21T23:51:09.649+0000][10296][safepoint    ] Safepoint "Cleanup", Time since last: 2000420000 ns, Reaching safepoint: 128000 ns, At safepoint: 7400 ns, Total: 135400 ns
[2020-08-21T23:51:10.649+0000][10296][safepoint    ] Safepoint "Cleanup", Time since last: 1000327400 ns, Reaching safepoint: 152900 ns, At safepoint: 2100 ns, Total: 155000 ns
[2020-08-21T23:51:11.650+0000][10296][safepoint    ] Safepoint "Cleanup", Time since last: 1000350400 ns, Reaching safepoint: 154300 ns, At safepoint: 6900 ns, Total: 161200 ns
[2020-08-21T23:51:13.650+0000][10296][safepoint    ] Safepoint "Cleanup", Time since last: 2000295000 ns, Reaching safepoint: 116500 ns, At safepoint: 2000 ns, Total: 118500 ns
[2020-08-21T23:51:14.650+0000][10296][safepoint    ] Safepoint "Cleanup", Time since last: 1000007700 ns, Reaching safepoint: 144000 ns, At safepoint: 8900 ns, Total: 152900 ns
[2020-08-21T23:51:15.651+0000][10296][safepoint    ] Safepoint "Cleanup", Time since last: 1000296900 ns, Reaching safepoint: 123700 ns, At safepoint: 6400 ns, Total: 130100 ns
[2020-08-21T23:51:16.651+0000][10296][safepoint    ] Safepoint "Cleanup", Time since last: 1000327700 ns, Reaching safepoint: 129700 ns, At safepoint: 2200 ns, Total: 131900 ns
[2020-08-21T23:51:18.651+0000][10296][safepoint    ] Safepoint "Cleanup", Time since last: 2000009100 ns, Reaching safepoint: 133300 ns, At safepoint: 7300 ns, Total: 140600 ns
[2020-08-21T23:51:19.652+0000][10296][safepoint    ] Safepoint "Cleanup", Time since last: 1000168200 ns, Reaching safepoint: 127000 ns, At safepoint: 6900 ns, Total: 133900 ns
[2020-08-21T23:51:20.652+0000][10296][safepoint    ] Safepoint "Cleanup", Time since last: 1000169700 ns, Reaching safepoint: 142100 ns, At safepoint: 7500 ns, Total: 149600 ns
[2020-08-21T23:51:21.652+0000][10296][safepoint    ] Safepoint "Cleanup", Time since last: 1000129000 ns, Reaching safepoint: 130000 ns, At safepoint: 7300 ns, Total: 137300 ns
[2020-08-21T23:51:22.653+0000][10296][safepoint    ] Safepoint "Cleanup", Time since last: 1000354000 ns, Reaching safepoint: 122000 ns, At safepoint: 2000 ns, Total: 124000 ns
[2020-08-21T23:51:24.653+0000][10296][safepoint    ] Safepoint "Cleanup", Time since last: 1999993200 ns, Reaching safepoint: 133900 ns, At safepoint: 2200 ns, Total: 136100 ns
[2020-08-21T23:51:26.653+0000][10296][safepoint    ] Safepoint "Cleanup", Time since last: 2000264700 ns, Reaching safepoint: 133000 ns, At safepoint: 2400 ns, Total: 135400 ns
[2020-08-21T23:51:27.654+0000][10296][safepoint    ] Safepoint "Cleanup", Time since last: 1000367400 ns, Reaching safepoint: 123700 ns, At safepoint: 2400 ns, Total: 126100 ns
[2020-08-21T23:51:28.654+0000][10296][safepoint    ] Safepoint "Cleanup", Time since last: 1000353800 ns, Reaching safepoint: 137700 ns, At safepoint: 2000 ns, Total: 139700 ns
[2020-08-21T23:51:29.655+0000][10296][safepoint    ] Safepoint "Cleanup", Time since last: 1000339300 ns, Reaching safepoint: 124200 ns, At safepoint: 2700 ns, Total: 126900 ns
[2020-08-21T23:51:31.655+0000][10296][safepoint    ] Safepoint "Cleanup", Time since last: 2000395800 ns, Reaching safepoint: 129700 ns, At safepoint: 8000 ns, Total: 137700 ns
[2020-08-21T23:51:33.656+0000][10296][safepoint    ] Safepoint "Cleanup", Time since last: 2000337000 ns, Reaching safepoint: 136600 ns, At safepoint: 7200 ns, Total: 143800 ns
[2020-08-21T23:51:35.656+0000][10296][safepoint    ] Safepoint "Cleanup", Time since last: 1999905000 ns, Reaching safepoint: 123500 ns, At safepoint: 7000 ns, Total: 130500 ns
[2020-08-21T23:51:36.656+0000][10296][safepoint    ] Safepoint "Cleanup", Time since last: 1000339200 ns, Reaching safepoint: 107000 ns, At safepoint: 2000 ns, Total: 109000 ns
[2020-08-21T23:51:38.657+0000][10296][safepoint    ] Safepoint "Cleanup", Time since last: 2000371400 ns, Reaching safepoint: 116900 ns, At safepoint: 2000 ns, Total: 118900 ns
[2020-08-21T23:51:40.657+0000][10296][safepoint    ] Safepoint "Cleanup", Time since last: 2000400500 ns, Reaching safepoint: 127400 ns, At safepoint: 2000 ns, Total: 129400 ns
[2020-08-21T23:51:42.658+0000][10296][safepoint    ] Safepoint "Cleanup", Time since last: 2000392500 ns, Reaching safepoint: 130300 ns, At safepoint: 2100 ns, Total: 132400 ns
[2020-08-21T23:51:44.658+0000][10296][safepoint    ] Safepoint "Cleanup", Time since last: 2000345900 ns, Reaching safepoint: 128800 ns, At safepoint: 2400 ns, Total: 131200 ns
[2020-08-21T23:51:46.658+0000][10296][safepoint    ] Safepoint "Cleanup", Time since last: 1999885600 ns, Reaching safepoint: 166400 ns, At safepoint: 7600 ns, Total: 174000 ns
[2020-08-21T23:51:48.659+0000][10296][safepoint    ] Safepoint "Cleanup", Time since last: 2000330400 ns, Reaching safepoint: 128000 ns, At safepoint: 7000 ns, Total: 135000 ns
[2020-08-21T23:51:49.659+0000][10296][safepoint    ] Safepoint "Cleanup", Time since last: 1000323000 ns, Reaching safepoint: 128700 ns, At safepoint: 2300 ns, Total: 131000 ns
[2020-08-21T23:51:51.659+0000][10296][safepoint    ] Safepoint "Cleanup", Time since last: 1999907600 ns, Reaching safepoint: 153100 ns, At safepoint: 2200 ns, Total: 155300 ns
[2020-08-21T23:51:53.659+0000][10296][safepoint    ] Safepoint "Cleanup", Time since last: 1999908000 ns, Reaching safepoint: 137200 ns, At safepoint: 2100 ns, Total: 139300 ns
[2020-08-21T23:51:54.660+0000][10296][safepoint    ] Safepoint "Cleanup", Time since last: 1000272000 ns, Reaching safepoint: 142100 ns, At safepoint: 2400 ns, Total: 144500 ns
[2020-08-21T23:51:56.660+0000][10296][safepoint    ] Safepoint "Cleanup", Time since last: 1999909100 ns, Reaching safepoint: 127000 ns, At safepoint: 7000 ns, Total: 134000 ns
[2020-08-21T23:51:57.660+0000][10296][safepoint    ] Safepoint "Cleanup", Time since last: 1000338200 ns, Reaching safepoint: 156300 ns, At safepoint: 7100 ns, Total: 163400 ns
[2020-08-21T23:51:59.661+0000][10296][safepoint    ] Safepoint "Cleanup", Time since last: 2000301700 ns, Reaching safepoint: 134800 ns, At safepoint: 2500 ns, Total: 137300 ns
[2020-08-21T23:52:01.661+0000][10296][safepoint    ] Safepoint "Cleanup", Time since last: 2000365900 ns, Reaching safepoint: 121300 ns, At safepoint: 2100 ns, Total: 123400 ns
[2020-08-21T23:52:03.662+0000][10296][safepoint    ] Safepoint "Cleanup", Time since last: 2000371000 ns, Reaching safepoint: 133700 ns, At safepoint: 2600 ns, Total: 136300 ns
[2020-08-21T23:52:05.662+0000][10296][safepoint    ] Safepoint "Cleanup", Time since last: 1999970500 ns, Reaching safepoint: 147100 ns, At safepoint: 7200 ns, Total: 154300 ns
[2020-08-21T23:52:06.662+0000][10296][safepoint    ] Safepoint "Cleanup", Time since last: 1000273200 ns, Reaching safepoint: 131900 ns, At safepoint: 7000 ns, Total: 138900 ns
[2020-08-21T23:52:08.663+0000][10296][safepoint    ] Safepoint "Cleanup", Time since last: 2000347800 ns, Reaching safepoint: 123400 ns, At safepoint: 2200 ns, Total: 125600 ns
[2020-08-21T23:52:10.663+0000][10296][safepoint    ] Safepoint "Cleanup", Time since last: 2000400900 ns, Reaching safepoint: 129200 ns, At safepoint: 2400 ns, Total: 131600 ns
[2020-08-21T23:52:11.664+0000][10296][safepoint    ] Safepoint "Cleanup", Time since last: 1000319800 ns, Reaching safepoint: 127200 ns, At safepoint: 6700 ns, Total: 133900 ns
[2020-08-21T23:52:13.664+0000][10296][safepoint    ] Safepoint "Cleanup", Time since last: 1999925500 ns, Reaching safepoint: 143600 ns, At safepoint: 7100 ns, Total: 150700 ns
[2020-08-21T23:52:14.664+0000][10296][safepoint    ] Safepoint "Cleanup", Time since last: 1000335000 ns, Reaching safepoint: 135400 ns, At safepoint: 2400 ns, Total: 137800 ns
[2020-08-21T23:52:16.665+0000][10296][safepoint    ] Safepoint "Cleanup", Time since last: 2000340300 ns, Reaching safepoint: 138300 ns, At safepoint: 7500 ns, Total: 145800 ns
[2020-08-21T23:52:18.665+0000][10296][safepoint    ] Safepoint "Cleanup", Time since last: 1999876800 ns, Reaching safepoint: 139200 ns, At safepoint: 2100 ns, Total: 141300 ns
[2020-08-21T23:52:20.665+0000][10296][safepoint    ] Safepoint "Cleanup", Time since last: 1999906500 ns, Reaching safepoint: 125600 ns, At safepoint: 7400 ns, Total: 133000 ns
[2020-08-21T23:52:21.665+0000][10296][safepoint    ] Safepoint "Cleanup", Time since last: 1000282200 ns, Reaching safepoint: 141700 ns, At safepoint: 7100 ns, Total: 148800 ns
[2020-08-21T23:52:22.666+0000][10296][safepoint    ] Safepoint "Cleanup", Time since last: 1000343100 ns, Reaching safepoint: 122000 ns, At safepoint: 7200 ns, Total: 129200 ns
[2020-08-21T23:52:24.666+0000][10296][safepoint    ] Safepoint "Cleanup", Time since last: 1999915400 ns, Reaching safepoint: 132600 ns, At safepoint: 2000 ns, Total: 134600 ns
[2020-08-21T23:52:26.666+0000][10296][safepoint    ] Safepoint "Cleanup", Time since last: 2000239300 ns, Reaching safepoint: 117900 ns, At safepoint: 2200 ns, Total: 120100 ns
[2020-08-21T23:52:27.667+0000][10296][safepoint    ] Safepoint "Cleanup", Time since last: 1000192200 ns, Reaching safepoint: 129800 ns, At safepoint: 2500 ns, Total: 132300 ns
[2020-08-21T23:52:28.667+0000][10296][safepoint    ] Safepoint "Cleanup", Time since last: 1000168900 ns, Reaching safepoint: 126400 ns, At safepoint: 2100 ns, Total: 128500 ns
[2020-08-21T23:52:29.667+0000][10296][safepoint    ] Safepoint "Cleanup", Time since last: 1000360700 ns, Reaching safepoint: 140900 ns, At safepoint: 2400 ns, Total: 143300 ns
[2020-08-21T23:52:31.668+0000][10296][safepoint    ] Safepoint "Cleanup", Time since last: 2000376600 ns, Reaching safepoint: 126200 ns, At safepoint: 2400 ns, Total: 128600 ns
[2020-08-21T23:52:32.668+0000][10296][safepoint    ] Safepoint "Cleanup", Time since last: 1000378400 ns, Reaching safepoint: 123600 ns, At safepoint: 6800 ns, Total: 130400 ns
[2020-08-21T23:52:33.669+0000][10296][safepoint    ] Safepoint "Cleanup", Time since last: 1000320600 ns, Reaching safepoint: 126400 ns, At safepoint: 7200 ns, Total: 133600 ns
[2020-08-21T23:52:35.669+0000][10296][safepoint    ] Safepoint "Cleanup", Time since last: 2000383100 ns, Reaching safepoint: 150700 ns, At safepoint: 2100 ns, Total: 152800 ns
[2020-08-21T23:52:37.670+0000][10296][safepoint    ] Safepoint "Cleanup", Time since last: 2000351200 ns, Reaching safepoint: 139700 ns, At safepoint: 2600 ns, Total: 142300 ns
[2020-08-21T23:52:39.670+0000][10296][safepoint    ] Safepoint "Cleanup", Time since last: 2000352300 ns, Reaching safepoint: 128200 ns, At safepoint: 2500 ns, Total: 130700 ns
[2020-08-21T23:52:41.671+0000][10296][safepoint    ] Safepoint "Cleanup", Time since last: 2000358600 ns, Reaching safepoint: 145600 ns, At safepoint: 6800 ns, Total: 152400 ns
[2020-08-21T23:52:42.671+0000][10296][safepoint    ] Safepoint "Cleanup", Time since last: 1000157700 ns, Reaching safepoint: 128400 ns, At safepoint: 2700 ns, Total: 131100 ns
[2020-08-21T23:52:43.671+0000][10296][safepoint    ] Safepoint "Cleanup", Time since last: 1000122700 ns, Reaching safepoint: 134500 ns, At safepoint: 3100 ns, Total: 137600 ns
[2020-08-21T23:52:44.672+0000][10296][safepoint    ] Safepoint "Cleanup", Time since last: 1000295000 ns, Reaching safepoint: 130700 ns, At safepoint: 7100 ns, Total: 137800 ns
[2020-08-21T23:52:46.672+0000][10296][safepoint    ] Safepoint "Cleanup", Time since last: 2000398400 ns, Reaching safepoint: 116400 ns, At safepoint: 1900 ns, Total: 118300 ns
[2020-08-21T23:52:48.673+0000][10296][safepoint    ] Safepoint "Cleanup", Time since last: 2000379200 ns, Reaching safepoint: 136800 ns, At safepoint: 7100 ns, Total: 143900 ns
[2020-08-21T23:52:50.673+0000][10296][safepoint    ] Safepoint "Cleanup", Time since last: 2000347500 ns, Reaching safepoint: 132000 ns, At safepoint: 2300 ns, Total: 134300 ns
[2020-08-21T23:52:52.673+0000][10296][safepoint    ] Safepoint "Cleanup", Time since last: 1999897800 ns, Reaching safepoint: 141200 ns, At safepoint: 6600 ns, Total: 147800 ns
[2020-08-21T23:52:53.674+0000][10296][safepoint    ] Safepoint "Cleanup", Time since last: 1000330500 ns, Reaching safepoint: 133100 ns, At safepoint: 2200 ns, Total: 135300 ns
[2020-08-21T23:52:55.674+0000][10296][safepoint    ] Safepoint "Cleanup", Time since last: 2000353400 ns, Reaching safepoint: 137400 ns, At safepoint: 2600 ns, Total: 140000 ns
[2020-08-21T23:52:56.675+0000][10296][safepoint    ] Safepoint "Cleanup", Time since last: 1000343200 ns, Reaching safepoint: 136000 ns, At safepoint: 7900 ns, Total: 143900 ns
[2020-08-21T23:52:58.675+0000][10296][safepoint    ] Safepoint "Cleanup", Time since last: 1999927700 ns, Reaching safepoint: 121600 ns, At safepoint: 2000 ns, Total: 123600 ns
[2020-08-21T23:52:59.675+0000][10296][safepoint    ] Safepoint "Cleanup", Time since last: 1000345700 ns, Reaching safepoint: 131500 ns, At safepoint: 2500 ns, Total: 134000 ns
[2020-08-21T23:53:00.676+0000][10296][safepoint    ] Safepoint "Cleanup", Time since last: 1000353400 ns, Reaching safepoint: 123100 ns, At safepoint: 6300 ns, Total: 129400 ns
[2020-08-21T23:53:02.676+0000][10296][safepoint    ] Safepoint "Cleanup", Time since last: 2000356400 ns, Reaching safepoint: 131000 ns, At safepoint: 6900 ns, Total: 137900 ns
[2020-08-21T23:53:04.677+0000][10296][safepoint    ] Safepoint "Cleanup", Time since last: 2000367200 ns, Reaching safepoint: 128100 ns, At safepoint: 2100 ns, Total: 130200 ns
[2020-08-21T23:53:06.677+0000][10296][safepoint    ] Safepoint "Cleanup", Time since last: 2000351400 ns, Reaching safepoint: 106900 ns, At safepoint: 7500 ns, Total: 114400 ns
[2020-08-21T23:53:08.677+0000][10296][safepoint    ] Safepoint "Cleanup", Time since last: 1999904300 ns, Reaching safepoint: 135300 ns, At safepoint: 2100 ns, Total: 137400 ns
[2020-08-21T23:53:09.678+0000][10296][safepoint    ] Safepoint "Cleanup", Time since last: 1000355800 ns, Reaching safepoint: 144900 ns, At safepoint: 2400 ns, Total: 147300 ns
[2020-08-21T23:53:11.678+0000][10296][safepoint    ] Safepoint "Cleanup", Time since last: 2000339600 ns, Reaching safepoint: 144800 ns, At safepoint: 6800 ns, Total: 151600 ns
[2020-08-21T23:53:13.678+0000][10296][safepoint    ] Safepoint "Cleanup", Time since last: 1999880000 ns, Reaching safepoint: 136600 ns, At safepoint: 6300 ns, Total: 142900 ns
[2020-08-21T23:53:15.679+0000][10296][safepoint    ] Safepoint "Cleanup", Time since last: 2000371800 ns, Reaching safepoint: 120100 ns, At safepoint: 1900 ns, Total: 122000 ns
[2020-08-21T23:53:16.679+0000][10296][safepoint    ] Safepoint "Cleanup", Time since last: 1000336100 ns, Reaching safepoint: 119600 ns, At safepoint: 7000 ns, Total: 126600 ns
[2020-08-21T23:53:18.680+0000][10296][safepoint    ] Safepoint "Cleanup", Time since last: 2000414300 ns, Reaching safepoint: 123300 ns, At safepoint: 6900 ns, Total: 130200 ns
[2020-08-21T23:53:19.680+0000][10296][safepoint    ] Safepoint "Cleanup", Time since last: 1000363900 ns, Reaching safepoint: 135000 ns, At safepoint: 6200 ns, Total: 141200 ns
[2020-08-21T23:53:21.681+0000][10296][safepoint    ] Safepoint "Cleanup", Time since last: 2000352100 ns, Reaching safepoint: 163500 ns, At safepoint: 2300 ns, Total: 165800 ns
[2020-08-21T23:53:22.681+0000][10296][safepoint    ] Safepoint "Cleanup", Time since last: 1000299900 ns, Reaching safepoint: 133600 ns, At safepoint: 6900 ns, Total: 140500 ns
[2020-08-21T23:53:24.681+0000][10296][safepoint    ] Safepoint "Cleanup", Time since last: 1999916500 ns, Reaching safepoint: 120800 ns, At safepoint: 2400 ns, Total: 123200 ns
[2020-08-21T23:53:25.682+0000][10296][safepoint    ] Safepoint "Cleanup", Time since last: 1000354600 ns, Reaching safepoint: 122500 ns, At safepoint: 2700 ns, Total: 125200 ns
[2020-08-21T23:53:26.682+0000][10296][safepoint    ] Safepoint "Cleanup", Time since last: 1000371100 ns, Reaching safepoint: 135500 ns, At safepoint: 2300 ns, Total: 137800 ns
[2020-08-21T23:53:28.683+0000][10296][safepoint    ] Safepoint "Cleanup", Time since last: 2000353200 ns, Reaching safepoint: 118000 ns, At safepoint: 7100 ns, Total: 125100 ns
[2020-08-21T23:53:30.683+0000][10296][safepoint    ] Safepoint "Cleanup", Time since last: 2000387300 ns, Reaching safepoint: 126900 ns, At safepoint: 6500 ns, Total: 133400 ns
[2020-08-21T23:53:31.684+0000][10296][safepoint    ] Safepoint "Cleanup", Time since last: 1000364600 ns, Reaching safepoint: 115800 ns, At safepoint: 6700 ns, Total: 122500 ns
[2020-08-21T23:53:33.684+0000][10296][safepoint    ] Safepoint "Cleanup", Time since last: 2000385700 ns, Reaching safepoint: 119700 ns, At safepoint: 6600 ns, Total: 126300 ns
[2020-08-21T23:53:34.685+0000][10296][safepoint    ] Safepoint "Cleanup", Time since last: 1000366700 ns, Reaching safepoint: 122300 ns, At safepoint: 2300 ns, Total: 124600 ns
[2020-08-21T23:53:36.685+0000][10296][safepoint    ] Safepoint "Cleanup", Time since last: 1999910300 ns, Reaching safepoint: 127100 ns, At safepoint: 2400 ns, Total: 129500 ns
[2020-08-21T23:53:37.685+0000][10296][safepoint    ] Safepoint "Cleanup", Time since last: 1000354900 ns, Reaching safepoint: 147500 ns, At safepoint: 7100 ns, Total: 154600 ns
[2020-08-21T23:53:38.686+0000][10296][safepoint    ] Safepoint "Cleanup", Time since last: 1000337700 ns, Reaching safepoint: 128400 ns, At safepoint: 7200 ns, Total: 135600 ns
[2020-08-21T23:53:39.686+0000][10296][safepoint    ] Safepoint "Cleanup", Time since last: 1000352500 ns, Reaching safepoint: 132100 ns, At safepoint: 7500 ns, Total: 139600 ns
[2020-08-21T23:53:40.687+0000][10296][safepoint    ] Safepoint "Cleanup", Time since last: 1000345300 ns, Reaching safepoint: 116700 ns, At safepoint: 2200 ns, Total: 118900 ns
[2020-08-21T23:53:42.687+0000][10296][safepoint    ] Safepoint "Cleanup", Time since last: 2000425400 ns, Reaching safepoint: 136600 ns, At safepoint: 2500 ns, Total: 139100 ns
[2020-08-21T23:53:44.688+0000][10296][safepoint    ] Safepoint "Cleanup", Time since last: 2000321000 ns, Reaching safepoint: 113900 ns, At safepoint: 7300 ns, Total: 121200 ns
[2020-08-21T23:53:46.688+0000][10296][safepoint    ] Safepoint "Cleanup", Time since last: 1999912600 ns, Reaching safepoint: 131500 ns, At safepoint: 2500 ns, Total: 134000 ns
[2020-08-21T23:53:47.688+0000][10296][safepoint    ] Safepoint "Cleanup", Time since last: 1000006200 ns, Reaching safepoint: 122600 ns, At safepoint: 7200 ns, Total: 129800 ns
[2020-08-21T23:53:48.688+0000][10296][safepoint    ] Safepoint "Cleanup", Time since last: 1000206600 ns, Reaching safepoint: 148700 ns, At safepoint: 7200 ns, Total: 155900 ns
[2020-08-21T23:53:50.689+0000][10296][safepoint    ] Safepoint "Cleanup", Time since last: 2000336400 ns, Reaching safepoint: 113800 ns, At safepoint: 7700 ns, Total: 121500 ns
[2020-08-21T23:53:52.689+0000][10296][safepoint    ] Safepoint "Cleanup", Time since last: 2000391400 ns, Reaching safepoint: 147200 ns, At safepoint: 2500 ns, Total: 149700 ns
[2020-08-21T23:53:53.690+0000][10296][safepoint    ] Safepoint "Cleanup", Time since last: 1000305200 ns, Reaching safepoint: 136900 ns, At safepoint: 2900 ns, Total: 139800 ns
[2020-08-21T23:53:55.690+0000][10296][safepoint    ] Safepoint "Cleanup", Time since last: 2000401600 ns, Reaching safepoint: 127900 ns, At safepoint: 2800 ns, Total: 130700 ns
[2020-08-21T23:53:57.690+0000][10296][safepoint    ] Safepoint "Cleanup", Time since last: 1999906800 ns, Reaching safepoint: 136600 ns, At safepoint: 6900 ns, Total: 143500 ns
[2020-08-21T23:53:58.691+0000][10296][safepoint    ] Safepoint "Cleanup", Time since last: 1000277100 ns, Reaching safepoint: 122000 ns, At safepoint: 2100 ns, Total: 124100 ns
[2020-08-21T23:54:00.691+0000][10296][safepoint    ] Safepoint "Cleanup", Time since last: 1999895700 ns, Reaching safepoint: 137800 ns, At safepoint: 7200 ns, Total: 145000 ns
[2020-08-21T23:54:02.691+0000][10296][safepoint    ] Safepoint "Cleanup", Time since last: 2000374300 ns, Reaching safepoint: 125700 ns, At safepoint: 7600 ns, Total: 133300 ns
[2020-08-21T23:54:03.692+0000][10296][safepoint    ] Safepoint "Cleanup", Time since last: 1000361300 ns, Reaching safepoint: 128100 ns, At safepoint: 2100 ns, Total: 130200 ns
[2020-08-21T23:54:05.692+0000][10296][safepoint    ] Safepoint "Cleanup", Time since last: 2000364500 ns, Reaching safepoint: 135100 ns, At safepoint: 7000 ns, Total: 142100 ns
[2020-08-21T23:54:07.693+0000][10296][safepoint    ] Safepoint "Cleanup", Time since last: 2000378100 ns, Reaching safepoint: 135400 ns, At safepoint: 2100 ns, Total: 137500 ns
[2020-08-21T23:54:08.693+0000][10296][safepoint    ] Safepoint "Cleanup", Time since last: 1000339200 ns, Reaching safepoint: 127200 ns, At safepoint: 2100 ns, Total: 129300 ns
[2020-08-21T23:54:10.694+0000][10296][safepoint    ] Safepoint "Cleanup", Time since last: 2000386400 ns, Reaching safepoint: 117600 ns, At safepoint: 2300 ns, Total: 119900 ns
[2020-08-21T23:54:12.694+0000][10296][safepoint    ] Safepoint "Cleanup", Time since last: 1999891600 ns, Reaching safepoint: 123700 ns, At safepoint: 2000 ns, Total: 125700 ns
[2020-08-21T23:54:13.694+0000][10296][safepoint    ] Safepoint "Cleanup", Time since last: 1000342700 ns, Reaching safepoint: 131500 ns, At safepoint: 2400 ns, Total: 133900 ns
[2020-08-21T23:54:15.116+0000][10296][safepoint    ] Safepoint "Cleanup", Time since last: 1421888400 ns, Reaching safepoint: 139500 ns, At safepoint: 2400 ns, Total: 141900 ns
[2020-08-21T23:54:17.117+0000][10296][safepoint    ] Safepoint "Cleanup", Time since last: 2000372900 ns, Reaching safepoint: 133300 ns, At safepoint: 2100 ns, Total: 135400 ns
[2020-08-21T23:54:18.117+0000][10296][safepoint    ] Safepoint "Cleanup", Time since last: 1000348200 ns, Reaching safepoint: 131800 ns, At safepoint: 7300 ns, Total: 139100 ns
[2020-08-21T23:54:19.118+0000][10296][safepoint    ] Safepoint "Cleanup", Time since last: 1000337400 ns, Reaching safepoint: 131400 ns, At safepoint: 10300 ns, Total: 141700 ns
[2020-08-21T23:54:21.118+0000][10296][safepoint    ] Safepoint "Cleanup", Time since last: 2000361200 ns, Reaching safepoint: 140200 ns, At safepoint: 2000 ns, Total: 142200 ns
[2020-08-21T23:54:23.119+0000][10296][safepoint    ] Safepoint "Cleanup", Time since last: 2000395000 ns, Reaching safepoint: 139000 ns, At safepoint: 7400 ns, Total: 146400 ns
[2020-08-21T23:54:25.119+0000][10296][safepoint    ] Safepoint "Cleanup", Time since last: 2000340000 ns, Reaching safepoint: 116000 ns, At safepoint: 7300 ns, Total: 123300 ns
[2020-08-21T23:54:27.120+0000][10296][safepoint    ] Safepoint "Cleanup", Time since last: 2000358800 ns, Reaching safepoint: 124600 ns, At safepoint: 7000 ns, Total: 131600 ns
[2020-08-21T23:54:29.120+0000][10296][safepoint    ] Safepoint "Cleanup", Time since last: 2000083600 ns, Reaching safepoint: 132300 ns, At safepoint: 2000 ns, Total: 134300 ns
[2020-08-21T23:54:30.120+0000][10296][safepoint    ] Safepoint "Cleanup", Time since last: 1000164400 ns, Reaching safepoint: 132500 ns, At safepoint: 7600 ns, Total: 140100 ns
[2020-08-21T23:54:31.121+0000][10296][safepoint    ] Safepoint "Cleanup", Time since last: 1000324900 ns, Reaching safepoint: 123700 ns, At safepoint: 6700 ns, Total: 130400 ns
[2020-08-21T23:54:33.121+0000][10296][safepoint    ] Safepoint "Cleanup", Time since last: 1999933900 ns, Reaching safepoint: 156300 ns, At safepoint: 7300 ns, Total: 163600 ns
[2020-08-21T23:54:34.121+0000][10296][safepoint    ] Safepoint "Cleanup", Time since last: 1000316700 ns, Reaching safepoint: 127200 ns, At safepoint: 7100 ns, Total: 134300 ns
[2020-08-21T23:54:35.122+0000][10296][safepoint    ] Safepoint "Cleanup", Time since last: 1000343300 ns, Reaching safepoint: 140000 ns, At safepoint: 7300 ns, Total: 147300 ns
[2020-08-21T23:54:36.122+0000][10296][safepoint    ] Safepoint "Cleanup", Time since last: 1000336400 ns, Reaching safepoint: 184500 ns, At safepoint: 6700 ns, Total: 191200 ns
[2020-08-21T23:54:38.122+0000][10296][safepoint    ] Safepoint "Cleanup", Time since last: 1999842200 ns, Reaching safepoint: 126800 ns, At safepoint: 2200 ns, Total: 129000 ns
[2020-08-21T23:54:39.123+0000][10296][safepoint    ] Safepoint "Cleanup", Time since last: 1000368200 ns, Reaching safepoint: 142800 ns, At safepoint: 2500 ns, Total: 145300 ns
[2020-08-21T23:54:40.123+0000][10296][safepoint    ] Safepoint "Cleanup", Time since last: 1000323000 ns, Reaching safepoint: 133100 ns, At safepoint: 2400 ns, Total: 135500 ns
[2020-08-21T23:54:42.124+0000][10296][safepoint    ] Safepoint "Cleanup", Time since last: 2000190700 ns, Reaching safepoint: 130600 ns, At safepoint: 7000 ns, Total: 137600 ns
[2020-08-21T23:54:43.124+0000][10296][safepoint    ] Safepoint "Cleanup", Time since last: 1000071100 ns, Reaching safepoint: 140800 ns, At safepoint: 7600 ns, Total: 148400 ns
[2020-08-21T23:54:44.124+0000][10296][safepoint    ] Safepoint "Cleanup", Time since last: 1000332100 ns, Reaching safepoint: 130600 ns, At safepoint: 2600 ns, Total: 133200 ns
[2020-08-21T23:54:45.125+0000][10296][safepoint    ] Safepoint "Cleanup", Time since last: 1000278700 ns, Reaching safepoint: 152000 ns, At safepoint: 2600 ns, Total: 154600 ns
[2020-08-21T23:54:47.125+0000][10296][safepoint    ] Safepoint "Cleanup", Time since last: 2000220100 ns, Reaching safepoint: 128100 ns, At safepoint: 2100 ns, Total: 130200 ns
[2020-08-21T23:54:48.125+0000][10296][safepoint    ] Safepoint "Cleanup", Time since last: 1000176200 ns, Reaching safepoint: 154300 ns, At safepoint: 2800 ns, Total: 157100 ns
[2020-08-21T23:54:49.126+0000][10296][safepoint    ] Safepoint "Cleanup", Time since last: 1000144800 ns, Reaching safepoint: 130900 ns, At safepoint: 7500 ns, Total: 138400 ns
[2020-08-21T23:54:51.126+0000][10296][safepoint    ] Safepoint "Cleanup", Time since last: 2000079500 ns, Reaching safepoint: 128900 ns, At safepoint: 7400 ns, Total: 136300 ns
[2020-08-21T23:54:52.126+0000][10296][safepoint    ] Safepoint "Cleanup", Time since last: 1000281300 ns, Reaching safepoint: 133800 ns, At safepoint: 7100 ns, Total: 140900 ns
[2020-08-21T23:54:53.127+0000][10296][safepoint    ] Safepoint "Cleanup", Time since last: 1000325300 ns, Reaching safepoint: 124900 ns, At safepoint: 7300 ns, Total: 132200 ns
[2020-08-21T23:54:54.127+0000][10296][safepoint    ] Safepoint "Cleanup", Time since last: 1000366300 ns, Reaching safepoint: 119500 ns, At safepoint: 7300 ns, Total: 126800 ns
[2020-08-21T23:54:56.128+0000][10296][safepoint    ] Safepoint "Cleanup", Time since last: 2000381200 ns, Reaching safepoint: 136600 ns, At safepoint: 7400 ns, Total: 144000 ns
[2020-08-21T23:54:58.128+0000][10296][safepoint    ] Safepoint "Cleanup", Time since last: 2000359900 ns, Reaching safepoint: 121900 ns, At safepoint: 2400 ns, Total: 124300 ns
[2020-08-21T23:55:00.128+0000][10296][safepoint    ] Safepoint "Cleanup", Time since last: 1999905200 ns, Reaching safepoint: 133700 ns, At safepoint: 7500 ns, Total: 141200 ns
[2020-08-21T23:55:01.129+0000][10296][safepoint    ] Safepoint "Cleanup", Time since last: 1000329200 ns, Reaching safepoint: 132700 ns, At safepoint: 7100 ns, Total: 139800 ns
[2020-08-21T23:55:02.129+0000][10296][safepoint    ] Safepoint "Cleanup", Time since last: 1000348000 ns, Reaching safepoint: 131800 ns, At safepoint: 7400 ns, Total: 139200 ns
[2020-08-21T23:55:04.130+0000][10296][safepoint    ] Safepoint "Cleanup", Time since last: 2000361500 ns, Reaching safepoint: 146300 ns, At safepoint: 2500 ns, Total: 148800 ns
[2020-08-21T23:55:06.130+0000][10296][safepoint    ] Safepoint "Cleanup", Time since last: 2000354200 ns, Reaching safepoint: 128300 ns, At safepoint: 2500 ns, Total: 130800 ns
[2020-08-21T23:55:07.131+0000][10296][safepoint    ] Safepoint "Cleanup", Time since last: 1000343000 ns, Reaching safepoint: 124800 ns, At safepoint: 7200 ns, Total: 132000 ns
[2020-08-21T23:55:08.131+0000][10296][safepoint    ] Safepoint "Cleanup", Time since last: 1000371300 ns, Reaching safepoint: 138300 ns, At safepoint: 7900 ns, Total: 146200 ns
[2020-08-21T23:55:10.132+0000][10296][safepoint    ] Safepoint "Cleanup", Time since last: 2000364300 ns, Reaching safepoint: 137500 ns, At safepoint: 6800 ns, Total: 144300 ns
[2020-08-21T23:55:12.132+0000][10296][safepoint    ] Safepoint "Cleanup", Time since last: 2000429500 ns, Reaching safepoint: 141000 ns, At safepoint: 7000 ns, Total: 148000 ns
[2020-08-21T23:55:13.133+0000][10296][safepoint    ] Safepoint "Cleanup", Time since last: 1000314500 ns, Reaching safepoint: 120800 ns, At safepoint: 2300 ns, Total: 123100 ns
[2020-08-21T23:55:14.133+0000][10296][safepoint    ] Safepoint "Cleanup", Time since last: 1000371300 ns, Reaching safepoint: 111200 ns, At safepoint: 7500 ns, Total: 118700 ns
[2020-08-21T23:55:15.134+0000][10296][safepoint    ] Safepoint "Cleanup", Time since last: 1000364800 ns, Reaching safepoint: 135800 ns, At safepoint: 7000 ns, Total: 142800 ns
[2020-08-21T23:55:16.134+0000][10296][safepoint    ] Safepoint "Cleanup", Time since last: 1000348900 ns, Reaching safepoint: 131200 ns, At safepoint: 2200 ns, Total: 133400 ns
[2020-08-21T23:55:18.135+0000][10296][safepoint    ] Safepoint "Cleanup", Time since last: 2000346500 ns, Reaching safepoint: 139900 ns, At safepoint: 2000 ns, Total: 141900 ns
[2020-08-21T23:55:20.135+0000][10296][safepoint    ] Safepoint "Cleanup", Time since last: 2000406700 ns, Reaching safepoint: 176800 ns, At safepoint: 7800 ns, Total: 184600 ns
[2020-08-21T23:55:21.136+0000][10296][safepoint    ] Safepoint "Cleanup", Time since last: 1000289500 ns, Reaching safepoint: 133200 ns, At safepoint: 2100 ns, Total: 135300 ns
[2020-08-21T23:55:23.136+0000][10296][safepoint    ] Safepoint "Cleanup", Time since last: 1999901800 ns, Reaching safepoint: 127800 ns, At safepoint: 2500 ns, Total: 130300 ns
[2020-08-21T23:55:24.136+0000][10296][safepoint    ] Safepoint "Cleanup", Time since last: 1000321000 ns, Reaching safepoint: 125400 ns, At safepoint: 2000 ns, Total: 127400 ns
[2020-08-21T23:55:26.137+0000][10296][safepoint    ] Safepoint "Cleanup", Time since last: 2000380400 ns, Reaching safepoint: 128400 ns, At safepoint: 1900 ns, Total: 130300 ns
[2020-08-21T23:55:28.137+0000][10296][safepoint    ] Safepoint "Cleanup", Time since last: 2000361400 ns, Reaching safepoint: 134200 ns, At safepoint: 7000 ns, Total: 141200 ns
[2020-08-21T23:55:29.138+0000][10296][safepoint    ] Safepoint "Cleanup", Time since last: 1000165200 ns, Reaching safepoint: 130300 ns, At safepoint: 2400 ns, Total: 132700 ns
[2020-08-21T23:55:30.138+0000][10296][safepoint    ] Safepoint "Cleanup", Time since last: 1000172200 ns, Reaching safepoint: 122200 ns, At safepoint: 7700 ns, Total: 129900 ns
[2020-08-21T23:55:31.138+0000][10296][safepoint    ] Safepoint "Cleanup", Time since last: 1000174500 ns, Reaching safepoint: 133700 ns, At safepoint: 7000 ns, Total: 140700 ns
[2020-08-21T23:55:33.139+0000][10296][safepoint    ] Safepoint "Cleanup", Time since last: 2000450300 ns, Reaching safepoint: 123700 ns, At safepoint: 6900 ns, Total: 130600 ns
[2020-08-21T23:55:35.139+0000][10296][safepoint    ] Safepoint "Cleanup", Time since last: 2000385700 ns, Reaching safepoint: 122000 ns, At safepoint: 7600 ns, Total: 129600 ns
[2020-08-21T23:55:37.140+0000][10296][safepoint    ] Safepoint "Cleanup", Time since last: 2000349600 ns, Reaching safepoint: 128200 ns, At safepoint: 6800 ns, Total: 135000 ns
[2020-08-21T23:55:39.140+0000][10296][safepoint    ] Safepoint "Cleanup", Time since last: 2000373200 ns, Reaching safepoint: 129700 ns, At safepoint: 2400 ns, Total: 132100 ns
[2020-08-21T23:55:41.140+0000][10296][safepoint    ] Safepoint "Cleanup", Time since last: 1999890800 ns, Reaching safepoint: 137400 ns, At safepoint: 2400 ns, Total: 139800 ns
[2020-08-21T23:55:42.141+0000][10296][safepoint    ] Safepoint "Cleanup", Time since last: 1000359800 ns, Reaching safepoint: 121600 ns, At safepoint: 7200 ns, Total: 128800 ns
[2020-08-21T23:55:44.141+0000][10296][safepoint    ] Safepoint "Cleanup", Time since last: 2000360700 ns, Reaching safepoint: 135700 ns, At safepoint: 2000 ns, Total: 137700 ns
[2020-08-21T23:55:45.142+0000][10296][safepoint    ] Safepoint "Cleanup", Time since last: 1000167800 ns, Reaching safepoint: 130600 ns, At safepoint: 2600 ns, Total: 133200 ns
[2020-08-21T23:55:46.142+0000][10296][safepoint    ] Safepoint "Cleanup", Time since last: 1000059600 ns, Reaching safepoint: 124200 ns, At safepoint: 2400 ns, Total: 126600 ns
[2020-08-21T23:55:48.142+0000][10296][safepoint    ] Safepoint "Cleanup", Time since last: 1999892700 ns, Reaching safepoint: 142100 ns, At safepoint: 7300 ns, Total: 149400 ns
[2020-08-21T23:55:49.142+0000][10296][safepoint    ] Safepoint "Cleanup", Time since last: 1000352400 ns, Reaching safepoint: 152200 ns, At safepoint: 6300 ns, Total: 158500 ns
[2020-08-21T23:55:50.143+0000][10296][safepoint    ] Safepoint "Cleanup", Time since last: 1000329300 ns, Reaching safepoint: 139500 ns, At safepoint: 7700 ns, Total: 147200 ns
[2020-08-21T23:55:51.143+0000][10296][safepoint    ] Safepoint "Cleanup", Time since last: 1000354600 ns, Reaching safepoint: 134800 ns, At safepoint: 2700 ns, Total: 137500 ns
[2020-08-21T23:55:52.144+0000][10296][safepoint    ] Safepoint "Cleanup", Time since last: 1000333700 ns, Reaching safepoint: 164800 ns, At safepoint: 7900 ns, Total: 172700 ns
[2020-08-21T23:55:54.144+0000][10296][safepoint    ] Safepoint "Cleanup", Time since last: 2000297900 ns, Reaching safepoint: 129600 ns, At safepoint: 2000 ns, Total: 131600 ns
[2020-08-21T23:55:56.145+0000][10296][safepoint    ] Safepoint "Cleanup", Time since last: 2000433700 ns, Reaching safepoint: 127500 ns, At safepoint: 6900 ns, Total: 134400 ns
[2020-08-21T23:55:57.145+0000][10296][safepoint    ] Safepoint "Cleanup", Time since last: 1000322100 ns, Reaching safepoint: 154100 ns, At safepoint: 6600 ns, Total: 160700 ns
[2020-08-21T23:55:59.145+0000][10296][safepoint    ] Safepoint "Cleanup", Time since last: 1999845900 ns, Reaching safepoint: 147100 ns, At safepoint: 2000 ns, Total: 149100 ns
[2020-08-21T23:56:01.145+0000][10296][safepoint    ] Safepoint "Cleanup", Time since last: 1999909200 ns, Reaching safepoint: 128800 ns, At safepoint: 2000 ns, Total: 130800 ns
[2020-08-21T23:56:02.146+0000][10296][safepoint    ] Safepoint "Cleanup", Time since last: 1000346400 ns, Reaching safepoint: 125300 ns, At safepoint: 7000 ns, Total: 132300 ns
[2020-08-21T23:56:03.146+0000][10296][safepoint    ] Safepoint "Cleanup", Time since last: 1000336400 ns, Reaching safepoint: 130700 ns, At safepoint: 7300 ns, Total: 138000 ns
[2020-08-21T23:56:04.147+0000][10296][safepoint    ] Safepoint "Cleanup", Time since last: 1000352300 ns, Reaching safepoint: 114100 ns, At safepoint: 2700 ns, Total: 116800 ns
[2020-08-21T23:56:06.147+0000][10296][safepoint    ] Safepoint "Cleanup", Time since last: 2000402700 ns, Reaching safepoint: 136000 ns, At safepoint: 2100 ns, Total: 138100 ns
[2020-08-21T23:56:08.148+0000][10296][safepoint    ] Safepoint "Cleanup", Time since last: 2000360700 ns, Reaching safepoint: 123000 ns, At safepoint: 2000 ns, Total: 125000 ns
[2020-08-21T23:56:10.148+0000][10296][safepoint    ] Safepoint "Cleanup", Time since last: 2000391200 ns, Reaching safepoint: 128600 ns, At safepoint: 2100 ns, Total: 130700 ns
[2020-08-21T23:56:12.149+0000][10296][safepoint    ] Safepoint "Cleanup", Time since last: 2000351100 ns, Reaching safepoint: 133300 ns, At safepoint: 2200 ns, Total: 135500 ns
[2020-08-21T23:56:14.149+0000][10296][safepoint    ] Safepoint "Cleanup", Time since last: 2000380000 ns, Reaching safepoint: 140100 ns, At safepoint: 6900 ns, Total: 147000 ns
[2020-08-21T23:56:16.150+0000][10296][safepoint    ] Safepoint "Cleanup", Time since last: 2000354300 ns, Reaching safepoint: 127900 ns, At safepoint: 2100 ns, Total: 130000 ns
[2020-08-21T23:56:18.150+0000][10296][safepoint    ] Safepoint "Cleanup", Time since last: 1999885200 ns, Reaching safepoint: 116200 ns, At safepoint: 7800 ns, Total: 124000 ns
[2020-08-21T23:56:19.150+0000][10296][safepoint    ] Safepoint "Cleanup", Time since last: 1000361500 ns, Reaching safepoint: 132800 ns, At safepoint: 7700 ns, Total: 140500 ns
[2020-08-21T23:56:20.151+0000][10296][safepoint    ] Safepoint "Cleanup", Time since last: 1000364500 ns, Reaching safepoint: 138200 ns, At safepoint: 6600 ns, Total: 144800 ns
[2020-08-21T23:56:21.151+0000][10296][safepoint    ] Safepoint "Cleanup", Time since last: 1000001900 ns, Reaching safepoint: 122300 ns, At safepoint: 7200 ns, Total: 129500 ns
[2020-08-21T23:56:22.151+0000][10296][safepoint    ] Safepoint "Cleanup", Time since last: 1000232900 ns, Reaching safepoint: 146000 ns, At safepoint: 2700 ns, Total: 148700 ns
[2020-08-21T23:56:23.152+0000][10296][safepoint    ] Safepoint "Cleanup", Time since last: 1000342700 ns, Reaching safepoint: 128600 ns, At safepoint: 2000 ns, Total: 130600 ns
[2020-08-21T23:56:24.152+0000][10296][safepoint    ] Safepoint "Cleanup", Time since last: 1000332700 ns, Reaching safepoint: 135300 ns, At safepoint: 6400 ns, Total: 141700 ns
[2020-08-21T23:56:26.153+0000][10296][safepoint    ] Safepoint "Cleanup", Time since last: 2000377900 ns, Reaching safepoint: 113900 ns, At safepoint: 7700 ns, Total: 121600 ns
[2020-08-21T23:56:27.153+0000][10296][safepoint    ] Safepoint "Cleanup", Time since last: 1000366200 ns, Reaching safepoint: 168800 ns, At safepoint: 2300 ns, Total: 171100 ns
[2020-08-21T23:56:29.153+0000][10296][safepoint    ] Safepoint "Cleanup", Time since last: 2000000200 ns, Reaching safepoint: 133200 ns, At safepoint: 2500 ns, Total: 135700 ns
[2020-08-21T23:56:30.154+0000][10296][safepoint    ] Safepoint "Cleanup", Time since last: 1000215400 ns, Reaching safepoint: 136600 ns, At safepoint: 2100 ns, Total: 138700 ns
[2020-08-21T23:56:31.154+0000][10296][safepoint    ] Safepoint "Cleanup", Time since last: 1000362000 ns, Reaching safepoint: 140200 ns, At safepoint: 7500 ns, Total: 147700 ns
[2020-08-21T23:56:33.155+0000][10296][safepoint    ] Safepoint "Cleanup", Time since last: 2000351800 ns, Reaching safepoint: 130300 ns, At safepoint: 2300 ns, Total: 132600 ns
[2020-08-21T23:56:35.155+0000][10296][safepoint    ] Safepoint "Cleanup", Time since last: 2000369500 ns, Reaching safepoint: 133300 ns, At safepoint: 7200 ns, Total: 140500 ns
[2020-08-21T23:56:37.156+0000][10296][safepoint    ] Safepoint "Cleanup", Time since last: 2000305300 ns, Reaching safepoint: 139000 ns, At safepoint: 2800 ns, Total: 141800 ns
[2020-08-21T23:56:39.156+0000][10296][safepoint    ] Safepoint "Cleanup", Time since last: 1999903000 ns, Reaching safepoint: 143100 ns, At safepoint: 7100 ns, Total: 150200 ns
[2020-08-21T23:56:41.156+0000][10296][safepoint    ] Safepoint "Cleanup", Time since last: 2000229500 ns, Reaching safepoint: 144900 ns, At safepoint: 7400 ns, Total: 152300 ns
[2020-08-21T23:56:43.156+0000][10296][safepoint    ] Safepoint "Cleanup", Time since last: 1999978500 ns, Reaching safepoint: 127000 ns, At safepoint: 6900 ns, Total: 133900 ns
[2020-08-21T23:56:44.157+0000][10296][safepoint    ] Safepoint "Cleanup", Time since last: 1000369400 ns, Reaching safepoint: 123900 ns, At safepoint: 2900 ns, Total: 126800 ns
[2020-08-21T23:56:45.157+0000][10296][safepoint    ] Safepoint "Cleanup", Time since last: 1000344500 ns, Reaching safepoint: 126100 ns, At safepoint: 2200 ns, Total: 128300 ns
[2020-08-21T23:56:47.157+0000][10296][safepoint    ] Safepoint "Cleanup", Time since last: 1999920900 ns, Reaching safepoint: 116800 ns, At safepoint: 6900 ns, Total: 123700 ns
[2020-08-21T23:56:48.158+0000][10296][safepoint    ] Safepoint "Cleanup", Time since last: 1000343700 ns, Reaching safepoint: 133300 ns, At safepoint: 2100 ns, Total: 135400 ns
[2020-08-21T23:56:50.158+0000][10296][safepoint    ] Safepoint "Cleanup", Time since last: 2000388800 ns, Reaching safepoint: 143700 ns, At safepoint: 7500 ns, Total: 151200 ns
[2020-08-21T23:56:51.159+0000][10296][safepoint    ] Safepoint "Cleanup", Time since last: 1000337300 ns, Reaching safepoint: 127100 ns, At safepoint: 2200 ns, Total: 129300 ns
[2020-08-21T23:56:52.159+0000][10296][safepoint    ] Safepoint "Cleanup", Time since last: 1000332600 ns, Reaching safepoint: 132100 ns, At safepoint: 6600 ns, Total: 138700 ns
[2020-08-21T23:56:54.160+0000][10296][safepoint    ] Safepoint "Cleanup", Time since last: 2000396400 ns, Reaching safepoint: 129700 ns, At safepoint: 2000 ns, Total: 131700 ns
[2020-08-21T23:56:56.160+0000][10296][safepoint    ] Safepoint "Cleanup", Time since last: 2000374400 ns, Reaching safepoint: 131400 ns, At safepoint: 2600 ns, Total: 134000 ns
[2020-08-21T23:56:58.160+0000][10296][safepoint    ] Safepoint "Cleanup", Time since last: 1999900600 ns, Reaching safepoint: 133300 ns, At safepoint: 7100 ns, Total: 140400 ns
[2020-08-21T23:56:59.161+0000][10296][safepoint    ] Safepoint "Cleanup", Time since last: 1000089500 ns, Reaching safepoint: 133000 ns, At safepoint: 6600 ns, Total: 139600 ns
[2020-08-21T23:57:00.161+0000][10296][safepoint    ] Safepoint "Cleanup", Time since last: 1000157800 ns, Reaching safepoint: 126000 ns, At safepoint: 7100 ns, Total: 133100 ns
[2020-08-21T23:57:01.161+0000][10296][safepoint    ] Safepoint "Cleanup", Time since last: 1000295800 ns, Reaching safepoint: 133800 ns, At safepoint: 6800 ns, Total: 140600 ns
[2020-08-21T23:57:03.162+0000][10296][safepoint    ] Safepoint "Cleanup", Time since last: 2000375600 ns, Reaching safepoint: 124500 ns, At safepoint: 11700 ns, Total: 136200 ns
[2020-08-21T23:57:05.162+0000][10296][safepoint    ] Safepoint "Cleanup", Time since last: 2000350700 ns, Reaching safepoint: 126700 ns, At safepoint: 7000 ns, Total: 133700 ns
[2020-08-21T23:57:07.163+0000][10296][safepoint    ] Safepoint "Cleanup", Time since last: 2000363200 ns, Reaching safepoint: 117300 ns, At safepoint: 7000 ns, Total: 124300 ns
[2020-08-21T23:57:09.163+0000][10296][safepoint    ] Safepoint "Cleanup", Time since last: 2000391200 ns, Reaching safepoint: 135100 ns, At safepoint: 7200 ns, Total: 142300 ns
[2020-08-21T23:57:10.164+0000][10296][safepoint    ] Safepoint "Cleanup", Time since last: 1000330900 ns, Reaching safepoint: 117900 ns, At safepoint: 2000 ns, Total: 119900 ns
[2020-08-21T23:57:12.164+0000][10296][safepoint    ] Safepoint "Cleanup", Time since last: 2000367900 ns, Reaching safepoint: 162400 ns, At safepoint: 1900 ns, Total: 164300 ns
[2020-08-21T23:57:14.164+0000][10296][safepoint    ] Safepoint "Cleanup", Time since last: 1999883700 ns, Reaching safepoint: 124600 ns, At safepoint: 2100 ns, Total: 126700 ns
[2020-08-21T23:57:16.165+0000][10296][safepoint    ] Safepoint "Cleanup", Time since last: 2000309300 ns, Reaching safepoint: 135100 ns, At safepoint: 7600 ns, Total: 142700 ns
[2020-08-21T23:57:18.165+0000][10296][safepoint    ] Safepoint "Cleanup", Time since last: 2000383700 ns, Reaching safepoint: 133600 ns, At safepoint: 2000 ns, Total: 135600 ns
[2020-08-21T23:57:20.166+0000][10296][safepoint    ] Safepoint "Cleanup", Time since last: 2000355100 ns, Reaching safepoint: 133700 ns, At safepoint: 6600 ns, Total: 140300 ns
[2020-08-21T23:57:22.166+0000][10296][safepoint    ] Safepoint "Cleanup", Time since last: 2000374700 ns, Reaching safepoint: 148800 ns, At safepoint: 7000 ns, Total: 155800 ns
[2020-08-21T23:57:24.166+0000][10296][safepoint    ] Safepoint "Cleanup", Time since last: 1999852900 ns, Reaching safepoint: 130100 ns, At safepoint: 6800 ns, Total: 136900 ns
[2020-08-21T23:57:26.166+0000][10296][safepoint    ] Safepoint "Cleanup", Time since last: 1999879000 ns, Reaching safepoint: 122900 ns, At safepoint: 7400 ns, Total: 130300 ns
[2020-08-21T23:57:27.167+0000][10296][safepoint    ] Safepoint "Cleanup", Time since last: 1000328900 ns, Reaching safepoint: 127300 ns, At safepoint: 2200 ns, Total: 129500 ns
[2020-08-21T23:57:29.167+0000][10296][safepoint    ] Safepoint "Cleanup", Time since last: 1999886900 ns, Reaching safepoint: 116100 ns, At safepoint: 6800 ns, Total: 122900 ns
[2020-08-21T23:57:31.167+0000][10296][safepoint    ] Safepoint "Cleanup", Time since last: 2000368900 ns, Reaching safepoint: 144800 ns, At safepoint: 6900 ns, Total: 151700 ns
[2020-08-21T23:57:33.168+0000][10296][safepoint    ] Safepoint "Cleanup", Time since last: 2000365400 ns, Reaching safepoint: 131900 ns, At safepoint: 2700 ns, Total: 134600 ns
[2020-08-21T23:57:34.168+0000][10296][safepoint    ] Safepoint "Cleanup", Time since last: 1000343900 ns, Reaching safepoint: 132500 ns, At safepoint: 6800 ns, Total: 139300 ns
[2020-08-21T23:57:36.169+0000][10296][safepoint    ] Safepoint "Cleanup", Time since last: 2000346800 ns, Reaching safepoint: 131200 ns, At safepoint: 7900 ns, Total: 139100 ns
[2020-08-21T23:57:38.169+0000][10296][safepoint    ] Safepoint "Cleanup", Time since last: 2000014600 ns, Reaching safepoint: 124000 ns, At safepoint: 6900 ns, Total: 130900 ns
[2020-08-21T23:57:39.169+0000][10296][safepoint    ] Safepoint "Cleanup", Time since last: 1000248700 ns, Reaching safepoint: 150400 ns, At safepoint: 6300 ns, Total: 156700 ns
[2020-08-21T23:57:41.169+0000][10296][safepoint    ] Safepoint "Cleanup", Time since last: 1999852600 ns, Reaching safepoint: 122500 ns, At safepoint: 1900 ns, Total: 124400 ns
[2020-08-21T23:57:42.170+0000][10296][safepoint    ] Safepoint "Cleanup", Time since last: 1000352700 ns, Reaching safepoint: 127500 ns, At safepoint: 2200 ns, Total: 129700 ns
[2020-08-21T23:57:43.170+0000][10296][safepoint    ] Safepoint "Cleanup", Time since last: 1000371000 ns, Reaching safepoint: 140500 ns, At safepoint: 7500 ns, Total: 148000 ns
[2020-08-21T23:57:44.171+0000][10296][safepoint    ] Safepoint "Cleanup", Time since last: 1000346900 ns, Reaching safepoint: 130900 ns, At safepoint: 6600 ns, Total: 137500 ns
[2020-08-21T23:57:45.171+0000][10296][safepoint    ] Safepoint "Cleanup", Time since last: 1000355500 ns, Reaching safepoint: 165200 ns, At safepoint: 7300 ns, Total: 172500 ns
[2020-08-21T23:57:47.172+0000][10296][safepoint    ] Safepoint "Cleanup", Time since last: 2000356400 ns, Reaching safepoint: 136100 ns, At safepoint: 2500 ns, Total: 138600 ns
[2020-08-21T23:57:49.172+0000][10296][safepoint    ] Safepoint "Cleanup", Time since last: 2000356600 ns, Reaching safepoint: 175900 ns, At safepoint: 2100 ns, Total: 178000 ns
[2020-08-21T23:57:50.173+0000][10296][safepoint    ] Safepoint "Cleanup", Time since last: 1000296300 ns, Reaching safepoint: 161200 ns, At safepoint: 2300 ns, Total: 163500 ns
[2020-08-21T23:57:52.173+0000][10296][safepoint    ] Safepoint "Cleanup", Time since last: 1999866600 ns, Reaching safepoint: 127800 ns, At safepoint: 2400 ns, Total: 130200 ns
[2020-08-21T23:57:53.173+0000][10296][safepoint    ] Safepoint "Cleanup", Time since last: 1000349300 ns, Reaching safepoint: 130300 ns, At safepoint: 2000 ns, Total: 132300 ns
[2020-08-21T23:57:55.174+0000][10296][safepoint    ] Safepoint "Cleanup", Time since last: 2000369300 ns, Reaching safepoint: 118500 ns, At safepoint: 7200 ns, Total: 125700 ns
[2020-08-21T23:57:57.174+0000][10296][safepoint    ] Safepoint "Cleanup", Time since last: 2000377600 ns, Reaching safepoint: 143100 ns, At safepoint: 2700 ns, Total: 145800 ns
[2020-08-21T23:57:59.175+0000][10296][safepoint    ] Safepoint "Cleanup", Time since last: 2000357600 ns, Reaching safepoint: 134000 ns, At safepoint: 7100 ns, Total: 141100 ns
[2020-08-21T23:58:01.175+0000][10296][safepoint    ] Safepoint "Cleanup", Time since last: 2000378700 ns, Reaching safepoint: 157800 ns, At safepoint: 7700 ns, Total: 165500 ns
[2020-08-21T23:58:03.176+0000][10296][safepoint    ] Safepoint "Cleanup", Time since last: 2000356400 ns, Reaching safepoint: 159300 ns, At safepoint: 1900 ns, Total: 161200 ns
[2020-08-21T23:58:04.176+0000][10296][safepoint    ] Safepoint "Cleanup", Time since last: 1000288100 ns, Reaching safepoint: 119400 ns, At safepoint: 7400 ns, Total: 126800 ns
[2020-08-21T23:58:06.176+0000][10296][safepoint    ] Safepoint "Cleanup", Time since last: 1999898100 ns, Reaching safepoint: 126900 ns, At safepoint: 7600 ns, Total: 134500 ns
[2020-08-21T23:58:07.177+0000][10296][safepoint    ] Safepoint "Cleanup", Time since last: 1000342900 ns, Reaching safepoint: 152700 ns, At safepoint: 7500 ns, Total: 160200 ns
[2020-08-21T23:58:09.177+0000][10296][safepoint    ] Safepoint "Cleanup", Time since last: 2000356100 ns, Reaching safepoint: 114300 ns, At safepoint: 7600 ns, Total: 121900 ns
[2020-08-21T23:58:11.178+0000][10296][safepoint    ] Safepoint "Cleanup", Time since last: 2000379700 ns, Reaching safepoint: 154300 ns, At safepoint: 7700 ns, Total: 162000 ns
[2020-08-21T23:58:12.178+0000][10296][safepoint    ] Safepoint "Cleanup", Time since last: 1000314600 ns, Reaching safepoint: 131400 ns, At safepoint: 6800 ns, Total: 138200 ns
[2020-08-21T23:58:14.179+0000][10296][safepoint    ] Safepoint "Cleanup", Time since last: 2000367900 ns, Reaching safepoint: 124900 ns, At safepoint: 2200 ns, Total: 127100 ns
[2020-08-21T23:58:16.179+0000][10296][safepoint    ] Safepoint "Cleanup", Time since last: 2000382500 ns, Reaching safepoint: 123700 ns, At safepoint: 2000 ns, Total: 125700 ns
[2020-08-21T23:58:17.180+0000][10296][safepoint    ] Safepoint "Cleanup", Time since last: 1000354100 ns, Reaching safepoint: 124600 ns, At safepoint: 2600 ns, Total: 127200 ns
[2020-08-21T23:58:19.180+0000][10296][safepoint    ] Safepoint "Cleanup", Time since last: 2000410800 ns, Reaching safepoint: 126700 ns, At safepoint: 7700 ns, Total: 134400 ns
[2020-08-21T23:58:20.181+0000][10296][safepoint    ] Safepoint "Cleanup", Time since last: 1000308700 ns, Reaching safepoint: 127800 ns, At safepoint: 7700 ns, Total: 135500 ns
[2020-08-21T23:58:22.181+0000][10296][safepoint    ] Safepoint "Cleanup", Time since last: 2000403300 ns, Reaching safepoint: 145100 ns, At safepoint: 6800 ns, Total: 151900 ns
[2020-08-21T23:58:24.182+0000][10296][safepoint    ] Safepoint "Cleanup", Time since last: 2000353400 ns, Reaching safepoint: 123600 ns, At safepoint: 2000 ns, Total: 125600 ns
[2020-08-21T23:58:25.182+0000][10296][safepoint    ] Safepoint "Cleanup", Time since last: 1000383200 ns, Reaching safepoint: 128900 ns, At safepoint: 7700 ns, Total: 136600 ns
[2020-08-21T23:58:26.183+0000][10296][safepoint    ] Safepoint "Cleanup", Time since last: 1000347200 ns, Reaching safepoint: 139100 ns, At safepoint: 2100 ns, Total: 141200 ns
[2020-08-21T23:58:28.183+0000][10296][safepoint    ] Safepoint "Cleanup", Time since last: 2000369800 ns, Reaching safepoint: 131300 ns, At safepoint: 2100 ns, Total: 133400 ns
[2020-08-21T23:58:29.184+0000][10296][safepoint    ] Safepoint "Cleanup", Time since last: 1000354700 ns, Reaching safepoint: 114800 ns, At safepoint: 1900 ns, Total: 116700 ns
[2020-08-21T23:58:31.184+0000][10296][safepoint    ] Safepoint "Cleanup", Time since last: 2000383700 ns, Reaching safepoint: 127400 ns, At safepoint: 7200 ns, Total: 134600 ns
[2020-08-21T23:58:32.185+0000][10296][safepoint    ] Safepoint "Cleanup", Time since last: 1000331700 ns, Reaching safepoint: 140300 ns, At safepoint: 7400 ns, Total: 147700 ns
[2020-08-21T23:58:34.185+0000][10296][safepoint    ] Safepoint "Cleanup", Time since last: 2000394600 ns, Reaching safepoint: 133300 ns, At safepoint: 6900 ns, Total: 140200 ns
[2020-08-21T23:58:35.186+0000][10296][safepoint    ] Safepoint "Cleanup", Time since last: 1000353500 ns, Reaching safepoint: 142300 ns, At safepoint: 6900 ns, Total: 149200 ns
[2020-08-21T23:58:37.186+0000][10296][safepoint    ] Safepoint "Cleanup", Time since last: 1999954000 ns, Reaching safepoint: 134600 ns, At safepoint: 7800 ns, Total: 142400 ns
[2020-08-21T23:58:38.186+0000][10296][safepoint    ] Safepoint "Cleanup", Time since last: 1000225800 ns, Reaching safepoint: 126100 ns, At safepoint: 6600 ns, Total: 132700 ns
[2020-08-21T23:58:40.187+0000][10296][safepoint    ] Safepoint "Cleanup", Time since last: 2000399500 ns, Reaching safepoint: 109900 ns, At safepoint: 2000 ns, Total: 111900 ns
[2020-08-21T23:58:41.187+0000][10296][safepoint    ] Safepoint "Cleanup", Time since last: 1000367500 ns, Reaching safepoint: 127000 ns, At safepoint: 2500 ns, Total: 129500 ns
[2020-08-21T23:58:43.188+0000][10296][safepoint    ] Safepoint "Cleanup", Time since last: 2000377600 ns, Reaching safepoint: 139200 ns, At safepoint: 2100 ns, Total: 141300 ns
[2020-08-21T23:58:45.188+0000][10296][safepoint    ] Safepoint "Cleanup", Time since last: 1999892000 ns, Reaching safepoint: 124400 ns, At safepoint: 6800 ns, Total: 131200 ns
[2020-08-21T23:58:46.188+0000][10296][safepoint    ] Safepoint "Cleanup", Time since last: 1000338900 ns, Reaching safepoint: 118800 ns, At safepoint: 6600 ns, Total: 125400 ns
[2020-08-21T23:58:48.189+0000][10296][safepoint    ] Safepoint "Cleanup", Time since last: 2000402700 ns, Reaching safepoint: 128200 ns, At safepoint: 7100 ns, Total: 135300 ns
[2020-08-21T23:58:49.189+0000][10296][safepoint    ] Safepoint "Cleanup", Time since last: 1000362000 ns, Reaching safepoint: 117800 ns, At safepoint: 7600 ns, Total: 125400 ns
[2020-08-21T23:58:50.190+0000][10296][safepoint    ] Safepoint "Cleanup", Time since last: 1000350300 ns, Reaching safepoint: 123300 ns, At safepoint: 2200 ns, Total: 125500 ns
[2020-08-21T23:58:52.190+0000][10296][safepoint    ] Safepoint "Cleanup", Time since last: 2000417700 ns, Reaching safepoint: 141300 ns, At safepoint: 7200 ns, Total: 148500 ns
[2020-08-21T23:58:53.191+0000][10296][safepoint    ] Safepoint "Cleanup", Time since last: 1000330300 ns, Reaching safepoint: 121300 ns, At safepoint: 7100 ns, Total: 128400 ns
[2020-08-21T23:58:54.191+0000][10296][safepoint    ] Safepoint "Cleanup", Time since last: 1000288600 ns, Reaching safepoint: 114300 ns, At safepoint: 2000 ns, Total: 116300 ns
[2020-08-21T23:58:56.191+0000][10296][safepoint    ] Safepoint "Cleanup", Time since last: 1999965300 ns, Reaching safepoint: 127400 ns, At safepoint: 6800 ns, Total: 134200 ns
[2020-08-21T23:58:57.192+0000][10296][safepoint    ] Safepoint "Cleanup", Time since last: 1000363700 ns, Reaching safepoint: 129100 ns, At safepoint: 2100 ns, Total: 131200 ns
[2020-08-21T23:58:58.192+0000][10296][safepoint    ] Safepoint "Cleanup", Time since last: 1000366700 ns, Reaching safepoint: 129100 ns, At safepoint: 7100 ns, Total: 136200 ns
[2020-08-21T23:58:59.193+0000][10296][safepoint    ] Safepoint "Cleanup", Time since last: 1000361200 ns, Reaching safepoint: 141200 ns, At safepoint: 2900 ns, Total: 144100 ns
[2020-08-21T23:59:01.193+0000][10296][safepoint    ] Safepoint "Cleanup", Time since last: 1999877300 ns, Reaching safepoint: 122600 ns, At safepoint: 6800 ns, Total: 129400 ns
[2020-08-21T23:59:02.193+0000][10296][safepoint    ] Safepoint "Cleanup", Time since last: 1000367300 ns, Reaching safepoint: 126500 ns, At safepoint: 6900 ns, Total: 133400 ns
[2020-08-21T23:59:03.194+0000][10296][safepoint    ] Safepoint "Cleanup", Time since last: 1000333700 ns, Reaching safepoint: 127300 ns, At safepoint: 2500 ns, Total: 129800 ns
[2020-08-21T23:59:04.194+0000][10296][safepoint    ] Safepoint "Cleanup", Time since last: 1000361900 ns, Reaching safepoint: 124700 ns, At safepoint: 2200 ns, Total: 126900 ns
[2020-08-21T23:59:06.195+0000][10296][safepoint    ] Safepoint "Cleanup", Time since last: 2000354000 ns, Reaching safepoint: 137000 ns, At safepoint: 2000 ns, Total: 139000 ns
[2020-08-21T23:59:08.195+0000][10296][safepoint    ] Safepoint "Cleanup", Time since last: 1999928300 ns, Reaching safepoint: 135400 ns, At safepoint: 6900 ns, Total: 142300 ns
[2020-08-21T23:59:09.195+0000][10296][safepoint    ] Safepoint "Cleanup", Time since last: 1000332600 ns, Reaching safepoint: 137100 ns, At safepoint: 7600 ns, Total: 144700 ns
[2020-08-21T23:59:11.196+0000][10296][safepoint    ] Safepoint "Cleanup", Time since last: 2000327200 ns, Reaching safepoint: 139800 ns, At safepoint: 8000 ns, Total: 147800 ns
[2020-08-21T23:59:13.196+0000][10296][safepoint    ] Safepoint "Cleanup", Time since last: 2000351600 ns, Reaching safepoint: 140100 ns, At safepoint: 2300 ns, Total: 142400 ns
[2020-08-21T23:59:15.197+0000][10296][safepoint    ] Safepoint "Cleanup", Time since last: 2000211300 ns, Reaching safepoint: 130000 ns, At safepoint: 7600 ns, Total: 137600 ns
[2020-08-21T23:59:16.197+0000][10296][safepoint    ] Safepoint "Cleanup", Time since last: 1000050200 ns, Reaching safepoint: 116000 ns, At safepoint: 2000 ns, Total: 118000 ns
[2020-08-21T23:59:17.197+0000][10296][safepoint    ] Safepoint "Cleanup", Time since last: 1000367500 ns, Reaching safepoint: 127700 ns, At safepoint: 7500 ns, Total: 135200 ns
[2020-08-21T23:59:18.198+0000][10296][safepoint    ] Safepoint "Cleanup", Time since last: 1000338800 ns, Reaching safepoint: 112400 ns, At safepoint: 6900 ns, Total: 119300 ns
[2020-08-21T23:59:20.198+0000][10296][safepoint    ] Safepoint "Cleanup", Time since last: 2000406000 ns, Reaching safepoint: 127300 ns, At safepoint: 7200 ns, Total: 134500 ns
[2020-08-21T23:59:22.199+0000][10296][safepoint    ] Safepoint "Cleanup", Time since last: 2000351800 ns, Reaching safepoint: 126500 ns, At safepoint: 7100 ns, Total: 133600 ns
[2020-08-21T23:59:24.199+0000][10296][safepoint    ] Safepoint "Cleanup", Time since last: 2000354300 ns, Reaching safepoint: 120900 ns, At safepoint: 2300 ns, Total: 123200 ns
[2020-08-21T23:59:26.199+0000][10296][safepoint    ] Safepoint "Cleanup", Time since last: 1999904100 ns, Reaching safepoint: 133400 ns, At safepoint: 8200 ns, Total: 141600 ns
[2020-08-21T23:59:27.200+0000][10296][safepoint    ] Safepoint "Cleanup", Time since last: 1000355900 ns, Reaching safepoint: 149700 ns, At safepoint: 2100 ns, Total: 151800 ns
[2020-08-21T23:59:29.200+0000][10296][safepoint    ] Safepoint "Cleanup", Time since last: 2000351700 ns, Reaching safepoint: 127600 ns, At safepoint: 3000 ns, Total: 130600 ns
[2020-08-21T23:59:30.201+0000][10296][safepoint    ] Safepoint "Cleanup", Time since last: 1000363400 ns, Reaching safepoint: 159200 ns, At safepoint: 7600 ns, Total: 166800 ns
[2020-08-21T23:59:32.201+0000][10296][safepoint    ] Safepoint "Cleanup", Time since last: 2000305800 ns, Reaching safepoint: 139900 ns, At safepoint: 2400 ns, Total: 142300 ns
[2020-08-21T23:59:34.202+0000][10296][safepoint    ] Safepoint "Cleanup", Time since last: 2000381100 ns, Reaching safepoint: 128300 ns, At safepoint: 2200 ns, Total: 130500 ns
[2020-08-21T23:59:35.202+0000][10296][safepoint    ] Safepoint "Cleanup", Time since last: 1000369400 ns, Reaching safepoint: 123800 ns, At safepoint: 7700 ns, Total: 131500 ns
[2020-08-21T23:59:37.203+0000][10296][safepoint    ] Safepoint "Cleanup", Time since last: 2000368600 ns, Reaching safepoint: 120900 ns, At safepoint: 7800 ns, Total: 128700 ns
[2020-08-21T23:59:38.203+0000][10296][safepoint    ] Safepoint "Cleanup", Time since last: 1000189000 ns, Reaching safepoint: 125000 ns, At safepoint: 7700 ns, Total: 132700 ns
[2020-08-21T23:59:39.203+0000][10296][safepoint    ] Safepoint "Cleanup", Time since last: 1000061700 ns, Reaching safepoint: 135400 ns, At safepoint: 2800 ns, Total: 138200 ns
[2020-08-21T23:59:40.204+0000][10296][safepoint    ] Safepoint "Cleanup", Time since last: 1000327000 ns, Reaching safepoint: 137200 ns, At safepoint: 7500 ns, Total: 144700 ns
[2020-08-21T23:59:42.204+0000][10296][safepoint    ] Safepoint "Cleanup", Time since last: 1999888900 ns, Reaching safepoint: 182700 ns, At safepoint: 7000 ns, Total: 189700 ns
[2020-08-21T23:59:43.204+0000][10296][safepoint    ] Safepoint "Cleanup", Time since last: 1000310000 ns, Reaching safepoint: 130200 ns, At safepoint: 7600 ns, Total: 137800 ns
[2020-08-21T23:59:45.205+0000][10296][safepoint    ] Safepoint "Cleanup", Time since last: 2000324700 ns, Reaching safepoint: 136800 ns, At safepoint: 2300 ns, Total: 139100 ns
[2020-08-21T23:59:47.205+0000][10296][safepoint    ] Safepoint "Cleanup", Time since last: 1999905200 ns, Reaching safepoint: 130000 ns, At safepoint: 2100 ns, Total: 132100 ns
[2020-08-21T23:59:48.205+0000][10296][safepoint    ] Safepoint "Cleanup", Time since last: 1000362700 ns, Reaching safepoint: 124400 ns, At safepoint: 2300 ns, Total: 126700 ns
[2020-08-21T23:59:49.206+0000][10296][safepoint    ] Safepoint "Cleanup", Time since last: 1000369700 ns, Reaching safepoint: 131600 ns, At safepoint: 6600 ns, Total: 138200 ns
[2020-08-21T23:59:50.206+0000][10296][safepoint    ] Safepoint "Cleanup", Time since last: 1000159500 ns, Reaching safepoint: 118000 ns, At safepoint: 2500 ns, Total: 120500 ns
[2020-08-21T23:59:51.206+0000][10296][safepoint    ] Safepoint "Cleanup", Time since last: 1000158900 ns, Reaching safepoint: 153200 ns, At safepoint: 2500 ns, Total: 155700 ns
[2020-08-21T23:59:52.207+0000][10296][safepoint    ] Safepoint "Cleanup", Time since last: 1000035500 ns, Reaching safepoint: 127700 ns, At safepoint: 6600 ns, Total: 134300 ns
[2020-08-21T23:59:53.207+0000][10296][safepoint    ] Safepoint "Cleanup", Time since last: 1000170700 ns, Reaching safepoint: 161500 ns, At safepoint: 6600 ns, Total: 168100 ns
[2020-08-21T23:59:54.207+0000][10296][safepoint    ] Safepoint "Cleanup", Time since last: 1000302000 ns, Reaching safepoint: 157900 ns, At safepoint: 7400 ns, Total: 165300 ns
[2020-08-21T23:59:55.208+0000][10296][safepoint    ] Safepoint "Cleanup", Time since last: 1000134600 ns, Reaching safepoint: 130500 ns, At safepoint: 2000 ns, Total: 132500 ns
[2020-08-21T23:59:56.208+0000][10296][safepoint    ] Safepoint "Cleanup", Time since last: 1000025200 ns, Reaching safepoint: 146000 ns, At safepoint: 2600 ns, Total: 148600 ns
[2020-08-21T23:59:58.208+0000][10296][safepoint    ] Safepoint "Cleanup", Time since last: 2000315900 ns, Reaching safepoint: 139600 ns, At safepoint: 7200 ns, Total: 146800 ns
[2020-08-22T00:00:00.209+0000][10296][safepoint    ] Safepoint "Cleanup", Time since last: 2000353900 ns, Reaching safepoint: 136900 ns, At safepoint: 2100 ns, Total: 139000 ns
[2020-08-22T00:00:02.209+0000][10296][safepoint    ] Safepoint "Cleanup", Time since last: 2000457100 ns, Reaching safepoint: 124100 ns, At safepoint: 2600 ns, Total: 126700 ns
[2020-08-22T00:00:03.210+0000][10296][safepoint    ] Safepoint "Cleanup", Time since last: 1000316000 ns, Reaching safepoint: 122100 ns, At safepoint: 7200 ns, Total: 129300 ns
[2020-08-22T00:00:05.210+0000][10296][safepoint    ] Safepoint "Cleanup", Time since last: 2000413100 ns, Reaching safepoint: 131400 ns, At safepoint: 7300 ns, Total: 138700 ns
[2020-08-22T00:00:06.211+0000][10296][safepoint    ] Safepoint "Cleanup", Time since last: 1000299200 ns, Reaching safepoint: 125000 ns, At safepoint: 2100 ns, Total: 127100 ns
[2020-08-22T00:00:08.211+0000][10296][safepoint    ] Safepoint "Cleanup", Time since last: 2000050200 ns, Reaching safepoint: 137600 ns, At safepoint: 7100 ns, Total: 144700 ns
[2020-08-22T00:00:09.211+0000][10296][safepoint    ] Safepoint "Cleanup", Time since last: 1000312500 ns, Reaching safepoint: 156400 ns, At safepoint: 7300 ns, Total: 163700 ns
[2020-08-22T00:00:10.212+0000][10296][safepoint    ] Safepoint "Cleanup", Time since last: 1000251200 ns, Reaching safepoint: 124800 ns, At safepoint: 6900 ns, Total: 131700 ns
[2020-08-22T00:00:11.212+0000][10296][safepoint    ] Safepoint "Cleanup", Time since last: 1000341000 ns, Reaching safepoint: 130000 ns, At safepoint: 7900 ns, Total: 137900 ns
[2020-08-22T00:00:13.213+0000][10296][safepoint    ] Safepoint "Cleanup", Time since last: 2000363800 ns, Reaching safepoint: 119500 ns, At safepoint: 7100 ns, Total: 126600 ns
[2020-08-22T00:00:14.213+0000][10296][safepoint    ] Safepoint "Cleanup", Time since last: 1000361700 ns, Reaching safepoint: 153100 ns, At safepoint: 2300 ns, Total: 155400 ns
[2020-08-22T00:00:16.214+0000][10296][safepoint    ] Safepoint "Cleanup", Time since last: 2000308800 ns, Reaching safepoint: 117100 ns, At safepoint: 2100 ns, Total: 119200 ns
[2020-08-22T00:00:18.214+0000][10296][safepoint    ] Safepoint "Cleanup", Time since last: 2000418900 ns, Reaching safepoint: 125300 ns, At safepoint: 2000 ns, Total: 127300 ns
[2020-08-22T00:00:19.215+0000][10296][safepoint    ] Safepoint "Cleanup", Time since last: 1000370800 ns, Reaching safepoint: 133700 ns, At safepoint: 7800 ns, Total: 141500 ns
[2020-08-22T00:00:21.215+0000][10296][safepoint    ] Safepoint "Cleanup", Time since last: 2000347800 ns, Reaching safepoint: 127200 ns, At safepoint: 1900 ns, Total: 129100 ns
[2020-08-22T00:00:23.215+0000][10296][safepoint    ] Safepoint "Cleanup", Time since last: 1999910200 ns, Reaching safepoint: 132900 ns, At safepoint: 2200 ns, Total: 135100 ns
[2020-08-22T00:00:24.216+0000][10296][safepoint    ] Safepoint "Cleanup", Time since last: 1000359400 ns, Reaching safepoint: 130600 ns, At safepoint: 7500 ns, Total: 138100 ns
[2020-08-22T00:00:25.216+0000][10296][safepoint    ] Safepoint "Cleanup", Time since last: 1000306100 ns, Reaching safepoint: 142300 ns, At safepoint: 6500 ns, Total: 148800 ns
[2020-08-22T00:00:27.216+0000][10296][safepoint    ] Safepoint "Cleanup", Time since last: 1999900900 ns, Reaching safepoint: 141700 ns, At safepoint: 2500 ns, Total: 144200 ns
[2020-08-22T00:00:28.217+0000][10296][safepoint    ] Safepoint "Cleanup", Time since last: 1000347100 ns, Reaching safepoint: 154100 ns, At safepoint: 2200 ns, Total: 156300 ns
[2020-08-22T00:00:30.217+0000][10296][safepoint    ] Safepoint "Cleanup", Time since last: 2000004600 ns, Reaching safepoint: 115700 ns, At safepoint: 2000 ns, Total: 117700 ns
[2020-08-22T00:00:31.217+0000][10296][safepoint    ] Safepoint "Cleanup", Time since last: 1000180200 ns, Reaching safepoint: 137900 ns, At safepoint: 7200 ns, Total: 145100 ns
[2020-08-22T00:00:33.217+0000][10296][safepoint    ] Safepoint "Cleanup", Time since last: 1999871600 ns, Reaching safepoint: 114900 ns, At safepoint: 2000 ns, Total: 116900 ns
[2020-08-22T00:00:34.314+0000][10296][safepoint    ] Safepoint "Cleanup", Time since last: 1096906200 ns, Reaching safepoint: 128400 ns, At safepoint: 7500 ns, Total: 135900 ns
[2020-08-22T00:00:35.315+0000][10296][safepoint    ] Safepoint "Cleanup", Time since last: 1000323500 ns, Reaching safepoint: 132600 ns, At safepoint: 2500 ns, Total: 135100 ns
[2020-08-22T00:00:37.315+0000][10296][safepoint    ] Safepoint "Cleanup", Time since last: 1999931600 ns, Reaching safepoint: 141300 ns, At safepoint: 1900 ns, Total: 143200 ns
[2020-08-22T00:00:38.315+0000][10296][safepoint    ] Safepoint "Cleanup", Time since last: 1000332400 ns, Reaching safepoint: 145300 ns, At safepoint: 2600 ns, Total: 147900 ns
[2020-08-22T00:00:39.316+0000][10296][safepoint    ] Safepoint "Cleanup", Time since last: 1000005600 ns, Reaching safepoint: 135300 ns, At safepoint: 2400 ns, Total: 137700 ns
[2020-08-22T00:00:40.316+0000][10296][safepoint    ] Safepoint "Cleanup", Time since last: 1000208700 ns, Reaching safepoint: 124200 ns, At safepoint: 6800 ns, Total: 131000 ns
[2020-08-22T00:00:41.316+0000][10296][safepoint    ] Safepoint "Cleanup", Time since last: 1000366200 ns, Reaching safepoint: 131200 ns, At safepoint: 2700 ns, Total: 133900 ns
[2020-08-22T00:00:42.317+0000][10296][safepoint    ] Safepoint "Cleanup", Time since last: 1000360900 ns, Reaching safepoint: 145200 ns, At safepoint: 2200 ns, Total: 147400 ns
[2020-08-22T00:00:43.317+0000][10296][safepoint    ] Safepoint "Cleanup", Time since last: 1000337800 ns, Reaching safepoint: 121700 ns, At safepoint: 6900 ns, Total: 128600 ns
[2020-08-22T00:00:45.317+0000][10296][safepoint    ] Safepoint "Cleanup", Time since last: 1999895900 ns, Reaching safepoint: 130700 ns, At safepoint: 7400 ns, Total: 138100 ns
[2020-08-22T00:00:46.318+0000][10296][safepoint    ] Safepoint "Cleanup", Time since last: 1000131200 ns, Reaching safepoint: 122700 ns, At safepoint: 2000 ns, Total: 124700 ns
[2020-08-22T00:00:47.318+0000][10296][safepoint    ] Safepoint "Cleanup", Time since last: 1000105900 ns, Reaching safepoint: 126300 ns, At safepoint: 2000 ns, Total: 128300 ns
[2020-08-22T00:00:48.318+0000][10296][safepoint    ] Safepoint "Cleanup", Time since last: 1000368700 ns, Reaching safepoint: 116100 ns, At safepoint: 7100 ns, Total: 123200 ns
[2020-08-22T00:00:49.319+0000][10296][safepoint    ] Safepoint "Cleanup", Time since last: 1000337700 ns, Reaching safepoint: 115000 ns, At safepoint: 7300 ns, Total: 122300 ns
[2020-08-22T00:00:51.319+0000][10296][safepoint    ] Safepoint "Cleanup", Time since last: 2000210300 ns, Reaching safepoint: 130700 ns, At safepoint: 3000 ns, Total: 133700 ns
[2020-08-22T00:00:52.319+0000][10296][safepoint    ] Safepoint "Cleanup", Time since last: 1000170200 ns, Reaching safepoint: 132500 ns, At safepoint: 2500 ns, Total: 135000 ns
[2020-08-22T00:00:53.320+0000][10296][safepoint    ] Safepoint "Cleanup", Time since last: 1000268400 ns, Reaching safepoint: 135700 ns, At safepoint: 7400 ns, Total: 143100 ns
[2020-08-22T00:00:55.320+0000][10296][safepoint    ] Safepoint "Cleanup", Time since last: 1999925300 ns, Reaching safepoint: 161700 ns, At safepoint: 2100 ns, Total: 163800 ns
[2020-08-22T00:00:56.320+0000][10296][safepoint    ] Safepoint "Cleanup", Time since last: 1000281800 ns, Reaching safepoint: 134500 ns, At safepoint: 2500 ns, Total: 137000 ns
[2020-08-22T00:00:58.321+0000][10296][safepoint    ] Safepoint "Cleanup", Time since last: 2000245800 ns, Reaching safepoint: 114700 ns, At safepoint: 7300 ns, Total: 122000 ns
[2020-08-22T00:01:00.321+0000][10296][safepoint    ] Safepoint "Cleanup", Time since last: 2000386400 ns, Reaching safepoint: 138600 ns, At safepoint: 7300 ns, Total: 145900 ns
[2020-08-22T00:01:01.322+0000][10296][safepoint    ] Safepoint "Cleanup", Time since last: 1000159300 ns, Reaching safepoint: 130300 ns, At safepoint: 2400 ns, Total: 132700 ns
[2020-08-22T00:01:02.322+0000][10296][safepoint    ] Safepoint "Cleanup", Time since last: 1000124700 ns, Reaching safepoint: 122500 ns, At safepoint: 7300 ns, Total: 129800 ns
[2020-08-22T00:01:04.313+0000][10296][safepoint    ] Safepoint "Cleanup", Time since last: 1991395000 ns, Reaching safepoint: 136400 ns, At safepoint: 6900 ns, Total: 143300 ns
[2020-08-22T00:01:06.313+0000][10296][safepoint    ] Safepoint "Cleanup", Time since last: 1999862600 ns, Reaching safepoint: 122100 ns, At safepoint: 2000 ns, Total: 124100 ns
[2020-08-22T00:01:07.314+0000][10296][safepoint    ] Safepoint "Cleanup", Time since last: 1000336900 ns, Reaching safepoint: 141000 ns, At safepoint: 2100 ns, Total: 143100 ns
[2020-08-22T00:01:09.314+0000][10296][safepoint    ] Safepoint "Cleanup", Time since last: 1999919200 ns, Reaching safepoint: 124200 ns, At safepoint: 2600 ns, Total: 126800 ns
[2020-08-22T00:01:10.314+0000][10296][safepoint    ] Safepoint "Cleanup", Time since last: 1000340600 ns, Reaching safepoint: 130700 ns, At safepoint: 2800 ns, Total: 133500 ns
[2020-08-22T00:01:12.315+0000][10296][safepoint    ] Safepoint "Cleanup", Time since last: 2000331500 ns, Reaching safepoint: 142500 ns, At safepoint: 2000 ns, Total: 144500 ns
[2020-08-22T00:01:14.315+0000][10296][safepoint    ] Safepoint "Cleanup", Time since last: 1999917800 ns, Reaching safepoint: 130600 ns, At safepoint: 7500 ns, Total: 138100 ns
[2020-08-22T00:01:15.315+0000][10296][safepoint    ] Safepoint "Cleanup", Time since last: 1000340200 ns, Reaching safepoint: 169900 ns, At safepoint: 6800 ns, Total: 176700 ns
[2020-08-22T00:01:17.316+0000][10296][safepoint    ] Safepoint "Cleanup", Time since last: 2000322700 ns, Reaching safepoint: 122500 ns, At safepoint: 2100 ns, Total: 124600 ns
[2020-08-22T00:01:18.316+0000][10296][safepoint    ] Safepoint "Cleanup", Time since last: 1000336600 ns, Reaching safepoint: 129100 ns, At safepoint: 7400 ns, Total: 136500 ns
[2020-08-22T00:01:20.316+0000][10296][safepoint    ] Safepoint "Cleanup", Time since last: 1999973000 ns, Reaching safepoint: 128500 ns, At safepoint: 6600 ns, Total: 135100 ns
[2020-08-22T00:01:21.317+0000][10296][safepoint    ] Safepoint "Cleanup", Time since last: 1000311800 ns, Reaching safepoint: 119700 ns, At safepoint: 2000 ns, Total: 121700 ns
[2020-08-22T00:01:22.317+0000][10296][safepoint    ] Safepoint "Cleanup", Time since last: 1000336100 ns, Reaching safepoint: 136500 ns, At safepoint: 6900 ns, Total: 143400 ns
[2020-08-22T00:01:24.317+0000][10296][safepoint    ] Safepoint "Cleanup", Time since last: 1999912900 ns, Reaching safepoint: 129900 ns, At safepoint: 2400 ns, Total: 132300 ns
[2020-08-22T00:01:25.318+0000][10296][safepoint    ] Safepoint "Cleanup", Time since last: 1000339300 ns, Reaching safepoint: 139400 ns, At safepoint: 2000 ns, Total: 141400 ns
[2020-08-22T00:01:27.318+0000][10296][safepoint    ] Safepoint "Cleanup", Time since last: 2000346900 ns, Reaching safepoint: 137200 ns, At safepoint: 7000 ns, Total: 144200 ns
[2020-08-22T00:01:28.319+0000][10296][safepoint    ] Safepoint "Cleanup", Time since last: 1000340300 ns, Reaching safepoint: 147700 ns, At safepoint: 2500 ns, Total: 150200 ns
[2020-08-22T00:01:30.319+0000][10296][safepoint    ] Safepoint "Cleanup", Time since last: 2000362300 ns, Reaching safepoint: 138400 ns, At safepoint: 6800 ns, Total: 145200 ns
[2020-08-22T00:01:32.320+0000][10296][safepoint    ] Safepoint "Cleanup", Time since last: 2000355100 ns, Reaching safepoint: 133500 ns, At safepoint: 2100 ns, Total: 135600 ns
[2020-08-22T00:01:34.320+0000][10296][safepoint    ] Safepoint "Cleanup", Time since last: 2000384600 ns, Reaching safepoint: 158700 ns, At safepoint: 2300 ns, Total: 161000 ns
[2020-08-22T00:01:35.321+0000][10296][safepoint    ] Safepoint "Cleanup", Time since last: 1000329700 ns, Reaching safepoint: 126900 ns, At safepoint: 7400 ns, Total: 134300 ns
[2020-08-22T00:01:36.321+0000][10296][safepoint    ] Safepoint "Cleanup", Time since last: 1000322300 ns, Reaching safepoint: 138100 ns, At safepoint: 2000 ns, Total: 140100 ns
[2020-08-22T00:01:38.322+0000][10296][safepoint    ] Safepoint "Cleanup", Time since last: 2000156200 ns, Reaching safepoint: 131200 ns, At safepoint: 6700 ns, Total: 137900 ns
[2020-08-22T00:01:39.322+0000][10296][safepoint    ] Safepoint "Cleanup", Time since last: 1000107200 ns, Reaching safepoint: 133500 ns, At safepoint: 6900 ns, Total: 140400 ns
[2020-08-22T00:01:41.322+0000][10296][safepoint    ] Safepoint "Cleanup", Time since last: 1999901100 ns, Reaching safepoint: 141000 ns, At safepoint: 6900 ns, Total: 147900 ns
[2020-08-22T00:01:43.322+0000][10296][safepoint    ] Safepoint "Cleanup", Time since last: 2000312800 ns, Reaching safepoint: 124800 ns, At safepoint: 7500 ns, Total: 132300 ns
[2020-08-22T00:01:44.323+0000][10296][safepoint    ] Safepoint "Cleanup", Time since last: 1000339200 ns, Reaching safepoint: 129300 ns, At safepoint: 2300 ns, Total: 131600 ns
[2020-08-22T00:01:46.323+0000][10296][safepoint    ] Safepoint "Cleanup", Time since last: 2000408000 ns, Reaching safepoint: 129900 ns, At safepoint: 2500 ns, Total: 132400 ns
[2020-08-22T00:01:47.324+0000][10296][safepoint    ] Safepoint "Cleanup", Time since last: 1000340500 ns, Reaching safepoint: 128700 ns, At safepoint: 6600 ns, Total: 135300 ns
[2020-08-22T00:01:48.324+0000][10296][safepoint    ] Safepoint "Cleanup", Time since last: 1000347900 ns, Reaching safepoint: 113600 ns, At safepoint: 7700 ns, Total: 121300 ns
[2020-08-22T00:01:50.324+0000][10296][safepoint    ] Safepoint "Cleanup", Time since last: 1999920400 ns, Reaching safepoint: 128000 ns, At safepoint: 6700 ns, Total: 134700 ns
[2020-08-22T00:01:51.325+0000][10296][safepoint    ] Safepoint "Cleanup", Time since last: 1000359100 ns, Reaching safepoint: 121100 ns, At safepoint: 2200 ns, Total: 123300 ns
[2020-08-22T00:01:52.325+0000][10296][safepoint    ] Safepoint "Cleanup", Time since last: 1000375200 ns, Reaching safepoint: 124600 ns, At safepoint: 7700 ns, Total: 132300 ns
[2020-08-22T00:01:54.326+0000][10296][safepoint    ] Safepoint "Cleanup", Time since last: 2000394300 ns, Reaching safepoint: 126000 ns, At safepoint: 3000 ns, Total: 129000 ns
[2020-08-22T00:01:55.326+0000][10296][safepoint    ] Safepoint "Cleanup", Time since last: 1000303500 ns, Reaching safepoint: 136900 ns, At safepoint: 2700 ns, Total: 139600 ns
[2020-08-22T00:01:57.326+0000][10296][safepoint    ] Safepoint "Cleanup", Time since last: 1999899100 ns, Reaching safepoint: 137300 ns, At safepoint: 6700 ns, Total: 144000 ns
[2020-08-22T00:01:58.327+0000][10296][safepoint    ] Safepoint "Cleanup", Time since last: 1000346300 ns, Reaching safepoint: 131000 ns, At safepoint: 6500 ns, Total: 137500 ns
[2020-08-22T00:02:00.327+0000][10296][safepoint    ] Safepoint "Cleanup", Time since last: 2000372000 ns, Reaching safepoint: 147600 ns, At safepoint: 2400 ns, Total: 150000 ns
[2020-08-22T00:02:02.327+0000][10296][safepoint    ] Safepoint "Cleanup", Time since last: 1999883800 ns, Reaching safepoint: 127500 ns, At safepoint: 2100 ns, Total: 129600 ns
[2020-08-22T00:02:03.328+0000][10296][safepoint    ] Safepoint "Cleanup", Time since last: 1000351400 ns, Reaching safepoint: 140000 ns, At safepoint: 2000 ns, Total: 142000 ns
[2020-08-22T00:02:04.328+0000][10296][safepoint    ] Safepoint "Cleanup", Time since last: 1000333900 ns, Reaching safepoint: 143200 ns, At safepoint: 6800 ns, Total: 150000 ns
[2020-08-22T00:02:05.329+0000][10296][safepoint    ] Safepoint "Cleanup", Time since last: 1000336600 ns, Reaching safepoint: 133000 ns, At safepoint: 2700 ns, Total: 135700 ns
[2020-08-22T00:02:07.329+0000][10296][safepoint    ] Safepoint "Cleanup", Time since last: 2000392300 ns, Reaching safepoint: 127900 ns, At safepoint: 7100 ns, Total: 135000 ns
[2020-08-22T00:02:08.330+0000][10296][safepoint    ] Safepoint "Cleanup", Time since last: 1000357200 ns, Reaching safepoint: 127200 ns, At safepoint: 2100 ns, Total: 129300 ns
[2020-08-22T00:02:10.330+0000][10296][safepoint    ] Safepoint "Cleanup", Time since last: 1999893100 ns, Reaching safepoint: 122300 ns, At safepoint: 2100 ns, Total: 124400 ns
[2020-08-22T00:02:12.330+0000][10296][safepoint    ] Safepoint "Cleanup", Time since last: 1999929000 ns, Reaching safepoint: 125200 ns, At safepoint: 1900 ns, Total: 127100 ns
[2020-08-22T00:02:14.330+0000][10296][safepoint    ] Safepoint "Cleanup", Time since last: 2000278200 ns, Reaching safepoint: 139400 ns, At safepoint: 2200 ns, Total: 141600 ns
[2020-08-22T00:02:16.331+0000][10296][safepoint    ] Safepoint "Cleanup", Time since last: 2000362300 ns, Reaching safepoint: 144800 ns, At safepoint: 2900 ns, Total: 147700 ns
[2020-08-22T00:02:18.331+0000][10296][safepoint    ] Safepoint "Cleanup", Time since last: 1999874300 ns, Reaching safepoint: 127400 ns, At safepoint: 7100 ns, Total: 134500 ns
[2020-08-22T00:02:20.331+0000][10296][safepoint    ] Safepoint "Cleanup", Time since last: 2000339300 ns, Reaching safepoint: 129200 ns, At safepoint: 2000 ns, Total: 131200 ns
[2020-08-22T00:02:22.332+0000][10296][safepoint    ] Safepoint "Cleanup", Time since last: 2000379100 ns, Reaching safepoint: 191100 ns, At safepoint: 7200 ns, Total: 198300 ns
[2020-08-22T00:02:23.332+0000][10296][safepoint    ] Safepoint "Cleanup", Time since last: 1000274100 ns, Reaching safepoint: 114500 ns, At safepoint: 7000 ns, Total: 121500 ns
[2020-08-22T00:02:25.333+0000][10296][safepoint    ] Safepoint "Cleanup", Time since last: 2000401500 ns, Reaching safepoint: 129200 ns, At safepoint: 1900 ns, Total: 131100 ns
[2020-08-22T00:02:26.333+0000][10296][safepoint    ] Safepoint "Cleanup", Time since last: 1000349600 ns, Reaching safepoint: 126700 ns, At safepoint: 7300 ns, Total: 134000 ns
[2020-08-22T00:02:28.333+0000][10296][safepoint    ] Safepoint "Cleanup", Time since last: 1999896200 ns, Reaching safepoint: 131700 ns, At safepoint: 7800 ns, Total: 139500 ns
[2020-08-22T00:02:30.334+0000][10296][safepoint    ] Safepoint "Cleanup", Time since last: 2000358700 ns, Reaching safepoint: 126200 ns, At safepoint: 6400 ns, Total: 132600 ns
[2020-08-22T00:02:31.334+0000][10296][safepoint    ] Safepoint "Cleanup", Time since last: 1000366000 ns, Reaching safepoint: 122900 ns, At safepoint: 7800 ns, Total: 130700 ns
[2020-08-22T00:02:32.335+0000][10296][safepoint    ] Safepoint "Cleanup", Time since last: 1000315600 ns, Reaching safepoint: 128500 ns, At safepoint: 7100 ns, Total: 135600 ns
[2020-08-22T00:02:34.335+0000][10296][safepoint    ] Safepoint "Cleanup", Time since last: 1999958700 ns, Reaching safepoint: 130800 ns, At safepoint: 2300 ns, Total: 133100 ns
[2020-08-22T00:02:35.335+0000][10296][safepoint    ] Safepoint "Cleanup", Time since last: 1000346300 ns, Reaching safepoint: 124400 ns, At safepoint: 2500 ns, Total: 126900 ns
[2020-08-22T00:02:37.336+0000][10296][safepoint    ] Safepoint "Cleanup", Time since last: 2000385500 ns, Reaching safepoint: 134400 ns, At safepoint: 7400 ns, Total: 141800 ns
[2020-08-22T00:02:38.336+0000][10296][safepoint    ] Safepoint "Cleanup", Time since last: 1000325400 ns, Reaching safepoint: 133200 ns, At safepoint: 6800 ns, Total: 140000 ns
[2020-08-22T00:02:39.769+0000][10296][safepoint    ] Safepoint "Cleanup", Time since last: 1432371300 ns, Reaching safepoint: 124300 ns, At safepoint: 7400 ns, Total: 131700 ns
[2020-08-22T00:02:40.769+0000][10296][safepoint    ] Safepoint "Cleanup", Time since last: 1000364400 ns, Reaching safepoint: 119900 ns, At safepoint: 7400 ns, Total: 127300 ns
[2020-08-22T00:02:41.769+0000][10296][safepoint    ] Safepoint "Cleanup", Time since last: 1000030400 ns, Reaching safepoint: 130000 ns, At safepoint: 2700 ns, Total: 132700 ns
[2020-08-22T00:02:42.770+0000][10296][safepoint    ] Safepoint "Cleanup", Time since last: 1000238500 ns, Reaching safepoint: 124400 ns, At safepoint: 7100 ns, Total: 131500 ns
[2020-08-22T00:02:44.770+0000][10296][safepoint    ] Safepoint "Cleanup", Time since last: 2000336400 ns, Reaching safepoint: 108400 ns, At safepoint: 7800 ns, Total: 116200 ns
[2020-08-22T00:02:45.771+0000][10296][safepoint    ] Safepoint "Cleanup", Time since last: 1000325700 ns, Reaching safepoint: 138200 ns, At safepoint: 2400 ns, Total: 140600 ns
[2020-08-22T00:02:47.771+0000][10296][safepoint    ] Safepoint "Cleanup", Time since last: 1999941900 ns, Reaching safepoint: 128500 ns, At safepoint: 6700 ns, Total: 135200 ns
[2020-08-22T00:02:48.771+0000][10296][safepoint    ] Safepoint "Cleanup", Time since last: 1000338700 ns, Reaching safepoint: 150700 ns, At safepoint: 6900 ns, Total: 157600 ns
[2020-08-22T00:02:50.772+0000][10296][safepoint    ] Safepoint "Cleanup", Time since last: 2000367400 ns, Reaching safepoint: 165500 ns, At safepoint: 6900 ns, Total: 172400 ns
[2020-08-22T00:02:51.772+0000][10296][safepoint    ] Safepoint "Cleanup", Time since last: 1000299100 ns, Reaching safepoint: 124200 ns, At safepoint: 6600 ns, Total: 130800 ns
[2020-08-22T00:02:53.773+0000][10296][safepoint    ] Safepoint "Cleanup", Time since last: 2000379500 ns, Reaching safepoint: 135100 ns, At safepoint: 6800 ns, Total: 141900 ns
[2020-08-22T00:02:55.773+0000][10296][safepoint    ] Safepoint "Cleanup", Time since last: 2000326400 ns, Reaching safepoint: 129500 ns, At safepoint: 7200 ns, Total: 136700 ns
[2020-08-22T00:02:56.774+0000][10296][safepoint    ] Safepoint "Cleanup", Time since last: 1000355400 ns, Reaching safepoint: 152000 ns, At safepoint: 7400 ns, Total: 159400 ns
[2020-08-22T00:02:58.774+0000][10296][safepoint    ] Safepoint "Cleanup", Time since last: 2000356900 ns, Reaching safepoint: 137800 ns, At safepoint: 2300 ns, Total: 140100 ns
[2020-08-22T00:03:00.775+0000][10296][safepoint    ] Safepoint "Cleanup", Time since last: 2000382500 ns, Reaching safepoint: 121500 ns, At safepoint: 7400 ns, Total: 128900 ns
[2020-08-22T00:03:01.775+0000][10296][safepoint    ] Safepoint "Cleanup", Time since last: 1000282000 ns, Reaching safepoint: 121800 ns, At safepoint: 7600 ns, Total: 129400 ns
[2020-08-22T00:03:02.776+0000][10296][safepoint    ] Safepoint "Cleanup", Time since last: 1000166200 ns, Reaching safepoint: 130200 ns, At safepoint: 6700 ns, Total: 136900 ns
[2020-08-22T00:03:03.776+0000][10296][safepoint    ] Safepoint "Cleanup", Time since last: 1000155900 ns, Reaching safepoint: 123200 ns, At safepoint: 2000 ns, Total: 125200 ns
[2020-08-22T00:03:04.776+0000][10296][safepoint    ] Safepoint "Cleanup", Time since last: 1000365400 ns, Reaching safepoint: 125000 ns, At safepoint: 2000 ns, Total: 127000 ns
[2020-08-22T00:03:06.658+0000][10296][safepoint    ] Safepoint "Cleanup", Time since last: 1882247700 ns, Reaching safepoint: 110000 ns, At safepoint: 5400 ns, Total: 115400 ns
[2020-08-22T00:03:07.659+0000][10296][safepoint    ] Safepoint "Cleanup", Time since last: 1000524500 ns, Reaching safepoint: 120100 ns, At safepoint: 7100 ns, Total: 127200 ns
[2020-08-22T00:03:09.660+0000][10296][safepoint    ] Safepoint "Cleanup", Time since last: 2000398200 ns, Reaching safepoint: 130000 ns, At safepoint: 7300 ns, Total: 137300 ns
[2020-08-22T00:03:10.660+0000][10296][safepoint    ] Safepoint "Cleanup", Time since last: 1000352600 ns, Reaching safepoint: 124800 ns, At safepoint: 7300 ns, Total: 132100 ns
[2020-08-22T00:03:11.661+0000][10296][safepoint    ] Safepoint "Cleanup", Time since last: 1000319400 ns, Reaching safepoint: 132000 ns, At safepoint: 2500 ns, Total: 134500 ns
[2020-08-22T00:03:13.661+0000][10296][safepoint    ] Safepoint "Cleanup", Time since last: 2000397800 ns, Reaching safepoint: 136900 ns, At safepoint: 2700 ns, Total: 139600 ns
[2020-08-22T00:03:14.662+0000][10296][safepoint    ] Safepoint "Cleanup", Time since last: 1000330300 ns, Reaching safepoint: 120500 ns, At safepoint: 2400 ns, Total: 122900 ns
[2020-08-22T00:03:16.662+0000][10296][safepoint    ] Safepoint "Cleanup", Time since last: 2000402300 ns, Reaching safepoint: 137400 ns, At safepoint: 7000 ns, Total: 144400 ns
[2020-08-22T00:03:17.663+0000][10296][safepoint    ] Safepoint "Cleanup", Time since last: 1000334600 ns, Reaching safepoint: 137900 ns, At safepoint: 2700 ns, Total: 140600 ns
[2020-08-22T00:03:19.663+0000][10296][safepoint    ] Safepoint "Cleanup", Time since last: 2000393500 ns, Reaching safepoint: 126600 ns, At safepoint: 7100 ns, Total: 133700 ns
[2020-08-22T00:03:20.664+0000][10296][safepoint    ] Safepoint "Cleanup", Time since last: 1000354100 ns, Reaching safepoint: 123100 ns, At safepoint: 2100 ns, Total: 125200 ns
[2020-08-22T00:03:22.664+0000][10296][safepoint    ] Safepoint "Cleanup", Time since last: 1999967300 ns, Reaching safepoint: 124100 ns, At safepoint: 2100 ns, Total: 126200 ns
[2020-08-22T00:03:23.664+0000][10296][safepoint    ] Safepoint "Cleanup", Time since last: 1000291900 ns, Reaching safepoint: 125400 ns, At safepoint: 6700 ns, Total: 132100 ns
[2020-08-22T00:03:25.665+0000][10296][safepoint    ] Safepoint "Cleanup", Time since last: 2000357900 ns, Reaching safepoint: 124000 ns, At safepoint: 7000 ns, Total: 131000 ns
[2020-08-22T00:03:26.665+0000][10296][safepoint    ] Safepoint "Cleanup", Time since last: 1000351200 ns, Reaching safepoint: 138900 ns, At safepoint: 2100 ns, Total: 141000 ns
[2020-08-22T00:03:28.666+0000][10296][safepoint    ] Safepoint "Cleanup", Time since last: 2000370700 ns, Reaching safepoint: 117100 ns, At safepoint: 2000 ns, Total: 119100 ns
[2020-08-22T00:03:29.666+0000][10296][safepoint    ] Safepoint "Cleanup", Time since last: 1000371900 ns, Reaching safepoint: 118200 ns, At safepoint: 7000 ns, Total: 125200 ns
[2020-08-22T00:03:30.666+0000][10296][safepoint    ] Safepoint "Cleanup", Time since last: 1000008700 ns, Reaching safepoint: 129400 ns, At safepoint: 2100 ns, Total: 131500 ns
[2020-08-22T00:03:31.667+0000][10296][safepoint    ] Safepoint "Cleanup", Time since last: 1000267700 ns, Reaching safepoint: 127100 ns, At safepoint: 7400 ns, Total: 134500 ns
[2020-08-22T00:03:33.667+0000][10296][safepoint    ] Safepoint "Cleanup", Time since last: 2000353500 ns, Reaching safepoint: 132300 ns, At safepoint: 7000 ns, Total: 139300 ns
[2020-08-22T00:03:34.668+0000][10296][safepoint    ] Safepoint "Cleanup", Time since last: 1000362800 ns, Reaching safepoint: 129000 ns, At safepoint: 6900 ns, Total: 135900 ns
[2020-08-22T00:03:36.668+0000][10296][safepoint    ] Safepoint "Cleanup", Time since last: 2000357400 ns, Reaching safepoint: 112400 ns, At safepoint: 6700 ns, Total: 119100 ns
[2020-08-22T00:03:37.668+0000][10296][safepoint    ] Safepoint "Cleanup", Time since last: 1000028600 ns, Reaching safepoint: 131800 ns, At safepoint: 7100 ns, Total: 138900 ns
[2020-08-22T00:03:38.669+0000][10296][safepoint    ] Safepoint "Cleanup", Time since last: 1000226100 ns, Reaching safepoint: 128200 ns, At safepoint: 2400 ns, Total: 130600 ns
[2020-08-22T00:03:40.669+0000][10296][safepoint    ] Safepoint "Cleanup", Time since last: 2000330600 ns, Reaching safepoint: 118800 ns, At safepoint: 2300 ns, Total: 121100 ns
[2020-08-22T00:03:42.669+0000][10296][safepoint    ] Safepoint "Cleanup", Time since last: 1999929400 ns, Reaching safepoint: 126400 ns, At safepoint: 2000 ns, Total: 128400 ns
[2020-08-22T00:03:43.670+0000][10296][safepoint    ] Safepoint "Cleanup", Time since last: 1000315900 ns, Reaching safepoint: 125400 ns, At safepoint: 6900 ns, Total: 132300 ns
[2020-08-22T00:03:45.670+0000][10296][safepoint    ] Safepoint "Cleanup", Time since last: 1999902800 ns, Reaching safepoint: 130600 ns, At safepoint: 1900 ns, Total: 132500 ns
[2020-08-22T00:03:47.670+0000][10296][safepoint    ] Safepoint "Cleanup", Time since last: 2000327300 ns, Reaching safepoint: 134800 ns, At safepoint: 6700 ns, Total: 141500 ns
[2020-08-22T00:03:48.671+0000][10296][safepoint    ] Safepoint "Cleanup", Time since last: 1000359100 ns, Reaching safepoint: 127800 ns, At safepoint: 2900 ns, Total: 130700 ns
[2020-08-22T00:03:50.671+0000][10296][safepoint    ] Safepoint "Cleanup", Time since last: 1999910900 ns, Reaching safepoint: 121700 ns, At safepoint: 2200 ns, Total: 123900 ns
[2020-08-22T00:03:51.671+0000][10296][safepoint    ] Safepoint "Cleanup", Time since last: 1000333300 ns, Reaching safepoint: 123500 ns, At safepoint: 2200 ns, Total: 125700 ns
[2020-08-22T00:03:53.671+0000][10296][safepoint    ] Safepoint "Cleanup", Time since last: 1999922400 ns, Reaching safepoint: 136600 ns, At safepoint: 7000 ns, Total: 143600 ns
[2020-08-22T00:03:55.672+0000][10296][safepoint    ] Safepoint "Cleanup", Time since last: 2000365200 ns, Reaching safepoint: 119000 ns, At safepoint: 2000 ns, Total: 121000 ns
[2020-08-22T00:03:56.672+0000][10296][safepoint    ] Safepoint "Cleanup", Time since last: 1000326400 ns, Reaching safepoint: 119100 ns, At safepoint: 2200 ns, Total: 121300 ns
[2020-08-22T00:03:57.673+0000][10296][safepoint    ] Safepoint "Cleanup", Time since last: 1000156000 ns, Reaching safepoint: 134800 ns, At safepoint: 6700 ns, Total: 141500 ns
[2020-08-22T00:03:58.673+0000][10296][safepoint    ] Safepoint "Cleanup", Time since last: 1000100900 ns, Reaching safepoint: 127700 ns, At safepoint: 2200 ns, Total: 129900 ns
[2020-08-22T00:03:59.673+0000][10296][safepoint    ] Safepoint "Cleanup", Time since last: 1000360100 ns, Reaching safepoint: 134300 ns, At safepoint: 2000 ns, Total: 136300 ns
[2020-08-22T00:04:01.674+0000][10296][safepoint    ] Safepoint "Cleanup", Time since last: 2000368000 ns, Reaching safepoint: 131800 ns, At safepoint: 6700 ns, Total: 138500 ns
[2020-08-22T00:04:03.674+0000][10296][safepoint    ] Safepoint "Cleanup", Time since last: 2000379300 ns, Reaching safepoint: 122800 ns, At safepoint: 7300 ns, Total: 130100 ns
[2020-08-22T00:04:05.674+0000][10296][safepoint    ] Safepoint "Cleanup", Time since last: 1999910600 ns, Reaching safepoint: 172900 ns, At safepoint: 2100 ns, Total: 175000 ns
[2020-08-22T00:04:07.662+0000][10296][safepoint    ] Safepoint "Cleanup", Time since last: 1987395900 ns, Reaching safepoint: 120500 ns, At safepoint: 2100 ns, Total: 122600 ns
[2020-08-22T00:04:08.662+0000][10296][safepoint    ] Safepoint "Cleanup", Time since last: 1000329600 ns, Reaching safepoint: 133800 ns, At safepoint: 2100 ns, Total: 135900 ns
[2020-08-22T00:04:09.663+0000][10296][safepoint    ] Safepoint "Cleanup", Time since last: 1000302000 ns, Reaching safepoint: 138600 ns, At safepoint: 2700 ns, Total: 141300 ns
[2020-08-22T00:04:11.663+0000][10296][safepoint    ] Safepoint "Cleanup", Time since last: 1999920000 ns, Reaching safepoint: 136200 ns, At safepoint: 7300 ns, Total: 143500 ns
[2020-08-22T00:04:12.663+0000][10296][safepoint    ] Safepoint "Cleanup", Time since last: 1000070200 ns, Reaching safepoint: 127600 ns, At safepoint: 2000 ns, Total: 129600 ns
[2020-08-22T00:04:13.663+0000][10296][safepoint    ] Safepoint "Cleanup", Time since last: 1000126400 ns, Reaching safepoint: 119400 ns, At safepoint: 7100 ns, Total: 126500 ns
[2020-08-22T00:04:14.517+0000][10296][gc,start     ] GC(29) Pause Young (Normal) (G1 Evacuation Pause)
[2020-08-22T00:04:14.517+0000][10296][gc,task      ] GC(29) Using 18 workers of 18 for evacuation
[2020-08-22T00:04:14.518+0000][10296][gc,age       ] GC(29) Desired survivor size 40370176 bytes, new threshold 15 (max threshold 15)
[2020-08-22T00:04:14.519+0000][10296][gc,age       ] GC(29) Age table with threshold 15 (max threshold 15)
[2020-08-22T00:04:14.519+0000][10296][gc,age       ] GC(29) - age   1:      12128 bytes,      12128 total
[2020-08-22T00:04:14.519+0000][10296][gc,age       ] GC(29) - age   2:        656 bytes,      12784 total
[2020-08-22T00:04:14.519+0000][10296][gc,age       ] GC(29) - age   3:      78304 bytes,      91088 total
[2020-08-22T00:04:14.519+0000][10296][gc,age       ] GC(29) - age   4:     441480 bytes,     532568 total
[2020-08-22T00:04:14.519+0000][10296][gc,age       ] GC(29) - age   5:       2352 bytes,     534920 total
[2020-08-22T00:04:14.519+0000][10296][gc,age       ] GC(29) - age   6:      18016 bytes,     552936 total
[2020-08-22T00:04:14.519+0000][10296][gc,age       ] GC(29) - age   7:     444536 bytes,     997472 total
[2020-08-22T00:04:14.519+0000][10296][gc,age       ] GC(29) - age   8:      99520 bytes,    1096992 total
[2020-08-22T00:04:14.519+0000][10296][gc,age       ] GC(29) - age   9:       2888 bytes,    1099880 total
[2020-08-22T00:04:14.519+0000][10296][gc,age       ] GC(29) - age  10:       2640 bytes,    1102520 total
[2020-08-22T00:04:14.519+0000][10296][gc,age       ] GC(29) - age  11:       1768 bytes,    1104288 total
[2020-08-22T00:04:14.519+0000][10296][gc,age       ] GC(29) - age  12:     679640 bytes,    1783928 total
[2020-08-22T00:04:14.519+0000][10296][gc,age       ] GC(29) - age  13:       9592 bytes,    1793520 total
[2020-08-22T00:04:14.519+0000][10296][gc,age       ] GC(29) - age  14:      38112 bytes,    1831632 total
[2020-08-22T00:04:14.519+0000][10296][gc,age       ] GC(29) - age  15:      55712 bytes,    1887344 total
[2020-08-22T00:04:14.519+0000][10296][gc,phases    ] GC(29)   Pre Evacuate Collection Set: 0.1ms
[2020-08-22T00:04:14.519+0000][10296][gc,phases    ] GC(29)   Merge Heap Roots: 0.1ms
[2020-08-22T00:04:14.519+0000][10296][gc,phases    ] GC(29)   Evacuate Collection Set: 1.0ms
[2020-08-22T00:04:14.519+0000][10296][gc,phases    ] GC(29)   Post Evacuate Collection Set: 0.5ms
[2020-08-22T00:04:14.519+0000][10296][gc,phases    ] GC(29)   Other: 0.3ms
[2020-08-22T00:04:14.519+0000][10296][gc,heap      ] GC(29) Eden regions: 611->0(611)
[2020-08-22T00:04:14.519+0000][10296][gc,heap      ] GC(29) Survivor regions: 3->3(77)
[2020-08-22T00:04:14.519+0000][10296][gc,heap      ] GC(29) Old regions: 70->70
[2020-08-22T00:04:14.519+0000][10296][gc,heap      ] GC(29) Archive regions: 0->0
[2020-08-22T00:04:14.519+0000][10296][gc,heap      ] GC(29) Humongous regions: 7->7
[2020-08-22T00:04:14.520+0000][10296][gc,metaspace ] GC(29) Metaspace: 95104K(103168K)->95104K(103168K) NonClass: 82213K(87040K)->82213K(87040K) Class: 12890K(16128K)->12890K(16128K)
[2020-08-22T00:04:14.520+0000][10296][gc           ] GC(29) Pause Young (Normal) (G1 Evacuation Pause) 690M->78M(1024M) 2.066ms
[2020-08-22T00:04:14.520+0000][10296][gc,cpu       ] GC(29) User=0.00s Sys=0.00s Real=0.00s
[2020-08-22T00:04:14.520+0000][10296][safepoint    ] Safepoint "G1CollectForAllocation", Time since last: 854093500 ns, Reaching safepoint: 135000 ns, At safepoint: 2130800 ns, Total: 2265800 ns
[2020-08-22T00:04:15.520+0000][10296][safepoint    ] Safepoint "Cleanup", Time since last: 1000007400 ns, Reaching safepoint: 125500 ns, At safepoint: 6600 ns, Total: 132100 ns
[2020-08-22T00:04:16.520+0000][10296][safepoint    ] Safepoint "Cleanup", Time since last: 1000356600 ns, Reaching safepoint: 123100 ns, At safepoint: 6700 ns, Total: 129800 ns
[2020-08-22T00:04:18.521+0000][10296][safepoint    ] Safepoint "Cleanup", Time since last: 2000356300 ns, Reaching safepoint: 123600 ns, At safepoint: 2100 ns, Total: 125700 ns
[2020-08-22T00:04:20.521+0000][10296][safepoint    ] Safepoint "Cleanup", Time since last: 2000392900 ns, Reaching safepoint: 134100 ns, At safepoint: 1900 ns, Total: 136000 ns
[2020-08-22T00:04:21.522+0000][10296][safepoint    ] Safepoint "Cleanup", Time since last: 1000358100 ns, Reaching safepoint: 127400 ns, At safepoint: 7000 ns, Total: 134400 ns
[2020-08-22T00:04:22.522+0000][10296][safepoint    ] Safepoint "Cleanup", Time since last: 1000090500 ns, Reaching safepoint: 130000 ns, At safepoint: 2300 ns, Total: 132300 ns
[2020-08-22T00:04:23.522+0000][10296][safepoint    ] Safepoint "Cleanup", Time since last: 1000131600 ns, Reaching safepoint: 120500 ns, At safepoint: 7400 ns, Total: 127900 ns
[2020-08-22T00:04:25.522+0000][10296][safepoint    ] Safepoint "Cleanup", Time since last: 2000009100 ns, Reaching safepoint: 134400 ns, At safepoint: 7000 ns, Total: 141400 ns
[2020-08-22T00:04:26.523+0000][10296][safepoint    ] Safepoint "Cleanup", Time since last: 1000204800 ns, Reaching safepoint: 155700 ns, At safepoint: 2000 ns, Total: 157700 ns
[2020-08-22T00:04:28.523+0000][10296][safepoint    ] Safepoint "Cleanup", Time since last: 2000335900 ns, Reaching safepoint: 129000 ns, At safepoint: 7400 ns, Total: 136400 ns
[2020-08-22T00:04:30.523+0000][10296][safepoint    ] Safepoint "Cleanup", Time since last: 1999877200 ns, Reaching safepoint: 133800 ns, At safepoint: 2200 ns, Total: 136000 ns
[2020-08-22T00:04:31.524+0000][10296][safepoint    ] Safepoint "Cleanup", Time since last: 1000363700 ns, Reaching safepoint: 121400 ns, At safepoint: 1900 ns, Total: 123300 ns
[2020-08-22T00:04:33.524+0000][10296][safepoint    ] Safepoint "Cleanup", Time since last: 2000356900 ns, Reaching safepoint: 135400 ns, At safepoint: 1900 ns, Total: 137300 ns
[2020-08-22T00:04:35.525+0000][10296][safepoint    ] Safepoint "Cleanup", Time since last: 2000368600 ns, Reaching safepoint: 161600 ns, At safepoint: 2800 ns, Total: 164400 ns
[2020-08-22T00:04:36.525+0000][10296][safepoint    ] Safepoint "Cleanup", Time since last: 1000184900 ns, Reaching safepoint: 129300 ns, At safepoint: 2200 ns, Total: 131500 ns
[2020-08-22T00:04:37.525+0000][10296][safepoint    ] Safepoint "Cleanup", Time since last: 1000066900 ns, Reaching safepoint: 129900 ns, At safepoint: 2800 ns, Total: 132700 ns
[2020-08-22T00:04:38.526+0000][10296][safepoint    ] Safepoint "Cleanup", Time since last: 1000119900 ns, Reaching safepoint: 130400 ns, At safepoint: 6800 ns, Total: 137200 ns
[2020-08-22T00:04:39.526+0000][10296][safepoint    ] Safepoint "Cleanup", Time since last: 1000096900 ns, Reaching safepoint: 126500 ns, At safepoint: 2000 ns, Total: 128500 ns
[2020-08-22T00:04:40.526+0000][10296][safepoint    ] Safepoint "Cleanup", Time since last: 1000360000 ns, Reaching safepoint: 119800 ns, At safepoint: 2500 ns, Total: 122300 ns
[2020-08-22T00:04:42.526+0000][10296][safepoint    ] Safepoint "Cleanup", Time since last: 1999885100 ns, Reaching safepoint: 147300 ns, At safepoint: 7700 ns, Total: 155000 ns
[2020-08-22T00:04:43.527+0000][10296][safepoint    ] Safepoint "Cleanup", Time since last: 1000294500 ns, Reaching safepoint: 122700 ns, At safepoint: 6100 ns, Total: 128800 ns
[2020-08-22T00:04:45.527+0000][10296][safepoint    ] Safepoint "Cleanup", Time since last: 1999923800 ns, Reaching safepoint: 117000 ns, At safepoint: 2300 ns, Total: 119300 ns
[2020-08-22T00:04:47.527+0000][10296][safepoint    ] Safepoint "Cleanup", Time since last: 2000302700 ns, Reaching safepoint: 157800 ns, At safepoint: 2700 ns, Total: 160500 ns
[2020-08-22T00:04:48.528+0000][10296][safepoint    ] Safepoint "Cleanup", Time since last: 1000123500 ns, Reaching safepoint: 193200 ns, At safepoint: 5800 ns, Total: 199000 ns
[2020-08-22T01:08:38.666+0000][10296][safepoint    ] Safepoint "Cleanup", Time since last: 3830362185800 ns, Reaching safepoint: 164400 ns, At safepoint: 7800 ns, Total: 172200 ns
[2020-08-22T01:08:39.685+0000][10296][safepoint    ] Safepoint "Cleanup", Time since last: 1018152600 ns, Reaching safepoint: 138300 ns, At safepoint: 2200 ns, Total: 140500 ns
[2020-08-22T01:08:40.685+0000][10296][safepoint    ] Safepoint "Cleanup", Time since last: 1000358800 ns, Reaching safepoint: 176400 ns, At safepoint: 9000 ns, Total: 185400 ns
[2020-08-22T01:08:41.686+0000][10296][safepoint    ] Safepoint "Cleanup", Time since last: 1000098300 ns, Reaching safepoint: 122700 ns, At safepoint: 6700 ns, Total: 129400 ns
[2020-08-22T01:08:43.686+0000][10296][safepoint    ] Safepoint "Cleanup", Time since last: 2000014800 ns, Reaching safepoint: 132800 ns, At safepoint: 6900 ns, Total: 139700 ns
[2020-08-22T01:08:45.686+0000][10296][safepoint    ] Safepoint "Cleanup", Time since last: 1999953600 ns, Reaching safepoint: 145300 ns, At safepoint: 7800 ns, Total: 153100 ns
[2020-08-22T01:08:47.686+0000][10296][safepoint    ] Safepoint "Cleanup", Time since last: 2000377300 ns, Reaching safepoint: 147100 ns, At safepoint: 7400 ns, Total: 154500 ns
[2020-08-22T01:08:49.687+0000][10296][safepoint    ] Safepoint "Cleanup", Time since last: 2000270900 ns, Reaching safepoint: 134900 ns, At safepoint: 2000 ns, Total: 136900 ns
[2020-08-22T01:08:51.687+0000][10296][safepoint    ] Safepoint "Cleanup", Time since last: 2000206400 ns, Reaching safepoint: 130000 ns, At safepoint: 7600 ns, Total: 137600 ns
[2020-08-22T01:08:52.688+0000][10296][safepoint    ] Safepoint "Cleanup", Time since last: 1000278300 ns, Reaching safepoint: 163100 ns, At safepoint: 7300 ns, Total: 170400 ns
[2020-08-22T01:08:53.688+0000][10296][safepoint    ] Safepoint "Cleanup", Time since last: 1000133600 ns, Reaching safepoint: 125100 ns, At safepoint: 7100 ns, Total: 132200 ns
[2020-08-22T01:08:54.688+0000][10296][safepoint    ] Safepoint "Cleanup", Time since last: 1000208900 ns, Reaching safepoint: 145800 ns, At safepoint: 2100 ns, Total: 147900 ns
[2020-08-22T01:08:56.688+0000][10296][safepoint    ] Safepoint "Cleanup", Time since last: 1999939000 ns, Reaching safepoint: 122800 ns, At safepoint: 2100 ns, Total: 124900 ns
[2020-08-22T01:08:58.689+0000][10296][safepoint    ] Safepoint "Cleanup", Time since last: 2000365100 ns, Reaching safepoint: 123000 ns, At safepoint: 1800 ns, Total: 124800 ns
[2020-08-22T01:08:59.689+0000][10296][safepoint    ] Safepoint "Cleanup", Time since last: 1000353400 ns, Reaching safepoint: 119200 ns, At safepoint: 2200 ns, Total: 121400 ns
[2020-08-22T01:09:01.689+0000][10296][safepoint    ] Safepoint "Cleanup", Time since last: 1999954700 ns, Reaching safepoint: 135600 ns, At safepoint: 7200 ns, Total: 142800 ns
[2020-08-22T01:09:03.690+0000][10296][safepoint    ] Safepoint "Cleanup", Time since last: 2000312500 ns, Reaching safepoint: 148400 ns, At safepoint: 7700 ns, Total: 156100 ns
[2020-08-22T01:09:04.690+0000][10296][safepoint    ] Safepoint "Cleanup", Time since last: 1000333600 ns, Reaching safepoint: 150100 ns, At safepoint: 2200 ns, Total: 152300 ns
[2020-08-22T01:09:05.691+0000][10296][safepoint    ] Safepoint "Cleanup", Time since last: 1000346200 ns, Reaching safepoint: 118500 ns, At safepoint: 6900 ns, Total: 125400 ns
[2020-08-22T01:09:06.691+0000][10296][safepoint    ] Safepoint "Cleanup", Time since last: 1000370200 ns, Reaching safepoint: 131200 ns, At safepoint: 2000 ns, Total: 133200 ns
[2020-08-22T01:09:07.692+0000][10296][safepoint    ] Safepoint "Cleanup", Time since last: 1000364300 ns, Reaching safepoint: 136000 ns, At safepoint: 2000 ns, Total: 138000 ns
[2020-08-22T01:09:09.692+0000][10296][safepoint    ] Safepoint "Cleanup", Time since last: 2000363600 ns, Reaching safepoint: 142600 ns, At safepoint: 7600 ns, Total: 150200 ns
[2020-08-22T01:09:10.693+0000][10296][safepoint    ] Safepoint "Cleanup", Time since last: 1000349600 ns, Reaching safepoint: 143200 ns, At safepoint: 7400 ns, Total: 150600 ns
[2020-08-22T01:09:12.693+0000][10296][safepoint    ] Safepoint "Cleanup", Time since last: 2000341600 ns, Reaching safepoint: 138000 ns, At safepoint: 2200 ns, Total: 140200 ns
[2020-08-22T01:09:14.694+0000][10296][safepoint    ] Safepoint "Cleanup", Time since last: 2000373100 ns, Reaching safepoint: 132500 ns, At safepoint: 2400 ns, Total: 134900 ns
[2020-08-22T01:09:15.694+0000][10296][safepoint    ] Safepoint "Cleanup", Time since last: 1000364200 ns, Reaching safepoint: 123900 ns, At safepoint: 2100 ns, Total: 126000 ns
[2020-08-22T01:09:17.695+0000][10296][safepoint    ] Safepoint "Cleanup", Time since last: 2000378700 ns, Reaching safepoint: 132100 ns, At safepoint: 7100 ns, Total: 139200 ns
[2020-08-22T01:09:19.695+0000][10296][safepoint    ] Safepoint "Cleanup", Time since last: 2000353200 ns, Reaching safepoint: 133300 ns, At safepoint: 2200 ns, Total: 135500 ns
[2020-08-22T01:09:20.695+0000][10296][safepoint    ] Safepoint "Cleanup", Time since last: 1000065600 ns, Reaching safepoint: 130800 ns, At safepoint: 2000 ns, Total: 132800 ns
[2020-08-22T01:09:21.696+0000][10296][safepoint    ] Safepoint "Cleanup", Time since last: 1000170600 ns, Reaching safepoint: 144500 ns, At safepoint: 7800 ns, Total: 152300 ns
[2020-08-22T01:09:22.696+0000][10296][safepoint    ] Safepoint "Cleanup", Time since last: 1000154600 ns, Reaching safepoint: 142200 ns, At safepoint: 7200 ns, Total: 149400 ns
[2020-08-22T01:09:23.696+0000][10296][safepoint    ] Safepoint "Cleanup", Time since last: 1000113500 ns, Reaching safepoint: 140400 ns, At safepoint: 2200 ns, Total: 142600 ns
[2020-08-22T01:09:24.697+0000][10296][safepoint    ] Safepoint "Cleanup", Time since last: 1000358100 ns, Reaching safepoint: 120600 ns, At safepoint: 6900 ns, Total: 127500 ns
[2020-08-22T01:09:25.697+0000][10296][safepoint    ] Safepoint "Cleanup", Time since last: 1000299000 ns, Reaching safepoint: 155600 ns, At safepoint: 7500 ns, Total: 163100 ns
[2020-08-22T01:09:27.698+0000][10296][safepoint    ] Safepoint "Cleanup", Time since last: 2000335800 ns, Reaching safepoint: 119600 ns, At safepoint: 2000 ns, Total: 121600 ns
[2020-08-22T01:09:29.698+0000][10296][safepoint    ] Safepoint "Cleanup", Time since last: 1999962100 ns, Reaching safepoint: 130600 ns, At safepoint: 2400 ns, Total: 133000 ns
[2020-08-22T01:09:30.698+0000][10296][safepoint    ] Safepoint "Cleanup", Time since last: 1000340100 ns, Reaching safepoint: 126300 ns, At safepoint: 2100 ns, Total: 128400 ns
[2020-08-22T01:09:31.699+0000][10296][safepoint    ] Safepoint "Cleanup", Time since last: 1000235900 ns, Reaching safepoint: 130400 ns, At safepoint: 7300 ns, Total: 137700 ns
[2020-08-22T01:09:33.699+0000][10296][safepoint    ] Safepoint "Cleanup", Time since last: 2000439200 ns, Reaching safepoint: 144900 ns, At safepoint: 2500 ns, Total: 147400 ns
[2020-08-22T01:09:35.699+0000][10296][safepoint    ] Safepoint "Cleanup", Time since last: 1999867400 ns, Reaching safepoint: 124300 ns, At safepoint: 2600 ns, Total: 126900 ns
[2020-08-22T01:09:36.700+0000][10296][safepoint    ] Safepoint "Cleanup", Time since last: 1000359700 ns, Reaching safepoint: 132500 ns, At safepoint: 6800 ns, Total: 139300 ns
[2020-08-22T01:09:37.700+0000][10296][safepoint    ] Safepoint "Cleanup", Time since last: 1000341500 ns, Reaching safepoint: 127900 ns, At safepoint: 2100 ns, Total: 130000 ns
[2020-08-22T01:09:38.701+0000][10296][safepoint    ] Safepoint "Cleanup", Time since last: 1000338100 ns, Reaching safepoint: 115600 ns, At safepoint: 2500 ns, Total: 118100 ns
[2020-08-22T01:09:39.987+0000][10296][safepoint    ] Safepoint "Cleanup", Time since last: 1286308600 ns, Reaching safepoint: 129500 ns, At safepoint: 2100 ns, Total: 131600 ns
[2020-08-22T01:09:40.990+0000][10296][safepoint    ] Safepoint "Cleanup", Time since last: 1003006400 ns, Reaching safepoint: 151200 ns, At safepoint: 2000 ns, Total: 153200 ns
[2020-08-22T01:09:41.991+0000][10296][safepoint    ] Safepoint "Cleanup", Time since last: 1000338800 ns, Reaching safepoint: 134300 ns, At safepoint: 2700 ns, Total: 137000 ns
[2020-08-22T01:09:43.027+0000][10296][safepoint    ] Safepoint "Cleanup", Time since last: 1036578100 ns, Reaching safepoint: 138500 ns, At safepoint: 9800 ns, Total: 148300 ns
[2020-08-22T01:09:44.028+0000][10296][safepoint    ] Safepoint "Cleanup", Time since last: 1000636300 ns, Reaching safepoint: 158700 ns, At safepoint: 7300 ns, Total: 166000 ns
[2020-08-22T01:09:46.028+0000][10296][safepoint    ] Safepoint "Cleanup", Time since last: 1999863000 ns, Reaching safepoint: 140300 ns, At safepoint: 2000 ns, Total: 142300 ns
[2020-08-22T01:09:47.029+0000][10296][safepoint    ] Safepoint "Cleanup", Time since last: 1000297000 ns, Reaching safepoint: 131900 ns, At safepoint: 2000 ns, Total: 133900 ns
[2020-08-22T01:09:49.029+0000][10296][safepoint    ] Safepoint "Cleanup", Time since last: 1999905200 ns, Reaching safepoint: 115500 ns, At safepoint: 2400 ns, Total: 117900 ns
[2020-08-22T01:09:50.029+0000][10296][safepoint    ] Safepoint "Cleanup", Time since last: 1000368900 ns, Reaching safepoint: 147600 ns, At safepoint: 2300 ns, Total: 149900 ns
[2020-08-22T01:09:51.029+0000][10296][safepoint    ] Safepoint "Cleanup", Time since last: 1000038900 ns, Reaching safepoint: 148500 ns, At safepoint: 2100 ns, Total: 150600 ns
[2020-08-22T01:09:52.030+0000][10296][safepoint    ] Safepoint "Cleanup", Time since last: 1000135300 ns, Reaching safepoint: 149200 ns, At safepoint: 2100 ns, Total: 151300 ns
[2020-08-22T01:09:54.030+0000][10296][safepoint    ] Safepoint "Cleanup", Time since last: 2000379300 ns, Reaching safepoint: 134800 ns, At safepoint: 7400 ns, Total: 142200 ns
[2020-08-22T01:09:55.031+0000][10296][safepoint    ] Safepoint "Cleanup", Time since last: 1000354200 ns, Reaching safepoint: 125000 ns, At safepoint: 6900 ns, Total: 131900 ns
[2020-08-22T01:09:56.066+0000][10296][safepoint    ] Safepoint "Cleanup", Time since last: 1034882300 ns, Reaching safepoint: 136700 ns, At safepoint: 7000 ns, Total: 143700 ns
[2020-08-22T01:09:57.066+0000][10296][safepoint    ] Safepoint "Cleanup", Time since last: 1000341500 ns, Reaching safepoint: 126200 ns, At safepoint: 2000 ns, Total: 128200 ns
[2020-08-22T01:09:59.067+0000][10296][safepoint    ] Safepoint "Cleanup", Time since last: 2000373000 ns, Reaching safepoint: 184000 ns, At safepoint: 6900 ns, Total: 190900 ns
[2020-08-22T01:10:00.067+0000][10296][safepoint    ] Safepoint "Cleanup", Time since last: 1000305100 ns, Reaching safepoint: 124700 ns, At safepoint: 2000 ns, Total: 126700 ns
[2020-08-22T01:10:01.068+0000][10296][safepoint    ] Safepoint "Cleanup", Time since last: 1000373800 ns, Reaching safepoint: 176700 ns, At safepoint: 7300 ns, Total: 184000 ns
[2020-08-22T01:10:03.068+0000][10296][safepoint    ] Safepoint "Cleanup", Time since last: 2000319500 ns, Reaching safepoint: 145900 ns, At safepoint: 2200 ns, Total: 148100 ns
[2020-08-22T01:10:04.069+0000][10296][safepoint    ] Safepoint "Cleanup", Time since last: 1000355400 ns, Reaching safepoint: 148500 ns, At safepoint: 2100 ns, Total: 150600 ns
[2020-08-22T01:10:06.069+0000][10296][safepoint    ] Safepoint "Cleanup", Time since last: 2000121600 ns, Reaching safepoint: 119800 ns, At safepoint: 2400 ns, Total: 122200 ns
[2020-08-22T01:10:07.069+0000][10296][safepoint    ] Safepoint "Cleanup", Time since last: 1000163100 ns, Reaching safepoint: 142600 ns, At safepoint: 7300 ns, Total: 149900 ns
[2020-08-22T01:10:08.070+0000][10296][safepoint    ] Safepoint "Cleanup", Time since last: 1000305400 ns, Reaching safepoint: 135200 ns, At safepoint: 7000 ns, Total: 142200 ns
[2020-08-22T01:10:09.070+0000][10296][safepoint    ] Safepoint "Cleanup", Time since last: 1000344000 ns, Reaching safepoint: 138500 ns, At safepoint: 7400 ns, Total: 145900 ns
[2020-08-22T01:10:11.071+0000][10296][safepoint    ] Safepoint "Cleanup", Time since last: 2000350900 ns, Reaching safepoint: 141700 ns, At safepoint: 2200 ns, Total: 143900 ns
[2020-08-22T01:10:12.071+0000][10296][safepoint    ] Safepoint "Cleanup", Time since last: 1000362000 ns, Reaching safepoint: 132700 ns, At safepoint: 7100 ns, Total: 139800 ns
[2020-08-22T01:10:14.071+0000][10296][safepoint    ] Safepoint "Cleanup", Time since last: 1999863400 ns, Reaching safepoint: 129400 ns, At safepoint: 2100 ns, Total: 131500 ns
[2020-08-22T01:10:15.072+0000][10296][safepoint    ] Safepoint "Cleanup", Time since last: 1000360100 ns, Reaching safepoint: 138700 ns, At safepoint: 6900 ns, Total: 145600 ns
[2020-08-22T01:10:16.072+0000][10296][safepoint    ] Safepoint "Cleanup", Time since last: 1000353900 ns, Reaching safepoint: 124600 ns, At safepoint: 7200 ns, Total: 131800 ns
[2020-08-22T01:10:17.073+0000][10296][safepoint    ] Safepoint "Cleanup", Time since last: 1000367200 ns, Reaching safepoint: 162000 ns, At safepoint: 2300 ns, Total: 164300 ns
[2020-08-22T01:10:19.073+0000][10296][safepoint    ] Safepoint "Cleanup", Time since last: 2000340000 ns, Reaching safepoint: 147800 ns, At safepoint: 7000 ns, Total: 154800 ns
[2020-08-22T01:10:20.074+0000][10296][safepoint    ] Safepoint "Cleanup", Time since last: 1000341400 ns, Reaching safepoint: 145200 ns, At safepoint: 7400 ns, Total: 152600 ns
[2020-08-22T01:10:22.074+0000][10296][safepoint    ] Safepoint "Cleanup", Time since last: 2000358300 ns, Reaching safepoint: 132700 ns, At safepoint: 2000 ns, Total: 134700 ns
[2020-08-22T01:10:23.075+0000][10296][safepoint    ] Safepoint "Cleanup", Time since last: 1000354300 ns, Reaching safepoint: 121500 ns, At safepoint: 7000 ns, Total: 128500 ns
[2020-08-22T01:10:24.075+0000][10296][safepoint    ] Safepoint "Cleanup", Time since last: 1000380300 ns, Reaching safepoint: 140600 ns, At safepoint: 7000 ns, Total: 147600 ns
[2020-08-22T01:10:26.075+0000][10296][safepoint    ] Safepoint "Cleanup", Time since last: 1999911800 ns, Reaching safepoint: 129100 ns, At safepoint: 1900 ns, Total: 131000 ns
[2020-08-22T01:10:27.076+0000][10296][safepoint    ] Safepoint "Cleanup", Time since last: 1000290000 ns, Reaching safepoint: 130600 ns, At safepoint: 2100 ns, Total: 132700 ns
[2020-08-22T01:10:29.076+0000][10296][safepoint    ] Safepoint "Cleanup", Time since last: 2000378900 ns, Reaching safepoint: 133200 ns, At safepoint: 2600 ns, Total: 135800 ns
[2020-08-22T01:10:31.076+0000][10296][safepoint    ] Safepoint "Cleanup", Time since last: 1999864900 ns, Reaching safepoint: 132100 ns, At safepoint: 2000 ns, Total: 134100 ns
[2020-08-22T01:10:32.077+0000][10296][safepoint    ] Safepoint "Cleanup", Time since last: 1000373200 ns, Reaching safepoint: 125000 ns, At safepoint: 2500 ns, Total: 127500 ns
[2020-08-22T01:10:33.077+0000][10296][safepoint    ] Safepoint "Cleanup", Time since last: 1000374700 ns, Reaching safepoint: 134700 ns, At safepoint: 7200 ns, Total: 141900 ns
[2020-08-22T01:10:35.078+0000][10296][safepoint    ] Safepoint "Cleanup", Time since last: 2000370400 ns, Reaching safepoint: 137300 ns, At safepoint: 6900 ns, Total: 144200 ns
[2020-08-22T01:10:36.078+0000][10296][safepoint    ] Safepoint "Cleanup", Time since last: 1000339900 ns, Reaching safepoint: 126500 ns, At safepoint: 2000 ns, Total: 128500 ns
[2020-08-22T01:10:38.079+0000][10296][safepoint    ] Safepoint "Cleanup", Time since last: 2000378000 ns, Reaching safepoint: 146600 ns, At safepoint: 7500 ns, Total: 154100 ns
[2020-08-22T01:10:39.079+0000][10296][safepoint    ] Safepoint "Cleanup", Time since last: 1000309200 ns, Reaching safepoint: 173600 ns, At safepoint: 7000 ns, Total: 180600 ns
[2020-08-22T01:10:41.079+0000][10296][safepoint    ] Safepoint "Cleanup", Time since last: 1999853000 ns, Reaching safepoint: 137100 ns, At safepoint: 7800 ns, Total: 144900 ns
[2020-08-22T01:10:42.080+0000][10296][safepoint    ] Safepoint "Cleanup", Time since last: 1000360200 ns, Reaching safepoint: 124200 ns, At safepoint: 2100 ns, Total: 126300 ns
[2020-08-22T01:10:44.080+0000][10296][safepoint    ] Safepoint "Cleanup", Time since last: 2000367800 ns, Reaching safepoint: 132600 ns, At safepoint: 2100 ns, Total: 134700 ns
[2020-08-22T01:10:46.080+0000][10296][safepoint    ] Safepoint "Cleanup", Time since last: 1999896900 ns, Reaching safepoint: 150200 ns, At safepoint: 7300 ns, Total: 157500 ns
[2020-08-22T01:10:47.081+0000][10296][safepoint    ] Safepoint "Cleanup", Time since last: 1000320500 ns, Reaching safepoint: 128800 ns, At safepoint: 2400 ns, Total: 131200 ns
[2020-08-22T01:10:48.081+0000][10296][safepoint    ] Safepoint "Cleanup", Time since last: 1000364400 ns, Reaching safepoint: 134800 ns, At safepoint: 7800 ns, Total: 142600 ns
[2020-08-22T01:10:50.081+0000][10296][safepoint    ] Safepoint "Cleanup", Time since last: 1999861600 ns, Reaching safepoint: 135300 ns, At safepoint: 2100 ns, Total: 137400 ns
[2020-08-22T01:10:52.082+0000][10296][safepoint    ] Safepoint "Cleanup", Time since last: 2000350100 ns, Reaching safepoint: 135300 ns, At safepoint: 7300 ns, Total: 142600 ns
[2020-08-22T01:10:54.082+0000][10296][safepoint    ] Safepoint "Cleanup", Time since last: 1999877300 ns, Reaching safepoint: 137500 ns, At safepoint: 2400 ns, Total: 139900 ns
[2020-08-22T01:10:55.082+0000][10296][safepoint    ] Safepoint "Cleanup", Time since last: 1000335700 ns, Reaching safepoint: 133200 ns, At safepoint: 2600 ns, Total: 135800 ns
[2020-08-22T01:10:57.083+0000][10296][safepoint    ] Safepoint "Cleanup", Time since last: 2000363700 ns, Reaching safepoint: 131900 ns, At safepoint: 7100 ns, Total: 139000 ns
[2020-08-22T01:10:59.083+0000][10296][safepoint    ] Safepoint "Cleanup", Time since last: 1999874700 ns, Reaching safepoint: 140900 ns, At safepoint: 2300 ns, Total: 143200 ns
[2020-08-22T01:11:00.083+0000][10296][safepoint    ] Safepoint "Cleanup", Time since last: 1000340800 ns, Reaching safepoint: 141400 ns, At safepoint: 2300 ns, Total: 143700 ns
[2020-08-22T01:11:01.084+0000][10296][safepoint    ] Safepoint "Cleanup", Time since last: 1000361900 ns, Reaching safepoint: 137600 ns, At safepoint: 7300 ns, Total: 144900 ns
[2020-08-22T01:11:02.084+0000][10296][safepoint    ] Safepoint "Cleanup", Time since last: 1000339400 ns, Reaching safepoint: 124500 ns, At safepoint: 2100 ns, Total: 126600 ns
[2020-08-22T01:11:04.084+0000][10296][safepoint    ] Safepoint "Cleanup", Time since last: 1999883800 ns, Reaching safepoint: 137900 ns, At safepoint: 7000 ns, Total: 144900 ns
[2020-08-22T01:11:06.085+0000][10296][safepoint    ] Safepoint "Cleanup", Time since last: 2000359900 ns, Reaching safepoint: 135000 ns, At safepoint: 7900 ns, Total: 142900 ns
[2020-08-22T01:11:07.085+0000][10296][safepoint    ] Safepoint "Cleanup", Time since last: 1000349200 ns, Reaching safepoint: 139300 ns, At safepoint: 7100 ns, Total: 146400 ns
[2020-08-22T01:11:08.086+0000][10296][safepoint    ] Safepoint "Cleanup", Time since last: 1000338900 ns, Reaching safepoint: 118100 ns, At safepoint: 2300 ns, Total: 120400 ns
[2020-08-22T01:11:10.086+0000][10296][safepoint    ] Safepoint "Cleanup", Time since last: 1999966700 ns, Reaching safepoint: 138600 ns, At safepoint: 2200 ns, Total: 140800 ns
[2020-08-22T01:11:11.086+0000][10296][safepoint    ] Safepoint "Cleanup", Time since last: 1000331700 ns, Reaching safepoint: 123800 ns, At safepoint: 2000 ns, Total: 125800 ns
[2020-08-22T01:11:12.087+0000][10296][safepoint    ] Safepoint "Cleanup", Time since last: 1000337200 ns, Reaching safepoint: 131700 ns, At safepoint: 7200 ns, Total: 138900 ns
[2020-08-22T01:11:13.087+0000][10296][safepoint    ] Safepoint "Cleanup", Time since last: 1000357700 ns, Reaching safepoint: 123700 ns, At safepoint: 7000 ns, Total: 130700 ns
[2020-08-22T01:11:15.088+0000][10296][safepoint    ] Safepoint "Cleanup", Time since last: 2000380800 ns, Reaching safepoint: 141500 ns, At safepoint: 2100 ns, Total: 143600 ns
[2020-08-22T01:11:16.088+0000][10296][safepoint    ] Safepoint "Cleanup", Time since last: 1000355800 ns, Reaching safepoint: 123800 ns, At safepoint: 2100 ns, Total: 125900 ns
[2020-08-22T01:11:17.088+0000][10296][safepoint    ] Safepoint "Cleanup", Time since last: 1000091700 ns, Reaching safepoint: 135600 ns, At safepoint: 2300 ns, Total: 137900 ns
[2020-08-22T01:11:18.089+0000][10296][safepoint    ] Safepoint "Cleanup", Time since last: 1000132400 ns, Reaching safepoint: 128000 ns, At safepoint: 2100 ns, Total: 130100 ns
[2020-08-22T01:11:19.089+0000][10296][safepoint    ] Safepoint "Cleanup", Time since last: 1000066900 ns, Reaching safepoint: 115100 ns, At safepoint: 1900 ns, Total: 117000 ns
[2020-08-22T01:11:20.089+0000][10296][safepoint    ] Safepoint "Cleanup", Time since last: 1000199300 ns, Reaching safepoint: 115500 ns, At safepoint: 2100 ns, Total: 117600 ns
[2020-08-22T01:11:21.090+0000][10296][safepoint    ] Safepoint "Cleanup", Time since last: 1000374300 ns, Reaching safepoint: 118900 ns, At safepoint: 7200 ns, Total: 126100 ns
[2020-08-22T01:11:22.090+0000][10296][safepoint    ] Safepoint "Cleanup", Time since last: 1000368500 ns, Reaching safepoint: 122900 ns, At safepoint: 2000 ns, Total: 124900 ns
[2020-08-22T01:11:24.091+0000][10296][safepoint    ] Safepoint "Cleanup", Time since last: 2000375800 ns, Reaching safepoint: 131000 ns, At safepoint: 7000 ns, Total: 138000 ns
[2020-08-22T01:11:25.091+0000][10296][safepoint    ] Safepoint "Cleanup", Time since last: 1000368300 ns, Reaching safepoint: 137500 ns, At safepoint: 7300 ns, Total: 144800 ns
[2020-08-22T01:11:27.092+0000][10296][safepoint    ] Safepoint "Cleanup", Time since last: 2000291400 ns, Reaching safepoint: 149600 ns, At safepoint: 6700 ns, Total: 156300 ns
[2020-08-22T01:11:29.092+0000][10296][safepoint    ] Safepoint "Cleanup", Time since last: 2000398500 ns, Reaching safepoint: 130500 ns, At safepoint: 6800 ns, Total: 137300 ns
[2020-08-22T01:11:31.093+0000][10296][safepoint    ] Safepoint "Cleanup", Time since last: 2000370600 ns, Reaching safepoint: 130600 ns, At safepoint: 2700 ns, Total: 133300 ns
[2020-08-22T01:11:32.093+0000][10296][safepoint    ] Safepoint "Cleanup", Time since last: 1000362500 ns, Reaching safepoint: 133000 ns, At safepoint: 6900 ns, Total: 139900 ns
[2020-08-22T01:11:33.094+0000][10296][safepoint    ] Safepoint "Cleanup", Time since last: 1000356700 ns, Reaching safepoint: 131800 ns, At safepoint: 7600 ns, Total: 139400 ns
[2020-08-22T01:11:34.094+0000][10296][safepoint    ] Safepoint "Cleanup", Time since last: 1000340900 ns, Reaching safepoint: 151300 ns, At safepoint: 2500 ns, Total: 153800 ns
[2020-08-22T01:11:36.095+0000][10296][safepoint    ] Safepoint "Cleanup", Time since last: 2000375800 ns, Reaching safepoint: 146400 ns, At safepoint: 10200 ns, Total: 156600 ns
[2020-08-22T01:11:37.095+0000][10296][safepoint    ] Safepoint "Cleanup", Time since last: 1000284300 ns, Reaching safepoint: 122000 ns, At safepoint: 2000 ns, Total: 124000 ns
[2020-08-22T01:11:39.096+0000][10296][safepoint    ] Safepoint "Cleanup", Time since last: 2000426600 ns, Reaching safepoint: 141600 ns, At safepoint: 2500 ns, Total: 144100 ns
[2020-08-22T01:11:41.096+0000][10296][safepoint    ] Safepoint "Cleanup", Time since last: 2000355200 ns, Reaching safepoint: 126400 ns, At safepoint: 2300 ns, Total: 128700 ns
[2020-08-22T01:11:43.096+0000][10296][safepoint    ] Safepoint "Cleanup", Time since last: 1999880600 ns, Reaching safepoint: 123100 ns, At safepoint: 2300 ns, Total: 125400 ns
[2020-08-22T01:11:45.097+0000][10296][safepoint    ] Safepoint "Cleanup", Time since last: 2000365400 ns, Reaching safepoint: 149600 ns, At safepoint: 7700 ns, Total: 157300 ns
[2020-08-22T01:11:47.097+0000][10296][safepoint    ] Safepoint "Cleanup", Time since last: 1999856200 ns, Reaching safepoint: 117000 ns, At safepoint: 7100 ns, Total: 124100 ns
[2020-08-22T01:11:48.097+0000][10296][safepoint    ] Safepoint "Cleanup", Time since last: 1000352500 ns, Reaching safepoint: 141700 ns, At safepoint: 2500 ns, Total: 144200 ns
[2020-08-22T01:11:49.097+0000][10296][safepoint    ] Safepoint "Cleanup", Time since last: 1000031000 ns, Reaching safepoint: 135100 ns, At safepoint: 2000 ns, Total: 137100 ns
[2020-08-22T01:11:50.098+0000][10296][safepoint    ] Safepoint "Cleanup", Time since last: 1000214800 ns, Reaching safepoint: 150100 ns, At safepoint: 2600 ns, Total: 152700 ns
[2020-08-22T01:11:51.098+0000][10296][safepoint    ] Safepoint "Cleanup", Time since last: 1000342300 ns, Reaching safepoint: 130500 ns, At safepoint: 7300 ns, Total: 137800 ns
[2020-08-22T01:11:52.099+0000][10296][safepoint    ] Safepoint "Cleanup", Time since last: 1000360700 ns, Reaching safepoint: 133100 ns, At safepoint: 6700 ns, Total: 139800 ns
[2020-08-22T01:11:54.099+0000][10296][safepoint    ] Safepoint "Cleanup", Time since last: 2000372000 ns, Reaching safepoint: 123700 ns, At safepoint: 2000 ns, Total: 125700 ns
[2020-08-22T01:11:55.100+0000][10296][safepoint    ] Safepoint "Cleanup", Time since last: 1000354600 ns, Reaching safepoint: 132900 ns, At safepoint: 7500 ns, Total: 140400 ns
[2020-08-22T01:11:56.100+0000][10296][safepoint    ] Safepoint "Cleanup", Time since last: 1000129400 ns, Reaching safepoint: 124800 ns, At safepoint: 7200 ns, Total: 132000 ns
[2020-08-22T01:11:57.100+0000][10296][safepoint    ] Safepoint "Cleanup", Time since last: 1000095300 ns, Reaching safepoint: 174200 ns, At safepoint: 7600 ns, Total: 181800 ns
[2020-08-22T01:11:58.101+0000][10296][safepoint    ] Safepoint "Cleanup", Time since last: 1000318600 ns, Reaching safepoint: 131100 ns, At safepoint: 7100 ns, Total: 138200 ns
[2020-08-22T01:12:00.101+0000][10296][safepoint    ] Safepoint "Cleanup", Time since last: 2000367800 ns, Reaching safepoint: 120500 ns, At safepoint: 2000 ns, Total: 122500 ns
[2020-08-22T01:12:02.102+0000][10296][safepoint    ] Safepoint "Cleanup", Time since last: 2000139200 ns, Reaching safepoint: 143900 ns, At safepoint: 7200 ns, Total: 151100 ns
[2020-08-22T01:12:04.102+0000][10296][safepoint    ] Safepoint "Cleanup", Time since last: 2000254900 ns, Reaching safepoint: 138700 ns, At safepoint: 7100 ns, Total: 145800 ns
[2020-08-22T01:12:05.102+0000][10296][safepoint    ] Safepoint "Cleanup", Time since last: 1000195400 ns, Reaching safepoint: 118800 ns, At safepoint: 2300 ns, Total: 121100 ns
[2020-08-22T01:12:06.103+0000][10296][safepoint    ] Safepoint "Cleanup", Time since last: 1000378200 ns, Reaching safepoint: 140200 ns, At safepoint: 7600 ns, Total: 147800 ns
[2020-08-22T01:12:07.103+0000][10296][safepoint    ] Safepoint "Cleanup", Time since last: 1000342000 ns, Reaching safepoint: 111100 ns, At safepoint: 7200 ns, Total: 118300 ns
[2020-08-22T01:12:08.104+0000][10296][safepoint    ] Safepoint "Cleanup", Time since last: 1000386200 ns, Reaching safepoint: 138100 ns, At safepoint: 7500 ns, Total: 145600 ns
[2020-08-22T01:12:10.104+0000][10296][safepoint    ] Safepoint "Cleanup", Time since last: 2000350000 ns, Reaching safepoint: 140500 ns, At safepoint: 6900 ns, Total: 147400 ns
[2020-08-22T01:12:11.105+0000][10296][safepoint    ] Safepoint "Cleanup", Time since last: 1000311600 ns, Reaching safepoint: 137200 ns, At safepoint: 2100 ns, Total: 139300 ns
[2020-08-22T01:12:13.105+0000][10296][safepoint    ] Safepoint "Cleanup", Time since last: 2000407600 ns, Reaching safepoint: 129000 ns, At safepoint: 7300 ns, Total: 136300 ns
[2020-08-22T01:12:14.106+0000][10296][safepoint    ] Safepoint "Cleanup", Time since last: 1000357000 ns, Reaching safepoint: 124400 ns, At safepoint: 6500 ns, Total: 130900 ns
[2020-08-22T01:12:15.106+0000][10296][safepoint    ] Safepoint "Cleanup", Time since last: 1000364600 ns, Reaching safepoint: 145200 ns, At safepoint: 7400 ns, Total: 152600 ns
[2020-08-22T01:12:16.107+0000][10296][safepoint    ] Safepoint "Cleanup", Time since last: 1000347600 ns, Reaching safepoint: 122500 ns, At safepoint: 6900 ns, Total: 129400 ns
[2020-08-22T01:12:18.107+0000][10296][safepoint    ] Safepoint "Cleanup", Time since last: 1999880100 ns, Reaching safepoint: 142700 ns, At safepoint: 2000 ns, Total: 144700 ns
[2020-08-22T01:12:19.107+0000][10296][safepoint    ] Safepoint "Cleanup", Time since last: 1000353700 ns, Reaching safepoint: 132000 ns, At safepoint: 6500 ns, Total: 138500 ns
[2020-08-22T01:12:20.108+0000][10296][safepoint    ] Safepoint "Cleanup", Time since last: 1000125200 ns, Reaching safepoint: 116800 ns, At safepoint: 2100 ns, Total: 118900 ns
[2020-08-22T01:12:21.108+0000][10296][safepoint    ] Safepoint "Cleanup", Time since last: 1000110500 ns, Reaching safepoint: 141100 ns, At safepoint: 7800 ns, Total: 148900 ns
[2020-08-22T01:12:23.108+0000][10296][safepoint    ] Safepoint "Cleanup", Time since last: 2000351800 ns, Reaching safepoint: 130400 ns, At safepoint: 2100 ns, Total: 132500 ns
[2020-08-22T01:12:24.109+0000][10296][safepoint    ] Safepoint "Cleanup", Time since last: 1000366800 ns, Reaching safepoint: 141800 ns, At safepoint: 7300 ns, Total: 149100 ns
[2020-08-22T01:12:26.109+0000][10296][safepoint    ] Safepoint "Cleanup", Time since last: 2000362900 ns, Reaching safepoint: 177600 ns, At safepoint: 7100 ns, Total: 184700 ns
[2020-08-22T01:12:27.110+0000][10296][safepoint    ] Safepoint "Cleanup", Time since last: 1000302400 ns, Reaching safepoint: 146900 ns, At safepoint: 7000 ns, Total: 153900 ns
[2020-08-22T01:12:28.110+0000][10296][safepoint    ] Safepoint "Cleanup", Time since last: 1000345600 ns, Reaching safepoint: 134000 ns, At safepoint: 7000 ns, Total: 141000 ns
[2020-08-22T01:12:30.111+0000][10296][safepoint    ] Safepoint "Cleanup", Time since last: 2000313400 ns, Reaching safepoint: 139600 ns, At safepoint: 2100 ns, Total: 141700 ns
[2020-08-22T01:12:32.111+0000][10296][safepoint    ] Safepoint "Cleanup", Time since last: 2000403600 ns, Reaching safepoint: 151700 ns, At safepoint: 2100 ns, Total: 153800 ns
[2020-08-22T01:12:34.112+0000][10296][safepoint    ] Safepoint "Cleanup", Time since last: 2000322200 ns, Reaching safepoint: 113900 ns, At safepoint: 2100 ns, Total: 116000 ns
[2020-08-22T01:12:36.112+0000][10296][safepoint    ] Safepoint "Cleanup", Time since last: 1999917300 ns, Reaching safepoint: 130700 ns, At safepoint: 2100 ns, Total: 132800 ns
[2020-08-22T01:12:37.112+0000][10296][safepoint    ] Safepoint "Cleanup", Time since last: 1000367000 ns, Reaching safepoint: 130400 ns, At safepoint: 2100 ns, Total: 132500 ns
[2020-08-22T01:12:38.113+0000][10296][safepoint    ] Safepoint "Cleanup", Time since last: 1000216900 ns, Reaching safepoint: 118400 ns, At safepoint: 2100 ns, Total: 120500 ns
[2020-08-22T01:12:39.113+0000][10296][safepoint    ] Safepoint "Cleanup", Time since last: 1000031200 ns, Reaching safepoint: 144300 ns, At safepoint: 7900 ns, Total: 152200 ns
[2020-08-22T01:12:40.113+0000][10296][safepoint    ] Safepoint "Cleanup", Time since last: 1000343500 ns, Reaching safepoint: 136500 ns, At safepoint: 2100 ns, Total: 138600 ns
[2020-08-22T01:12:42.114+0000][10296][safepoint    ] Safepoint "Cleanup", Time since last: 2000342100 ns, Reaching safepoint: 128200 ns, At safepoint: 2100 ns, Total: 130300 ns
[2020-08-22T01:12:44.114+0000][10296][safepoint    ] Safepoint "Cleanup", Time since last: 2000387700 ns, Reaching safepoint: 132700 ns, At safepoint: 2200 ns, Total: 134900 ns
[2020-08-22T01:12:45.115+0000][10296][safepoint    ] Safepoint "Cleanup", Time since last: 1000367400 ns, Reaching safepoint: 148000 ns, At safepoint: 6700 ns, Total: 154700 ns
[2020-08-22T01:12:46.115+0000][10296][safepoint    ] Safepoint "Cleanup", Time since last: 1000344300 ns, Reaching safepoint: 148900 ns, At safepoint: 7300 ns, Total: 156200 ns
[2020-08-22T01:12:48.116+0000][10296][safepoint    ] Safepoint "Cleanup", Time since last: 2000352300 ns, Reaching safepoint: 117400 ns, At safepoint: 7700 ns, Total: 125100 ns
[2020-08-22T01:12:49.116+0000][10296][safepoint    ] Safepoint "Cleanup", Time since last: 1000366500 ns, Reaching safepoint: 120700 ns, At safepoint: 2300 ns, Total: 123000 ns
[2020-08-22T01:12:51.116+0000][10296][safepoint    ] Safepoint "Cleanup", Time since last: 1999877300 ns, Reaching safepoint: 139000 ns, At safepoint: 6600 ns, Total: 145600 ns
[2020-08-22T01:12:53.117+0000][10296][safepoint    ] Safepoint "Cleanup", Time since last: 2000361500 ns, Reaching safepoint: 162900 ns, At safepoint: 2100 ns, Total: 165000 ns
[2020-08-22T01:12:55.117+0000][10296][safepoint    ] Safepoint "Cleanup", Time since last: 1999851300 ns, Reaching safepoint: 132100 ns, At safepoint: 2000 ns, Total: 134100 ns
[2020-08-22T01:12:56.117+0000][10296][safepoint    ] Safepoint "Cleanup", Time since last: 1000116100 ns, Reaching safepoint: 121800 ns, At safepoint: 2000 ns, Total: 123800 ns
[2020-08-22T01:12:57.117+0000][10296][safepoint    ] Safepoint "Cleanup", Time since last: 1000100300 ns, Reaching safepoint: 156000 ns, At safepoint: 2200 ns, Total: 158200 ns
[2020-08-22T01:12:58.118+0000][10296][safepoint    ] Safepoint "Cleanup", Time since last: 1000339700 ns, Reaching safepoint: 124600 ns, At safepoint: 7400 ns, Total: 132000 ns
[2020-08-22T01:13:00.118+0000][10296][safepoint    ] Safepoint "Cleanup", Time since last: 2000370300 ns, Reaching safepoint: 143900 ns, At safepoint: 7200 ns, Total: 151100 ns
[2020-08-22T01:13:02.118+0000][10296][safepoint    ] Safepoint "Cleanup", Time since last: 1999864700 ns, Reaching safepoint: 132400 ns, At safepoint: 7200 ns, Total: 139600 ns
[2020-08-22T01:13:03.119+0000][10296][safepoint    ] Safepoint "Cleanup", Time since last: 1000344100 ns, Reaching safepoint: 122500 ns, At safepoint: 7700 ns, Total: 130200 ns
[2020-08-22T01:13:05.119+0000][10296][safepoint    ] Safepoint "Cleanup", Time since last: 2000327600 ns, Reaching safepoint: 126600 ns, At safepoint: 7100 ns, Total: 133700 ns
[2020-08-22T01:13:07.119+0000][10296][safepoint    ] Safepoint "Cleanup", Time since last: 1999931500 ns, Reaching safepoint: 131400 ns, At safepoint: 2000 ns, Total: 133400 ns
[2020-08-22T01:13:08.120+0000][10296][safepoint    ] Safepoint "Cleanup", Time since last: 1000345500 ns, Reaching safepoint: 134400 ns, At safepoint: 2900 ns, Total: 137300 ns
[2020-08-22T01:13:09.120+0000][10296][safepoint    ] Safepoint "Cleanup", Time since last: 1000357300 ns, Reaching safepoint: 138200 ns, At safepoint: 2100 ns, Total: 140300 ns
[2020-08-22T01:13:10.121+0000][10296][safepoint    ] Safepoint "Cleanup", Time since last: 1000332900 ns, Reaching safepoint: 124200 ns, At safepoint: 2100 ns, Total: 126300 ns
[2020-08-22T01:13:12.121+0000][10296][safepoint    ] Safepoint "Cleanup", Time since last: 1999903300 ns, Reaching safepoint: 143300 ns, At safepoint: 6700 ns, Total: 150000 ns
[2020-08-22T01:13:14.121+0000][10296][safepoint    ] Safepoint "Cleanup", Time since last: 2000348300 ns, Reaching safepoint: 133700 ns, At safepoint: 2500 ns, Total: 136200 ns
[2020-08-22T01:13:16.121+0000][10296][safepoint    ] Safepoint "Cleanup", Time since last: 1999867400 ns, Reaching safepoint: 156500 ns, At safepoint: 6900 ns, Total: 163400 ns
[2020-08-22T01:13:17.122+0000][10296][safepoint    ] Safepoint "Cleanup", Time since last: 1000341200 ns, Reaching safepoint: 127100 ns, At safepoint: 7000 ns, Total: 134100 ns
[2020-08-22T01:13:19.122+0000][10296][safepoint    ] Safepoint "Cleanup", Time since last: 2000362200 ns, Reaching safepoint: 146000 ns, At safepoint: 7300 ns, Total: 153300 ns
[2020-08-22T01:13:21.122+0000][10296][safepoint    ] Safepoint "Cleanup", Time since last: 1999849500 ns, Reaching safepoint: 127000 ns, At safepoint: 7200 ns, Total: 134200 ns
[2020-08-22T01:13:22.123+0000][10296][safepoint    ] Safepoint "Cleanup", Time since last: 1000365800 ns, Reaching safepoint: 117500 ns, At safepoint: 6900 ns, Total: 124400 ns
[2020-08-22T01:13:23.123+0000][10296][safepoint    ] Safepoint "Cleanup", Time since last: 1000376000 ns, Reaching safepoint: 119700 ns, At safepoint: 2500 ns, Total: 122200 ns
[2020-08-22T01:13:24.124+0000][10296][safepoint    ] Safepoint "Cleanup", Time since last: 1000369300 ns, Reaching safepoint: 138000 ns, At safepoint: 7500 ns, Total: 145500 ns
[2020-08-22T01:13:26.124+0000][10296][safepoint    ] Safepoint "Cleanup", Time since last: 2000354400 ns, Reaching safepoint: 148500 ns, At safepoint: 2200 ns, Total: 150700 ns
[2020-08-22T01:13:28.124+0000][10296][safepoint    ] Safepoint "Cleanup", Time since last: 1999919000 ns, Reaching safepoint: 133400 ns, At safepoint: 2400 ns, Total: 135800 ns
[2020-08-22T01:13:29.125+0000][10296][safepoint    ] Safepoint "Cleanup", Time since last: 1000302600 ns, Reaching safepoint: 135200 ns, At safepoint: 2200 ns, Total: 137400 ns
[2020-08-22T01:13:31.125+0000][10296][safepoint    ] Safepoint "Cleanup", Time since last: 1999857500 ns, Reaching safepoint: 125700 ns, At safepoint: 7000 ns, Total: 132700 ns
[2020-08-22T01:13:33.125+0000][10296][safepoint    ] Safepoint "Cleanup", Time since last: 2000382800 ns, Reaching safepoint: 147800 ns, At safepoint: 7800 ns, Total: 155600 ns
[2020-08-22T01:13:34.126+0000][10296][safepoint    ] Safepoint "Cleanup", Time since last: 1000329000 ns, Reaching safepoint: 137600 ns, At safepoint: 2300 ns, Total: 139900 ns
[2020-08-22T01:13:35.126+0000][10296][safepoint    ] Safepoint "Cleanup", Time since last: 1000354800 ns, Reaching safepoint: 131900 ns, At safepoint: 6900 ns, Total: 138800 ns
[2020-08-22T01:13:37.127+0000][10296][safepoint    ] Safepoint "Cleanup", Time since last: 2000261500 ns, Reaching safepoint: 129200 ns, At safepoint: 7500 ns, Total: 136700 ns
[2020-08-22T01:13:39.127+0000][10296][safepoint    ] Safepoint "Cleanup", Time since last: 1999968000 ns, Reaching safepoint: 132800 ns, At safepoint: 2200 ns, Total: 135000 ns
[2020-08-22T01:13:40.127+0000][10296][safepoint    ] Safepoint "Cleanup", Time since last: 1000370400 ns, Reaching safepoint: 153600 ns, At safepoint: 7700 ns, Total: 161300 ns
[2020-08-22T01:13:42.128+0000][10296][safepoint    ] Safepoint "Cleanup", Time since last: 2000319000 ns, Reaching safepoint: 131800 ns, At safepoint: 2000 ns, Total: 133800 ns
[2020-08-22T01:13:44.128+0000][10296][safepoint    ] Safepoint "Cleanup", Time since last: 2000385600 ns, Reaching safepoint: 133300 ns, At safepoint: 2600 ns, Total: 135900 ns
[2020-08-22T01:13:45.129+0000][10296][safepoint    ] Safepoint "Cleanup", Time since last: 1000361100 ns, Reaching safepoint: 133300 ns, At safepoint: 2500 ns, Total: 135800 ns
[2020-08-22T01:13:47.129+0000][10296][safepoint    ] Safepoint "Cleanup", Time since last: 2000367100 ns, Reaching safepoint: 128100 ns, At safepoint: 7100 ns, Total: 135200 ns
[2020-08-22T01:13:49.129+0000][10296][safepoint    ] Safepoint "Cleanup", Time since last: 1999889000 ns, Reaching safepoint: 125200 ns, At safepoint: 2100 ns, Total: 127300 ns
[2020-08-22T01:13:50.130+0000][10296][safepoint    ] Safepoint "Cleanup", Time since last: 1000136200 ns, Reaching safepoint: 128300 ns, At safepoint: 2200 ns, Total: 130500 ns
[2020-08-22T01:13:51.130+0000][10296][safepoint    ] Safepoint "Cleanup", Time since last: 1000269700 ns, Reaching safepoint: 125900 ns, At safepoint: 6900 ns, Total: 132800 ns
[2020-08-22T01:13:52.130+0000][10296][safepoint    ] Safepoint "Cleanup", Time since last: 1000193500 ns, Reaching safepoint: 126900 ns, At safepoint: 7400 ns, Total: 134300 ns
[2020-08-22T01:13:53.131+0000][10296][safepoint    ] Safepoint "Cleanup", Time since last: 1000343300 ns, Reaching safepoint: 151200 ns, At safepoint: 8000 ns, Total: 159200 ns
[2020-08-22T01:13:55.131+0000][10296][safepoint    ] Safepoint "Cleanup", Time since last: 2000345400 ns, Reaching safepoint: 137400 ns, At safepoint: 2100 ns, Total: 139500 ns
[2020-08-22T01:13:57.132+0000][10296][safepoint    ] Safepoint "Cleanup", Time since last: 2000362300 ns, Reaching safepoint: 132200 ns, At safepoint: 7400 ns, Total: 139600 ns
[2020-08-22T01:13:58.132+0000][10296][safepoint    ] Safepoint "Cleanup", Time since last: 1000353200 ns, Reaching safepoint: 127400 ns, At safepoint: 7800 ns, Total: 135200 ns
[2020-08-22T01:14:00.133+0000][10296][safepoint    ] Safepoint "Cleanup", Time since last: 2000369800 ns, Reaching safepoint: 127200 ns, At safepoint: 7100 ns, Total: 134300 ns
[2020-08-22T01:14:02.133+0000][10296][safepoint    ] Safepoint "Cleanup", Time since last: 1999863800 ns, Reaching safepoint: 127000 ns, At safepoint: 6800 ns, Total: 133800 ns
[2020-08-22T01:14:04.133+0000][10296][safepoint    ] Safepoint "Cleanup", Time since last: 2000187200 ns, Reaching safepoint: 125200 ns, At safepoint: 2000 ns, Total: 127200 ns
[2020-08-22T01:14:05.133+0000][10296][safepoint    ] Safepoint "Cleanup", Time since last: 1000049200 ns, Reaching safepoint: 138900 ns, At safepoint: 2000 ns, Total: 140900 ns
[2020-08-22T01:14:07.134+0000][10296][safepoint    ] Safepoint "Cleanup", Time since last: 2000176900 ns, Reaching safepoint: 126700 ns, At safepoint: 2300 ns, Total: 129000 ns
[2020-08-22T01:14:09.134+0000][10296][safepoint    ] Safepoint "Cleanup", Time since last: 2000056300 ns, Reaching safepoint: 130700 ns, At safepoint: 2100 ns, Total: 132800 ns
[2020-08-22T01:14:10.134+0000][10296][safepoint    ] Safepoint "Cleanup", Time since last: 1000365000 ns, Reaching safepoint: 128300 ns, At safepoint: 2400 ns, Total: 130700 ns
[2020-08-22T01:14:11.135+0000][10296][safepoint    ] Safepoint "Cleanup", Time since last: 1000369200 ns, Reaching safepoint: 150300 ns, At safepoint: 7500 ns, Total: 157800 ns
[2020-08-22T01:14:13.135+0000][10296][safepoint    ] Safepoint "Cleanup", Time since last: 2000331000 ns, Reaching safepoint: 141100 ns, At safepoint: 2200 ns, Total: 143300 ns
[2020-08-22T01:14:14.136+0000][10296][safepoint    ] Safepoint "Cleanup", Time since last: 1000310200 ns, Reaching safepoint: 159200 ns, At safepoint: 2400 ns, Total: 161600 ns
[2020-08-22T01:14:16.136+0000][10296][safepoint    ] Safepoint "Cleanup", Time since last: 2000164300 ns, Reaching safepoint: 130500 ns, At safepoint: 7800 ns, Total: 138300 ns
[2020-08-22T01:14:17.136+0000][10296][safepoint    ] Safepoint "Cleanup", Time since last: 1000106900 ns, Reaching safepoint: 146700 ns, At safepoint: 1900 ns, Total: 148600 ns
[2020-08-22T01:14:19.137+0000][10296][safepoint    ] Safepoint "Cleanup", Time since last: 2000345300 ns, Reaching safepoint: 130500 ns, At safepoint: 7100 ns, Total: 137600 ns
[2020-08-22T01:14:20.921+0000][10296][safepoint    ] Safepoint "Cleanup", Time since last: 1783808900 ns, Reaching safepoint: 122500 ns, At safepoint: 10300 ns, Total: 132800 ns
[2020-08-22T01:14:21.921+0000][10296][safepoint    ] Safepoint "Cleanup", Time since last: 1000413000 ns, Reaching safepoint: 115200 ns, At safepoint: 2100 ns, Total: 117300 ns
[2020-08-22T01:14:22.922+0000][10296][safepoint    ] Safepoint "Cleanup", Time since last: 1000388800 ns, Reaching safepoint: 125700 ns, At safepoint: 6700 ns, Total: 132400 ns
[2020-08-22T01:14:23.922+0000][10296][safepoint    ] Safepoint "Cleanup", Time since last: 1000360700 ns, Reaching safepoint: 149700 ns, At safepoint: 2100 ns, Total: 151800 ns
[2020-08-22T01:14:25.922+0000][10296][safepoint    ] Safepoint "Cleanup", Time since last: 1999851100 ns, Reaching safepoint: 124600 ns, At safepoint: 7200 ns, Total: 131800 ns
[2020-08-22T01:14:27.923+0000][10296][safepoint    ] Safepoint "Cleanup", Time since last: 2000142900 ns, Reaching safepoint: 116700 ns, At safepoint: 7700 ns, Total: 124400 ns
[2020-08-22T01:14:28.923+0000][10296][safepoint    ] Safepoint "Cleanup", Time since last: 1000104500 ns, Reaching safepoint: 127100 ns, At safepoint: 2400 ns, Total: 129500 ns
[2020-08-22T01:14:29.923+0000][10296][safepoint    ] Safepoint "Cleanup", Time since last: 1000370400 ns, Reaching safepoint: 130600 ns, At safepoint: 7800 ns, Total: 138400 ns
[2020-08-22T01:14:31.924+0000][10296][safepoint    ] Safepoint "Cleanup", Time since last: 2000356200 ns, Reaching safepoint: 136200 ns, At safepoint: 7900 ns, Total: 144100 ns
[2020-08-22T01:14:32.924+0000][10296][safepoint    ] Safepoint "Cleanup", Time since last: 1000135100 ns, Reaching safepoint: 138200 ns, At safepoint: 2000 ns, Total: 140200 ns
[2020-08-22T01:14:33.924+0000][10296][safepoint    ] Safepoint "Cleanup", Time since last: 1000082800 ns, Reaching safepoint: 124800 ns, At safepoint: 6600 ns, Total: 131400 ns
[2020-08-22T01:14:34.925+0000][10296][safepoint    ] Safepoint "Cleanup", Time since last: 1000149900 ns, Reaching safepoint: 120900 ns, At safepoint: 6700 ns, Total: 127600 ns
[2020-08-22T01:14:35.925+0000][10296][safepoint    ] Safepoint "Cleanup", Time since last: 1000098400 ns, Reaching safepoint: 120000 ns, At safepoint: 7100 ns, Total: 127100 ns
[2020-08-22T01:14:36.925+0000][10296][safepoint    ] Safepoint "Cleanup", Time since last: 1000376100 ns, Reaching safepoint: 122900 ns, At safepoint: 2400 ns, Total: 125300 ns
[2020-08-22T01:14:38.926+0000][10296][safepoint    ] Safepoint "Cleanup", Time since last: 2000151000 ns, Reaching safepoint: 129500 ns, At safepoint: 9800 ns, Total: 139300 ns
[2020-08-22T01:14:40.926+0000][10296][safepoint    ] Safepoint "Cleanup", Time since last: 2000348100 ns, Reaching safepoint: 138500 ns, At safepoint: 2000 ns, Total: 140500 ns
[2020-08-22T01:14:41.926+0000][10296][safepoint    ] Safepoint "Cleanup", Time since last: 1000087600 ns, Reaching safepoint: 121000 ns, At safepoint: 2100 ns, Total: 123100 ns
[2020-08-22T01:14:42.927+0000][10296][safepoint    ] Safepoint "Cleanup", Time since last: 1000362300 ns, Reaching safepoint: 188600 ns, At safepoint: 7200 ns, Total: 195800 ns
[2020-08-22T01:14:44.927+0000][10296][safepoint    ] Safepoint "Cleanup", Time since last: 2000181700 ns, Reaching safepoint: 129600 ns, At safepoint: 7500 ns, Total: 137100 ns
[2020-08-22T01:14:46.928+0000][10296][safepoint    ] Safepoint "Cleanup", Time since last: 2000271200 ns, Reaching safepoint: 119800 ns, At safepoint: 2400 ns, Total: 122200 ns
[2020-08-22T01:14:47.928+0000][10296][safepoint    ] Safepoint "Cleanup", Time since last: 1000024700 ns, Reaching safepoint: 127400 ns, At safepoint: 5600 ns, Total: 133000 ns
[2020-08-22T01:14:49.928+0000][10296][safepoint    ] Safepoint "Cleanup", Time since last: 1999950400 ns, Reaching safepoint: 137600 ns, At safepoint: 2100 ns, Total: 139700 ns
[2020-08-22T01:14:51.928+0000][10296][safepoint    ] Safepoint "Cleanup", Time since last: 2000356000 ns, Reaching safepoint: 121900 ns, At safepoint: 2000 ns, Total: 123900 ns
[2020-08-22T01:14:53.929+0000][10296][safepoint    ] Safepoint "Cleanup", Time since last: 2000376700 ns, Reaching safepoint: 117100 ns, At safepoint: 2000 ns, Total: 119100 ns
[2020-08-22T01:14:55.929+0000][10296][safepoint    ] Safepoint "Cleanup", Time since last: 1999884100 ns, Reaching safepoint: 128600 ns, At safepoint: 7900 ns, Total: 136500 ns
[2020-08-22T01:14:56.929+0000][10296][safepoint    ] Safepoint "Cleanup", Time since last: 1000355900 ns, Reaching safepoint: 121300 ns, At safepoint: 2100 ns, Total: 123400 ns
[2020-08-22T01:14:58.929+0000][10296][safepoint    ] Safepoint "Cleanup", Time since last: 1999895400 ns, Reaching safepoint: 141200 ns, At safepoint: 2100 ns, Total: 143300 ns
[2020-08-22T01:14:59.930+0000][10296][safepoint    ] Safepoint "Cleanup", Time since last: 1000344700 ns, Reaching safepoint: 118900 ns, At safepoint: 2300 ns, Total: 121200 ns
[2020-08-22T01:15:00.930+0000][10296][safepoint    ] Safepoint "Cleanup", Time since last: 1000374200 ns, Reaching safepoint: 135900 ns, At safepoint: 7300 ns, Total: 143200 ns
[2020-08-22T01:15:02.931+0000][10296][safepoint    ] Safepoint "Cleanup", Time since last: 2000372100 ns, Reaching safepoint: 137000 ns, At safepoint: 7100 ns, Total: 144100 ns
[2020-08-22T01:15:03.931+0000][10296][safepoint    ] Safepoint "Cleanup", Time since last: 1000322900 ns, Reaching safepoint: 138100 ns, At safepoint: 2000 ns, Total: 140100 ns
[2020-08-22T01:15:05.932+0000][10296][safepoint    ] Safepoint "Cleanup", Time since last: 2000379400 ns, Reaching safepoint: 132900 ns, At safepoint: 3400 ns, Total: 136300 ns
[2020-08-22T01:15:06.932+0000][10296][safepoint    ] Safepoint "Cleanup", Time since last: 1000366600 ns, Reaching safepoint: 139000 ns, At safepoint: 7100 ns, Total: 146100 ns
[2020-08-22T01:15:08.932+0000][10296][safepoint    ] Safepoint "Cleanup", Time since last: 1999926100 ns, Reaching safepoint: 156400 ns, At safepoint: 6800 ns, Total: 163200 ns
[2020-08-22T01:15:09.933+0000][10296][safepoint    ] Safepoint "Cleanup", Time since last: 1000267000 ns, Reaching safepoint: 132600 ns, At safepoint: 7000 ns, Total: 139600 ns
[2020-08-22T01:15:10.933+0000][10296][safepoint    ] Safepoint "Cleanup", Time since last: 1000140300 ns, Reaching safepoint: 137800 ns, At safepoint: 6800 ns, Total: 144600 ns
[2020-08-22T01:15:11.933+0000][10296][safepoint    ] Safepoint "Cleanup", Time since last: 1000074700 ns, Reaching safepoint: 136000 ns, At safepoint: 2400 ns, Total: 138400 ns
[2020-08-22T01:15:13.933+0000][10296][safepoint    ] Safepoint "Cleanup", Time since last: 1999990800 ns, Reaching safepoint: 135900 ns, At safepoint: 2000 ns, Total: 137900 ns
[2020-08-22T01:15:14.934+0000][10296][safepoint    ] Safepoint "Cleanup", Time since last: 1000229900 ns, Reaching safepoint: 140900 ns, At safepoint: 2000 ns, Total: 142900 ns
[2020-08-22T01:15:16.934+0000][10296][safepoint    ] Safepoint "Cleanup", Time since last: 2000363000 ns, Reaching safepoint: 137800 ns, At safepoint: 7200 ns, Total: 145000 ns
[2020-08-22T01:15:17.935+0000][10296][safepoint    ] Safepoint "Cleanup", Time since last: 1000295600 ns, Reaching safepoint: 123000 ns, At safepoint: 2700 ns, Total: 125700 ns
[2020-08-22T01:15:19.935+0000][10296][safepoint    ] Safepoint "Cleanup", Time since last: 1999930000 ns, Reaching safepoint: 130500 ns, At safepoint: 2200 ns, Total: 132700 ns
[2020-08-22T01:15:20.935+0000][10296][safepoint    ] Safepoint "Cleanup", Time since last: 1000120200 ns, Reaching safepoint: 124000 ns, At safepoint: 2000 ns, Total: 126000 ns
[2020-08-22T01:15:22.935+0000][10296][safepoint    ] Safepoint "Cleanup", Time since last: 2000227800 ns, Reaching safepoint: 149200 ns, At safepoint: 2100 ns, Total: 151300 ns
[2020-08-22T01:15:23.936+0000][10296][safepoint    ] Safepoint "Cleanup", Time since last: 1000248200 ns, Reaching safepoint: 137300 ns, At safepoint: 7200 ns, Total: 144500 ns
[2020-08-22T01:15:24.936+0000][10296][safepoint    ] Safepoint "Cleanup", Time since last: 1000352800 ns, Reaching safepoint: 132100 ns, At safepoint: 2700 ns, Total: 134800 ns
[2020-08-22T01:15:25.937+0000][10296][safepoint    ] Safepoint "Cleanup", Time since last: 1000327700 ns, Reaching safepoint: 166900 ns, At safepoint: 2100 ns, Total: 169000 ns
[2020-08-22T01:15:27.937+0000][10296][safepoint    ] Safepoint "Cleanup", Time since last: 2000237000 ns, Reaching safepoint: 131200 ns, At safepoint: 7300 ns, Total: 138500 ns
[2020-08-22T01:15:29.938+0000][10296][safepoint    ] Safepoint "Cleanup", Time since last: 2000491800 ns, Reaching safepoint: 134000 ns, At safepoint: 7400 ns, Total: 141400 ns
[2020-08-22T01:15:30.938+0000][10296][safepoint    ] Safepoint "Cleanup", Time since last: 1000351000 ns, Reaching safepoint: 131500 ns, At safepoint: 7000 ns, Total: 138500 ns
[2020-08-22T01:15:32.938+0000][10296][safepoint    ] Safepoint "Cleanup", Time since last: 1999872700 ns, Reaching safepoint: 178500 ns, At safepoint: 7500 ns, Total: 186000 ns
[2020-08-22T01:15:33.939+0000][10296][safepoint    ] Safepoint "Cleanup", Time since last: 1000305700 ns, Reaching safepoint: 127200 ns, At safepoint: 7800 ns, Total: 135000 ns
[2020-08-22T01:15:34.939+0000][10296][safepoint    ] Safepoint "Cleanup", Time since last: 1000364100 ns, Reaching safepoint: 140600 ns, At safepoint: 2100 ns, Total: 142700 ns
[2020-08-22T01:15:36.940+0000][10296][safepoint    ] Safepoint "Cleanup", Time since last: 2000356400 ns, Reaching safepoint: 147600 ns, At safepoint: 7800 ns, Total: 155400 ns
[2020-08-22T01:15:38.940+0000][10296][safepoint    ] Safepoint "Cleanup", Time since last: 2000317800 ns, Reaching safepoint: 117800 ns, At safepoint: 7300 ns, Total: 125100 ns
[2020-08-22T01:15:40.940+0000][10296][safepoint    ] Safepoint "Cleanup", Time since last: 1999926300 ns, Reaching safepoint: 129900 ns, At safepoint: 2000 ns, Total: 131900 ns
[2020-08-22T01:15:41.941+0000][10296][safepoint    ] Safepoint "Cleanup", Time since last: 1000361400 ns, Reaching safepoint: 127700 ns, At safepoint: 2400 ns, Total: 130100 ns
[2020-08-22T01:15:42.941+0000][10296][safepoint    ] Safepoint "Cleanup", Time since last: 1000358100 ns, Reaching safepoint: 136600 ns, At safepoint: 2000 ns, Total: 138600 ns
[2020-08-22T01:15:43.942+0000][10296][safepoint    ] Safepoint "Cleanup", Time since last: 1000359900 ns, Reaching safepoint: 133200 ns, At safepoint: 8100 ns, Total: 141300 ns
[2020-08-22T01:15:45.942+0000][10296][safepoint    ] Safepoint "Cleanup", Time since last: 2000355800 ns, Reaching safepoint: 122400 ns, At safepoint: 2100 ns, Total: 124500 ns
[2020-08-22T01:15:47.942+0000][10296][safepoint    ] Safepoint "Cleanup", Time since last: 1999891400 ns, Reaching safepoint: 126800 ns, At safepoint: 2200 ns, Total: 129000 ns
[2020-08-22T01:15:48.943+0000][10296][safepoint    ] Safepoint "Cleanup", Time since last: 1000360800 ns, Reaching safepoint: 135700 ns, At safepoint: 7500 ns, Total: 143200 ns
[2020-08-22T01:15:50.943+0000][10296][safepoint    ] Safepoint "Cleanup", Time since last: 2000148100 ns, Reaching safepoint: 148000 ns, At safepoint: 7200 ns, Total: 155200 ns
[2020-08-22T01:15:51.943+0000][10296][safepoint    ] Safepoint "Cleanup", Time since last: 1000049700 ns, Reaching safepoint: 176400 ns, At safepoint: 7700 ns, Total: 184100 ns
[2020-08-22T01:15:52.944+0000][10296][safepoint    ] Safepoint "Cleanup", Time since last: 1000321200 ns, Reaching safepoint: 119600 ns, At safepoint: 7100 ns, Total: 126700 ns
[2020-08-22T01:15:54.944+0000][10296][safepoint    ] Safepoint "Cleanup", Time since last: 2000234100 ns, Reaching safepoint: 133300 ns, At safepoint: 1900 ns, Total: 135200 ns
[2020-08-22T01:15:56.945+0000][10296][safepoint    ] Safepoint "Cleanup", Time since last: 2000419200 ns, Reaching safepoint: 127100 ns, At safepoint: 2500 ns, Total: 129600 ns
[2020-08-22T01:15:57.945+0000][10296][safepoint    ] Safepoint "Cleanup", Time since last: 1000177300 ns, Reaching safepoint: 139300 ns, At safepoint: 2900 ns, Total: 142200 ns
[2020-08-22T01:15:58.945+0000][10296][safepoint    ] Safepoint "Cleanup", Time since last: 1000161100 ns, Reaching safepoint: 140000 ns, At safepoint: 7400 ns, Total: 147400 ns
[2020-08-22T01:15:59.946+0000][10296][safepoint    ] Safepoint "Cleanup", Time since last: 1000173400 ns, Reaching safepoint: 130500 ns, At safepoint: 7500 ns, Total: 138000 ns
[2020-08-22T01:16:00.946+0000][10296][safepoint    ] Safepoint "Cleanup", Time since last: 1000079900 ns, Reaching safepoint: 133500 ns, At safepoint: 2900 ns, Total: 136400 ns
[2020-08-22T01:16:01.946+0000][10296][safepoint    ] Safepoint "Cleanup", Time since last: 1000327100 ns, Reaching safepoint: 135000 ns, At safepoint: 2700 ns, Total: 137700 ns
[2020-08-22T01:16:02.947+0000][10296][safepoint    ] Safepoint "Cleanup", Time since last: 1000343500 ns, Reaching safepoint: 125400 ns, At safepoint: 6900 ns, Total: 132300 ns
[2020-08-22T01:16:03.947+0000][10296][safepoint    ] Safepoint "Cleanup", Time since last: 1000113200 ns, Reaching safepoint: 130200 ns, At safepoint: 7000 ns, Total: 137200 ns
[2020-08-22T01:16:04.947+0000][10296][safepoint    ] Safepoint "Cleanup", Time since last: 1000116000 ns, Reaching safepoint: 129700 ns, At safepoint: 2000 ns, Total: 131700 ns
[2020-08-22T01:16:06.948+0000][10296][safepoint    ] Safepoint "Cleanup", Time since last: 2000231300 ns, Reaching safepoint: 134200 ns, At safepoint: 7200 ns, Total: 141400 ns
[2020-08-22T01:16:07.948+0000][10296][safepoint    ] Safepoint "Cleanup", Time since last: 1000151200 ns, Reaching safepoint: 137600 ns, At safepoint: 6700 ns, Total: 144300 ns
[2020-08-22T01:16:08.948+0000][10296][safepoint    ] Safepoint "Cleanup", Time since last: 1000082100 ns, Reaching safepoint: 131700 ns, At safepoint: 7200 ns, Total: 138900 ns
[2020-08-22T01:16:09.948+0000][10296][safepoint    ] Safepoint "Cleanup", Time since last: 1000064500 ns, Reaching safepoint: 132300 ns, At safepoint: 7500 ns, Total: 139800 ns
[2020-08-22T01:16:10.949+0000][10296][safepoint    ] Safepoint "Cleanup", Time since last: 1000259800 ns, Reaching safepoint: 142400 ns, At safepoint: 7200 ns, Total: 149600 ns
[2020-08-22T01:16:11.949+0000][10296][safepoint    ] Safepoint "Cleanup", Time since last: 1000198900 ns, Reaching safepoint: 140700 ns, At safepoint: 2400 ns, Total: 143100 ns
[2020-08-22T01:16:12.949+0000][10296][safepoint    ] Safepoint "Cleanup", Time since last: 1000163600 ns, Reaching safepoint: 139900 ns, At safepoint: 2400 ns, Total: 142300 ns
[2020-08-22T01:16:13.950+0000][10296][safepoint    ] Safepoint "Cleanup", Time since last: 1000123200 ns, Reaching safepoint: 173700 ns, At safepoint: 2300 ns, Total: 176000 ns
[2020-08-22T01:16:15.950+0000][10296][safepoint    ] Safepoint "Cleanup", Time since last: 2000435100 ns, Reaching safepoint: 136000 ns, At safepoint: 7300 ns, Total: 143300 ns
[2020-08-22T01:16:16.951+0000][10296][safepoint    ] Safepoint "Cleanup", Time since last: 1000302300 ns, Reaching safepoint: 139500 ns, At safepoint: 2200 ns, Total: 141700 ns
[2020-08-22T01:16:18.951+0000][10296][safepoint    ] Safepoint "Cleanup", Time since last: 2000167800 ns, Reaching safepoint: 136000 ns, At safepoint: 2200 ns, Total: 138200 ns
[2020-08-22T01:16:19.951+0000][10296][safepoint    ] Safepoint "Cleanup", Time since last: 1000073500 ns, Reaching safepoint: 131100 ns, At safepoint: 7300 ns, Total: 138400 ns
[2020-08-22T01:16:21.951+0000][10296][safepoint    ] Safepoint "Cleanup", Time since last: 1999873300 ns, Reaching safepoint: 124600 ns, At safepoint: 2100 ns, Total: 126700 ns
[2020-08-22T01:16:22.952+0000][10296][safepoint    ] Safepoint "Cleanup", Time since last: 1000365400 ns, Reaching safepoint: 151200 ns, At safepoint: 7100 ns, Total: 158300 ns
[2020-08-22T01:16:23.952+0000][10296][safepoint    ] Safepoint "Cleanup", Time since last: 1000338900 ns, Reaching safepoint: 130000 ns, At safepoint: 7000 ns, Total: 137000 ns
[2020-08-22T01:16:25.953+0000][10296][safepoint    ] Safepoint "Cleanup", Time since last: 2000300400 ns, Reaching safepoint: 121100 ns, At safepoint: 2100 ns, Total: 123200 ns
[2020-08-22T01:16:26.953+0000][10296][safepoint    ] Safepoint "Cleanup", Time since last: 1000108000 ns, Reaching safepoint: 141200 ns, At safepoint: 7600 ns, Total: 148800 ns
[2020-08-22T01:16:27.953+0000][10296][safepoint    ] Safepoint "Cleanup", Time since last: 1000182700 ns, Reaching safepoint: 121500 ns, At safepoint: 2000 ns, Total: 123500 ns
[2020-08-22T01:16:29.954+0000][10296][safepoint    ] Safepoint "Cleanup", Time since last: 2000382400 ns, Reaching safepoint: 145300 ns, At safepoint: 2600 ns, Total: 147900 ns
[2020-08-22T01:16:30.954+0000][10296][safepoint    ] Safepoint "Cleanup", Time since last: 1000344300 ns, Reaching safepoint: 146300 ns, At safepoint: 2100 ns, Total: 148400 ns
[2020-08-22T01:16:32.954+0000][10296][safepoint    ] Safepoint "Cleanup", Time since last: 1999917700 ns, Reaching safepoint: 123100 ns, At safepoint: 7000 ns, Total: 130100 ns
[2020-08-22T01:16:33.955+0000][10296][safepoint    ] Safepoint "Cleanup", Time since last: 1000154800 ns, Reaching safepoint: 146000 ns, At safepoint: 2400 ns, Total: 148400 ns
[2020-08-22T01:16:34.955+0000][10296][safepoint    ] Safepoint "Cleanup", Time since last: 1000022900 ns, Reaching safepoint: 135100 ns, At safepoint: 2500 ns, Total: 137600 ns
[2020-08-22T01:16:35.955+0000][10296][safepoint    ] Safepoint "Cleanup", Time since last: 1000347200 ns, Reaching safepoint: 126300 ns, At safepoint: 2000 ns, Total: 128300 ns
[2020-08-22T01:16:36.955+0000][10296][safepoint    ] Safepoint "Cleanup", Time since last: 1000105800 ns, Reaching safepoint: 129700 ns, At safepoint: 2100 ns, Total: 131800 ns
[2020-08-22T01:16:37.956+0000][10296][safepoint    ] Safepoint "Cleanup", Time since last: 1000292000 ns, Reaching safepoint: 142200 ns, At safepoint: 2800 ns, Total: 145000 ns
[2020-08-22T01:16:38.956+0000][10296][safepoint    ] Safepoint "Cleanup", Time since last: 1000187700 ns, Reaching safepoint: 125400 ns, At safepoint: 2100 ns, Total: 127500 ns
[2020-08-22T01:16:40.957+0000][10296][safepoint    ] Safepoint "Cleanup", Time since last: 2000384700 ns, Reaching safepoint: 143400 ns, At safepoint: 2300 ns, Total: 145700 ns
[2020-08-22T01:16:42.957+0000][10296][safepoint    ] Safepoint "Cleanup", Time since last: 2000245900 ns, Reaching safepoint: 139900 ns, At safepoint: 1900 ns, Total: 141800 ns
[2020-08-22T01:16:44.957+0000][10296][safepoint    ] Safepoint "Cleanup", Time since last: 2000027300 ns, Reaching safepoint: 128400 ns, At safepoint: 2100 ns, Total: 130500 ns
[2020-08-22T01:16:45.958+0000][10296][safepoint    ] Safepoint "Cleanup", Time since last: 1000140600 ns, Reaching safepoint: 160200 ns, At safepoint: 2200 ns, Total: 162400 ns
[2020-08-22T01:16:46.958+0000][10296][safepoint    ] Safepoint "Cleanup", Time since last: 1000038000 ns, Reaching safepoint: 122700 ns, At safepoint: 2000 ns, Total: 124700 ns
[2020-08-22T01:16:47.958+0000][10296][safepoint    ] Safepoint "Cleanup", Time since last: 1000321800 ns, Reaching safepoint: 133600 ns, At safepoint: 7000 ns, Total: 140600 ns
[2020-08-22T01:16:48.959+0000][10296][safepoint    ] Safepoint "Cleanup", Time since last: 1000189700 ns, Reaching safepoint: 118000 ns, At safepoint: 2000 ns, Total: 120000 ns
[2020-08-22T01:16:50.959+0000][10296][safepoint    ] Safepoint "Cleanup", Time since last: 2000073900 ns, Reaching safepoint: 148900 ns, At safepoint: 2500 ns, Total: 151400 ns
[2020-08-22T01:16:51.959+0000][10296][safepoint    ] Safepoint "Cleanup", Time since last: 1000184000 ns, Reaching safepoint: 130200 ns, At safepoint: 2300 ns, Total: 132500 ns
[2020-08-22T01:16:52.959+0000][10296][safepoint    ] Safepoint "Cleanup", Time since last: 1000082000 ns, Reaching safepoint: 130900 ns, At safepoint: 7400 ns, Total: 138300 ns
[2020-08-22T01:16:53.960+0000][10296][safepoint    ] Safepoint "Cleanup", Time since last: 1000145200 ns, Reaching safepoint: 122800 ns, At safepoint: 2100 ns, Total: 124900 ns
[2020-08-22T01:16:54.960+0000][10296][safepoint    ] Safepoint "Cleanup", Time since last: 1000131700 ns, Reaching safepoint: 146700 ns, At safepoint: 2300 ns, Total: 149000 ns
[2020-08-22T01:16:55.960+0000][10296][safepoint    ] Safepoint "Cleanup", Time since last: 1000260900 ns, Reaching safepoint: 143300 ns, At safepoint: 6900 ns, Total: 150200 ns
[2020-08-22T01:16:56.961+0000][10296][safepoint    ] Safepoint "Cleanup", Time since last: 1000344900 ns, Reaching safepoint: 123100 ns, At safepoint: 7200 ns, Total: 130300 ns
[2020-08-22T01:16:57.961+0000][10296][safepoint    ] Safepoint "Cleanup", Time since last: 1000366000 ns, Reaching safepoint: 126700 ns, At safepoint: 7200 ns, Total: 133900 ns
[2020-08-22T01:16:59.961+0000][10296][safepoint    ] Safepoint "Cleanup", Time since last: 1999904900 ns, Reaching safepoint: 129500 ns, At safepoint: 6800 ns, Total: 136300 ns
[2020-08-22T01:17:00.962+0000][10296][safepoint    ] Safepoint "Cleanup", Time since last: 1000323700 ns, Reaching safepoint: 130100 ns, At safepoint: 2100 ns, Total: 132200 ns
[2020-08-22T01:17:02.962+0000][10296][safepoint    ] Safepoint "Cleanup", Time since last: 2000369400 ns, Reaching safepoint: 127700 ns, At safepoint: 7300 ns, Total: 135000 ns
[2020-08-22T01:17:04.963+0000][10296][safepoint    ] Safepoint "Cleanup", Time since last: 2000367600 ns, Reaching safepoint: 126500 ns, At safepoint: 2400 ns, Total: 128900 ns
[2020-08-22T01:17:05.963+0000][10296][safepoint    ] Safepoint "Cleanup", Time since last: 1000369500 ns, Reaching safepoint: 146300 ns, At safepoint: 7500 ns, Total: 153800 ns
[2020-08-22T01:17:07.963+0000][10296][safepoint    ] Safepoint "Cleanup", Time since last: 1999853800 ns, Reaching safepoint: 153500 ns, At safepoint: 2100 ns, Total: 155600 ns
[2020-08-22T01:17:08.964+0000][10296][safepoint    ] Safepoint "Cleanup", Time since last: 1000344400 ns, Reaching safepoint: 131700 ns, At safepoint: 2300 ns, Total: 134000 ns
[2020-08-22T01:17:09.964+0000][10296][safepoint    ] Safepoint "Cleanup", Time since last: 1000138400 ns, Reaching safepoint: 130200 ns, At safepoint: 2400 ns, Total: 132600 ns
[2020-08-22T01:17:10.964+0000][10296][safepoint    ] Safepoint "Cleanup", Time since last: 1000163700 ns, Reaching safepoint: 135200 ns, At safepoint: 7700 ns, Total: 142900 ns
[2020-08-22T01:17:11.965+0000][10296][safepoint    ] Safepoint "Cleanup", Time since last: 1000276600 ns, Reaching safepoint: 149100 ns, At safepoint: 2400 ns, Total: 151500 ns
[2020-08-22T01:17:13.965+0000][10296][safepoint    ] Safepoint "Cleanup", Time since last: 1999851600 ns, Reaching safepoint: 135100 ns, At safepoint: 2100 ns, Total: 137200 ns
[2020-08-22T01:17:14.965+0000][10296][safepoint    ] Safepoint "Cleanup", Time since last: 1000359300 ns, Reaching safepoint: 205800 ns, At safepoint: 7500 ns, Total: 213300 ns
[2020-08-22T01:17:16.966+0000][10296][safepoint    ] Safepoint "Cleanup", Time since last: 2000239400 ns, Reaching safepoint: 130900 ns, At safepoint: 2100 ns, Total: 133000 ns
[2020-08-22T01:17:18.966+0000][10296][safepoint    ] Safepoint "Cleanup", Time since last: 2000419700 ns, Reaching safepoint: 145600 ns, At safepoint: 7900 ns, Total: 153500 ns
[2020-08-22T01:17:20.967+0000][10296][safepoint    ] Safepoint "Cleanup", Time since last: 2000352500 ns, Reaching safepoint: 137400 ns, At safepoint: 6600 ns, Total: 144000 ns
[2020-08-22T01:17:22.967+0000][10296][safepoint    ] Safepoint "Cleanup", Time since last: 2000307900 ns, Reaching safepoint: 134500 ns, At safepoint: 2100 ns, Total: 136600 ns
[2020-08-22T01:17:24.968+0000][10296][safepoint    ] Safepoint "Cleanup", Time since last: 2000423200 ns, Reaching safepoint: 131700 ns, At safepoint: 2400 ns, Total: 134100 ns
[2020-08-22T01:17:25.968+0000][10296][safepoint    ] Safepoint "Cleanup", Time since last: 1000345700 ns, Reaching safepoint: 138700 ns, At safepoint: 2200 ns, Total: 140900 ns
[2020-08-22T01:17:26.969+0000][10296][safepoint    ] Safepoint "Cleanup", Time since last: 1000364300 ns, Reaching safepoint: 140800 ns, At safepoint: 2700 ns, Total: 143500 ns
[2020-08-22T01:17:27.969+0000][10296][safepoint    ] Safepoint "Cleanup", Time since last: 1000337700 ns, Reaching safepoint: 135900 ns, At safepoint: 2100 ns, Total: 138000 ns
[2020-08-22T01:17:28.970+0000][10296][safepoint    ] Safepoint "Cleanup", Time since last: 1000286900 ns, Reaching safepoint: 132900 ns, At safepoint: 2100 ns, Total: 135000 ns
[2020-08-22T01:17:29.970+0000][10296][safepoint    ] Safepoint "Cleanup", Time since last: 1000264100 ns, Reaching safepoint: 129400 ns, At safepoint: 7000 ns, Total: 136400 ns
[2020-08-22T01:17:30.970+0000][10296][safepoint    ] Safepoint "Cleanup", Time since last: 1000071200 ns, Reaching safepoint: 163800 ns, At safepoint: 6900 ns, Total: 170700 ns
[2020-08-22T01:17:31.971+0000][10296][safepoint    ] Safepoint "Cleanup", Time since last: 1000155900 ns, Reaching safepoint: 138200 ns, At safepoint: 7400 ns, Total: 145600 ns
[2020-08-22T01:17:32.971+0000][10296][safepoint    ] Safepoint "Cleanup", Time since last: 1000005800 ns, Reaching safepoint: 140100 ns, At safepoint: 7500 ns, Total: 147600 ns
[2020-08-22T01:17:34.971+0000][10296][safepoint    ] Safepoint "Cleanup", Time since last: 2000351600 ns, Reaching safepoint: 133800 ns, At safepoint: 2300 ns, Total: 136100 ns
[2020-08-22T01:17:36.971+0000][10296][safepoint    ] Safepoint "Cleanup", Time since last: 1999895000 ns, Reaching safepoint: 129000 ns, At safepoint: 2300 ns, Total: 131300 ns
[2020-08-22T01:17:37.972+0000][10296][safepoint    ] Safepoint "Cleanup", Time since last: 1000343400 ns, Reaching safepoint: 175900 ns, At safepoint: 7500 ns, Total: 183400 ns
[2020-08-22T01:17:39.972+0000][10296][safepoint    ] Safepoint "Cleanup", Time since last: 2000315700 ns, Reaching safepoint: 126700 ns, At safepoint: 2100 ns, Total: 128800 ns
[2020-08-22T01:17:40.973+0000][10296][safepoint    ] Safepoint "Cleanup", Time since last: 1000370800 ns, Reaching safepoint: 131500 ns, At safepoint: 2000 ns, Total: 133500 ns
[2020-08-22T01:17:42.973+0000][10296][safepoint    ] Safepoint "Cleanup", Time since last: 2000373700 ns, Reaching safepoint: 134100 ns, At safepoint: 7400 ns, Total: 141500 ns
[2020-08-22T01:17:43.974+0000][10296][safepoint    ] Safepoint "Cleanup", Time since last: 1000355400 ns, Reaching safepoint: 128900 ns, At safepoint: 2700 ns, Total: 131600 ns
[2020-08-22T01:17:45.974+0000][10296][safepoint    ] Safepoint "Cleanup", Time since last: 2000367800 ns, Reaching safepoint: 137300 ns, At safepoint: 6900 ns, Total: 144200 ns
[2020-08-22T01:17:46.975+0000][10296][safepoint    ] Safepoint "Cleanup", Time since last: 1000359400 ns, Reaching safepoint: 120900 ns, At safepoint: 7200 ns, Total: 128100 ns
[2020-08-22T01:17:48.975+0000][10296][safepoint    ] Safepoint "Cleanup", Time since last: 2000165800 ns, Reaching safepoint: 127600 ns, At safepoint: 2000 ns, Total: 129600 ns
[2020-08-22T01:17:49.975+0000][10296][safepoint    ] Safepoint "Cleanup", Time since last: 1000069200 ns, Reaching safepoint: 149100 ns, At safepoint: 2000 ns, Total: 151100 ns
[2020-08-22T01:17:50.976+0000][10296][safepoint    ] Safepoint "Cleanup", Time since last: 1000126700 ns, Reaching safepoint: 122500 ns, At safepoint: 6900 ns, Total: 129400 ns
[2020-08-22T01:17:51.976+0000][10296][safepoint    ] Safepoint "Cleanup", Time since last: 1000132800 ns, Reaching safepoint: 156100 ns, At safepoint: 7600 ns, Total: 163700 ns
[2020-08-22T01:17:52.976+0000][10296][safepoint    ] Safepoint "Cleanup", Time since last: 1000297600 ns, Reaching safepoint: 129400 ns, At safepoint: 7300 ns, Total: 136700 ns
[2020-08-22T01:17:54.976+0000][10296][safepoint    ] Safepoint "Cleanup", Time since last: 1999870400 ns, Reaching safepoint: 125600 ns, At safepoint: 2500 ns, Total: 128100 ns
[2020-08-22T01:17:55.977+0000][10296][safepoint    ] Safepoint "Cleanup", Time since last: 1000364100 ns, Reaching safepoint: 136600 ns, At safepoint: 6700 ns, Total: 143300 ns
[2020-08-22T01:17:57.977+0000][10296][safepoint    ] Safepoint "Cleanup", Time since last: 2000122300 ns, Reaching safepoint: 147800 ns, At safepoint: 2900 ns, Total: 150700 ns
[2020-08-22T01:17:58.977+0000][10296][safepoint    ] Safepoint "Cleanup", Time since last: 1000166500 ns, Reaching safepoint: 140200 ns, At safepoint: 3100 ns, Total: 143300 ns
[2020-08-22T01:17:59.978+0000][10296][safepoint    ] Safepoint "Cleanup", Time since last: 1000157000 ns, Reaching safepoint: 137900 ns, At safepoint: 2100 ns, Total: 140000 ns
[2020-08-22T01:18:00.978+0000][10296][safepoint    ] Safepoint "Cleanup", Time since last: 1000019700 ns, Reaching safepoint: 131800 ns, At safepoint: 2500 ns, Total: 134300 ns
[2020-08-22T01:18:01.978+0000][10296][safepoint    ] Safepoint "Cleanup", Time since last: 1000321800 ns, Reaching safepoint: 135100 ns, At safepoint: 7100 ns, Total: 142200 ns
[2020-08-22T01:18:03.978+0000][10296][safepoint    ] Safepoint "Cleanup", Time since last: 1999862800 ns, Reaching safepoint: 166000 ns, At safepoint: 2300 ns, Total: 168300 ns
[2020-08-22T01:18:04.979+0000][10296][safepoint    ] Safepoint "Cleanup", Time since last: 1000150600 ns, Reaching safepoint: 125200 ns, At safepoint: 2100 ns, Total: 127300 ns
[2020-08-22T01:18:05.979+0000][10296][safepoint    ] Safepoint "Cleanup", Time since last: 1000160000 ns, Reaching safepoint: 136900 ns, At safepoint: 9500 ns, Total: 146400 ns
[2020-08-22T01:18:06.979+0000][10296][safepoint    ] Safepoint "Cleanup", Time since last: 1000242500 ns, Reaching safepoint: 157300 ns, At safepoint: 7300 ns, Total: 164600 ns
[2020-08-22T01:18:08.980+0000][10296][safepoint    ] Safepoint "Cleanup", Time since last: 2000225800 ns, Reaching safepoint: 152900 ns, At safepoint: 2200 ns, Total: 155100 ns
[2020-08-22T01:18:10.980+0000][10296][safepoint    ] Safepoint "Cleanup", Time since last: 1999972000 ns, Reaching safepoint: 139800 ns, At safepoint: 7200 ns, Total: 147000 ns
[2020-08-22T01:18:11.980+0000][10296][safepoint    ] Safepoint "Cleanup", Time since last: 1000352100 ns, Reaching safepoint: 146100 ns, At safepoint: 2000 ns, Total: 148100 ns
[2020-08-22T01:18:12.980+0000][10296][safepoint    ] Safepoint "Cleanup", Time since last: 1000076500 ns, Reaching safepoint: 140800 ns, At safepoint: 2100 ns, Total: 142900 ns
[2020-08-22T01:18:13.981+0000][10296][safepoint    ] Safepoint "Cleanup", Time since last: 1000121000 ns, Reaching safepoint: 133800 ns, At safepoint: 2200 ns, Total: 136000 ns
[2020-08-22T01:18:15.981+0000][10296][safepoint    ] Safepoint "Cleanup", Time since last: 2000365100 ns, Reaching safepoint: 172600 ns, At safepoint: 7400 ns, Total: 180000 ns
[2020-08-22T01:18:17.982+0000][10296][safepoint    ] Safepoint "Cleanup", Time since last: 2000332500 ns, Reaching safepoint: 123700 ns, At safepoint: 7100 ns, Total: 130800 ns
[2020-08-22T01:18:19.982+0000][10296][safepoint    ] Safepoint "Cleanup", Time since last: 2000350400 ns, Reaching safepoint: 143300 ns, At safepoint: 6900 ns, Total: 150200 ns
[2020-08-22T01:18:21.983+0000][10296][safepoint    ] Safepoint "Cleanup", Time since last: 2000356600 ns, Reaching safepoint: 141500 ns, At safepoint: 3100 ns, Total: 144600 ns
[2020-08-22T01:18:22.983+0000][10296][safepoint    ] Safepoint "Cleanup", Time since last: 1000352900 ns, Reaching safepoint: 129800 ns, At safepoint: 7500 ns, Total: 137300 ns
[2020-08-22T01:18:24.984+0000][10296][safepoint    ] Safepoint "Cleanup", Time since last: 2000366800 ns, Reaching safepoint: 120100 ns, At safepoint: 3000 ns, Total: 123100 ns
[2020-08-22T01:18:25.984+0000][10296][safepoint    ] Safepoint "Cleanup", Time since last: 1000366900 ns, Reaching safepoint: 139800 ns, At safepoint: 2100 ns, Total: 141900 ns
[2020-08-22T01:18:26.985+0000][10296][safepoint    ] Safepoint "Cleanup", Time since last: 1000361000 ns, Reaching safepoint: 163500 ns, At safepoint: 2600 ns, Total: 166100 ns
[2020-08-22T01:18:28.985+0000][10296][safepoint    ] Safepoint "Cleanup", Time since last: 2000342600 ns, Reaching safepoint: 135800 ns, At safepoint: 7000 ns, Total: 142800 ns
[2020-08-22T01:18:30.986+0000][10296][safepoint    ] Safepoint "Cleanup", Time since last: 2000151600 ns, Reaching safepoint: 125000 ns, At safepoint: 2100 ns, Total: 127100 ns
[2020-08-22T01:18:31.986+0000][10296][safepoint    ] Safepoint "Cleanup", Time since last: 1000069400 ns, Reaching safepoint: 134100 ns, At safepoint: 6900 ns, Total: 141000 ns
[2020-08-22T01:18:33.986+0000][10296][safepoint    ] Safepoint "Cleanup", Time since last: 1999897100 ns, Reaching safepoint: 127600 ns, At safepoint: 2100 ns, Total: 129700 ns
[2020-08-22T01:18:34.986+0000][10296][safepoint    ] Safepoint "Cleanup", Time since last: 1000332000 ns, Reaching safepoint: 118500 ns, At safepoint: 7700 ns, Total: 126200 ns
[2020-08-22T01:18:36.987+0000][10296][safepoint    ] Safepoint "Cleanup", Time since last: 2000380400 ns, Reaching safepoint: 125300 ns, At safepoint: 6800 ns, Total: 132100 ns
[2020-08-22T01:18:38.987+0000][10296][safepoint    ] Safepoint "Cleanup", Time since last: 2000362100 ns, Reaching safepoint: 142100 ns, At safepoint: 2900 ns, Total: 145000 ns
[2020-08-22T01:18:40.987+0000][10296][safepoint    ] Safepoint "Cleanup", Time since last: 1999890200 ns, Reaching safepoint: 123800 ns, At safepoint: 2200 ns, Total: 126000 ns
[2020-08-22T01:18:42.988+0000][10296][safepoint    ] Safepoint "Cleanup", Time since last: 2000308400 ns, Reaching safepoint: 144800 ns, At safepoint: 7200 ns, Total: 152000 ns
[2020-08-22T01:18:44.988+0000][10296][safepoint    ] Safepoint "Cleanup", Time since last: 2000388000 ns, Reaching safepoint: 126300 ns, At safepoint: 7000 ns, Total: 133300 ns
[2020-08-22T01:18:45.989+0000][10296][safepoint    ] Safepoint "Cleanup", Time since last: 1000357800 ns, Reaching safepoint: 140600 ns, At safepoint: 7700 ns, Total: 148300 ns
[2020-08-22T01:18:47.989+0000][10296][safepoint    ] Safepoint "Cleanup", Time since last: 2000185500 ns, Reaching safepoint: 125700 ns, At safepoint: 7500 ns, Total: 133200 ns
[2020-08-22T01:18:48.989+0000][10296][safepoint    ] Safepoint "Cleanup", Time since last: 1000031900 ns, Reaching safepoint: 131500 ns, At safepoint: 7100 ns, Total: 138600 ns
[2020-08-22T01:18:49.990+0000][10296][safepoint    ] Safepoint "Cleanup", Time since last: 1000332900 ns, Reaching safepoint: 125000 ns, At safepoint: 2100 ns, Total: 127100 ns
[2020-08-22T01:18:51.990+0000][10296][safepoint    ] Safepoint "Cleanup", Time since last: 1999934300 ns, Reaching safepoint: 127000 ns, At safepoint: 2100 ns, Total: 129100 ns
[2020-08-22T01:18:52.990+0000][10296][safepoint    ] Safepoint "Cleanup", Time since last: 1000349100 ns, Reaching safepoint: 133000 ns, At safepoint: 2000 ns, Total: 135000 ns
[2020-08-22T01:18:54.991+0000][10296][safepoint    ] Safepoint "Cleanup", Time since last: 2000378100 ns, Reaching safepoint: 132100 ns, At safepoint: 7100 ns, Total: 139200 ns
[2020-08-22T01:18:56.991+0000][10296][safepoint    ] Safepoint "Cleanup", Time since last: 2000355400 ns, Reaching safepoint: 139900 ns, At safepoint: 2700 ns, Total: 142600 ns
[2020-08-22T01:18:57.991+0000][10296][safepoint    ] Safepoint "Cleanup", Time since last: 1000078200 ns, Reaching safepoint: 167400 ns, At safepoint: 7500 ns, Total: 174900 ns
[2020-08-22T01:18:58.992+0000][10296][safepoint    ] Safepoint "Cleanup", Time since last: 1000102600 ns, Reaching safepoint: 132600 ns, At safepoint: 7000 ns, Total: 139600 ns
[2020-08-22T01:19:00.992+0000][10296][safepoint    ] Safepoint "Cleanup", Time since last: 2000366300 ns, Reaching safepoint: 127100 ns, At safepoint: 2000 ns, Total: 129100 ns
[2020-08-22T01:19:01.993+0000][10296][safepoint    ] Safepoint "Cleanup", Time since last: 1000360000 ns, Reaching safepoint: 145800 ns, At safepoint: 7300 ns, Total: 153100 ns
[2020-08-22T01:19:03.993+0000][10296][safepoint    ] Safepoint "Cleanup", Time since last: 2000291900 ns, Reaching safepoint: 141000 ns, At safepoint: 2000 ns, Total: 143000 ns
[2020-08-22T01:19:04.993+0000][10296][safepoint    ] Safepoint "Cleanup", Time since last: 1000155100 ns, Reaching safepoint: 132800 ns, At safepoint: 2200 ns, Total: 135000 ns
[2020-08-22T01:19:05.994+0000][10296][safepoint    ] Safepoint "Cleanup", Time since last: 1000126800 ns, Reaching safepoint: 131100 ns, At safepoint: 7300 ns, Total: 138400 ns
[2020-08-22T01:19:06.994+0000][10296][safepoint    ] Safepoint "Cleanup", Time since last: 1000163700 ns, Reaching safepoint: 125400 ns, At safepoint: 2200 ns, Total: 127600 ns
[2020-08-22T01:19:07.994+0000][10296][safepoint    ] Safepoint "Cleanup", Time since last: 1000177600 ns, Reaching safepoint: 131100 ns, At safepoint: 1900 ns, Total: 133000 ns
[2020-08-22T01:19:09.995+0000][10296][safepoint    ] Safepoint "Cleanup", Time since last: 2000267300 ns, Reaching safepoint: 141000 ns, At safepoint: 7300 ns, Total: 148300 ns
[2020-08-22T01:19:10.995+0000][10296][safepoint    ] Safepoint "Cleanup", Time since last: 1000335000 ns, Reaching safepoint: 131500 ns, At safepoint: 7000 ns, Total: 138500 ns
[2020-08-22T01:19:12.996+0000][10296][safepoint    ] Safepoint "Cleanup", Time since last: 2000342600 ns, Reaching safepoint: 126800 ns, At safepoint: 7600 ns, Total: 134400 ns
[2020-08-22T01:19:14.996+0000][10296][safepoint    ] Safepoint "Cleanup", Time since last: 1999930500 ns, Reaching safepoint: 130900 ns, At safepoint: 7700 ns, Total: 138600 ns
[2020-08-22T01:19:16.996+0000][10296][safepoint    ] Safepoint "Cleanup", Time since last: 2000314300 ns, Reaching safepoint: 153800 ns, At safepoint: 3000 ns, Total: 156800 ns
[2020-08-22T01:19:18.997+0000][10296][safepoint    ] Safepoint "Cleanup", Time since last: 2000103600 ns, Reaching safepoint: 125200 ns, At safepoint: 2500 ns, Total: 127700 ns
[2020-08-22T01:19:19.997+0000][10296][safepoint    ] Safepoint "Cleanup", Time since last: 1000117800 ns, Reaching safepoint: 134700 ns, At safepoint: 6800 ns, Total: 141500 ns
[2020-08-22T01:19:21.997+0000][10296][safepoint    ] Safepoint "Cleanup", Time since last: 2000081000 ns, Reaching safepoint: 124400 ns, At safepoint: 7500 ns, Total: 131900 ns
[2020-08-22T01:19:22.997+0000][10296][safepoint    ] Safepoint "Cleanup", Time since last: 1000149300 ns, Reaching safepoint: 145700 ns, At safepoint: 7300 ns, Total: 153000 ns
[2020-08-22T01:19:23.998+0000][10296][safepoint    ] Safepoint "Cleanup", Time since last: 1000350900 ns, Reaching safepoint: 124100 ns, At safepoint: 2000 ns, Total: 126100 ns
[2020-08-22T01:19:24.998+0000][10296][safepoint    ] Safepoint "Cleanup", Time since last: 1000350400 ns, Reaching safepoint: 121900 ns, At safepoint: 7400 ns, Total: 129300 ns
[2020-08-22T01:19:26.130+0000][10296][safepoint    ] Safepoint "Cleanup", Time since last: 1131868800 ns, Reaching safepoint: 123700 ns, At safepoint: 2100 ns, Total: 125800 ns
[2020-08-22T01:19:27.131+0000][10296][safepoint    ] Safepoint "Cleanup", Time since last: 1000374600 ns, Reaching safepoint: 139000 ns, At safepoint: 7000 ns, Total: 146000 ns
[2020-08-22T01:19:28.131+0000][10296][safepoint    ] Safepoint "Cleanup", Time since last: 1000323800 ns, Reaching safepoint: 121100 ns, At safepoint: 7400 ns, Total: 128500 ns
[2020-08-22T01:19:30.132+0000][10296][safepoint    ] Safepoint "Cleanup", Time since last: 2000404300 ns, Reaching safepoint: 164500 ns, At safepoint: 7100 ns, Total: 171600 ns
[2020-08-22T01:19:31.132+0000][10296][safepoint    ] Safepoint "Cleanup", Time since last: 1000315500 ns, Reaching safepoint: 127000 ns, At safepoint: 2200 ns, Total: 129200 ns
[2020-08-22T01:19:33.133+0000][10296][safepoint    ] Safepoint "Cleanup", Time since last: 2000391900 ns, Reaching safepoint: 134800 ns, At safepoint: 7100 ns, Total: 141900 ns
[2020-08-22T01:19:35.133+0000][10296][safepoint    ] Safepoint "Cleanup", Time since last: 2000136400 ns, Reaching safepoint: 129100 ns, At safepoint: 2600 ns, Total: 131700 ns
[2020-08-22T01:19:36.133+0000][10296][safepoint    ] Safepoint "Cleanup", Time since last: 1000172400 ns, Reaching safepoint: 114100 ns, At safepoint: 7500 ns, Total: 121600 ns
[2020-08-22T01:19:37.134+0000][10296][safepoint    ] Safepoint "Cleanup", Time since last: 1000288200 ns, Reaching safepoint: 121700 ns, At safepoint: 2100 ns, Total: 123800 ns
[2020-08-22T01:19:38.134+0000][10296][safepoint    ] Safepoint "Cleanup", Time since last: 1000357000 ns, Reaching safepoint: 138000 ns, At safepoint: 2600 ns, Total: 140600 ns
[2020-08-22T01:19:40.134+0000][10296][safepoint    ] Safepoint "Cleanup", Time since last: 1999911500 ns, Reaching safepoint: 140900 ns, At safepoint: 6500 ns, Total: 147400 ns
[2020-08-22T01:19:41.135+0000][10296][safepoint    ] Safepoint "Cleanup", Time since last: 1000318100 ns, Reaching safepoint: 130500 ns, At safepoint: 2300 ns, Total: 132800 ns
[2020-08-22T01:19:42.135+0000][10296][safepoint    ] Safepoint "Cleanup", Time since last: 1000355900 ns, Reaching safepoint: 134300 ns, At safepoint: 2100 ns, Total: 136400 ns
[2020-08-22T01:19:44.135+0000][10296][safepoint    ] Safepoint "Cleanup", Time since last: 1999881000 ns, Reaching safepoint: 144200 ns, At safepoint: 10300 ns, Total: 154500 ns
[2020-08-22T01:19:46.135+0000][10296][safepoint    ] Safepoint "Cleanup", Time since last: 1999882600 ns, Reaching safepoint: 130400 ns, At safepoint: 2200 ns, Total: 132600 ns
[2020-08-22T01:19:48.136+0000][10296][safepoint    ] Safepoint "Cleanup", Time since last: 2000108800 ns, Reaching safepoint: 128400 ns, At safepoint: 2300 ns, Total: 130700 ns
[2020-08-22T01:19:49.136+0000][10296][safepoint    ] Safepoint "Cleanup", Time since last: 1000104300 ns, Reaching safepoint: 135700 ns, At safepoint: 7200 ns, Total: 142900 ns
[2020-08-22T01:19:50.136+0000][10296][safepoint    ] Safepoint "Cleanup", Time since last: 1000339500 ns, Reaching safepoint: 130400 ns, At safepoint: 7300 ns, Total: 137700 ns
[2020-08-22T01:19:51.136+0000][10296][safepoint    ] Safepoint "Cleanup", Time since last: 1000016200 ns, Reaching safepoint: 142800 ns, At safepoint: 6900 ns, Total: 149700 ns
[2020-08-22T01:19:52.137+0000][10296][safepoint    ] Safepoint "Cleanup", Time since last: 1000218200 ns, Reaching safepoint: 143700 ns, At safepoint: 7400 ns, Total: 151100 ns
[2020-08-22T01:19:54.137+0000][10296][safepoint    ] Safepoint "Cleanup", Time since last: 1999889300 ns, Reaching safepoint: 150800 ns, At safepoint: 2100 ns, Total: 152900 ns
[2020-08-22T01:19:55.137+0000][10296][safepoint    ] Safepoint "Cleanup", Time since last: 1000287300 ns, Reaching safepoint: 131500 ns, At safepoint: 7100 ns, Total: 138600 ns
[2020-08-22T01:19:57.138+0000][10296][safepoint    ] Safepoint "Cleanup", Time since last: 2000362800 ns, Reaching safepoint: 127600 ns, At safepoint: 2700 ns, Total: 130300 ns
[2020-08-22T01:19:59.138+0000][10296][safepoint    ] Safepoint "Cleanup", Time since last: 1999890400 ns, Reaching safepoint: 128800 ns, At safepoint: 2100 ns, Total: 130900 ns
[2020-08-22T01:20:00.138+0000][10296][safepoint    ] Safepoint "Cleanup", Time since last: 1000208800 ns, Reaching safepoint: 141900 ns, At safepoint: 2100 ns, Total: 144000 ns
[2020-08-22T01:20:01.138+0000][10296][safepoint    ] Safepoint "Cleanup", Time since last: 1000159500 ns, Reaching safepoint: 130900 ns, At safepoint: 8400 ns, Total: 139300 ns
[2020-08-22T01:20:02.139+0000][10296][safepoint    ] Safepoint "Cleanup", Time since last: 1000181700 ns, Reaching safepoint: 137000 ns, At safepoint: 7200 ns, Total: 144200 ns
[2020-08-22T01:20:03.139+0000][10296][safepoint    ] Safepoint "Cleanup", Time since last: 1000156900 ns, Reaching safepoint: 135200 ns, At safepoint: 7800 ns, Total: 143000 ns
[2020-08-22T01:20:04.139+0000][10296][safepoint    ] Safepoint "Cleanup", Time since last: 1000160600 ns, Reaching safepoint: 137100 ns, At safepoint: 7600 ns, Total: 144700 ns
[2020-08-22T01:20:05.140+0000][10296][safepoint    ] Safepoint "Cleanup", Time since last: 1000271600 ns, Reaching safepoint: 152800 ns, At safepoint: 7100 ns, Total: 159900 ns
[2020-08-22T01:20:07.140+0000][10296][safepoint    ] Safepoint "Cleanup", Time since last: 2000331000 ns, Reaching safepoint: 144000 ns, At safepoint: 7600 ns, Total: 151600 ns
[2020-08-22T01:20:08.141+0000][10296][safepoint    ] Safepoint "Cleanup", Time since last: 1000348200 ns, Reaching safepoint: 148100 ns, At safepoint: 2500 ns, Total: 150600 ns
[2020-08-22T01:20:10.141+0000][10296][safepoint    ] Safepoint "Cleanup", Time since last: 2000290000 ns, Reaching safepoint: 129700 ns, At safepoint: 7800 ns, Total: 137500 ns
[2020-08-22T01:20:12.141+0000][10296][safepoint    ] Safepoint "Cleanup", Time since last: 1999984000 ns, Reaching safepoint: 137000 ns, At safepoint: 2100 ns, Total: 139100 ns
[2020-08-22T01:20:13.142+0000][10296][safepoint    ] Safepoint "Cleanup", Time since last: 1000297700 ns, Reaching safepoint: 128400 ns, At safepoint: 7500 ns, Total: 135900 ns
[2020-08-22T01:20:14.142+0000][10296][safepoint    ] Safepoint "Cleanup", Time since last: 1000362900 ns, Reaching safepoint: 132900 ns, At safepoint: 2300 ns, Total: 135200 ns
[2020-08-22T01:20:16.143+0000][10296][safepoint    ] Safepoint "Cleanup", Time since last: 2000371300 ns, Reaching safepoint: 130000 ns, At safepoint: 2400 ns, Total: 132400 ns
[2020-08-22T01:20:18.143+0000][10296][safepoint    ] Safepoint "Cleanup", Time since last: 2000390200 ns, Reaching safepoint: 136400 ns, At safepoint: 2400 ns, Total: 138800 ns
[2020-08-22T01:20:19.144+0000][10296][safepoint    ] Safepoint "Cleanup", Time since last: 1000303100 ns, Reaching safepoint: 127200 ns, At safepoint: 7200 ns, Total: 134400 ns
[2020-08-22T01:20:20.144+0000][10296][safepoint    ] Safepoint "Cleanup", Time since last: 1000337600 ns, Reaching safepoint: 138300 ns, At safepoint: 2600 ns, Total: 140900 ns
[2020-08-22T01:20:21.145+0000][10296][safepoint    ] Safepoint "Cleanup", Time since last: 1000284400 ns, Reaching safepoint: 125600 ns, At safepoint: 7600 ns, Total: 133200 ns
[2020-08-22T01:20:23.145+0000][10296][safepoint    ] Safepoint "Cleanup", Time since last: 2000009000 ns, Reaching safepoint: 129700 ns, At safepoint: 2300 ns, Total: 132000 ns
[2020-08-22T01:20:25.145+0000][10296][safepoint    ] Safepoint "Cleanup", Time since last: 2000361300 ns, Reaching safepoint: 136300 ns, At safepoint: 7300 ns, Total: 143600 ns
[2020-08-22T01:20:27.145+0000][10296][safepoint    ] Safepoint "Cleanup", Time since last: 2000058000 ns, Reaching safepoint: 127900 ns, At safepoint: 2400 ns, Total: 130300 ns
[2020-08-22T01:20:28.146+0000][10296][safepoint    ] Safepoint "Cleanup", Time since last: 1000231900 ns, Reaching safepoint: 140800 ns, At safepoint: 2600 ns, Total: 143400 ns
[2020-08-22T01:20:29.146+0000][10296][safepoint    ] Safepoint "Cleanup", Time since last: 1000292000 ns, Reaching safepoint: 135100 ns, At safepoint: 7000 ns, Total: 142100 ns
[2020-08-22T01:20:30.169+0000][10296][safepoint    ] Safepoint "Cleanup", Time since last: 1022362500 ns, Reaching safepoint: 141300 ns, At safepoint: 7100 ns, Total: 148400 ns
[2020-08-22T01:20:31.169+0000][10296][safepoint    ] Safepoint "Cleanup", Time since last: 1000026000 ns, Reaching safepoint: 132400 ns, At safepoint: 6600 ns, Total: 139000 ns
[2020-08-22T01:20:32.169+0000][10296][safepoint    ] Safepoint "Cleanup", Time since last: 1000177500 ns, Reaching safepoint: 130200 ns, At safepoint: 6700 ns, Total: 136900 ns
[2020-08-22T01:20:34.169+0000][10296][safepoint    ] Safepoint "Cleanup", Time since last: 1999892500 ns, Reaching safepoint: 114700 ns, At safepoint: 2100 ns, Total: 116800 ns
[2020-08-22T01:20:35.170+0000][10296][safepoint    ] Safepoint "Cleanup", Time since last: 1000365000 ns, Reaching safepoint: 109900 ns, At safepoint: 6300 ns, Total: 116200 ns
[2020-08-22T01:20:37.170+0000][10296][safepoint    ] Safepoint "Cleanup", Time since last: 2000387400 ns, Reaching safepoint: 145900 ns, At safepoint: 7000 ns, Total: 152900 ns
[2020-08-22T01:20:38.171+0000][10296][safepoint    ] Safepoint "Cleanup", Time since last: 1000337600 ns, Reaching safepoint: 142600 ns, At safepoint: 7300 ns, Total: 149900 ns
[2020-08-22T01:20:39.171+0000][10296][safepoint    ] Safepoint "Cleanup", Time since last: 1000348500 ns, Reaching safepoint: 123900 ns, At safepoint: 10500 ns, Total: 134400 ns
[2020-08-22T01:20:41.172+0000][10296][safepoint    ] Safepoint "Cleanup", Time since last: 2000378800 ns, Reaching safepoint: 138800 ns, At safepoint: 2500 ns, Total: 141300 ns
[2020-08-22T01:20:42.172+0000][10296][safepoint    ] Safepoint "Cleanup", Time since last: 1000322400 ns, Reaching safepoint: 127400 ns, At safepoint: 7200 ns, Total: 134600 ns
[2020-08-22T01:20:43.173+0000][10296][safepoint    ] Safepoint "Cleanup", Time since last: 1000266700 ns, Reaching safepoint: 145600 ns, At safepoint: 8200 ns, Total: 153800 ns
[2020-08-22T01:20:45.173+0000][10296][safepoint    ] Safepoint "Cleanup", Time since last: 2000464700 ns, Reaching safepoint: 129900 ns, At safepoint: 2000 ns, Total: 131900 ns
[2020-08-22T01:20:46.174+0000][10296][safepoint    ] Safepoint "Cleanup", Time since last: 1000207000 ns, Reaching safepoint: 177300 ns, At safepoint: 7800 ns, Total: 185100 ns
[2020-08-22T01:20:48.174+0000][10296][safepoint    ] Safepoint "Cleanup", Time since last: 2000315700 ns, Reaching safepoint: 168800 ns, At safepoint: 2100 ns, Total: 170900 ns
[2020-08-22T01:20:50.174+0000][10296][safepoint    ] Safepoint "Cleanup", Time since last: 2000000500 ns, Reaching safepoint: 125700 ns, At safepoint: 7500 ns, Total: 133200 ns
[2020-08-22T01:20:52.175+0000][10296][safepoint    ] Safepoint "Cleanup", Time since last: 2000360500 ns, Reaching safepoint: 140500 ns, At safepoint: 7200 ns, Total: 147700 ns
[2020-08-22T01:20:53.175+0000][10296][safepoint    ] Safepoint "Cleanup", Time since last: 1000346800 ns, Reaching safepoint: 131200 ns, At safepoint: 2000 ns, Total: 133200 ns
[2020-08-22T01:20:55.176+0000][10296][safepoint    ] Safepoint "Cleanup", Time since last: 2000373700 ns, Reaching safepoint: 130800 ns, At safepoint: 2700 ns, Total: 133500 ns
[2020-08-22T01:20:57.176+0000][10296][safepoint    ] Safepoint "Cleanup", Time since last: 2000373700 ns, Reaching safepoint: 142900 ns, At safepoint: 2500 ns, Total: 145400 ns
[2020-08-22T01:20:58.177+0000][10296][safepoint    ] Safepoint "Cleanup", Time since last: 1000351200 ns, Reaching safepoint: 134000 ns, At safepoint: 7700 ns, Total: 141700 ns
[2020-08-22T01:21:00.177+0000][10296][safepoint    ] Safepoint "Cleanup", Time since last: 1999879000 ns, Reaching safepoint: 129000 ns, At safepoint: 2200 ns, Total: 131200 ns
[2020-08-22T01:21:01.177+0000][10296][safepoint    ] Safepoint "Cleanup", Time since last: 1000343800 ns, Reaching safepoint: 159700 ns, At safepoint: 7100 ns, Total: 166800 ns
[2020-08-22T01:21:02.178+0000][10296][safepoint    ] Safepoint "Cleanup", Time since last: 1000334700 ns, Reaching safepoint: 128500 ns, At safepoint: 6900 ns, Total: 135400 ns
[2020-08-22T01:21:03.178+0000][10296][safepoint    ] Safepoint "Cleanup", Time since last: 1000325900 ns, Reaching safepoint: 149200 ns, At safepoint: 2200 ns, Total: 151400 ns
[2020-08-22T01:21:05.178+0000][10296][safepoint    ] Safepoint "Cleanup", Time since last: 2000027700 ns, Reaching safepoint: 128100 ns, At safepoint: 7100 ns, Total: 135200 ns
[2020-08-22T01:21:06.179+0000][10296][safepoint    ] Safepoint "Cleanup", Time since last: 1000223100 ns, Reaching safepoint: 127300 ns, At safepoint: 6500 ns, Total: 133800 ns
[2020-08-22T01:21:07.179+0000][10296][safepoint    ] Safepoint "Cleanup", Time since last: 1000366400 ns, Reaching safepoint: 135500 ns, At safepoint: 7200 ns, Total: 142700 ns
[2020-08-22T01:21:09.180+0000][10296][safepoint    ] Safepoint "Cleanup", Time since last: 2000125400 ns, Reaching safepoint: 135800 ns, At safepoint: 2000 ns, Total: 137800 ns
[2020-08-22T01:21:10.180+0000][10296][safepoint    ] Safepoint "Cleanup", Time since last: 1000092400 ns, Reaching safepoint: 131600 ns, At safepoint: 6800 ns, Total: 138400 ns
[2020-08-22T01:21:12.180+0000][10296][safepoint    ] Safepoint "Cleanup", Time since last: 2000367700 ns, Reaching safepoint: 126200 ns, At safepoint: 7700 ns, Total: 133900 ns
[2020-08-22T01:21:13.181+0000][10296][safepoint    ] Safepoint "Cleanup", Time since last: 1000361900 ns, Reaching safepoint: 128700 ns, At safepoint: 7000 ns, Total: 135700 ns
[2020-08-22T01:21:14.181+0000][10296][safepoint    ] Safepoint "Cleanup", Time since last: 1000364900 ns, Reaching safepoint: 140400 ns, At safepoint: 2500 ns, Total: 142900 ns
[2020-08-22T01:21:16.182+0000][10296][safepoint    ] Safepoint "Cleanup", Time since last: 2000354300 ns, Reaching safepoint: 120400 ns, At safepoint: 2000 ns, Total: 122400 ns
[2020-08-22T01:21:17.182+0000][10296][safepoint    ] Safepoint "Cleanup", Time since last: 1000374000 ns, Reaching safepoint: 130800 ns, At safepoint: 2200 ns, Total: 133000 ns
[2020-08-22T01:21:19.183+0000][10296][safepoint    ] Safepoint "Cleanup", Time since last: 2000375500 ns, Reaching safepoint: 148900 ns, At safepoint: 7300 ns, Total: 156200 ns
[2020-08-22T01:21:20.183+0000][10296][safepoint    ] Safepoint "Cleanup", Time since last: 1000335500 ns, Reaching safepoint: 136000 ns, At safepoint: 2200 ns, Total: 138200 ns
[2020-08-22T01:21:22.184+0000][10296][safepoint    ] Safepoint "Cleanup", Time since last: 2000362500 ns, Reaching safepoint: 139600 ns, At safepoint: 7500 ns, Total: 147100 ns
[2020-08-22T01:21:23.184+0000][10296][safepoint    ] Safepoint "Cleanup", Time since last: 1000144300 ns, Reaching safepoint: 135500 ns, At safepoint: 7200 ns, Total: 142700 ns
[2020-08-22T01:21:24.184+0000][10296][safepoint    ] Safepoint "Cleanup", Time since last: 1000106800 ns, Reaching safepoint: 135600 ns, At safepoint: 7800 ns, Total: 143400 ns
[2020-08-22T01:21:25.185+0000][10296][safepoint    ] Safepoint "Cleanup", Time since last: 1000349700 ns, Reaching safepoint: 131700 ns, At safepoint: 7100 ns, Total: 138800 ns
[2020-08-22T01:21:26.185+0000][10296][safepoint    ] Safepoint "Cleanup", Time since last: 1000329600 ns, Reaching safepoint: 148300 ns, At safepoint: 7100 ns, Total: 155400 ns
[2020-08-22T01:21:27.185+0000][10296][safepoint    ] Safepoint "Cleanup", Time since last: 1000021200 ns, Reaching safepoint: 122600 ns, At safepoint: 2000 ns, Total: 124600 ns
[2020-08-22T01:21:28.186+0000][10296][safepoint    ] Safepoint "Cleanup", Time since last: 1000200400 ns, Reaching safepoint: 122500 ns, At safepoint: 2100 ns, Total: 124600 ns
[2020-08-22T01:21:30.186+0000][10296][safepoint    ] Safepoint "Cleanup", Time since last: 2000371400 ns, Reaching safepoint: 132200 ns, At safepoint: 1900 ns, Total: 134100 ns
[2020-08-22T01:21:32.187+0000][10296][safepoint    ] Safepoint "Cleanup", Time since last: 2000365700 ns, Reaching safepoint: 143200 ns, At safepoint: 7200 ns, Total: 150400 ns
[2020-08-22T01:21:34.187+0000][10296][safepoint    ] Safepoint "Cleanup", Time since last: 2000353700 ns, Reaching safepoint: 127100 ns, At safepoint: 1900 ns, Total: 129000 ns
[2020-08-22T01:21:35.601+0000][10296][safepoint    ] Safepoint "Cleanup", Time since last: 1413614800 ns, Reaching safepoint: 123400 ns, At safepoint: 4600 ns, Total: 128000 ns
[2020-08-22T01:21:36.604+0000][10296][safepoint    ] Safepoint "Cleanup", Time since last: 1002636700 ns, Reaching safepoint: 130200 ns, At safepoint: 2100 ns, Total: 132300 ns
[2020-08-22T01:21:37.604+0000][10296][safepoint    ] Safepoint "Cleanup", Time since last: 1000360000 ns, Reaching safepoint: 141800 ns, At safepoint: 7300 ns, Total: 149100 ns
[2020-08-22T01:21:38.605+0000][10296][safepoint    ] Safepoint "Cleanup", Time since last: 1000345800 ns, Reaching safepoint: 175100 ns, At safepoint: 2200 ns, Total: 177300 ns
[2020-08-22T01:21:39.605+0000][10296][safepoint    ] Safepoint "Cleanup", Time since last: 1000018800 ns, Reaching safepoint: 150400 ns, At safepoint: 8300 ns, Total: 158700 ns
[2020-08-22T01:21:40.605+0000][10296][safepoint    ] Safepoint "Cleanup", Time since last: 1000137800 ns, Reaching safepoint: 132700 ns, At safepoint: 2200 ns, Total: 134900 ns
[2020-08-22T01:21:42.606+0000][10296][safepoint    ] Safepoint "Cleanup", Time since last: 2000373000 ns, Reaching safepoint: 128100 ns, At safepoint: 7700 ns, Total: 135800 ns
[2020-08-22T01:21:43.606+0000][10296][safepoint    ] Safepoint "Cleanup", Time since last: 1000117100 ns, Reaching safepoint: 144000 ns, At safepoint: 2800 ns, Total: 146800 ns
[2020-08-22T01:21:44.606+0000][10296][safepoint    ] Safepoint "Cleanup", Time since last: 1000094000 ns, Reaching safepoint: 134600 ns, At safepoint: 7200 ns, Total: 141800 ns
[2020-08-22T01:21:46.607+0000][10296][safepoint    ] Safepoint "Cleanup", Time since last: 2000364900 ns, Reaching safepoint: 126900 ns, At safepoint: 7000 ns, Total: 133900 ns
[2020-08-22T01:21:47.607+0000][10296][safepoint    ] Safepoint "Cleanup", Time since last: 1000138100 ns, Reaching safepoint: 125300 ns, At safepoint: 7100 ns, Total: 132400 ns
[2020-08-22T01:21:49.607+0000][10296][safepoint    ] Safepoint "Cleanup", Time since last: 1999924700 ns, Reaching safepoint: 133200 ns, At safepoint: 2300 ns, Total: 135500 ns
[2020-08-22T01:21:50.607+0000][10296][safepoint    ] Safepoint "Cleanup", Time since last: 1000043200 ns, Reaching safepoint: 121700 ns, At safepoint: 1900 ns, Total: 123600 ns
[2020-08-22T01:21:51.608+0000][10296][safepoint    ] Safepoint "Cleanup", Time since last: 1000377200 ns, Reaching safepoint: 120700 ns, At safepoint: 2100 ns, Total: 122800 ns
[2020-08-22T01:21:52.608+0000][10296][safepoint    ] Safepoint "Cleanup", Time since last: 1000372800 ns, Reaching safepoint: 147700 ns, At safepoint: 7400 ns, Total: 155100 ns
[2020-08-22T01:21:53.609+0000][10296][safepoint    ] Safepoint "Cleanup", Time since last: 1000303300 ns, Reaching safepoint: 140400 ns, At safepoint: 2700 ns, Total: 143100 ns
[2020-08-22T01:21:55.609+0000][10296][safepoint    ] Safepoint "Cleanup", Time since last: 1999895200 ns, Reaching safepoint: 151000 ns, At safepoint: 7200 ns, Total: 158200 ns
[2020-08-22T01:21:57.609+0000][10296][safepoint    ] Safepoint "Cleanup", Time since last: 1999851600 ns, Reaching safepoint: 134000 ns, At safepoint: 2200 ns, Total: 136200 ns
[2020-08-22T01:21:58.609+0000][10296][safepoint    ] Safepoint "Cleanup", Time since last: 1000230600 ns, Reaching safepoint: 133700 ns, At safepoint: 2100 ns, Total: 135800 ns
[2020-08-22T01:22:00.610+0000][10296][safepoint    ] Safepoint "Cleanup", Time since last: 2000490400 ns, Reaching safepoint: 134700 ns, At safepoint: 2100 ns, Total: 136800 ns
[2020-08-22T01:22:02.610+0000][10296][safepoint    ] Safepoint "Cleanup", Time since last: 2000362700 ns, Reaching safepoint: 142300 ns, At safepoint: 7400 ns, Total: 149700 ns
[2020-08-22T01:22:04.611+0000][10296][safepoint    ] Safepoint "Cleanup", Time since last: 2000356100 ns, Reaching safepoint: 130500 ns, At safepoint: 2800 ns, Total: 133300 ns
[2020-08-22T01:22:05.611+0000][10296][safepoint    ] Safepoint "Cleanup", Time since last: 1000316900 ns, Reaching safepoint: 135500 ns, At safepoint: 7100 ns, Total: 142600 ns
[2020-08-22T01:22:07.611+0000][10296][safepoint    ] Safepoint "Cleanup", Time since last: 2000025300 ns, Reaching safepoint: 127800 ns, At safepoint: 2100 ns, Total: 129900 ns
[2020-08-22T01:22:08.612+0000][10296][safepoint    ] Safepoint "Cleanup", Time since last: 1000260200 ns, Reaching safepoint: 157100 ns, At safepoint: 8300 ns, Total: 165400 ns
[2020-08-22T01:22:09.612+0000][10296][safepoint    ] Safepoint "Cleanup", Time since last: 1000288900 ns, Reaching safepoint: 128700 ns, At safepoint: 7300 ns, Total: 136000 ns
[2020-08-22T01:22:11.613+0000][10296][safepoint    ] Safepoint "Cleanup", Time since last: 2000354900 ns, Reaching safepoint: 132100 ns, At safepoint: 2100 ns, Total: 134200 ns
[2020-08-22T01:22:13.613+0000][10296][safepoint    ] Safepoint "Cleanup", Time since last: 2000123800 ns, Reaching safepoint: 129200 ns, At safepoint: 7300 ns, Total: 136500 ns
[2020-08-22T01:22:14.613+0000][10296][safepoint    ] Safepoint "Cleanup", Time since last: 1000113700 ns, Reaching safepoint: 131900 ns, At safepoint: 2100 ns, Total: 134000 ns
[2020-08-22T01:22:15.613+0000][10296][safepoint    ] Safepoint "Cleanup", Time since last: 1000040800 ns, Reaching safepoint: 137800 ns, At safepoint: 7300 ns, Total: 145100 ns
[2020-08-22T01:22:16.614+0000][10296][safepoint    ] Safepoint "Cleanup", Time since last: 1000216400 ns, Reaching safepoint: 132100 ns, At safepoint: 7000 ns, Total: 139100 ns
[2020-08-22T01:22:17.614+0000][10296][safepoint    ] Safepoint "Cleanup", Time since last: 1000363100 ns, Reaching safepoint: 138500 ns, At safepoint: 7600 ns, Total: 146100 ns
[2020-08-22T01:22:18.615+0000][10296][safepoint    ] Safepoint "Cleanup", Time since last: 1000344600 ns, Reaching safepoint: 127300 ns, At safepoint: 7100 ns, Total: 134400 ns
[2020-08-22T01:22:20.615+0000][10296][safepoint    ] Safepoint "Cleanup", Time since last: 2000379000 ns, Reaching safepoint: 130400 ns, At safepoint: 2100 ns, Total: 132500 ns
[2020-08-22T01:22:21.616+0000][10296][safepoint    ] Safepoint "Cleanup", Time since last: 1000359000 ns, Reaching safepoint: 134100 ns, At safepoint: 7000 ns, Total: 141100 ns
[2020-08-22T01:22:22.616+0000][10296][safepoint    ] Safepoint "Cleanup", Time since last: 1000111400 ns, Reaching safepoint: 164700 ns, At safepoint: 2100 ns, Total: 166800 ns
[2020-08-22T01:22:23.616+0000][10296][safepoint    ] Safepoint "Cleanup", Time since last: 1000085600 ns, Reaching safepoint: 116700 ns, At safepoint: 2000 ns, Total: 118700 ns
[2020-08-22T01:22:24.617+0000][10296][safepoint    ] Safepoint "Cleanup", Time since last: 1000376700 ns, Reaching safepoint: 148200 ns, At safepoint: 7200 ns, Total: 155400 ns
[2020-08-22T01:22:26.617+0000][10296][safepoint    ] Safepoint "Cleanup", Time since last: 2000343900 ns, Reaching safepoint: 130300 ns, At safepoint: 2200 ns, Total: 132500 ns
[2020-08-22T01:22:28.618+0000][10296][safepoint    ] Safepoint "Cleanup", Time since last: 2000375500 ns, Reaching safepoint: 127900 ns, At safepoint: 7400 ns, Total: 135300 ns
[2020-08-22T01:22:30.618+0000][10296][safepoint    ] Safepoint "Cleanup", Time since last: 2000361200 ns, Reaching safepoint: 140200 ns, At safepoint: 7400 ns, Total: 147600 ns
[2020-08-22T01:22:31.619+0000][10296][safepoint    ] Safepoint "Cleanup", Time since last: 1000348700 ns, Reaching safepoint: 136300 ns, At safepoint: 7800 ns, Total: 144100 ns
[2020-08-22T01:22:33.619+0000][10296][safepoint    ] Safepoint "Cleanup", Time since last: 2000041300 ns, Reaching safepoint: 147800 ns, At safepoint: 7100 ns, Total: 154900 ns
[2020-08-22T01:22:34.251+0000][10296][gc,start     ] GC(30) Pause Young (Normal) (G1 Evacuation Pause)
[2020-08-22T01:22:34.251+0000][10296][gc,task      ] GC(30) Using 18 workers of 18 for evacuation
[2020-08-22T01:22:34.251+0000][10296][gc,age       ] GC(30) Desired survivor size 40370176 bytes, new threshold 15 (max threshold 15)
[2020-08-22T01:22:34.253+0000][10296][gc,age       ] GC(30) Age table with threshold 15 (max threshold 15)
[2020-08-22T01:22:34.253+0000][10296][gc,age       ] GC(30) - age   1:      92616 bytes,      92616 total
[2020-08-22T01:22:34.253+0000][10296][gc,age       ] GC(30) - age   2:       1192 bytes,      93808 total
[2020-08-22T01:22:34.253+0000][10296][gc,age       ] GC(30) - age   3:        368 bytes,      94176 total
[2020-08-22T01:22:34.253+0000][10296][gc,age       ] GC(30) - age   4:      78176 bytes,     172352 total
[2020-08-22T01:22:34.253+0000][10296][gc,age       ] GC(30) - age   5:     441304 bytes,     613656 total
[2020-08-22T01:22:34.253+0000][10296][gc,age       ] GC(30) - age   6:       2352 bytes,     616008 total
[2020-08-22T01:22:34.253+0000][10296][gc,age       ] GC(30) - age   7:      17768 bytes,     633776 total
[2020-08-22T01:22:34.253+0000][10296][gc,age       ] GC(30) - age   8:     444328 bytes,    1078104 total
[2020-08-22T01:22:34.253+0000][10296][gc,age       ] GC(30) - age   9:      99520 bytes,    1177624 total
[2020-08-22T01:22:34.253+0000][10296][gc,age       ] GC(30) - age  10:       2888 bytes,    1180512 total
[2020-08-22T01:22:34.253+0000][10296][gc,age       ] GC(30) - age  11:       2640 bytes,    1183152 total
[2020-08-22T01:22:34.253+0000][10296][gc,age       ] GC(30) - age  12:       1768 bytes,    1184920 total
[2020-08-22T01:22:34.253+0000][10296][gc,age       ] GC(30) - age  13:     679640 bytes,    1864560 total
[2020-08-22T01:22:34.253+0000][10296][gc,age       ] GC(30) - age  14:       9592 bytes,    1874152 total
[2020-08-22T01:22:34.253+0000][10296][gc,age       ] GC(30) - age  15:      38112 bytes,    1912264 total
[2020-08-22T01:22:34.253+0000][10296][gc,phases    ] GC(30)   Pre Evacuate Collection Set: 0.1ms
[2020-08-22T01:22:34.253+0000][10296][gc,phases    ] GC(30)   Merge Heap Roots: 0.1ms
[2020-08-22T01:22:34.253+0000][10296][gc,phases    ] GC(30)   Evacuate Collection Set: 1.0ms
[2020-08-22T01:22:34.253+0000][10296][gc,phases    ] GC(30)   Post Evacuate Collection Set: 0.5ms
[2020-08-22T01:22:34.253+0000][10296][gc,phases    ] GC(30)   Other: 0.4ms
[2020-08-22T01:22:34.253+0000][10296][gc,heap      ] GC(30) Eden regions: 611->0(612)
[2020-08-22T01:22:34.253+0000][10296][gc,heap      ] GC(30) Survivor regions: 3->2(77)
[2020-08-22T01:22:34.253+0000][10296][gc,heap      ] GC(30) Old regions: 70->70
[2020-08-22T01:22:34.253+0000][10296][gc,heap      ] GC(30) Archive regions: 0->0
[2020-08-22T01:22:34.253+0000][10296][gc,heap      ] GC(30) Humongous regions: 7->7
[2020-08-22T01:22:34.253+0000][10296][gc,metaspace ] GC(30) Metaspace: 95118K(103168K)->95118K(103168K) NonClass: 82228K(87040K)->82228K(87040K) Class: 12890K(16128K)->12890K(16128K)
[2020-08-22T01:22:34.253+0000][10296][gc           ] GC(30) Pause Young (Normal) (G1 Evacuation Pause) 689M->78M(1024M) 2.124ms
[2020-08-22T01:22:34.253+0000][10296][gc,cpu       ] GC(30) User=0.28s Sys=0.00s Real=0.00s
[2020-08-22T01:22:34.253+0000][10296][safepoint    ] Safepoint "G1CollectForAllocation", Time since last: 631825400 ns, Reaching safepoint: 119800 ns, At safepoint: 2210300 ns, Total: 2330100 ns
[2020-08-22T01:22:35.254+0000][10296][safepoint    ] Safepoint "Cleanup", Time since last: 1000509400 ns, Reaching safepoint: 159000 ns, At safepoint: 5800 ns, Total: 164800 ns
[2020-08-22T01:22:36.254+0000][10296][safepoint    ] Safepoint "Cleanup", Time since last: 1000304900 ns, Reaching safepoint: 135800 ns, At safepoint: 3300 ns, Total: 139100 ns
[2020-08-22T01:22:38.254+0000][10296][safepoint    ] Safepoint "Cleanup", Time since last: 1999911600 ns, Reaching safepoint: 129900 ns, At safepoint: 2000 ns, Total: 131900 ns
[2020-08-22T01:22:39.717+0000][10296][safepoint    ] Safepoint "Cleanup", Time since last: 1462343800 ns, Reaching safepoint: 145000 ns, At safepoint: 6600 ns, Total: 151600 ns
[2020-08-22T01:22:40.717+0000][10296][safepoint    ] Safepoint "Cleanup", Time since last: 1000329500 ns, Reaching safepoint: 134800 ns, At safepoint: 2100 ns, Total: 136900 ns
[2020-08-22T01:22:42.718+0000][10296][safepoint    ] Safepoint "Cleanup", Time since last: 2000385000 ns, Reaching safepoint: 126100 ns, At safepoint: 7600 ns, Total: 133700 ns
[2020-08-22T01:22:43.718+0000][10296][safepoint    ] Safepoint "Cleanup", Time since last: 1000363300 ns, Reaching safepoint: 149400 ns, At safepoint: 2300 ns, Total: 151700 ns
[2020-08-22T01:22:45.718+0000][10296][safepoint    ] Safepoint "Cleanup", Time since last: 1999846900 ns, Reaching safepoint: 123300 ns, At safepoint: 6900 ns, Total: 130200 ns
[2020-08-22T01:22:46.719+0000][10296][safepoint    ] Safepoint "Cleanup", Time since last: 1000370300 ns, Reaching safepoint: 132600 ns, At safepoint: 7200 ns, Total: 139800 ns
[2020-08-22T01:22:47.719+0000][10296][safepoint    ] Safepoint "Cleanup", Time since last: 1000173700 ns, Reaching safepoint: 138900 ns, At safepoint: 7900 ns, Total: 146800 ns
[2020-08-22T01:22:48.719+0000][10296][safepoint    ] Safepoint "Cleanup", Time since last: 1000152800 ns, Reaching safepoint: 131400 ns, At safepoint: 2400 ns, Total: 133800 ns
[2020-08-22T01:22:49.720+0000][10296][safepoint    ] Safepoint "Cleanup", Time since last: 1000276600 ns, Reaching safepoint: 122700 ns, At safepoint: 7300 ns, Total: 130000 ns
[2020-08-22T01:22:50.720+0000][10296][safepoint    ] Safepoint "Cleanup", Time since last: 1000348300 ns, Reaching safepoint: 129500 ns, At safepoint: 6700 ns, Total: 136200 ns
[2020-08-22T01:22:51.721+0000][10296][safepoint    ] Safepoint "Cleanup", Time since last: 1000352000 ns, Reaching safepoint: 126500 ns, At safepoint: 7600 ns, Total: 134100 ns
[2020-08-22T01:22:52.721+0000][10296][safepoint    ] Safepoint "Cleanup", Time since last: 1000046300 ns, Reaching safepoint: 136400 ns, At safepoint: 7300 ns, Total: 143700 ns
[2020-08-22T01:22:53.721+0000][10296][safepoint    ] Safepoint "Cleanup", Time since last: 1000159000 ns, Reaching safepoint: 145300 ns, At safepoint: 2100 ns, Total: 147400 ns
[2020-08-22T01:22:55.722+0000][10296][safepoint    ] Safepoint "Cleanup", Time since last: 2000376300 ns, Reaching safepoint: 168100 ns, At safepoint: 2500 ns, Total: 170600 ns
[2020-08-22T01:22:57.722+0000][10296][safepoint    ] Safepoint "Cleanup", Time since last: 1999942200 ns, Reaching safepoint: 120100 ns, At safepoint: 2000 ns, Total: 122100 ns
[2020-08-22T01:22:58.722+0000][10296][safepoint    ] Safepoint "Cleanup", Time since last: 1000178500 ns, Reaching safepoint: 154200 ns, At safepoint: 7600 ns, Total: 161800 ns
[2020-08-22T01:22:59.722+0000][10296][safepoint    ] Safepoint "Cleanup", Time since last: 1000146200 ns, Reaching safepoint: 130500 ns, At safepoint: 2400 ns, Total: 132900 ns
[2020-08-22T01:23:00.723+0000][10296][safepoint    ] Safepoint "Cleanup", Time since last: 1000147200 ns, Reaching safepoint: 118500 ns, At safepoint: 7200 ns, Total: 125700 ns
[2020-08-22T01:23:01.723+0000][10296][safepoint    ] Safepoint "Cleanup", Time since last: 1000373700 ns, Reaching safepoint: 134500 ns, At safepoint: 2300 ns, Total: 136800 ns
[2020-08-22T01:23:02.723+0000][10296][safepoint    ] Safepoint "Cleanup", Time since last: 1000001500 ns, Reaching safepoint: 139500 ns, At safepoint: 2100 ns, Total: 141600 ns
[2020-08-22T01:23:03.725+0000][10296][safepoint    ] Safepoint "Cleanup", Time since last: 1001444900 ns, Reaching safepoint: 132700 ns, At safepoint: 7400 ns, Total: 140100 ns
[2020-08-22T01:23:04.725+0000][10296][safepoint    ] Safepoint "Cleanup", Time since last: 1000132800 ns, Reaching safepoint: 129200 ns, At safepoint: 2400 ns, Total: 131600 ns
[2020-08-22T01:23:05.726+0000][10296][safepoint    ] Safepoint "Cleanup", Time since last: 1000339300 ns, Reaching safepoint: 141900 ns, At safepoint: 2400 ns, Total: 144300 ns
[2020-08-22T01:23:07.726+0000][10296][safepoint    ] Safepoint "Cleanup", Time since last: 2000384400 ns, Reaching safepoint: 140200 ns, At safepoint: 2100 ns, Total: 142300 ns
[2020-08-22T01:23:09.702+0000][10296][safepoint    ] Safepoint "Cleanup", Time since last: 1975357100 ns, Reaching safepoint: 144000 ns, At safepoint: 7300 ns, Total: 151300 ns
[2020-08-22T01:23:10.702+0000][10296][safepoint    ] Safepoint "Cleanup", Time since last: 1000336700 ns, Reaching safepoint: 122400 ns, At safepoint: 7700 ns, Total: 130100 ns
[2020-08-22T01:23:12.703+0000][10296][safepoint    ] Safepoint "Cleanup", Time since last: 2000176400 ns, Reaching safepoint: 137200 ns, At safepoint: 7600 ns, Total: 144800 ns
[2020-08-22T01:23:13.703+0000][10296][safepoint    ] Safepoint "Cleanup", Time since last: 1000173200 ns, Reaching safepoint: 144700 ns, At safepoint: 7500 ns, Total: 152200 ns
[2020-08-22T01:23:15.703+0000][10296][safepoint    ] Safepoint "Cleanup", Time since last: 2000343000 ns, Reaching safepoint: 134800 ns, At safepoint: 2200 ns, Total: 137000 ns
[2020-08-22T01:23:16.704+0000][10296][safepoint    ] Safepoint "Cleanup", Time since last: 1000069600 ns, Reaching safepoint: 134000 ns, At safepoint: 7300 ns, Total: 141300 ns
[2020-08-22T01:23:17.704+0000][10296][safepoint    ] Safepoint "Cleanup", Time since last: 1000021100 ns, Reaching safepoint: 120400 ns, At safepoint: 2100 ns, Total: 122500 ns
[2020-08-22T01:23:19.704+0000][10296][safepoint    ] Safepoint "Cleanup", Time since last: 1999974100 ns, Reaching safepoint: 137100 ns, At safepoint: 2600 ns, Total: 139700 ns
[2020-08-22T01:23:20.704+0000][10296][safepoint    ] Safepoint "Cleanup", Time since last: 1000290700 ns, Reaching safepoint: 134400 ns, At safepoint: 6800 ns, Total: 141200 ns
[2020-08-22T01:23:21.704+0000][10296][safepoint    ] Safepoint "Cleanup", Time since last: 1000074600 ns, Reaching safepoint: 119700 ns, At safepoint: 7200 ns, Total: 126900 ns
[2020-08-22T01:23:22.705+0000][10296][safepoint    ] Safepoint "Cleanup", Time since last: 1000180300 ns, Reaching safepoint: 136100 ns, At safepoint: 2200 ns, Total: 138300 ns
[2020-08-22T01:23:23.705+0000][10296][safepoint    ] Safepoint "Cleanup", Time since last: 1000209300 ns, Reaching safepoint: 132700 ns, At safepoint: 2100 ns, Total: 134800 ns
[2020-08-22T01:23:25.705+0000][10296][safepoint    ] Safepoint "Cleanup", Time since last: 2000003900 ns, Reaching safepoint: 132300 ns, At safepoint: 7100 ns, Total: 139400 ns
[2020-08-22T01:23:26.706+0000][10296][safepoint    ] Safepoint "Cleanup", Time since last: 1000315500 ns, Reaching safepoint: 126300 ns, At safepoint: 7100 ns, Total: 133400 ns
[2020-08-22T01:23:28.706+0000][10296][safepoint    ] Safepoint "Cleanup", Time since last: 1999908600 ns, Reaching safepoint: 128600 ns, At safepoint: 2700 ns, Total: 131300 ns
[2020-08-22T01:23:30.706+0000][10296][safepoint    ] Safepoint "Cleanup", Time since last: 2000296300 ns, Reaching safepoint: 133700 ns, At safepoint: 2300 ns, Total: 136000 ns
[2020-08-22T01:23:32.707+0000][10296][safepoint    ] Safepoint "Cleanup", Time since last: 2000425100 ns, Reaching safepoint: 163800 ns, At safepoint: 2100 ns, Total: 165900 ns
[2020-08-22T01:23:34.707+0000][10296][safepoint    ] Safepoint "Cleanup", Time since last: 2000333600 ns, Reaching safepoint: 135100 ns, At safepoint: 7400 ns, Total: 142500 ns
[2020-08-22T01:23:36.707+0000][10296][safepoint    ] Safepoint "Cleanup", Time since last: 1999903900 ns, Reaching safepoint: 133800 ns, At safepoint: 2100 ns, Total: 135900 ns
[2020-08-22T01:23:37.708+0000][10296][safepoint    ] Safepoint "Cleanup", Time since last: 1000349600 ns, Reaching safepoint: 133200 ns, At safepoint: 7100 ns, Total: 140300 ns
[2020-08-22T01:23:39.704+0000][10296][safepoint    ] Safepoint "Cleanup", Time since last: 1995839600 ns, Reaching safepoint: 123500 ns, At safepoint: 6900 ns, Total: 130400 ns
[2020-08-22T01:23:41.704+0000][10296][safepoint    ] Safepoint "Cleanup", Time since last: 2000364100 ns, Reaching safepoint: 129800 ns, At safepoint: 7300 ns, Total: 137100 ns
[2020-08-22T01:23:42.705+0000][10296][safepoint    ] Safepoint "Cleanup", Time since last: 1000360200 ns, Reaching safepoint: 118400 ns, At safepoint: 2500 ns, Total: 120900 ns
[2020-08-22T01:23:44.705+0000][10296][safepoint    ] Safepoint "Cleanup", Time since last: 2000143500 ns, Reaching safepoint: 123000 ns, At safepoint: 2000 ns, Total: 125000 ns
[2020-08-22T01:23:45.705+0000][10296][safepoint    ] Safepoint "Cleanup", Time since last: 1000132300 ns, Reaching safepoint: 132200 ns, At safepoint: 2400 ns, Total: 134600 ns
[2020-08-22T01:23:46.706+0000][10296][safepoint    ] Safepoint "Cleanup", Time since last: 1000342800 ns, Reaching safepoint: 163900 ns, At safepoint: 7400 ns, Total: 171300 ns
[2020-08-22T01:23:48.706+0000][10296][safepoint    ] Safepoint "Cleanup", Time since last: 2000329700 ns, Reaching safepoint: 134700 ns, At safepoint: 7000 ns, Total: 141700 ns
[2020-08-22T01:23:49.707+0000][10296][safepoint    ] Safepoint "Cleanup", Time since last: 1000355000 ns, Reaching safepoint: 121600 ns, At safepoint: 7600 ns, Total: 129200 ns
[2020-08-22T01:23:51.707+0000][10296][safepoint    ] Safepoint "Cleanup", Time since last: 1999876800 ns, Reaching safepoint: 121600 ns, At safepoint: 2000 ns, Total: 123600 ns
[2020-08-22T01:23:52.707+0000][10296][safepoint    ] Safepoint "Cleanup", Time since last: 1000373500 ns, Reaching safepoint: 134500 ns, At safepoint: 2100 ns, Total: 136600 ns
[2020-08-22T01:23:54.707+0000][10296][safepoint    ] Safepoint "Cleanup", Time since last: 1999926200 ns, Reaching safepoint: 150200 ns, At safepoint: 2100 ns, Total: 152300 ns
[2020-08-22T01:23:55.708+0000][10296][safepoint    ] Safepoint "Cleanup", Time since last: 1000300500 ns, Reaching safepoint: 125200 ns, At safepoint: 7700 ns, Total: 132900 ns
[2020-08-22T01:23:57.708+0000][10296][safepoint    ] Safepoint "Cleanup", Time since last: 2000352400 ns, Reaching safepoint: 126200 ns, At safepoint: 2100 ns, Total: 128300 ns
[2020-08-22T01:23:58.709+0000][10296][safepoint    ] Safepoint "Cleanup", Time since last: 1000367900 ns, Reaching safepoint: 141300 ns, At safepoint: 2800 ns, Total: 144100 ns
[2020-08-22T01:23:59.709+0000][10296][safepoint    ] Safepoint "Cleanup", Time since last: 1000311000 ns, Reaching safepoint: 134300 ns, At safepoint: 2400 ns, Total: 136700 ns
[2020-08-22T01:24:01.710+0000][10296][safepoint    ] Safepoint "Cleanup", Time since last: 2000407700 ns, Reaching safepoint: 134200 ns, At safepoint: 7400 ns, Total: 141600 ns
[2020-08-22T01:24:02.710+0000][10296][safepoint    ] Safepoint "Cleanup", Time since last: 1000144900 ns, Reaching safepoint: 141900 ns, At safepoint: 2500 ns, Total: 144400 ns
[2020-08-22T01:24:03.710+0000][10296][safepoint    ] Safepoint "Cleanup", Time since last: 1000068900 ns, Reaching safepoint: 117800 ns, At safepoint: 6900 ns, Total: 124700 ns
[2020-08-22T01:24:05.711+0000][10296][safepoint    ] Safepoint "Cleanup", Time since last: 2000380400 ns, Reaching safepoint: 129000 ns, At safepoint: 7400 ns, Total: 136400 ns
[2020-08-22T01:24:06.711+0000][10296][safepoint    ] Safepoint "Cleanup", Time since last: 1000357200 ns, Reaching safepoint: 128900 ns, At safepoint: 7100 ns, Total: 136000 ns
[2020-08-22T01:24:08.712+0000][10296][safepoint    ] Safepoint "Cleanup", Time since last: 2000354200 ns, Reaching safepoint: 118500 ns, At safepoint: 6300 ns, Total: 124800 ns
[2020-08-22T01:24:10.712+0000][10296][safepoint    ] Safepoint "Cleanup", Time since last: 2000388800 ns, Reaching safepoint: 135200 ns, At safepoint: 7000 ns, Total: 142200 ns
[2020-08-22T01:24:11.713+0000][10296][safepoint    ] Safepoint "Cleanup", Time since last: 1000360800 ns, Reaching safepoint: 140400 ns, At safepoint: 6800 ns, Total: 147200 ns
[2020-08-22T01:24:12.713+0000][10296][safepoint    ] Safepoint "Cleanup", Time since last: 1000356000 ns, Reaching safepoint: 137900 ns, At safepoint: 7900 ns, Total: 145800 ns
[2020-08-22T01:24:14.714+0000][10296][safepoint    ] Safepoint "Cleanup", Time since last: 2000349700 ns, Reaching safepoint: 123200 ns, At safepoint: 2500 ns, Total: 125700 ns
[2020-08-22T01:24:16.714+0000][10296][safepoint    ] Safepoint "Cleanup", Time since last: 1999938500 ns, Reaching safepoint: 130100 ns, At safepoint: 7500 ns, Total: 137600 ns
[2020-08-22T01:24:17.714+0000][10296][safepoint    ] Safepoint "Cleanup", Time since last: 1000287300 ns, Reaching safepoint: 128600 ns, At safepoint: 2300 ns, Total: 130900 ns
[2020-08-22T01:24:19.715+0000][10296][safepoint    ] Safepoint "Cleanup", Time since last: 2000383600 ns, Reaching safepoint: 120500 ns, At safepoint: 7500 ns, Total: 128000 ns
[2020-08-22T01:24:20.715+0000][10296][safepoint    ] Safepoint "Cleanup", Time since last: 1000367700 ns, Reaching safepoint: 134400 ns, At safepoint: 6300 ns, Total: 140700 ns
[2020-08-22T01:24:22.716+0000][10296][safepoint    ] Safepoint "Cleanup", Time since last: 2000356900 ns, Reaching safepoint: 126900 ns, At safepoint: 2000 ns, Total: 128900 ns
[2020-08-22T01:24:24.716+0000][10296][safepoint    ] Safepoint "Cleanup", Time since last: 2000394300 ns, Reaching safepoint: 122000 ns, At safepoint: 7300 ns, Total: 129300 ns
[2020-08-22T01:24:26.717+0000][10296][safepoint    ] Safepoint "Cleanup", Time since last: 2000156600 ns, Reaching safepoint: 128900 ns, At safepoint: 2000 ns, Total: 130900 ns
[2020-08-22T01:24:27.717+0000][10296][safepoint    ] Safepoint "Cleanup", Time since last: 1000056500 ns, Reaching safepoint: 137700 ns, At safepoint: 7100 ns, Total: 144800 ns
[2020-08-22T01:24:29.717+0000][10296][safepoint    ] Safepoint "Cleanup", Time since last: 2000192900 ns, Reaching safepoint: 131100 ns, At safepoint: 1900 ns, Total: 133000 ns
[2020-08-22T01:24:30.717+0000][10296][safepoint    ] Safepoint "Cleanup", Time since last: 1000167800 ns, Reaching safepoint: 131800 ns, At safepoint: 2100 ns, Total: 133900 ns
[2020-08-22T01:24:31.718+0000][10296][safepoint    ] Safepoint "Cleanup", Time since last: 1000238900 ns, Reaching safepoint: 130100 ns, At safepoint: 2100 ns, Total: 132200 ns
[2020-08-22T01:24:32.718+0000][10296][safepoint    ] Safepoint "Cleanup", Time since last: 1000360200 ns, Reaching safepoint: 135800 ns, At safepoint: 2500 ns, Total: 138300 ns
[2020-08-22T01:24:33.719+0000][10296][safepoint    ] Safepoint "Cleanup", Time since last: 1000359500 ns, Reaching safepoint: 128700 ns, At safepoint: 2200 ns, Total: 130900 ns
[2020-08-22T01:24:34.719+0000][10296][safepoint    ] Safepoint "Cleanup", Time since last: 1000378300 ns, Reaching safepoint: 146500 ns, At safepoint: 7700 ns, Total: 154200 ns
[2020-08-22T01:24:35.719+0000][10296][safepoint    ] Safepoint "Cleanup", Time since last: 1000098600 ns, Reaching safepoint: 180100 ns, At safepoint: 7100 ns, Total: 187200 ns
[2020-08-22T01:24:36.720+0000][10296][safepoint    ] Safepoint "Cleanup", Time since last: 1000115500 ns, Reaching safepoint: 134400 ns, At safepoint: 2500 ns, Total: 136900 ns
[2020-08-22T01:24:37.720+0000][10296][safepoint    ] Safepoint "Cleanup", Time since last: 1000310000 ns, Reaching safepoint: 148200 ns, At safepoint: 2300 ns, Total: 150500 ns
[2020-08-22T01:24:39.720+0000][10296][safepoint    ] Safepoint "Cleanup", Time since last: 2000019500 ns, Reaching safepoint: 137200 ns, At safepoint: 7100 ns, Total: 144300 ns
[2020-08-22T01:24:40.721+0000][10296][safepoint    ] Safepoint "Cleanup", Time since last: 1000179900 ns, Reaching safepoint: 128700 ns, At safepoint: 7400 ns, Total: 136100 ns
[2020-08-22T01:24:42.721+0000][10296][safepoint    ] Safepoint "Cleanup", Time since last: 1999869300 ns, Reaching safepoint: 128300 ns, At safepoint: 7200 ns, Total: 135500 ns
[2020-08-22T01:24:43.721+0000][10296][safepoint    ] Safepoint "Cleanup", Time since last: 1000357700 ns, Reaching safepoint: 118600 ns, At safepoint: 2000 ns, Total: 120600 ns
[2020-08-22T01:24:44.722+0000][10296][safepoint    ] Safepoint "Cleanup", Time since last: 1000373000 ns, Reaching safepoint: 123400 ns, At safepoint: 2100 ns, Total: 125500 ns
[2020-08-22T01:24:45.722+0000][10296][safepoint    ] Safepoint "Cleanup", Time since last: 1000252300 ns, Reaching safepoint: 138900 ns, At safepoint: 7300 ns, Total: 146200 ns
[2020-08-22T01:24:47.722+0000][10296][safepoint    ] Safepoint "Cleanup", Time since last: 1999997200 ns, Reaching safepoint: 138200 ns, At safepoint: 2100 ns, Total: 140300 ns
[2020-08-22T01:24:48.723+0000][10296][safepoint    ] Safepoint "Cleanup", Time since last: 1000153700 ns, Reaching safepoint: 124300 ns, At safepoint: 2400 ns, Total: 126700 ns
[2020-08-22T01:24:49.723+0000][10296][safepoint    ] Safepoint "Cleanup", Time since last: 1000182300 ns, Reaching safepoint: 121400 ns, At safepoint: 7900 ns, Total: 129300 ns
[2020-08-22T01:24:51.723+0000][10296][safepoint    ] Safepoint "Cleanup", Time since last: 2000251400 ns, Reaching safepoint: 134000 ns, At safepoint: 7000 ns, Total: 141000 ns
[2020-08-22T01:24:52.724+0000][10296][safepoint    ] Safepoint "Cleanup", Time since last: 1000301600 ns, Reaching safepoint: 134300 ns, At safepoint: 2100 ns, Total: 136400 ns
[2020-08-22T01:24:54.724+0000][10296][safepoint    ] Safepoint "Cleanup", Time since last: 1999929100 ns, Reaching safepoint: 135300 ns, At safepoint: 2400 ns, Total: 137700 ns
[2020-08-22T01:24:55.724+0000][10296][safepoint    ] Safepoint "Cleanup", Time since last: 1000355600 ns, Reaching safepoint: 151900 ns, At safepoint: 2400 ns, Total: 154300 ns
[2020-08-22T01:24:57.725+0000][10296][safepoint    ] Safepoint "Cleanup", Time since last: 2000343000 ns, Reaching safepoint: 129800 ns, At safepoint: 7200 ns, Total: 137000 ns
[2020-08-22T01:24:58.725+0000][10296][safepoint    ] Safepoint "Cleanup", Time since last: 1000368200 ns, Reaching safepoint: 188600 ns, At safepoint: 7700 ns, Total: 196300 ns
[2020-08-22T01:25:00.725+0000][10296][safepoint    ] Safepoint "Cleanup", Time since last: 1999928000 ns, Reaching safepoint: 155600 ns, At safepoint: 7700 ns, Total: 163300 ns
[2020-08-22T01:25:01.726+0000][10296][safepoint    ] Safepoint "Cleanup", Time since last: 1000139000 ns, Reaching safepoint: 127300 ns, At safepoint: 2100 ns, Total: 129400 ns
[2020-08-22T01:25:03.726+0000][10296][safepoint    ] Safepoint "Cleanup", Time since last: 2000443400 ns, Reaching safepoint: 128900 ns, At safepoint: 7500 ns, Total: 136400 ns
[2020-08-22T01:25:04.727+0000][10296][safepoint    ] Safepoint "Cleanup", Time since last: 1000348000 ns, Reaching safepoint: 134000 ns, At safepoint: 2200 ns, Total: 136200 ns
[2020-08-22T01:25:06.727+0000][10296][safepoint    ] Safepoint "Cleanup", Time since last: 2000095300 ns, Reaching safepoint: 127900 ns, At safepoint: 2200 ns, Total: 130100 ns
[2020-08-22T01:25:07.727+0000][10296][safepoint    ] Safepoint "Cleanup", Time since last: 1000179700 ns, Reaching safepoint: 127400 ns, At safepoint: 6900 ns, Total: 134300 ns
[2020-08-22T01:25:08.728+0000][10296][safepoint    ] Safepoint "Cleanup", Time since last: 1000346700 ns, Reaching safepoint: 121000 ns, At safepoint: 2500 ns, Total: 123500 ns
[2020-08-22T01:25:09.728+0000][10296][safepoint    ] Safepoint "Cleanup", Time since last: 1000347800 ns, Reaching safepoint: 129700 ns, At safepoint: 7000 ns, Total: 136700 ns
[2020-08-22T01:25:11.729+0000][10296][safepoint    ] Safepoint "Cleanup", Time since last: 2000371900 ns, Reaching safepoint: 132800 ns, At safepoint: 2400 ns, Total: 135200 ns
[2020-08-22T01:25:13.729+0000][10296][safepoint    ] Safepoint "Cleanup", Time since last: 2000375600 ns, Reaching safepoint: 150400 ns, At safepoint: 7000 ns, Total: 157400 ns
[2020-08-22T01:25:15.729+0000][10296][safepoint    ] Safepoint "Cleanup", Time since last: 2000069600 ns, Reaching safepoint: 152000 ns, At safepoint: 2600 ns, Total: 154600 ns
[2020-08-22T01:25:17.730+0000][10296][safepoint    ] Safepoint "Cleanup", Time since last: 1999913400 ns, Reaching safepoint: 134900 ns, At safepoint: 2100 ns, Total: 137000 ns
[2020-08-22T01:25:18.730+0000][10296][safepoint    ] Safepoint "Cleanup", Time since last: 1000040700 ns, Reaching safepoint: 132900 ns, At safepoint: 7400 ns, Total: 140300 ns
[2020-08-22T01:25:20.730+0000][10296][safepoint    ] Safepoint "Cleanup", Time since last: 1999889500 ns, Reaching safepoint: 119000 ns, At safepoint: 7500 ns, Total: 126500 ns
[2020-08-22T01:25:22.730+0000][10296][safepoint    ] Safepoint "Cleanup", Time since last: 2000378300 ns, Reaching safepoint: 132400 ns, At safepoint: 2000 ns, Total: 134400 ns
[2020-08-22T01:25:23.731+0000][10296][safepoint    ] Safepoint "Cleanup", Time since last: 1000350600 ns, Reaching safepoint: 148100 ns, At safepoint: 2900 ns, Total: 151000 ns
[2020-08-22T01:25:25.731+0000][10296][safepoint    ] Safepoint "Cleanup", Time since last: 1999859900 ns, Reaching safepoint: 128700 ns, At safepoint: 7400 ns, Total: 136100 ns
[2020-08-22T01:25:26.731+0000][10296][safepoint    ] Safepoint "Cleanup", Time since last: 1000363100 ns, Reaching safepoint: 140000 ns, At safepoint: 7500 ns, Total: 147500 ns
[2020-08-22T01:25:28.732+0000][10296][safepoint    ] Safepoint "Cleanup", Time since last: 2000302200 ns, Reaching safepoint: 139200 ns, At safepoint: 7500 ns, Total: 146700 ns
[2020-08-22T01:25:30.732+0000][10296][safepoint    ] Safepoint "Cleanup", Time since last: 2000388900 ns, Reaching safepoint: 134100 ns, At safepoint: 2800 ns, Total: 136900 ns
[2020-08-22T01:25:32.732+0000][10296][safepoint    ] Safepoint "Cleanup", Time since last: 1999895500 ns, Reaching safepoint: 138000 ns, At safepoint: 2000 ns, Total: 140000 ns
[2020-08-22T01:25:33.733+0000][10296][safepoint    ] Safepoint "Cleanup", Time since last: 1000337700 ns, Reaching safepoint: 141000 ns, At safepoint: 8200 ns, Total: 149200 ns
[2020-08-22T01:25:35.733+0000][10296][safepoint    ] Safepoint "Cleanup", Time since last: 2000353100 ns, Reaching safepoint: 136600 ns, At safepoint: 7300 ns, Total: 143900 ns
[2020-08-22T01:25:36.734+0000][10296][safepoint    ] Safepoint "Cleanup", Time since last: 1000199200 ns, Reaching safepoint: 138400 ns, At safepoint: 7200 ns, Total: 145600 ns
[2020-08-22T01:25:38.734+0000][10296][safepoint    ] Safepoint "Cleanup", Time since last: 1999937600 ns, Reaching safepoint: 135600 ns, At safepoint: 2400 ns, Total: 138000 ns
[2020-08-22T01:25:40.734+0000][10296][safepoint    ] Safepoint "Cleanup", Time since last: 2000448600 ns, Reaching safepoint: 132200 ns, At safepoint: 7100 ns, Total: 139300 ns
[2020-08-22T01:25:41.735+0000][10296][safepoint    ] Safepoint "Cleanup", Time since last: 1000356800 ns, Reaching safepoint: 140200 ns, At safepoint: 6600 ns, Total: 146800 ns
[2020-08-22T01:25:42.735+0000][10296][safepoint    ] Safepoint "Cleanup", Time since last: 1000343100 ns, Reaching safepoint: 125800 ns, At safepoint: 7200 ns, Total: 133000 ns
[2020-08-22T01:25:44.736+0000][10296][safepoint    ] Safepoint "Cleanup", Time since last: 2000371300 ns, Reaching safepoint: 162900 ns, At safepoint: 2400 ns, Total: 165300 ns
[2020-08-22T01:25:46.736+0000][10296][safepoint    ] Safepoint "Cleanup", Time since last: 2000332300 ns, Reaching safepoint: 121200 ns, At safepoint: 7700 ns, Total: 128900 ns
[2020-08-22T01:25:48.736+0000][10296][safepoint    ] Safepoint "Cleanup", Time since last: 1999913200 ns, Reaching safepoint: 134500 ns, At safepoint: 2000 ns, Total: 136500 ns
[2020-08-22T01:25:49.737+0000][10296][safepoint    ] Safepoint "Cleanup", Time since last: 1000344100 ns, Reaching safepoint: 141100 ns, At safepoint: 2500 ns, Total: 143600 ns
[2020-08-22T01:25:50.737+0000][10296][safepoint    ] Safepoint "Cleanup", Time since last: 1000331700 ns, Reaching safepoint: 133000 ns, At safepoint: 7100 ns, Total: 140100 ns
[2020-08-22T01:25:52.738+0000][10296][safepoint    ] Safepoint "Cleanup", Time since last: 2000372900 ns, Reaching safepoint: 138600 ns, At safepoint: 2800 ns, Total: 141400 ns
[2020-08-22T01:25:53.738+0000][10296][safepoint    ] Safepoint "Cleanup", Time since last: 1000354900 ns, Reaching safepoint: 133000 ns, At safepoint: 7000 ns, Total: 140000 ns
[2020-08-22T01:25:55.738+0000][10296][safepoint    ] Safepoint "Cleanup", Time since last: 1999942600 ns, Reaching safepoint: 144200 ns, At safepoint: 7500 ns, Total: 151700 ns
[2020-08-22T01:25:56.739+0000][10296][safepoint    ] Safepoint "Cleanup", Time since last: 1000265000 ns, Reaching safepoint: 129600 ns, At safepoint: 7000 ns, Total: 136600 ns
[2020-08-22T01:25:57.739+0000][10296][safepoint    ] Safepoint "Cleanup", Time since last: 1000372500 ns, Reaching safepoint: 132800 ns, At safepoint: 7000 ns, Total: 139800 ns
[2020-08-22T01:25:59.740+0000][10296][safepoint    ] Safepoint "Cleanup", Time since last: 2000352000 ns, Reaching safepoint: 125400 ns, At safepoint: 2600 ns, Total: 128000 ns
[2020-08-22T01:26:00.740+0000][10296][safepoint    ] Safepoint "Cleanup", Time since last: 1000124300 ns, Reaching safepoint: 118900 ns, At safepoint: 2000 ns, Total: 120900 ns
[2020-08-22T01:26:01.740+0000][10296][safepoint    ] Safepoint "Cleanup", Time since last: 1000121900 ns, Reaching safepoint: 137100 ns, At safepoint: 2100 ns, Total: 139200 ns
[2020-08-22T01:26:03.740+0000][10296][safepoint    ] Safepoint "Cleanup", Time since last: 1999928300 ns, Reaching safepoint: 132600 ns, At safepoint: 2000 ns, Total: 134600 ns
[2020-08-22T01:26:04.741+0000][10296][safepoint    ] Safepoint "Cleanup", Time since last: 1000296900 ns, Reaching safepoint: 140000 ns, At safepoint: 7400 ns, Total: 147400 ns
[2020-08-22T01:26:05.741+0000][10296][safepoint    ] Safepoint "Cleanup", Time since last: 1000349200 ns, Reaching safepoint: 132800 ns, At safepoint: 7200 ns, Total: 140000 ns
[2020-08-22T01:26:07.741+0000][10296][safepoint    ] Safepoint "Cleanup", Time since last: 1999865800 ns, Reaching safepoint: 143300 ns, At safepoint: 7800 ns, Total: 151100 ns
[2020-08-22T01:26:09.742+0000][10296][safepoint    ] Safepoint "Cleanup", Time since last: 2000364400 ns, Reaching safepoint: 114600 ns, At safepoint: 2600 ns, Total: 117200 ns
[2020-08-22T01:26:10.742+0000][10296][safepoint    ] Safepoint "Cleanup", Time since last: 1000353600 ns, Reaching safepoint: 134000 ns, At safepoint: 7300 ns, Total: 141300 ns
[2020-08-22T01:26:12.742+0000][10296][safepoint    ] Safepoint "Cleanup", Time since last: 1999869600 ns, Reaching safepoint: 124700 ns, At safepoint: 2100 ns, Total: 126800 ns
[2020-08-22T01:26:13.743+0000][10296][safepoint    ] Safepoint "Cleanup", Time since last: 1000342100 ns, Reaching safepoint: 134800 ns, At safepoint: 2100 ns, Total: 136900 ns
[2020-08-22T01:26:15.743+0000][10296][safepoint    ] Safepoint "Cleanup", Time since last: 2000410100 ns, Reaching safepoint: 136200 ns, At safepoint: 2000 ns, Total: 138200 ns
[2020-08-22T01:26:16.744+0000][10296][safepoint    ] Safepoint "Cleanup", Time since last: 1000350400 ns, Reaching safepoint: 171900 ns, At safepoint: 3100 ns, Total: 175000 ns
[2020-08-22T01:26:17.744+0000][10296][safepoint    ] Safepoint "Cleanup", Time since last: 1000323100 ns, Reaching safepoint: 129400 ns, At safepoint: 7200 ns, Total: 136600 ns
[2020-08-22T01:26:18.745+0000][10296][safepoint    ] Safepoint "Cleanup", Time since last: 1000131600 ns, Reaching safepoint: 124200 ns, At safepoint: 2000 ns, Total: 126200 ns
[2020-08-22T01:26:19.745+0000][10296][safepoint    ] Safepoint "Cleanup", Time since last: 1000183800 ns, Reaching safepoint: 135700 ns, At safepoint: 7500 ns, Total: 143200 ns
[2020-08-22T01:26:20.745+0000][10296][safepoint    ] Safepoint "Cleanup", Time since last: 1000159300 ns, Reaching safepoint: 131000 ns, At safepoint: 2000 ns, Total: 133000 ns
[2020-08-22T01:26:21.745+0000][10296][safepoint    ] Safepoint "Cleanup", Time since last: 1000171100 ns, Reaching safepoint: 151600 ns, At safepoint: 4300 ns, Total: 155900 ns
[2020-08-22T01:26:22.746+0000][10296][safepoint    ] Safepoint "Cleanup", Time since last: 1000153800 ns, Reaching safepoint: 126500 ns, At safepoint: 7400 ns, Total: 133900 ns
[2020-08-22T01:26:24.746+0000][10296][safepoint    ] Safepoint "Cleanup", Time since last: 1999867600 ns, Reaching safepoint: 176100 ns, At safepoint: 1900 ns, Total: 178000 ns
[2020-08-22T01:26:25.746+0000][10296][safepoint    ] Safepoint "Cleanup", Time since last: 1000320500 ns, Reaching safepoint: 133300 ns, At safepoint: 2100 ns, Total: 135400 ns
[2020-08-22T01:26:26.747+0000][10296][safepoint    ] Safepoint "Cleanup", Time since last: 1000370100 ns, Reaching safepoint: 132100 ns, At safepoint: 2200 ns, Total: 134300 ns
[2020-08-22T01:26:28.747+0000][10296][safepoint    ] Safepoint "Cleanup", Time since last: 2000368100 ns, Reaching safepoint: 120800 ns, At safepoint: 7200 ns, Total: 128000 ns
[2020-08-22T01:26:29.748+0000][10296][safepoint    ] Safepoint "Cleanup", Time since last: 1000369000 ns, Reaching safepoint: 120400 ns, At safepoint: 7600 ns, Total: 128000 ns
[2020-08-22T01:26:30.748+0000][10296][safepoint    ] Safepoint "Cleanup", Time since last: 1000370900 ns, Reaching safepoint: 150900 ns, At safepoint: 2600 ns, Total: 153500 ns
[2020-08-22T01:26:31.749+0000][10296][safepoint    ] Safepoint "Cleanup", Time since last: 1000340900 ns, Reaching safepoint: 133300 ns, At safepoint: 7700 ns, Total: 141000 ns
[2020-08-22T01:26:32.749+0000][10296][safepoint    ] Safepoint "Cleanup", Time since last: 1000359500 ns, Reaching safepoint: 117900 ns, At safepoint: 7600 ns, Total: 125500 ns
[2020-08-22T01:26:34.750+0000][10296][safepoint    ] Safepoint "Cleanup", Time since last: 2000378200 ns, Reaching safepoint: 135800 ns, At safepoint: 7400 ns, Total: 143200 ns
[2020-08-22T01:26:36.750+0000][10296][safepoint    ] Safepoint "Cleanup", Time since last: 2000370500 ns, Reaching safepoint: 129800 ns, At safepoint: 7300 ns, Total: 137100 ns
[2020-08-22T01:26:37.751+0000][10296][safepoint    ] Safepoint "Cleanup", Time since last: 1000364400 ns, Reaching safepoint: 149500 ns, At safepoint: 7100 ns, Total: 156600 ns
[2020-08-22T01:26:39.751+0000][10296][safepoint    ] Safepoint "Cleanup", Time since last: 2000324200 ns, Reaching safepoint: 130100 ns, At safepoint: 2400 ns, Total: 132500 ns
[2020-08-22T01:26:41.752+0000][10296][safepoint    ] Safepoint "Cleanup", Time since last: 2000377500 ns, Reaching safepoint: 164400 ns, At safepoint: 7200 ns, Total: 171600 ns
[2020-08-22T01:26:43.752+0000][10296][safepoint    ] Safepoint "Cleanup", Time since last: 1999837100 ns, Reaching safepoint: 131900 ns, At safepoint: 7300 ns, Total: 139200 ns
[2020-08-22T01:26:45.752+0000][10296][safepoint    ] Safepoint "Cleanup", Time since last: 2000346000 ns, Reaching safepoint: 199600 ns, At safepoint: 2200 ns, Total: 201800 ns
[2020-08-22T01:26:46.752+0000][10296][safepoint    ] Safepoint "Cleanup", Time since last: 1000019300 ns, Reaching safepoint: 139300 ns, At safepoint: 2600 ns, Total: 141900 ns
[2020-08-22T01:26:47.753+0000][10296][safepoint    ] Safepoint "Cleanup", Time since last: 1000163000 ns, Reaching safepoint: 152700 ns, At safepoint: 7500 ns, Total: 160200 ns
[2020-08-22T01:26:48.753+0000][10296][safepoint    ] Safepoint "Cleanup", Time since last: 1000144700 ns, Reaching safepoint: 129700 ns, At safepoint: 2200 ns, Total: 131900 ns
[2020-08-22T01:26:49.753+0000][10296][safepoint    ] Safepoint "Cleanup", Time since last: 1000252500 ns, Reaching safepoint: 153500 ns, At safepoint: 7700 ns, Total: 161200 ns
[2020-08-22T01:26:50.754+0000][10296][safepoint    ] Safepoint "Cleanup", Time since last: 1000126700 ns, Reaching safepoint: 135300 ns, At safepoint: 7700 ns, Total: 143000 ns
[2020-08-22T01:26:52.754+0000][10296][safepoint    ] Safepoint "Cleanup", Time since last: 2000359200 ns, Reaching safepoint: 128500 ns, At safepoint: 7200 ns, Total: 135700 ns
[2020-08-22T01:26:54.754+0000][10296][safepoint    ] Safepoint "Cleanup", Time since last: 1999920100 ns, Reaching safepoint: 155200 ns, At safepoint: 2400 ns, Total: 157600 ns
[2020-08-22T01:26:55.755+0000][10296][safepoint    ] Safepoint "Cleanup", Time since last: 1000299200 ns, Reaching safepoint: 135400 ns, At safepoint: 6700 ns, Total: 142100 ns
[2020-08-22T01:26:56.755+0000][10296][safepoint    ] Safepoint "Cleanup", Time since last: 1000350700 ns, Reaching safepoint: 143800 ns, At safepoint: 7100 ns, Total: 150900 ns
[2020-08-22T01:26:57.756+0000][10296][safepoint    ] Safepoint "Cleanup", Time since last: 1000335800 ns, Reaching safepoint: 132900 ns, At safepoint: 7900 ns, Total: 140800 ns
[2020-08-22T01:26:58.756+0000][10296][safepoint    ] Safepoint "Cleanup", Time since last: 1000354600 ns, Reaching safepoint: 132500 ns, At safepoint: 2000 ns, Total: 134500 ns
[2020-08-22T01:27:00.756+0000][10296][safepoint    ] Safepoint "Cleanup", Time since last: 1999873200 ns, Reaching safepoint: 133300 ns, At safepoint: 7700 ns, Total: 141000 ns
[2020-08-22T01:27:01.757+0000][10296][safepoint    ] Safepoint "Cleanup", Time since last: 1000370700 ns, Reaching safepoint: 152300 ns, At safepoint: 2700 ns, Total: 155000 ns
[2020-08-22T01:27:02.757+0000][10296][safepoint    ] Safepoint "Cleanup", Time since last: 1000328400 ns, Reaching safepoint: 127400 ns, At safepoint: 6900 ns, Total: 134300 ns
[2020-08-22T01:27:04.758+0000][10296][safepoint    ] Safepoint "Cleanup", Time since last: 2000369700 ns, Reaching safepoint: 146800 ns, At safepoint: 6800 ns, Total: 153600 ns
[2020-08-22T01:27:05.758+0000][10296][safepoint    ] Safepoint "Cleanup", Time since last: 1000340200 ns, Reaching safepoint: 133700 ns, At safepoint: 2900 ns, Total: 136600 ns
[2020-08-22T01:27:06.759+0000][10296][safepoint    ] Safepoint "Cleanup", Time since last: 1000333800 ns, Reaching safepoint: 132100 ns, At safepoint: 2400 ns, Total: 134500 ns
[2020-08-22T01:27:08.542+0000][10296][safepoint    ] Safepoint "Cleanup", Time since last: 1783403800 ns, Reaching safepoint: 129500 ns, At safepoint: 2200 ns, Total: 131700 ns
[2020-08-22T01:27:10.542+0000][10296][safepoint    ] Safepoint "Cleanup", Time since last: 1999903200 ns, Reaching safepoint: 132600 ns, At safepoint: 2200 ns, Total: 134800 ns
[2020-08-22T01:27:11.543+0000][10296][safepoint    ] Safepoint "Cleanup", Time since last: 1000330400 ns, Reaching safepoint: 150800 ns, At safepoint: 7700 ns, Total: 158500 ns
[2020-08-22T01:27:13.543+0000][10296][safepoint    ] Safepoint "Cleanup", Time since last: 1999890400 ns, Reaching safepoint: 141500 ns, At safepoint: 6700 ns, Total: 148200 ns
[2020-08-22T01:27:14.543+0000][10296][safepoint    ] Safepoint "Cleanup", Time since last: 1000313800 ns, Reaching safepoint: 158700 ns, At safepoint: 2600 ns, Total: 161300 ns
[2020-08-22T01:27:15.544+0000][10296][safepoint    ] Safepoint "Cleanup", Time since last: 1000346200 ns, Reaching safepoint: 121700 ns, At safepoint: 7200 ns, Total: 128900 ns
[2020-08-22T01:27:16.544+0000][10296][safepoint    ] Safepoint "Cleanup", Time since last: 1000354700 ns, Reaching safepoint: 147800 ns, At safepoint: 7400 ns, Total: 155200 ns
[2020-08-22T01:27:17.545+0000][10296][safepoint    ] Safepoint "Cleanup", Time since last: 1000341700 ns, Reaching safepoint: 147700 ns, At safepoint: 7300 ns, Total: 155000 ns
[2020-08-22T01:27:18.545+0000][10296][safepoint    ] Safepoint "Cleanup", Time since last: 1000351500 ns, Reaching safepoint: 172500 ns, At safepoint: 7100 ns, Total: 179600 ns
[2020-08-22T01:27:20.546+0000][10296][safepoint    ] Safepoint "Cleanup", Time since last: 2000308300 ns, Reaching safepoint: 129000 ns, At safepoint: 7400 ns, Total: 136400 ns
[2020-08-22T01:27:22.546+0000][10296][safepoint    ] Safepoint "Cleanup", Time since last: 2000362000 ns, Reaching safepoint: 139400 ns, At safepoint: 2100 ns, Total: 141500 ns
[2020-08-22T01:27:24.546+0000][10296][safepoint    ] Safepoint "Cleanup", Time since last: 1999904700 ns, Reaching safepoint: 153900 ns, At safepoint: 2100 ns, Total: 156000 ns
[2020-08-22T01:27:25.547+0000][10296][safepoint    ] Safepoint "Cleanup", Time since last: 1000297700 ns, Reaching safepoint: 131100 ns, At safepoint: 7000 ns, Total: 138100 ns
[2020-08-22T01:27:27.547+0000][10296][safepoint    ] Safepoint "Cleanup", Time since last: 2000363700 ns, Reaching safepoint: 123600 ns, At safepoint: 2300 ns, Total: 125900 ns
[2020-08-22T01:27:29.547+0000][10296][safepoint    ] Safepoint "Cleanup", Time since last: 1999877300 ns, Reaching safepoint: 144500 ns, At safepoint: 3400 ns, Total: 147900 ns
[2020-08-22T01:27:31.547+0000][10296][safepoint    ] Safepoint "Cleanup", Time since last: 1999859200 ns, Reaching safepoint: 137800 ns, At safepoint: 7600 ns, Total: 145400 ns
[2020-08-22T01:27:32.548+0000][10296][safepoint    ] Safepoint "Cleanup", Time since last: 1000356400 ns, Reaching safepoint: 132400 ns, At safepoint: 7100 ns, Total: 139500 ns
[2020-08-22T01:27:33.548+0000][10296][safepoint    ] Safepoint "Cleanup", Time since last: 1000351900 ns, Reaching safepoint: 131300 ns, At safepoint: 2200 ns, Total: 133500 ns
[2020-08-22T01:27:34.549+0000][10296][safepoint    ] Safepoint "Cleanup", Time since last: 1000241300 ns, Reaching safepoint: 133000 ns, At safepoint: 2400 ns, Total: 135400 ns
[2020-08-22T01:27:35.549+0000][10296][safepoint    ] Safepoint "Cleanup", Time since last: 1000040800 ns, Reaching safepoint: 139900 ns, At safepoint: 7400 ns, Total: 147300 ns
[2020-08-22T01:27:36.672+0000][10296][safepoint    ] Safepoint "Cleanup", Time since last: 1123299800 ns, Reaching safepoint: 122100 ns, At safepoint: 2100 ns, Total: 124200 ns
[2020-08-22T01:27:37.673+0000][10296][safepoint    ] Safepoint "Cleanup", Time since last: 1000381300 ns, Reaching safepoint: 142300 ns, At safepoint: 7100 ns, Total: 149400 ns
[2020-08-22T01:27:38.673+0000][10296][safepoint    ] Safepoint "Cleanup", Time since last: 1000341400 ns, Reaching safepoint: 135700 ns, At safepoint: 2200 ns, Total: 137900 ns
[2020-08-22T01:27:39.674+0000][10296][safepoint    ] Safepoint "Cleanup", Time since last: 1000328300 ns, Reaching safepoint: 131000 ns, At safepoint: 2000 ns, Total: 133000 ns
[2020-08-22T01:27:40.674+0000][10296][safepoint    ] Safepoint "Cleanup", Time since last: 1000335800 ns, Reaching safepoint: 128000 ns, At safepoint: 2200 ns, Total: 130200 ns
[2020-08-22T01:27:42.674+0000][10296][safepoint    ] Safepoint "Cleanup", Time since last: 1999935700 ns, Reaching safepoint: 141400 ns, At safepoint: 7000 ns, Total: 148400 ns
[2020-08-22T01:27:44.675+0000][10296][safepoint    ] Safepoint "Cleanup", Time since last: 2000199700 ns, Reaching safepoint: 144300 ns, At safepoint: 6800 ns, Total: 151100 ns
[2020-08-22T01:27:46.355+0000][10296][safepoint    ] Safepoint "Cleanup", Time since last: 1680023900 ns, Reaching safepoint: 149300 ns, At safepoint: 7400 ns, Total: 156700 ns
[2020-08-22T01:27:47.355+0000][10296][safepoint    ] Safepoint "Cleanup", Time since last: 1000328800 ns, Reaching safepoint: 158800 ns, At safepoint: 2400 ns, Total: 161200 ns
[2020-08-22T01:27:49.356+0000][10296][safepoint    ] Safepoint "Cleanup", Time since last: 2000332400 ns, Reaching safepoint: 159500 ns, At safepoint: 2200 ns, Total: 161700 ns
[2020-08-22T01:27:51.356+0000][10296][safepoint    ] Safepoint "Cleanup", Time since last: 2000341800 ns, Reaching safepoint: 127800 ns, At safepoint: 2200 ns, Total: 130000 ns
[2020-08-22T01:27:53.357+0000][10296][safepoint    ] Safepoint "Cleanup", Time since last: 2000366500 ns, Reaching safepoint: 143600 ns, At safepoint: 7500 ns, Total: 151100 ns
[2020-08-22T01:27:54.357+0000][10296][safepoint    ] Safepoint "Cleanup", Time since last: 1000143200 ns, Reaching safepoint: 129000 ns, At safepoint: 2100 ns, Total: 131100 ns
[2020-08-22T01:27:55.357+0000][10296][safepoint    ] Safepoint "Cleanup", Time since last: 1000168600 ns, Reaching safepoint: 119700 ns, At safepoint: 2100 ns, Total: 121800 ns
[2020-08-22T01:27:56.358+0000][10296][safepoint    ] Safepoint "Cleanup", Time since last: 1000181900 ns, Reaching safepoint: 146000 ns, At safepoint: 2400 ns, Total: 148400 ns
[2020-08-22T01:27:58.358+0000][10296][safepoint    ] Safepoint "Cleanup", Time since last: 2000449500 ns, Reaching safepoint: 138000 ns, At safepoint: 7100 ns, Total: 145100 ns
[2020-08-22T01:27:59.359+0000][10296][safepoint    ] Safepoint "Cleanup", Time since last: 1000164600 ns, Reaching safepoint: 124500 ns, At safepoint: 7100 ns, Total: 131600 ns
[2020-08-22T01:28:00.359+0000][10296][safepoint    ] Safepoint "Cleanup", Time since last: 1000169800 ns, Reaching safepoint: 129700 ns, At safepoint: 3000 ns, Total: 132700 ns
[2020-08-22T01:28:01.359+0000][10296][safepoint    ] Safepoint "Cleanup", Time since last: 1000273500 ns, Reaching safepoint: 128600 ns, At safepoint: 2100 ns, Total: 130700 ns
[2020-08-22T01:28:02.360+0000][10296][safepoint    ] Safepoint "Cleanup", Time since last: 1000362800 ns, Reaching safepoint: 135700 ns, At safepoint: 7000 ns, Total: 142700 ns
[2020-08-22T01:28:03.360+0000][10296][safepoint    ] Safepoint "Cleanup", Time since last: 1000355800 ns, Reaching safepoint: 137900 ns, At safepoint: 7400 ns, Total: 145300 ns
[2020-08-22T01:28:05.361+0000][10296][safepoint    ] Safepoint "Cleanup", Time since last: 2000350900 ns, Reaching safepoint: 150900 ns, At safepoint: 7300 ns, Total: 158200 ns
[2020-08-22T01:28:07.361+0000][10296][safepoint    ] Safepoint "Cleanup", Time since last: 1999853100 ns, Reaching safepoint: 124300 ns, At safepoint: 7500 ns, Total: 131800 ns
[2020-08-22T01:28:09.361+0000][10296][safepoint    ] Safepoint "Cleanup", Time since last: 2000289400 ns, Reaching safepoint: 169400 ns, At safepoint: 2300 ns, Total: 171700 ns
[2020-08-22T01:28:10.361+0000][10296][safepoint    ] Safepoint "Cleanup", Time since last: 1000143700 ns, Reaching safepoint: 143100 ns, At safepoint: 7800 ns, Total: 150900 ns
[2020-08-22T01:28:11.362+0000][10296][safepoint    ] Safepoint "Cleanup", Time since last: 1000150600 ns, Reaching safepoint: 149400 ns, At safepoint: 7200 ns, Total: 156600 ns
[2020-08-22T01:28:13.362+0000][10296][safepoint    ] Safepoint "Cleanup", Time since last: 2000292900 ns, Reaching safepoint: 139000 ns, At safepoint: 7200 ns, Total: 146200 ns
[2020-08-22T01:28:14.363+0000][10296][safepoint    ] Safepoint "Cleanup", Time since last: 1000302700 ns, Reaching safepoint: 140600 ns, At safepoint: 2100 ns, Total: 142700 ns
[2020-08-22T01:28:15.363+0000][10296][safepoint    ] Safepoint "Cleanup", Time since last: 1000199000 ns, Reaching safepoint: 135900 ns, At safepoint: 6800 ns, Total: 142700 ns
[2020-08-22T01:28:16.363+0000][10296][safepoint    ] Safepoint "Cleanup", Time since last: 1000076400 ns, Reaching safepoint: 120300 ns, At safepoint: 7200 ns, Total: 127500 ns
[2020-08-22T01:28:17.364+0000][10296][safepoint    ] Safepoint "Cleanup", Time since last: 1000375400 ns, Reaching safepoint: 138700 ns, At safepoint: 7000 ns, Total: 145700 ns
[2020-08-22T01:28:19.364+0000][10296][safepoint    ] Safepoint "Cleanup", Time since last: 1999868700 ns, Reaching safepoint: 136000 ns, At safepoint: 2100 ns, Total: 138100 ns
[2020-08-22T01:28:20.364+0000][10296][safepoint    ] Safepoint "Cleanup", Time since last: 1000353400 ns, Reaching safepoint: 139000 ns, At safepoint: 7900 ns, Total: 146900 ns
[2020-08-22T01:28:21.365+0000][10296][safepoint    ] Safepoint "Cleanup", Time since last: 1000337600 ns, Reaching safepoint: 122200 ns, At safepoint: 7200 ns, Total: 129400 ns
[2020-08-22T01:28:23.365+0000][10296][safepoint    ] Safepoint "Cleanup", Time since last: 2000387000 ns, Reaching safepoint: 136000 ns, At safepoint: 2600 ns, Total: 138600 ns
[2020-08-22T01:28:24.366+0000][10296][safepoint    ] Safepoint "Cleanup", Time since last: 1000340400 ns, Reaching safepoint: 140200 ns, At safepoint: 6900 ns, Total: 147100 ns
[2020-08-22T01:28:26.366+0000][10296][safepoint    ] Safepoint "Cleanup", Time since last: 2000356000 ns, Reaching safepoint: 135400 ns, At safepoint: 7600 ns, Total: 143000 ns
[2020-08-22T01:28:27.367+0000][10296][safepoint    ] Safepoint "Cleanup", Time since last: 1000314600 ns, Reaching safepoint: 129900 ns, At safepoint: 7100 ns, Total: 137000 ns
[2020-08-22T01:28:28.367+0000][10296][safepoint    ] Safepoint "Cleanup", Time since last: 1000349400 ns, Reaching safepoint: 142800 ns, At safepoint: 7900 ns, Total: 150700 ns
[2020-08-22T01:28:30.367+0000][10296][safepoint    ] Safepoint "Cleanup", Time since last: 1999905800 ns, Reaching safepoint: 114700 ns, At safepoint: 2000 ns, Total: 116700 ns
[2020-08-22T01:28:31.368+0000][10296][safepoint    ] Safepoint "Cleanup", Time since last: 1000380000 ns, Reaching safepoint: 128200 ns, At safepoint: 8200 ns, Total: 136400 ns
[2020-08-22T01:28:33.368+0000][10296][safepoint    ] Safepoint "Cleanup", Time since last: 2000191700 ns, Reaching safepoint: 170500 ns, At safepoint: 7100 ns, Total: 177600 ns
[2020-08-22T01:28:35.368+0000][10296][safepoint    ] Safepoint "Cleanup", Time since last: 1999995400 ns, Reaching safepoint: 157100 ns, At safepoint: 7200 ns, Total: 164300 ns
[2020-08-22T01:28:36.369+0000][10296][safepoint    ] Safepoint "Cleanup", Time since last: 1000230800 ns, Reaching safepoint: 132100 ns, At safepoint: 2200 ns, Total: 134300 ns
[2020-08-22T01:28:38.369+0000][10296][safepoint    ] Safepoint "Cleanup", Time since last: 2000468900 ns, Reaching safepoint: 136900 ns, At safepoint: 7300 ns, Total: 144200 ns
[2020-08-22T01:28:40.369+0000][10296][safepoint    ] Safepoint "Cleanup", Time since last: 1999895900 ns, Reaching safepoint: 119500 ns, At safepoint: 2100 ns, Total: 121600 ns
[2020-08-22T01:28:42.370+0000][10296][safepoint    ] Safepoint "Cleanup", Time since last: 2000228100 ns, Reaching safepoint: 131200 ns, At safepoint: 2100 ns, Total: 133300 ns
[2020-08-22T01:28:43.370+0000][10296][safepoint    ] Safepoint "Cleanup", Time since last: 1000177700 ns, Reaching safepoint: 139700 ns, At safepoint: 7700 ns, Total: 147400 ns
[2020-08-22T01:28:44.370+0000][10296][safepoint    ] Safepoint "Cleanup", Time since last: 1000312200 ns, Reaching safepoint: 135600 ns, At safepoint: 7100 ns, Total: 142700 ns
[2020-08-22T01:28:45.371+0000][10296][safepoint    ] Safepoint "Cleanup", Time since last: 1000162900 ns, Reaching safepoint: 126400 ns, At safepoint: 2100 ns, Total: 128500 ns
[2020-08-22T01:28:47.371+0000][10296][safepoint    ] Safepoint "Cleanup", Time since last: 1999978600 ns, Reaching safepoint: 131100 ns, At safepoint: 6800 ns, Total: 137900 ns
[2020-08-22T01:28:49.371+0000][10296][safepoint    ] Safepoint "Cleanup", Time since last: 2000058800 ns, Reaching safepoint: 140800 ns, At safepoint: 6900 ns, Total: 147700 ns
[2020-08-22T01:28:50.371+0000][10296][safepoint    ] Safepoint "Cleanup", Time since last: 1000104000 ns, Reaching safepoint: 131300 ns, At safepoint: 2500 ns, Total: 133800 ns
[2020-08-22T01:28:51.371+0000][10296][safepoint    ] Safepoint "Cleanup", Time since last: 1000041100 ns, Reaching safepoint: 143000 ns, At safepoint: 7000 ns, Total: 150000 ns
[2020-08-22T01:28:52.372+0000][10296][safepoint    ] Safepoint "Cleanup", Time since last: 1000230200 ns, Reaching safepoint: 167200 ns, At safepoint: 9200 ns, Total: 176400 ns
[2020-08-22T01:28:53.372+0000][10296][safepoint    ] Safepoint "Cleanup", Time since last: 1000294500 ns, Reaching safepoint: 130400 ns, At safepoint: 2000 ns, Total: 132400 ns
[2020-08-22T01:28:54.373+0000][10296][safepoint    ] Safepoint "Cleanup", Time since last: 1000328000 ns, Reaching safepoint: 137800 ns, At safepoint: 7500 ns, Total: 145300 ns
[2020-08-22T01:28:55.373+0000][10296][safepoint    ] Safepoint "Cleanup", Time since last: 1000356700 ns, Reaching safepoint: 132300 ns, At safepoint: 7400 ns, Total: 139700 ns
[2020-08-22T01:28:56.374+0000][10296][safepoint    ] Safepoint "Cleanup", Time since last: 1000321300 ns, Reaching safepoint: 128100 ns, At safepoint: 7800 ns, Total: 135900 ns
[2020-08-22T01:28:58.374+0000][10296][safepoint    ] Safepoint "Cleanup", Time since last: 1999910400 ns, Reaching safepoint: 154100 ns, At safepoint: 7900 ns, Total: 162000 ns
[2020-08-22T01:28:59.374+0000][10296][safepoint    ] Safepoint "Cleanup", Time since last: 1000321600 ns, Reaching safepoint: 141000 ns, At safepoint: 7300 ns, Total: 148300 ns
[2020-08-22T01:29:01.374+0000][10296][safepoint    ] Safepoint "Cleanup", Time since last: 1999865100 ns, Reaching safepoint: 146800 ns, At safepoint: 7500 ns, Total: 154300 ns
[2020-08-22T01:29:02.375+0000][10296][safepoint    ] Safepoint "Cleanup", Time since last: 1000345500 ns, Reaching safepoint: 126900 ns, At safepoint: 2400 ns, Total: 129300 ns
[2020-08-22T01:29:03.375+0000][10296][safepoint    ] Safepoint "Cleanup", Time since last: 1000350100 ns, Reaching safepoint: 139600 ns, At safepoint: 2100 ns, Total: 141700 ns
[2020-08-22T01:29:05.376+0000][10296][safepoint    ] Safepoint "Cleanup", Time since last: 2000369200 ns, Reaching safepoint: 153800 ns, At safepoint: 7300 ns, Total: 161100 ns
[2020-08-22T01:29:07.376+0000][10296][safepoint    ] Safepoint "Cleanup", Time since last: 2000013200 ns, Reaching safepoint: 144100 ns, At safepoint: 7400 ns, Total: 151500 ns
[2020-08-22T01:29:08.376+0000][10296][safepoint    ] Safepoint "Cleanup", Time since last: 1000154100 ns, Reaching safepoint: 130100 ns, At safepoint: 7300 ns, Total: 137400 ns
[2020-08-22T01:29:09.719+0000][10296][safepoint    ] Safepoint "Cleanup", Time since last: 1342891500 ns, Reaching safepoint: 145500 ns, At safepoint: 2300 ns, Total: 147800 ns
[2020-08-22T01:29:10.720+0000][10296][safepoint    ] Safepoint "Cleanup", Time since last: 1000353400 ns, Reaching safepoint: 135400 ns, At safepoint: 6800 ns, Total: 142200 ns
[2020-08-22T01:29:12.720+0000][10296][safepoint    ] Safepoint "Cleanup", Time since last: 2000112200 ns, Reaching safepoint: 138300 ns, At safepoint: 2300 ns, Total: 140600 ns
[2020-08-22T01:29:13.720+0000][10296][safepoint    ] Safepoint "Cleanup", Time since last: 1000175400 ns, Reaching safepoint: 138900 ns, At safepoint: 2500 ns, Total: 141400 ns
[2020-08-22T01:29:14.721+0000][10296][safepoint    ] Safepoint "Cleanup", Time since last: 1000284300 ns, Reaching safepoint: 132000 ns, At safepoint: 2300 ns, Total: 134300 ns
[2020-08-22T01:29:15.721+0000][10296][safepoint    ] Safepoint "Cleanup", Time since last: 1000010900 ns, Reaching safepoint: 125100 ns, At safepoint: 2000 ns, Total: 127100 ns
[2020-08-22T01:29:16.721+0000][10296][safepoint    ] Safepoint "Cleanup", Time since last: 1000222000 ns, Reaching safepoint: 134000 ns, At safepoint: 7100 ns, Total: 141100 ns
[2020-08-22T01:29:18.722+0000][10296][safepoint    ] Safepoint "Cleanup", Time since last: 2000371400 ns, Reaching safepoint: 143300 ns, At safepoint: 2100 ns, Total: 145400 ns
[2020-08-22T01:29:20.722+0000][10296][safepoint    ] Safepoint "Cleanup", Time since last: 2000346500 ns, Reaching safepoint: 154100 ns, At safepoint: 2600 ns, Total: 156700 ns
[2020-08-22T01:29:22.723+0000][10296][safepoint    ] Safepoint "Cleanup", Time since last: 2000343000 ns, Reaching safepoint: 132900 ns, At safepoint: 2600 ns, Total: 135500 ns
[2020-08-22T01:29:24.723+0000][10296][safepoint    ] Safepoint "Cleanup", Time since last: 2000367900 ns, Reaching safepoint: 135100 ns, At safepoint: 7400 ns, Total: 142500 ns
[2020-08-22T01:29:26.724+0000][10296][safepoint    ] Safepoint "Cleanup", Time since last: 2000350300 ns, Reaching safepoint: 141200 ns, At safepoint: 6700 ns, Total: 147900 ns
[2020-08-22T01:29:28.724+0000][10296][safepoint    ] Safepoint "Cleanup", Time since last: 2000328200 ns, Reaching safepoint: 122000 ns, At safepoint: 2200 ns, Total: 124200 ns
[2020-08-22T01:29:30.725+0000][10296][safepoint    ] Safepoint "Cleanup", Time since last: 2000415100 ns, Reaching safepoint: 138000 ns, At safepoint: 2100 ns, Total: 140100 ns
[2020-08-22T01:29:31.725+0000][10296][safepoint    ] Safepoint "Cleanup", Time since last: 1000349500 ns, Reaching safepoint: 135700 ns, At safepoint: 2000 ns, Total: 137700 ns
[2020-08-22T01:29:32.726+0000][10296][safepoint    ] Safepoint "Cleanup", Time since last: 1000356600 ns, Reaching safepoint: 168600 ns, At safepoint: 2200 ns, Total: 170800 ns
[2020-08-22T01:29:33.726+0000][10296][safepoint    ] Safepoint "Cleanup", Time since last: 1000320500 ns, Reaching safepoint: 125500 ns, At safepoint: 2000 ns, Total: 127500 ns
[2020-08-22T01:29:34.727+0000][10296][safepoint    ] Safepoint "Cleanup", Time since last: 1000314600 ns, Reaching safepoint: 128000 ns, At safepoint: 7100 ns, Total: 135100 ns
[2020-08-22T01:29:36.727+0000][10296][safepoint    ] Safepoint "Cleanup", Time since last: 2000421100 ns, Reaching safepoint: 125100 ns, At safepoint: 2000 ns, Total: 127100 ns
[2020-08-22T01:29:37.728+0000][10296][safepoint    ] Safepoint "Cleanup", Time since last: 1000354400 ns, Reaching safepoint: 138800 ns, At safepoint: 2300 ns, Total: 141100 ns
[2020-08-22T01:29:39.728+0000][10296][safepoint    ] Safepoint "Cleanup", Time since last: 2000437900 ns, Reaching safepoint: 145400 ns, At safepoint: 2100 ns, Total: 147500 ns
[2020-08-22T01:29:40.729+0000][10296][safepoint    ] Safepoint "Cleanup", Time since last: 1000193500 ns, Reaching safepoint: 129200 ns, At safepoint: 6600 ns, Total: 135800 ns
[2020-08-22T01:29:42.729+0000][10296][safepoint    ] Safepoint "Cleanup", Time since last: 2000468100 ns, Reaching safepoint: 123500 ns, At safepoint: 2000 ns, Total: 125500 ns
[2020-08-22T01:29:44.730+0000][10296][safepoint    ] Safepoint "Cleanup", Time since last: 2000398900 ns, Reaching safepoint: 144100 ns, At safepoint: 7600 ns, Total: 151700 ns
[2020-08-22T01:29:46.730+0000][10296][safepoint    ] Safepoint "Cleanup", Time since last: 2000328500 ns, Reaching safepoint: 117900 ns, At safepoint: 2200 ns, Total: 120100 ns
[2020-08-22T01:29:48.730+0000][10296][safepoint    ] Safepoint "Cleanup", Time since last: 2000039900 ns, Reaching safepoint: 124600 ns, At safepoint: 2100 ns, Total: 126700 ns
[2020-08-22T01:29:49.731+0000][10296][safepoint    ] Safepoint "Cleanup", Time since last: 1000300400 ns, Reaching safepoint: 137700 ns, At safepoint: 7100 ns, Total: 144800 ns
[2020-08-22T01:29:50.731+0000][10296][safepoint    ] Safepoint "Cleanup", Time since last: 1000159700 ns, Reaching safepoint: 138100 ns, At safepoint: 2100 ns, Total: 140200 ns
[2020-08-22T01:29:51.731+0000][10296][safepoint    ] Safepoint "Cleanup", Time since last: 1000164200 ns, Reaching safepoint: 134600 ns, At safepoint: 7400 ns, Total: 142000 ns
[2020-08-22T01:29:52.732+0000][10296][safepoint    ] Safepoint "Cleanup", Time since last: 1000163200 ns, Reaching safepoint: 144500 ns, At safepoint: 2900 ns, Total: 147400 ns
[2020-08-22T01:29:54.732+0000][10296][safepoint    ] Safepoint "Cleanup", Time since last: 2000358900 ns, Reaching safepoint: 148900 ns, At safepoint: 7000 ns, Total: 155900 ns
[2020-08-22T01:29:56.733+0000][10296][safepoint    ] Safepoint "Cleanup", Time since last: 2000111400 ns, Reaching safepoint: 127700 ns, At safepoint: 7600 ns, Total: 135300 ns
[2020-08-22T01:29:57.733+0000][10296][safepoint    ] Safepoint "Cleanup", Time since last: 1000126700 ns, Reaching safepoint: 137400 ns, At safepoint: 7500 ns, Total: 144900 ns
[2020-08-22T01:29:59.733+0000][10296][safepoint    ] Safepoint "Cleanup", Time since last: 2000216100 ns, Reaching safepoint: 132100 ns, At safepoint: 7100 ns, Total: 139200 ns
[2020-08-22T01:30:00.733+0000][10296][safepoint    ] Safepoint "Cleanup", Time since last: 1000166800 ns, Reaching safepoint: 115500 ns, At safepoint: 2000 ns, Total: 117500 ns
[2020-08-22T01:30:01.734+0000][10296][safepoint    ] Safepoint "Cleanup", Time since last: 1000176600 ns, Reaching safepoint: 143200 ns, At safepoint: 8400 ns, Total: 151600 ns
[2020-08-22T01:30:02.734+0000][10296][safepoint    ] Safepoint "Cleanup", Time since last: 1000338500 ns, Reaching safepoint: 145100 ns, At safepoint: 2400 ns, Total: 147500 ns
[2020-08-22T01:30:04.735+0000][10296][safepoint    ] Safepoint "Cleanup", Time since last: 2000393900 ns, Reaching safepoint: 142400 ns, At safepoint: 6800 ns, Total: 149200 ns
[2020-08-22T01:30:05.735+0000][10296][safepoint    ] Safepoint "Cleanup", Time since last: 1000164500 ns, Reaching safepoint: 142000 ns, At safepoint: 2500 ns, Total: 144500 ns
[2020-08-22T01:30:07.735+0000][10296][safepoint    ] Safepoint "Cleanup", Time since last: 2000026500 ns, Reaching safepoint: 123900 ns, At safepoint: 2000 ns, Total: 125900 ns
[2020-08-22T01:30:09.736+0000][10296][safepoint    ] Safepoint "Cleanup", Time since last: 2000357900 ns, Reaching safepoint: 145800 ns, At safepoint: 7000 ns, Total: 152800 ns
[2020-08-22T01:30:10.736+0000][10296][safepoint    ] Safepoint "Cleanup", Time since last: 1000347100 ns, Reaching safepoint: 148600 ns, At safepoint: 7400 ns, Total: 156000 ns
[2020-08-22T01:30:11.737+0000][10296][safepoint    ] Safepoint "Cleanup", Time since last: 1000354200 ns, Reaching safepoint: 129400 ns, At safepoint: 7600 ns, Total: 137000 ns
[2020-08-22T01:30:13.737+0000][10296][safepoint    ] Safepoint "Cleanup", Time since last: 2000302400 ns, Reaching safepoint: 145300 ns, At safepoint: 7300 ns, Total: 152600 ns
[2020-08-22T01:30:14.737+0000][10296][safepoint    ] Safepoint "Cleanup", Time since last: 1000151700 ns, Reaching safepoint: 136600 ns, At safepoint: 7800 ns, Total: 144400 ns
[2020-08-22T01:30:16.738+0000][10296][safepoint    ] Safepoint "Cleanup", Time since last: 2000105800 ns, Reaching safepoint: 134700 ns, At safepoint: 2500 ns, Total: 137200 ns
[2020-08-22T01:30:18.738+0000][10296][safepoint    ] Safepoint "Cleanup", Time since last: 2000371900 ns, Reaching safepoint: 129600 ns, At safepoint: 7200 ns, Total: 136800 ns
[2020-08-22T01:30:19.739+0000][10296][safepoint    ] Safepoint "Cleanup", Time since last: 1000354300 ns, Reaching safepoint: 145500 ns, At safepoint: 2700 ns, Total: 148200 ns
[2020-08-22T01:30:20.739+0000][10296][safepoint    ] Safepoint "Cleanup", Time since last: 1000283600 ns, Reaching safepoint: 131700 ns, At safepoint: 7400 ns, Total: 139100 ns
[2020-08-22T01:30:21.740+0000][10296][safepoint    ] Safepoint "Cleanup", Time since last: 1000342600 ns, Reaching safepoint: 135200 ns, At safepoint: 7200 ns, Total: 142400 ns
[2020-08-22T01:30:23.740+0000][10296][safepoint    ] Safepoint "Cleanup", Time since last: 2000444600 ns, Reaching safepoint: 120600 ns, At safepoint: 7000 ns, Total: 127600 ns
[2020-08-22T01:30:24.741+0000][10296][safepoint    ] Safepoint "Cleanup", Time since last: 1000356000 ns, Reaching safepoint: 136000 ns, At safepoint: 7100 ns, Total: 143100 ns
[2020-08-22T01:30:26.741+0000][10296][safepoint    ] Safepoint "Cleanup", Time since last: 1999908600 ns, Reaching safepoint: 152900 ns, At safepoint: 6800 ns, Total: 159700 ns
[2020-08-22T01:30:27.741+0000][10296][safepoint    ] Safepoint "Cleanup", Time since last: 1000085700 ns, Reaching safepoint: 137700 ns, At safepoint: 7400 ns, Total: 145100 ns
[2020-08-22T01:30:28.741+0000][10296][safepoint    ] Safepoint "Cleanup", Time since last: 1000076400 ns, Reaching safepoint: 140200 ns, At safepoint: 4800 ns, Total: 145000 ns
[2020-08-22T01:30:29.742+0000][10296][safepoint    ] Safepoint "Cleanup", Time since last: 1000294200 ns, Reaching safepoint: 135400 ns, At safepoint: 2000 ns, Total: 137400 ns
[2020-08-22T01:30:31.742+0000][10296][safepoint    ] Safepoint "Cleanup", Time since last: 1999915900 ns, Reaching safepoint: 134100 ns, At safepoint: 7400 ns, Total: 141500 ns
[2020-08-22T01:30:33.742+0000][10296][safepoint    ] Safepoint "Cleanup", Time since last: 2000360400 ns, Reaching safepoint: 133600 ns, At safepoint: 2000 ns, Total: 135600 ns
[2020-08-22T01:30:35.743+0000][10296][safepoint    ] Safepoint "Cleanup", Time since last: 2000375900 ns, Reaching safepoint: 137500 ns, At safepoint: 7900 ns, Total: 145400 ns
[2020-08-22T01:30:36.743+0000][10296][safepoint    ] Safepoint "Cleanup", Time since last: 1000348100 ns, Reaching safepoint: 145800 ns, At safepoint: 2100 ns, Total: 147900 ns
[2020-08-22T01:30:37.744+0000][10296][safepoint    ] Safepoint "Cleanup", Time since last: 1000352100 ns, Reaching safepoint: 138200 ns, At safepoint: 2600 ns, Total: 140800 ns
[2020-08-22T01:30:39.744+0000][10296][safepoint    ] Safepoint "Cleanup", Time since last: 2000165900 ns, Reaching safepoint: 135000 ns, At safepoint: 7100 ns, Total: 142100 ns
[2020-08-22T01:30:40.744+0000][10296][safepoint    ] Safepoint "Cleanup", Time since last: 1000046100 ns, Reaching safepoint: 126400 ns, At safepoint: 2000 ns, Total: 128400 ns
[2020-08-22T01:30:41.745+0000][10296][safepoint    ] Safepoint "Cleanup", Time since last: 1000369800 ns, Reaching safepoint: 128300 ns, At safepoint: 7400 ns, Total: 135700 ns
[2020-08-22T01:30:43.745+0000][10296][safepoint    ] Safepoint "Cleanup", Time since last: 2000367500 ns, Reaching safepoint: 132300 ns, At safepoint: 7000 ns, Total: 139300 ns
[2020-08-22T01:30:45.746+0000][10296][safepoint    ] Safepoint "Cleanup", Time since last: 2000365900 ns, Reaching safepoint: 131200 ns, At safepoint: 6700 ns, Total: 137900 ns
[2020-08-22T01:30:47.746+0000][10296][safepoint    ] Safepoint "Cleanup", Time since last: 2000355600 ns, Reaching safepoint: 134700 ns, At safepoint: 7300 ns, Total: 142000 ns
[2020-08-22T01:30:49.746+0000][10296][safepoint    ] Safepoint "Cleanup", Time since last: 1999856800 ns, Reaching safepoint: 135900 ns, At safepoint: 2100 ns, Total: 138000 ns
[2020-08-22T01:30:51.747+0000][10296][safepoint    ] Safepoint "Cleanup", Time since last: 2000364000 ns, Reaching safepoint: 134000 ns, At safepoint: 7800 ns, Total: 141800 ns
[2020-08-22T01:30:53.747+0000][10296][safepoint    ] Safepoint "Cleanup", Time since last: 2000358300 ns, Reaching safepoint: 140100 ns, At safepoint: 7400 ns, Total: 147500 ns
[2020-08-22T01:30:55.748+0000][10296][safepoint    ] Safepoint "Cleanup", Time since last: 2000290200 ns, Reaching safepoint: 147500 ns, At safepoint: 7400 ns, Total: 154900 ns
[2020-08-22T01:30:56.748+0000][10296][safepoint    ] Safepoint "Cleanup", Time since last: 1000151600 ns, Reaching safepoint: 129000 ns, At safepoint: 2500 ns, Total: 131500 ns
[2020-08-22T01:30:57.748+0000][10296][safepoint    ] Safepoint "Cleanup", Time since last: 1000172100 ns, Reaching safepoint: 157200 ns, At safepoint: 7700 ns, Total: 164900 ns
[2020-08-22T01:30:58.749+0000][10296][safepoint    ] Safepoint "Cleanup", Time since last: 1000275700 ns, Reaching safepoint: 140800 ns, At safepoint: 7400 ns, Total: 148200 ns
[2020-08-22T01:31:00.749+0000][10296][safepoint    ] Safepoint "Cleanup", Time since last: 1999868900 ns, Reaching safepoint: 146500 ns, At safepoint: 7500 ns, Total: 154000 ns
[2020-08-22T01:31:01.749+0000][10296][safepoint    ] Safepoint "Cleanup", Time since last: 1000348800 ns, Reaching safepoint: 144000 ns, At safepoint: 7400 ns, Total: 151400 ns
[2020-08-22T01:31:03.750+0000][10296][safepoint    ] Safepoint "Cleanup", Time since last: 2000284700 ns, Reaching safepoint: 136300 ns, At safepoint: 2000 ns, Total: 138300 ns
[2020-08-22T01:31:05.750+0000][10296][safepoint    ] Safepoint "Cleanup", Time since last: 1999921900 ns, Reaching safepoint: 147600 ns, At safepoint: 2100 ns, Total: 149700 ns
[2020-08-22T01:31:07.750+0000][10296][safepoint    ] Safepoint "Cleanup", Time since last: 2000343900 ns, Reaching safepoint: 137700 ns, At safepoint: 6900 ns, Total: 144600 ns
[2020-08-22T01:31:08.751+0000][10296][safepoint    ] Safepoint "Cleanup", Time since last: 1000354700 ns, Reaching safepoint: 116500 ns, At safepoint: 2600 ns, Total: 119100 ns
[2020-08-22T01:31:10.751+0000][10296][safepoint    ] Safepoint "Cleanup", Time since last: 2000386900 ns, Reaching safepoint: 144600 ns, At safepoint: 7600 ns, Total: 152200 ns
[2020-08-22T01:31:12.751+0000][10296][safepoint    ] Safepoint "Cleanup", Time since last: 1999870800 ns, Reaching safepoint: 135900 ns, At safepoint: 2500 ns, Total: 138400 ns
[2020-08-22T01:31:13.752+0000][10296][safepoint    ] Safepoint "Cleanup", Time since last: 1000313100 ns, Reaching safepoint: 123100 ns, At safepoint: 2100 ns, Total: 125200 ns
[2020-08-22T01:31:15.752+0000][10296][safepoint    ] Safepoint "Cleanup", Time since last: 2000038400 ns, Reaching safepoint: 145100 ns, At safepoint: 7200 ns, Total: 152300 ns
[2020-08-22T01:31:16.752+0000][10296][safepoint    ] Safepoint "Cleanup", Time since last: 1000009500 ns, Reaching safepoint: 131100 ns, At safepoint: 2400 ns, Total: 133500 ns
[2020-08-22T01:31:17.752+0000][10296][safepoint    ] Safepoint "Cleanup", Time since last: 1000064100 ns, Reaching safepoint: 112100 ns, At safepoint: 2100 ns, Total: 114200 ns
[2020-08-22T01:31:18.753+0000][10296][safepoint    ] Safepoint "Cleanup", Time since last: 1000386400 ns, Reaching safepoint: 129500 ns, At safepoint: 1900 ns, Total: 131400 ns
[2020-08-22T01:31:19.753+0000][10296][safepoint    ] Safepoint "Cleanup", Time since last: 1000356000 ns, Reaching safepoint: 158100 ns, At safepoint: 2100 ns, Total: 160200 ns
[2020-08-22T01:31:21.753+0000][10296][safepoint    ] Safepoint "Cleanup", Time since last: 1999910400 ns, Reaching safepoint: 151500 ns, At safepoint: 2100 ns, Total: 153600 ns
[2020-08-22T01:31:22.754+0000][10296][safepoint    ] Safepoint "Cleanup", Time since last: 1000293500 ns, Reaching safepoint: 128600 ns, At safepoint: 2500 ns, Total: 131100 ns
[2020-08-22T01:31:24.754+0000][10296][safepoint    ] Safepoint "Cleanup", Time since last: 2000357800 ns, Reaching safepoint: 127200 ns, At safepoint: 7600 ns, Total: 134800 ns
[2020-08-22T01:31:26.755+0000][10296][safepoint    ] Safepoint "Cleanup", Time since last: 2000369200 ns, Reaching safepoint: 140600 ns, At safepoint: 2600 ns, Total: 143200 ns
[2020-08-22T01:31:28.755+0000][10296][safepoint    ] Safepoint "Cleanup", Time since last: 2000356300 ns, Reaching safepoint: 152200 ns, At safepoint: 2100 ns, Total: 154300 ns
[2020-08-22T01:31:29.756+0000][10296][safepoint    ] Safepoint "Cleanup", Time since last: 1000354700 ns, Reaching safepoint: 137400 ns, At safepoint: 7200 ns, Total: 144600 ns
[2020-08-22T01:31:30.756+0000][10296][safepoint    ] Safepoint "Cleanup", Time since last: 1000353300 ns, Reaching safepoint: 139100 ns, At safepoint: 7400 ns, Total: 146500 ns
[2020-08-22T01:31:32.756+0000][10296][safepoint    ] Safepoint "Cleanup", Time since last: 1999851700 ns, Reaching safepoint: 140700 ns, At safepoint: 7100 ns, Total: 147800 ns
[2020-08-22T01:31:33.757+0000][10296][safepoint    ] Safepoint "Cleanup", Time since last: 1000350600 ns, Reaching safepoint: 130200 ns, At safepoint: 7000 ns, Total: 137200 ns
[2020-08-22T01:31:34.757+0000][10296][safepoint    ] Safepoint "Cleanup", Time since last: 1000324200 ns, Reaching safepoint: 120700 ns, At safepoint: 2000 ns, Total: 122700 ns
[2020-08-22T01:31:35.758+0000][10296][safepoint    ] Safepoint "Cleanup", Time since last: 1000284700 ns, Reaching safepoint: 130900 ns, At safepoint: 2500 ns, Total: 133400 ns
[2020-08-22T01:31:37.758+0000][10296][safepoint    ] Safepoint "Cleanup", Time since last: 2000468500 ns, Reaching safepoint: 133100 ns, At safepoint: 2000 ns, Total: 135100 ns
[2020-08-22T01:31:38.759+0000][10296][safepoint    ] Safepoint "Cleanup", Time since last: 1000232500 ns, Reaching safepoint: 134900 ns, At safepoint: 2100 ns, Total: 137000 ns
[2020-08-22T01:31:39.759+0000][10296][safepoint    ] Safepoint "Cleanup", Time since last: 1000024500 ns, Reaching safepoint: 130600 ns, At safepoint: 7300 ns, Total: 137900 ns
[2020-08-22T01:31:40.759+0000][10296][safepoint    ] Safepoint "Cleanup", Time since last: 1000170000 ns, Reaching safepoint: 139400 ns, At safepoint: 7400 ns, Total: 146800 ns
[2020-08-22T01:31:41.759+0000][10296][safepoint    ] Safepoint "Cleanup", Time since last: 1000044100 ns, Reaching safepoint: 129000 ns, At safepoint: 2000 ns, Total: 131000 ns
[2020-08-22T01:31:43.759+0000][10296][safepoint    ] Safepoint "Cleanup", Time since last: 1999871500 ns, Reaching safepoint: 127500 ns, At safepoint: 7600 ns, Total: 135100 ns
[2020-08-22T01:31:44.760+0000][10296][safepoint    ] Safepoint "Cleanup", Time since last: 1000359500 ns, Reaching safepoint: 127800 ns, At safepoint: 1900 ns, Total: 129700 ns
[2020-08-22T01:31:46.760+0000][10296][safepoint    ] Safepoint "Cleanup", Time since last: 2000124900 ns, Reaching safepoint: 138700 ns, At safepoint: 2100 ns, Total: 140800 ns
[2020-08-22T01:31:47.760+0000][10296][safepoint    ] Safepoint "Cleanup", Time since last: 1000121700 ns, Reaching safepoint: 142100 ns, At safepoint: 2200 ns, Total: 144300 ns
[2020-08-22T01:31:48.761+0000][10296][safepoint    ] Safepoint "Cleanup", Time since last: 1000343700 ns, Reaching safepoint: 136300 ns, At safepoint: 7400 ns, Total: 143700 ns
[2020-08-22T01:31:50.761+0000][10296][safepoint    ] Safepoint "Cleanup", Time since last: 2000358200 ns, Reaching safepoint: 132200 ns, At safepoint: 2000 ns, Total: 134200 ns
[2020-08-22T01:31:51.762+0000][10296][safepoint    ] Safepoint "Cleanup", Time since last: 1000124900 ns, Reaching safepoint: 131700 ns, At safepoint: 2200 ns, Total: 133900 ns
[2020-08-22T01:31:52.762+0000][10296][safepoint    ] Safepoint "Cleanup", Time since last: 1000274000 ns, Reaching safepoint: 131500 ns, At safepoint: 7600 ns, Total: 139100 ns
[2020-08-22T01:31:53.762+0000][10296][safepoint    ] Safepoint "Cleanup", Time since last: 1000187400 ns, Reaching safepoint: 149900 ns, At safepoint: 2100 ns, Total: 152000 ns
[2020-08-22T01:31:54.763+0000][10296][safepoint    ] Safepoint "Cleanup", Time since last: 1000248500 ns, Reaching safepoint: 128600 ns, At safepoint: 7000 ns, Total: 135600 ns
[2020-08-22T01:31:56.763+0000][10296][safepoint    ] Safepoint "Cleanup", Time since last: 1999974800 ns, Reaching safepoint: 130800 ns, At safepoint: 2600 ns, Total: 133400 ns
[2020-08-22T01:31:57.763+0000][10296][safepoint    ] Safepoint "Cleanup", Time since last: 1000367300 ns, Reaching safepoint: 142300 ns, At safepoint: 7400 ns, Total: 149700 ns
[2020-08-22T01:31:59.764+0000][10296][safepoint    ] Safepoint "Cleanup", Time since last: 2000123600 ns, Reaching safepoint: 135100 ns, At safepoint: 2500 ns, Total: 137600 ns
[2020-08-22T01:32:00.764+0000][10296][safepoint    ] Safepoint "Cleanup", Time since last: 1000168600 ns, Reaching safepoint: 138500 ns, At safepoint: 7500 ns, Total: 146000 ns
[2020-08-22T01:32:01.764+0000][10296][safepoint    ] Safepoint "Cleanup", Time since last: 1000263500 ns, Reaching safepoint: 138300 ns, At safepoint: 7100 ns, Total: 145400 ns
[2020-08-22T01:32:03.765+0000][10296][safepoint    ] Safepoint "Cleanup", Time since last: 2000361200 ns, Reaching safepoint: 125900 ns, At safepoint: 2500 ns, Total: 128400 ns
[2020-08-22T01:32:05.765+0000][10296][safepoint    ] Safepoint "Cleanup", Time since last: 2000378800 ns, Reaching safepoint: 177200 ns, At safepoint: 2100 ns, Total: 179300 ns
[2020-08-22T01:32:07.765+0000][10296][safepoint    ] Safepoint "Cleanup", Time since last: 1999974300 ns, Reaching safepoint: 144200 ns, At safepoint: 7200 ns, Total: 151400 ns
[2020-08-22T01:32:08.766+0000][10296][safepoint    ] Safepoint "Cleanup", Time since last: 1000192200 ns, Reaching safepoint: 131100 ns, At safepoint: 6100 ns, Total: 137200 ns
[2020-08-22T01:32:09.766+0000][10296][safepoint    ] Safepoint "Cleanup", Time since last: 1000357200 ns, Reaching safepoint: 126700 ns, At safepoint: 6900 ns, Total: 133600 ns
[2020-08-22T01:32:10.767+0000][10296][safepoint    ] Safepoint "Cleanup", Time since last: 1000361900 ns, Reaching safepoint: 141400 ns, At safepoint: 7700 ns, Total: 149100 ns
[2020-08-22T01:32:12.767+0000][10296][safepoint    ] Safepoint "Cleanup", Time since last: 2000353400 ns, Reaching safepoint: 130300 ns, At safepoint: 7500 ns, Total: 137800 ns
[2020-08-22T01:32:13.768+0000][10296][safepoint    ] Safepoint "Cleanup", Time since last: 1000368700 ns, Reaching safepoint: 143300 ns, At safepoint: 6900 ns, Total: 150200 ns
[2020-08-22T01:32:14.768+0000][10296][safepoint    ] Safepoint "Cleanup", Time since last: 1000345800 ns, Reaching safepoint: 171100 ns, At safepoint: 6300 ns, Total: 177400 ns
[2020-08-22T01:32:16.768+0000][10296][safepoint    ] Safepoint "Cleanup", Time since last: 1999828300 ns, Reaching safepoint: 111600 ns, At safepoint: 2100 ns, Total: 113700 ns
[2020-08-22T01:32:17.769+0000][10296][safepoint    ] Safepoint "Cleanup", Time since last: 1000381300 ns, Reaching safepoint: 127400 ns, At safepoint: 2500 ns, Total: 129900 ns
[2020-08-22T01:32:19.769+0000][10296][safepoint    ] Safepoint "Cleanup", Time since last: 2000378000 ns, Reaching safepoint: 189100 ns, At safepoint: 7700 ns, Total: 196800 ns
[2020-08-22T01:32:20.770+0000][10296][safepoint    ] Safepoint "Cleanup", Time since last: 1000303200 ns, Reaching safepoint: 134600 ns, At safepoint: 7500 ns, Total: 142100 ns
[2020-08-22T01:32:21.770+0000][10296][safepoint    ] Safepoint "Cleanup", Time since last: 1000342500 ns, Reaching safepoint: 129800 ns, At safepoint: 2400 ns, Total: 132200 ns
[2020-08-22T01:32:23.771+0000][10296][safepoint    ] Safepoint "Cleanup", Time since last: 2000365600 ns, Reaching safepoint: 144100 ns, At safepoint: 8200 ns, Total: 152300 ns
[2020-08-22T01:32:25.771+0000][10296][safepoint    ] Safepoint "Cleanup", Time since last: 2000352500 ns, Reaching safepoint: 145200 ns, At safepoint: 2100 ns, Total: 147300 ns
[2020-08-22T01:32:26.772+0000][10296][safepoint    ] Safepoint "Cleanup", Time since last: 1000349900 ns, Reaching safepoint: 134300 ns, At safepoint: 2100 ns, Total: 136400 ns
[2020-08-22T01:32:28.772+0000][10296][safepoint    ] Safepoint "Cleanup", Time since last: 1999925800 ns, Reaching safepoint: 131600 ns, At safepoint: 2100 ns, Total: 133700 ns
[2020-08-22T01:32:29.772+0000][10296][safepoint    ] Safepoint "Cleanup", Time since last: 1000336000 ns, Reaching safepoint: 127600 ns, At safepoint: 2400 ns, Total: 130000 ns
[2020-08-22T01:32:30.773+0000][10296][safepoint    ] Safepoint "Cleanup", Time since last: 1000369000 ns, Reaching safepoint: 129100 ns, At safepoint: 6800 ns, Total: 135900 ns
[2020-08-22T01:32:31.773+0000][10296][safepoint    ] Safepoint "Cleanup", Time since last: 1000347000 ns, Reaching safepoint: 128500 ns, At safepoint: 7500 ns, Total: 136000 ns
[2020-08-22T01:32:33.773+0000][10296][safepoint    ] Safepoint "Cleanup", Time since last: 1999932100 ns, Reaching safepoint: 132300 ns, At safepoint: 2000 ns, Total: 134300 ns
[2020-08-22T01:32:34.774+0000][10296][safepoint    ] Safepoint "Cleanup", Time since last: 1000284700 ns, Reaching safepoint: 130400 ns, At safepoint: 7300 ns, Total: 137700 ns
[2020-08-22T01:32:35.774+0000][10296][safepoint    ] Safepoint "Cleanup", Time since last: 1000367800 ns, Reaching safepoint: 134200 ns, At safepoint: 7200 ns, Total: 141400 ns
[2020-08-22T01:32:36.775+0000][10296][safepoint    ] Safepoint "Cleanup", Time since last: 1000203700 ns, Reaching safepoint: 146400 ns, At safepoint: 7100 ns, Total: 153500 ns
[2020-08-22T01:32:37.775+0000][10296][safepoint    ] Safepoint "Cleanup", Time since last: 1000020600 ns, Reaching safepoint: 146400 ns, At safepoint: 2100 ns, Total: 148500 ns
[2020-08-22T01:32:38.775+0000][10296][safepoint    ] Safepoint "Cleanup", Time since last: 1000322200 ns, Reaching safepoint: 126600 ns, At safepoint: 2100 ns, Total: 128700 ns
[2020-08-22T01:32:40.776+0000][10296][safepoint    ] Safepoint "Cleanup", Time since last: 2000393300 ns, Reaching safepoint: 145500 ns, At safepoint: 2000 ns, Total: 147500 ns
[2020-08-22T01:32:42.776+0000][10296][safepoint    ] Safepoint "Cleanup", Time since last: 2000410400 ns, Reaching safepoint: 122400 ns, At safepoint: 2200 ns, Total: 124600 ns
[2020-08-22T01:32:43.777+0000][10296][safepoint    ] Safepoint "Cleanup", Time since last: 1000298500 ns, Reaching safepoint: 131400 ns, At safepoint: 6800 ns, Total: 138200 ns
[2020-08-22T01:32:45.681+0000][10296][safepoint    ] Safepoint "Cleanup", Time since last: 1903861800 ns, Reaching safepoint: 128600 ns, At safepoint: 1900 ns, Total: 130500 ns
[2020-08-22T01:32:47.681+0000][10296][safepoint    ] Safepoint "Cleanup", Time since last: 1999872000 ns, Reaching safepoint: 141400 ns, At safepoint: 2400 ns, Total: 143800 ns
[2020-08-22T01:32:48.681+0000][10296][safepoint    ] Safepoint "Cleanup", Time since last: 1000359800 ns, Reaching safepoint: 130700 ns, At safepoint: 11500 ns, Total: 142200 ns
[2020-08-22T01:32:49.682+0000][10296][safepoint    ] Safepoint "Cleanup", Time since last: 1000304400 ns, Reaching safepoint: 158200 ns, At safepoint: 7000 ns, Total: 165200 ns
[2020-08-22T01:32:50.682+0000][10296][safepoint    ] Safepoint "Cleanup", Time since last: 1000242500 ns, Reaching safepoint: 127100 ns, At safepoint: 7400 ns, Total: 134500 ns
[2020-08-22T01:32:51.682+0000][10296][safepoint    ] Safepoint "Cleanup", Time since last: 1000038900 ns, Reaching safepoint: 159600 ns, At safepoint: 2100 ns, Total: 161700 ns
[2020-08-22T01:32:52.683+0000][10296][safepoint    ] Safepoint "Cleanup", Time since last: 1000304700 ns, Reaching safepoint: 130400 ns, At safepoint: 6900 ns, Total: 137300 ns
[2020-08-22T01:32:53.683+0000][10296][safepoint    ] Safepoint "Cleanup", Time since last: 1000362600 ns, Reaching safepoint: 147100 ns, At safepoint: 2200 ns, Total: 149300 ns
[2020-08-22T01:32:55.683+0000][10296][safepoint    ] Safepoint "Cleanup", Time since last: 1999877900 ns, Reaching safepoint: 128500 ns, At safepoint: 2000 ns, Total: 130500 ns
[2020-08-22T01:32:56.684+0000][10296][safepoint    ] Safepoint "Cleanup", Time since last: 1000116000 ns, Reaching safepoint: 145800 ns, At safepoint: 7000 ns, Total: 152800 ns
[2020-08-22T01:32:57.684+0000][10296][safepoint    ] Safepoint "Cleanup", Time since last: 1000074100 ns, Reaching safepoint: 135600 ns, At safepoint: 7900 ns, Total: 143500 ns
[2020-08-22T01:32:59.684+0000][10296][safepoint    ] Safepoint "Cleanup", Time since last: 2000171000 ns, Reaching safepoint: 136200 ns, At safepoint: 10300 ns, Total: 146500 ns
[2020-08-22T01:33:00.684+0000][10296][safepoint    ] Safepoint "Cleanup", Time since last: 1000106200 ns, Reaching safepoint: 173200 ns, At safepoint: 7800 ns, Total: 181000 ns
[2020-08-22T01:33:02.685+0000][10296][safepoint    ] Safepoint "Cleanup", Time since last: 2000251100 ns, Reaching safepoint: 132400 ns, At safepoint: 6900 ns, Total: 139300 ns
[2020-08-22T01:33:03.685+0000][10296][safepoint    ] Safepoint "Cleanup", Time since last: 1000362000 ns, Reaching safepoint: 141000 ns, At safepoint: 2500 ns, Total: 143500 ns
[2020-08-22T01:33:05.685+0000][10296][safepoint    ] Safepoint "Cleanup", Time since last: 1999871100 ns, Reaching safepoint: 127300 ns, At safepoint: 7300 ns, Total: 134600 ns
[2020-08-22T01:33:06.686+0000][10296][safepoint    ] Safepoint "Cleanup", Time since last: 1000312000 ns, Reaching safepoint: 119800 ns, At safepoint: 2200 ns, Total: 122000 ns
[2020-08-22T01:33:08.686+0000][10296][safepoint    ] Safepoint "Cleanup", Time since last: 1999921700 ns, Reaching safepoint: 142700 ns, At safepoint: 7200 ns, Total: 149900 ns
[2020-08-22T01:33:10.686+0000][10296][safepoint    ] Safepoint "Cleanup", Time since last: 2000364200 ns, Reaching safepoint: 134400 ns, At safepoint: 7000 ns, Total: 141400 ns
[2020-08-22T01:33:11.687+0000][10296][safepoint    ] Safepoint "Cleanup", Time since last: 1000269500 ns, Reaching safepoint: 144200 ns, At safepoint: 7100 ns, Total: 151300 ns
[2020-08-22T01:33:13.687+0000][10296][safepoint    ] Safepoint "Cleanup", Time since last: 2000423800 ns, Reaching safepoint: 138200 ns, At safepoint: 7000 ns, Total: 145200 ns
[2020-08-22T01:33:15.688+0000][10296][safepoint    ] Safepoint "Cleanup", Time since last: 2000350200 ns, Reaching safepoint: 161200 ns, At safepoint: 7000 ns, Total: 168200 ns
[2020-08-22T01:33:17.688+0000][10296][safepoint    ] Safepoint "Cleanup", Time since last: 2000337600 ns, Reaching safepoint: 133400 ns, At safepoint: 6700 ns, Total: 140100 ns
[2020-08-22T01:33:18.689+0000][10296][safepoint    ] Safepoint "Cleanup", Time since last: 1000313100 ns, Reaching safepoint: 137500 ns, At safepoint: 2300 ns, Total: 139800 ns
[2020-08-22T01:33:19.689+0000][10296][safepoint    ] Safepoint "Cleanup", Time since last: 1000082800 ns, Reaching safepoint: 137600 ns, At safepoint: 7700 ns, Total: 145300 ns
[2020-08-22T01:33:20.689+0000][10296][safepoint    ] Safepoint "Cleanup", Time since last: 1000229000 ns, Reaching safepoint: 139600 ns, At safepoint: 7300 ns, Total: 146900 ns
[2020-08-22T01:33:21.690+0000][10296][safepoint    ] Safepoint "Cleanup", Time since last: 1000274000 ns, Reaching safepoint: 143700 ns, At safepoint: 2500 ns, Total: 146200 ns
[2020-08-22T01:33:23.690+0000][10296][safepoint    ] Safepoint "Cleanup", Time since last: 1999863200 ns, Reaching safepoint: 164800 ns, At safepoint: 2100 ns, Total: 166900 ns
[2020-08-22T01:33:24.690+0000][10296][safepoint    ] Safepoint "Cleanup", Time since last: 1000036800 ns, Reaching safepoint: 136600 ns, At safepoint: 7500 ns, Total: 144100 ns
[2020-08-22T01:33:25.690+0000][10296][safepoint    ] Safepoint "Cleanup", Time since last: 1000258300 ns, Reaching safepoint: 135400 ns, At safepoint: 2100 ns, Total: 137500 ns
[2020-08-22T01:33:26.691+0000][10296][safepoint    ] Safepoint "Cleanup", Time since last: 1000277100 ns, Reaching safepoint: 131100 ns, At safepoint: 7600 ns, Total: 138700 ns
[2020-08-22T01:33:27.691+0000][10296][safepoint    ] Safepoint "Cleanup", Time since last: 1000334400 ns, Reaching safepoint: 152200 ns, At safepoint: 7500 ns, Total: 159700 ns
[2020-08-22T01:33:29.692+0000][10296][safepoint    ] Safepoint "Cleanup", Time since last: 2000344600 ns, Reaching safepoint: 136300 ns, At safepoint: 7400 ns, Total: 143700 ns
[2020-08-22T01:33:31.692+0000][10296][safepoint    ] Safepoint "Cleanup", Time since last: 2000372400 ns, Reaching safepoint: 146100 ns, At safepoint: 7400 ns, Total: 153500 ns
[2020-08-22T01:33:33.692+0000][10296][safepoint    ] Safepoint "Cleanup", Time since last: 1999874400 ns, Reaching safepoint: 170300 ns, At safepoint: 2000 ns, Total: 172300 ns
[2020-08-22T01:33:34.693+0000][10296][safepoint    ] Safepoint "Cleanup", Time since last: 1000266100 ns, Reaching safepoint: 137700 ns, At safepoint: 7500 ns, Total: 145200 ns
[2020-08-22T01:33:35.693+0000][10296][safepoint    ] Safepoint "Cleanup", Time since last: 1000001800 ns, Reaching safepoint: 130900 ns, At safepoint: 7700 ns, Total: 138600 ns
[2020-08-22T01:33:36.693+0000][10296][safepoint    ] Safepoint "Cleanup", Time since last: 1000250200 ns, Reaching safepoint: 143900 ns, At safepoint: 7600 ns, Total: 151500 ns
[2020-08-22T01:33:37.694+0000][10296][safepoint    ] Safepoint "Cleanup", Time since last: 1000353100 ns, Reaching safepoint: 146000 ns, At safepoint: 7100 ns, Total: 153100 ns
[2020-08-22T01:33:39.694+0000][10296][safepoint    ] Safepoint "Cleanup", Time since last: 2000340900 ns, Reaching safepoint: 140700 ns, At safepoint: 6900 ns, Total: 147600 ns
[2020-08-22T01:33:41.695+0000][10296][safepoint    ] Safepoint "Cleanup", Time since last: 2000352600 ns, Reaching safepoint: 126300 ns, At safepoint: 2100 ns, Total: 128400 ns
[2020-08-22T01:33:43.695+0000][10296][safepoint    ] Safepoint "Cleanup", Time since last: 2000367700 ns, Reaching safepoint: 181200 ns, At safepoint: 2500 ns, Total: 183700 ns
[2020-08-22T01:33:45.695+0000][10296][safepoint    ] Safepoint "Cleanup", Time since last: 1999818700 ns, Reaching safepoint: 132300 ns, At safepoint: 2400 ns, Total: 134700 ns
[2020-08-22T01:33:47.696+0000][10296][safepoint    ] Safepoint "Cleanup", Time since last: 2000375400 ns, Reaching safepoint: 126700 ns, At safepoint: 2500 ns, Total: 129200 ns
[2020-08-22T01:33:48.696+0000][10296][safepoint    ] Safepoint "Cleanup", Time since last: 1000375000 ns, Reaching safepoint: 172700 ns, At safepoint: 6800 ns, Total: 179500 ns
[2020-08-22T01:33:49.697+0000][10296][safepoint    ] Safepoint "Cleanup", Time since last: 1000277900 ns, Reaching safepoint: 149200 ns, At safepoint: 7300 ns, Total: 156500 ns
[2020-08-22T01:33:50.697+0000][10296][safepoint    ] Safepoint "Cleanup", Time since last: 1000312000 ns, Reaching safepoint: 142500 ns, At safepoint: 7200 ns, Total: 149700 ns
[2020-08-22T01:33:52.698+0000][10296][safepoint    ] Safepoint "Cleanup", Time since last: 2000411500 ns, Reaching safepoint: 138000 ns, At safepoint: 7500 ns, Total: 145500 ns
[2020-08-22T01:33:53.698+0000][10296][safepoint    ] Safepoint "Cleanup", Time since last: 1000250100 ns, Reaching safepoint: 122100 ns, At safepoint: 7400 ns, Total: 129500 ns
[2020-08-22T01:33:55.699+0000][10296][safepoint    ] Safepoint "Cleanup", Time since last: 2000476800 ns, Reaching safepoint: 143700 ns, At safepoint: 6900 ns, Total: 150600 ns
[2020-08-22T01:33:57.699+0000][10296][safepoint    ] Safepoint "Cleanup", Time since last: 2000090000 ns, Reaching safepoint: 138100 ns, At safepoint: 2100 ns, Total: 140200 ns
[2020-08-22T01:33:58.699+0000][10296][safepoint    ] Safepoint "Cleanup", Time since last: 1000055500 ns, Reaching safepoint: 132700 ns, At safepoint: 2500 ns, Total: 135200 ns
[2020-08-22T01:33:59.700+0000][10296][safepoint    ] Safepoint "Cleanup", Time since last: 1000220000 ns, Reaching safepoint: 137600 ns, At safepoint: 7600 ns, Total: 145200 ns
[2020-08-22T01:34:00.700+0000][10296][safepoint    ] Safepoint "Cleanup", Time since last: 1000090500 ns, Reaching safepoint: 148700 ns, At safepoint: 7500 ns, Total: 156200 ns
[2020-08-22T01:34:01.700+0000][10296][safepoint    ] Safepoint "Cleanup", Time since last: 1000312700 ns, Reaching safepoint: 130800 ns, At safepoint: 2100 ns, Total: 132900 ns
[2020-08-22T01:34:02.701+0000][10296][safepoint    ] Safepoint "Cleanup", Time since last: 1000211800 ns, Reaching safepoint: 139700 ns, At safepoint: 7500 ns, Total: 147200 ns
[2020-08-22T01:34:03.701+0000][10296][safepoint    ] Safepoint "Cleanup", Time since last: 1000217800 ns, Reaching safepoint: 142800 ns, At safepoint: 7500 ns, Total: 150300 ns
[2020-08-22T01:34:04.701+0000][10296][safepoint    ] Safepoint "Cleanup", Time since last: 1000154100 ns, Reaching safepoint: 153200 ns, At safepoint: 2100 ns, Total: 155300 ns
[2020-08-22T01:34:05.702+0000][10296][safepoint    ] Safepoint "Cleanup", Time since last: 1000291900 ns, Reaching safepoint: 210200 ns, At safepoint: 2100 ns, Total: 212300 ns
[2020-08-22T01:34:07.702+0000][10296][safepoint    ] Safepoint "Cleanup", Time since last: 1999831800 ns, Reaching safepoint: 136300 ns, At safepoint: 2000 ns, Total: 138300 ns
[2020-08-22T01:34:08.702+0000][10296][safepoint    ] Safepoint "Cleanup", Time since last: 1000365900 ns, Reaching safepoint: 128500 ns, At safepoint: 7200 ns, Total: 135700 ns
[2020-08-22T01:34:09.702+0000][10296][safepoint    ] Safepoint "Cleanup", Time since last: 1000074900 ns, Reaching safepoint: 181000 ns, At safepoint: 7700 ns, Total: 188700 ns
[2020-08-22T01:34:10.703+0000][10296][safepoint    ] Safepoint "Cleanup", Time since last: 1000109900 ns, Reaching safepoint: 137600 ns, At safepoint: 8000 ns, Total: 145600 ns
[2020-08-22T01:34:11.703+0000][10296][safepoint    ] Safepoint "Cleanup", Time since last: 1000340200 ns, Reaching safepoint: 126600 ns, At safepoint: 7100 ns, Total: 133700 ns
[2020-08-22T01:34:12.704+0000][10296][safepoint    ] Safepoint "Cleanup", Time since last: 1000364100 ns, Reaching safepoint: 130200 ns, At safepoint: 7400 ns, Total: 137600 ns
[2020-08-22T01:34:14.704+0000][10296][safepoint    ] Safepoint "Cleanup", Time since last: 2000362000 ns, Reaching safepoint: 132000 ns, At safepoint: 7300 ns, Total: 139300 ns
[2020-08-22T01:34:16.705+0000][10296][safepoint    ] Safepoint "Cleanup", Time since last: 2000372800 ns, Reaching safepoint: 150400 ns, At safepoint: 7500 ns, Total: 157900 ns
[2020-08-22T01:34:17.705+0000][10296][safepoint    ] Safepoint "Cleanup", Time since last: 1000325700 ns, Reaching safepoint: 155000 ns, At safepoint: 8200 ns, Total: 163200 ns
[2020-08-22T01:34:19.705+0000][10296][safepoint    ] Safepoint "Cleanup", Time since last: 1999901900 ns, Reaching safepoint: 158300 ns, At safepoint: 2500 ns, Total: 160800 ns
[2020-08-22T01:34:20.706+0000][10296][safepoint    ] Safepoint "Cleanup", Time since last: 1000279800 ns, Reaching safepoint: 133900 ns, At safepoint: 2400 ns, Total: 136300 ns
[2020-08-22T01:34:22.706+0000][10296][safepoint    ] Safepoint "Cleanup", Time since last: 1999884800 ns, Reaching safepoint: 137400 ns, At safepoint: 2400 ns, Total: 139800 ns
[2020-08-22T01:34:23.706+0000][10296][safepoint    ] Safepoint "Cleanup", Time since last: 1000339100 ns, Reaching safepoint: 139500 ns, At safepoint: 7500 ns, Total: 147000 ns
[2020-08-22T01:34:24.707+0000][10296][safepoint    ] Safepoint "Cleanup", Time since last: 1000321500 ns, Reaching safepoint: 126800 ns, At safepoint: 2100 ns, Total: 128900 ns
[2020-08-22T01:34:25.707+0000][10296][safepoint    ] Safepoint "Cleanup", Time since last: 1000297500 ns, Reaching safepoint: 156700 ns, At safepoint: 6900 ns, Total: 163600 ns
[2020-08-22T01:34:27.708+0000][10296][safepoint    ] Safepoint "Cleanup", Time since last: 2000447700 ns, Reaching safepoint: 139800 ns, At safepoint: 7300 ns, Total: 147100 ns
[2020-08-22T01:34:28.708+0000][10296][safepoint    ] Safepoint "Cleanup", Time since last: 1000115100 ns, Reaching safepoint: 136400 ns, At safepoint: 2200 ns, Total: 138600 ns
[2020-08-22T01:34:29.708+0000][10296][safepoint    ] Safepoint "Cleanup", Time since last: 1000121300 ns, Reaching safepoint: 127700 ns, At safepoint: 2000 ns, Total: 129700 ns
[2020-08-22T01:34:30.709+0000][10296][safepoint    ] Safepoint "Cleanup", Time since last: 1000338200 ns, Reaching safepoint: 128500 ns, At safepoint: 7600 ns, Total: 136100 ns
[2020-08-22T01:34:31.709+0000][10296][safepoint    ] Safepoint "Cleanup", Time since last: 1000172300 ns, Reaching safepoint: 146000 ns, At safepoint: 2100 ns, Total: 148100 ns
[2020-08-22T01:34:32.709+0000][10296][safepoint    ] Safepoint "Cleanup", Time since last: 1000038700 ns, Reaching safepoint: 162400 ns, At safepoint: 2300 ns, Total: 164700 ns
[2020-08-22T01:34:34.709+0000][10296][safepoint    ] Safepoint "Cleanup", Time since last: 1999863100 ns, Reaching safepoint: 138300 ns, At safepoint: 2200 ns, Total: 140500 ns
[2020-08-22T01:34:36.710+0000][10296][safepoint    ] Safepoint "Cleanup", Time since last: 2000366300 ns, Reaching safepoint: 149200 ns, At safepoint: 7500 ns, Total: 156700 ns
[2020-08-22T01:34:37.710+0000][10296][safepoint    ] Safepoint "Cleanup", Time since last: 1000325200 ns, Reaching safepoint: 130500 ns, At safepoint: 7400 ns, Total: 137900 ns
[2020-08-22T01:34:39.699+0000][10296][safepoint    ] Safepoint "Cleanup", Time since last: 1988354600 ns, Reaching safepoint: 134500 ns, At safepoint: 2100 ns, Total: 136600 ns
[2020-08-22T01:34:41.699+0000][10296][safepoint    ] Safepoint "Cleanup", Time since last: 2000374200 ns, Reaching safepoint: 131200 ns, At safepoint: 2400 ns, Total: 133600 ns
[2020-08-22T01:34:42.700+0000][10296][safepoint    ] Safepoint "Cleanup", Time since last: 1000367000 ns, Reaching safepoint: 131200 ns, At safepoint: 6700 ns, Total: 137900 ns
[2020-08-22T01:34:43.700+0000][10296][safepoint    ] Safepoint "Cleanup", Time since last: 1000358800 ns, Reaching safepoint: 132300 ns, At safepoint: 2100 ns, Total: 134400 ns
[2020-08-22T01:34:44.701+0000][10296][safepoint    ] Safepoint "Cleanup", Time since last: 1000367000 ns, Reaching safepoint: 138000 ns, At safepoint: 7300 ns, Total: 145300 ns
[2020-08-22T01:34:45.701+0000][10296][safepoint    ] Safepoint "Cleanup", Time since last: 1000351300 ns, Reaching safepoint: 147800 ns, At safepoint: 7600 ns, Total: 155400 ns
[2020-08-22T01:34:46.702+0000][10296][safepoint    ] Safepoint "Cleanup", Time since last: 1000104900 ns, Reaching safepoint: 138300 ns, At safepoint: 2100 ns, Total: 140400 ns
[2020-08-22T01:34:47.702+0000][10296][safepoint    ] Safepoint "Cleanup", Time since last: 1000093800 ns, Reaching safepoint: 147500 ns, At safepoint: 7300 ns, Total: 154800 ns
[2020-08-22T01:34:48.702+0000][10296][safepoint    ] Safepoint "Cleanup", Time since last: 1000303300 ns, Reaching safepoint: 127500 ns, At safepoint: 7100 ns, Total: 134600 ns
[2020-08-22T01:34:49.703+0000][10296][safepoint    ] Safepoint "Cleanup", Time since last: 1000326600 ns, Reaching safepoint: 136600 ns, At safepoint: 7900 ns, Total: 144500 ns
[2020-08-22T01:34:51.703+0000][10296][safepoint    ] Safepoint "Cleanup", Time since last: 1999946500 ns, Reaching safepoint: 163900 ns, At safepoint: 2500 ns, Total: 166400 ns
[2020-08-22T01:34:53.703+0000][10296][safepoint    ] Safepoint "Cleanup", Time since last: 2000115900 ns, Reaching safepoint: 133200 ns, At safepoint: 7100 ns, Total: 140300 ns
[2020-08-22T01:34:54.703+0000][10296][safepoint    ] Safepoint "Cleanup", Time since last: 1000064700 ns, Reaching safepoint: 139300 ns, At safepoint: 2400 ns, Total: 141700 ns
[2020-08-22T01:34:56.704+0000][10296][safepoint    ] Safepoint "Cleanup", Time since last: 2000124600 ns, Reaching safepoint: 131100 ns, At safepoint: 2000 ns, Total: 133100 ns
[2020-08-22T01:34:58.704+0000][10296][safepoint    ] Safepoint "Cleanup", Time since last: 1999875100 ns, Reaching safepoint: 154700 ns, At safepoint: 2000 ns, Total: 156700 ns
[2020-08-22T01:34:59.704+0000][10296][safepoint    ] Safepoint "Cleanup", Time since last: 1000081500 ns, Reaching safepoint: 133000 ns, At safepoint: 2400 ns, Total: 135400 ns
[2020-08-22T01:35:00.704+0000][10296][safepoint    ] Safepoint "Cleanup", Time since last: 1000363100 ns, Reaching safepoint: 123300 ns, At safepoint: 7500 ns, Total: 130800 ns
[2020-08-22T01:35:01.705+0000][10296][safepoint    ] Safepoint "Cleanup", Time since last: 1000359700 ns, Reaching safepoint: 132100 ns, At safepoint: 2400 ns, Total: 134500 ns
[2020-08-22T01:35:03.705+0000][10296][safepoint    ] Safepoint "Cleanup", Time since last: 2000284800 ns, Reaching safepoint: 187300 ns, At safepoint: 7600 ns, Total: 194900 ns
[2020-08-22T01:35:05.706+0000][10296][safepoint    ] Safepoint "Cleanup", Time since last: 2000387800 ns, Reaching safepoint: 131000 ns, At safepoint: 2500 ns, Total: 133500 ns
[2020-08-22T01:35:07.706+0000][10296][safepoint    ] Safepoint "Cleanup", Time since last: 2000364900 ns, Reaching safepoint: 155700 ns, At safepoint: 2400 ns, Total: 158100 ns
[2020-08-22T01:35:08.730+0000][10296][safepoint    ] Safepoint "Cleanup", Time since last: 1023427400 ns, Reaching safepoint: 136400 ns, At safepoint: 10700 ns, Total: 147100 ns
[2020-08-22T01:35:09.730+0000][10296][safepoint    ] Safepoint "Cleanup", Time since last: 1000248700 ns, Reaching safepoint: 154100 ns, At safepoint: 2100 ns, Total: 156200 ns
[2020-08-22T01:35:10.731+0000][10296][safepoint    ] Safepoint "Cleanup", Time since last: 1000241600 ns, Reaching safepoint: 130100 ns, At safepoint: 2100 ns, Total: 132200 ns
[2020-08-22T01:35:12.731+0000][10296][safepoint    ] Safepoint "Cleanup", Time since last: 2000350500 ns, Reaching safepoint: 136200 ns, At safepoint: 2300 ns, Total: 138500 ns
[2020-08-22T01:35:13.731+0000][10296][safepoint    ] Safepoint "Cleanup", Time since last: 1000109600 ns, Reaching safepoint: 137100 ns, At safepoint: 2000 ns, Total: 139100 ns
[2020-08-22T01:35:15.732+0000][10296][safepoint    ] Safepoint "Cleanup", Time since last: 2000258400 ns, Reaching safepoint: 130500 ns, At safepoint: 2300 ns, Total: 132800 ns
[2020-08-22T01:35:17.732+0000][10296][safepoint    ] Safepoint "Cleanup", Time since last: 2000388400 ns, Reaching safepoint: 129800 ns, At safepoint: 2700 ns, Total: 132500 ns
[2020-08-22T01:35:19.733+0000][10296][safepoint    ] Safepoint "Cleanup", Time since last: 2000199500 ns, Reaching safepoint: 117200 ns, At safepoint: 7200 ns, Total: 124400 ns
[2020-08-22T01:35:20.733+0000][10296][safepoint    ] Safepoint "Cleanup", Time since last: 1000048200 ns, Reaching safepoint: 134300 ns, At safepoint: 7000 ns, Total: 141300 ns
[2020-08-22T01:35:22.733+0000][10296][safepoint    ] Safepoint "Cleanup", Time since last: 2000332700 ns, Reaching safepoint: 139500 ns, At safepoint: 7700 ns, Total: 147200 ns
[2020-08-22T01:35:23.734+0000][10296][safepoint    ] Safepoint "Cleanup", Time since last: 1000357300 ns, Reaching safepoint: 160500 ns, At safepoint: 7700 ns, Total: 168200 ns
[2020-08-22T01:35:25.734+0000][10296][safepoint    ] Safepoint "Cleanup", Time since last: 2000309300 ns, Reaching safepoint: 135800 ns, At safepoint: 7100 ns, Total: 142900 ns
[2020-08-22T01:35:27.734+0000][10296][safepoint    ] Safepoint "Cleanup", Time since last: 1999875200 ns, Reaching safepoint: 123900 ns, At safepoint: 2400 ns, Total: 126300 ns
[2020-08-22T01:35:28.735+0000][10296][safepoint    ] Safepoint "Cleanup", Time since last: 1000372000 ns, Reaching safepoint: 178300 ns, At safepoint: 7900 ns, Total: 186200 ns
[2020-08-22T01:35:30.735+0000][10296][safepoint    ] Safepoint "Cleanup", Time since last: 2000184000 ns, Reaching safepoint: 162000 ns, At safepoint: 2200 ns, Total: 164200 ns
[2020-08-22T01:35:32.735+0000][10296][safepoint    ] Safepoint "Cleanup", Time since last: 1999979300 ns, Reaching safepoint: 129700 ns, At safepoint: 2100 ns, Total: 131800 ns
[2020-08-22T01:35:33.736+0000][10296][safepoint    ] Safepoint "Cleanup", Time since last: 1000352300 ns, Reaching safepoint: 130300 ns, At safepoint: 2000 ns, Total: 132300 ns
[2020-08-22T01:35:34.736+0000][10296][safepoint    ] Safepoint "Cleanup", Time since last: 1000360800 ns, Reaching safepoint: 145900 ns, At safepoint: 7400 ns, Total: 153300 ns
[2020-08-22T01:35:35.737+0000][10296][safepoint    ] Safepoint "Cleanup", Time since last: 1000346600 ns, Reaching safepoint: 126000 ns, At safepoint: 2000 ns, Total: 128000 ns
[2020-08-22T01:35:36.737+0000][10296][safepoint    ] Safepoint "Cleanup", Time since last: 1000371100 ns, Reaching safepoint: 127200 ns, At safepoint: 7100 ns, Total: 134300 ns
[2020-08-22T01:35:38.729+0000][10296][safepoint    ] Safepoint "Cleanup", Time since last: 1991507200 ns, Reaching safepoint: 130000 ns, At safepoint: 11300 ns, Total: 141300 ns
[2020-08-22T01:35:39.730+0000][10296][safepoint    ] Safepoint "Cleanup", Time since last: 1000720600 ns, Reaching safepoint: 135700 ns, At safepoint: 7500 ns, Total: 143200 ns
[2020-08-22T01:35:40.730+0000][10296][safepoint    ] Safepoint "Cleanup", Time since last: 1000014300 ns, Reaching safepoint: 152300 ns, At safepoint: 2400 ns, Total: 154700 ns
[2020-08-22T01:35:42.730+0000][10296][safepoint    ] Safepoint "Cleanup", Time since last: 2000188700 ns, Reaching safepoint: 134300 ns, At safepoint: 6900 ns, Total: 141200 ns
[2020-08-22T01:35:43.730+0000][10296][safepoint    ] Safepoint "Cleanup", Time since last: 1000019300 ns, Reaching safepoint: 165700 ns, At safepoint: 7900 ns, Total: 173600 ns
[2020-08-22T01:35:44.731+0000][10296][safepoint    ] Safepoint "Cleanup", Time since last: 1000142300 ns, Reaching safepoint: 143500 ns, At safepoint: 7000 ns, Total: 150500 ns
[2020-08-22T01:35:45.731+0000][10296][safepoint    ] Safepoint "Cleanup", Time since last: 1000145300 ns, Reaching safepoint: 140600 ns, At safepoint: 7000 ns, Total: 147600 ns
[2020-08-22T01:35:46.731+0000][10296][safepoint    ] Safepoint "Cleanup", Time since last: 1000159900 ns, Reaching safepoint: 135200 ns, At safepoint: 7600 ns, Total: 142800 ns
[2020-08-22T01:35:47.732+0000][10296][safepoint    ] Safepoint "Cleanup", Time since last: 1000282300 ns, Reaching safepoint: 150700 ns, At safepoint: 2000 ns, Total: 152700 ns
[2020-08-22T01:35:48.732+0000][10296][safepoint    ] Safepoint "Cleanup", Time since last: 1000349500 ns, Reaching safepoint: 129800 ns, At safepoint: 7400 ns, Total: 137200 ns
[2020-08-22T01:35:49.733+0000][10296][safepoint    ] Safepoint "Cleanup", Time since last: 1000219500 ns, Reaching safepoint: 151200 ns, At safepoint: 2100 ns, Total: 153300 ns
[2020-08-22T01:35:51.733+0000][10296][safepoint    ] Safepoint "Cleanup", Time since last: 2000016400 ns, Reaching safepoint: 131400 ns, At safepoint: 7600 ns, Total: 139000 ns
[2020-08-22T01:35:52.733+0000][10296][safepoint    ] Safepoint "Cleanup", Time since last: 1000323200 ns, Reaching safepoint: 142500 ns, At safepoint: 7400 ns, Total: 149900 ns
[2020-08-22T01:35:54.733+0000][10296][safepoint    ] Safepoint "Cleanup", Time since last: 2000075400 ns, Reaching safepoint: 120900 ns, At safepoint: 7200 ns, Total: 128100 ns
[2020-08-22T01:35:55.734+0000][10296][safepoint    ] Safepoint "Cleanup", Time since last: 1000158000 ns, Reaching safepoint: 133000 ns, At safepoint: 2100 ns, Total: 135100 ns
[2020-08-22T01:35:56.734+0000][10296][safepoint    ] Safepoint "Cleanup", Time since last: 1000360600 ns, Reaching safepoint: 131000 ns, At safepoint: 7300 ns, Total: 138300 ns
[2020-08-22T01:35:57.735+0000][10296][safepoint    ] Safepoint "Cleanup", Time since last: 1000133100 ns, Reaching safepoint: 125300 ns, At safepoint: 7300 ns, Total: 132600 ns
[2020-08-22T01:35:58.735+0000][10296][safepoint    ] Safepoint "Cleanup", Time since last: 1000237600 ns, Reaching safepoint: 146200 ns, At safepoint: 2600 ns, Total: 148800 ns
[2020-08-22T01:35:59.735+0000][10296][safepoint    ] Safepoint "Cleanup", Time since last: 1000154500 ns, Reaching safepoint: 153200 ns, At safepoint: 7500 ns, Total: 160700 ns
[2020-08-22T01:36:01.735+0000][10296][safepoint    ] Safepoint "Cleanup", Time since last: 1999901500 ns, Reaching safepoint: 137200 ns, At safepoint: 2100 ns, Total: 139300 ns
[2020-08-22T01:36:03.735+0000][10296][safepoint    ] Safepoint "Cleanup", Time since last: 1999999800 ns, Reaching safepoint: 143300 ns, At safepoint: 2800 ns, Total: 146100 ns
[2020-08-22T01:36:05.736+0000][10296][safepoint    ] Safepoint "Cleanup", Time since last: 2000194200 ns, Reaching safepoint: 124200 ns, At safepoint: 7900 ns, Total: 132100 ns
[2020-08-22T01:36:06.736+0000][10296][safepoint    ] Safepoint "Cleanup", Time since last: 1000031000 ns, Reaching safepoint: 136800 ns, At safepoint: 7000 ns, Total: 143800 ns
[2020-08-22T01:36:07.736+0000][10296][safepoint    ] Safepoint "Cleanup", Time since last: 1000202600 ns, Reaching safepoint: 134000 ns, At safepoint: 2200 ns, Total: 136200 ns
[2020-08-22T01:36:09.719+0000][10296][safepoint    ] Safepoint "Cleanup", Time since last: 1982435700 ns, Reaching safepoint: 142700 ns, At safepoint: 2400 ns, Total: 145100 ns
[2020-08-22T01:36:10.719+0000][10296][safepoint    ] Safepoint "Cleanup", Time since last: 1000287600 ns, Reaching safepoint: 144200 ns, At safepoint: 2400 ns, Total: 146600 ns
[2020-08-22T01:36:11.719+0000][10296][safepoint    ] Safepoint "Cleanup", Time since last: 1000077100 ns, Reaching safepoint: 121800 ns, At safepoint: 2000 ns, Total: 123800 ns
[2020-08-22T01:36:12.720+0000][10296][safepoint    ] Safepoint "Cleanup", Time since last: 1000141600 ns, Reaching safepoint: 148100 ns, At safepoint: 7400 ns, Total: 155500 ns
[2020-08-22T01:36:13.720+0000][10296][safepoint    ] Safepoint "Cleanup", Time since last: 1000074200 ns, Reaching safepoint: 188000 ns, At safepoint: 7400 ns, Total: 195400 ns
[2020-08-22T01:36:14.720+0000][10296][safepoint    ] Safepoint "Cleanup", Time since last: 1000091500 ns, Reaching safepoint: 133500 ns, At safepoint: 6800 ns, Total: 140300 ns
[2020-08-22T01:36:15.721+0000][10296][safepoint    ] Safepoint "Cleanup", Time since last: 1000351800 ns, Reaching safepoint: 143300 ns, At safepoint: 7700 ns, Total: 151000 ns
[2020-08-22T01:36:17.721+0000][10296][safepoint    ] Safepoint "Cleanup", Time since last: 2000348600 ns, Reaching safepoint: 139700 ns, At safepoint: 7000 ns, Total: 146700 ns
[2020-08-22T01:36:19.722+0000][10296][safepoint    ] Safepoint "Cleanup", Time since last: 2000354500 ns, Reaching safepoint: 134200 ns, At safepoint: 6900 ns, Total: 141100 ns
[2020-08-22T01:36:21.722+0000][10296][safepoint    ] Safepoint "Cleanup", Time since last: 2000352800 ns, Reaching safepoint: 149500 ns, At safepoint: 7800 ns, Total: 157300 ns
[2020-08-22T01:36:22.723+0000][10296][safepoint    ] Safepoint "Cleanup", Time since last: 1000215600 ns, Reaching safepoint: 157500 ns, At safepoint: 7400 ns, Total: 164900 ns
[2020-08-22T01:36:23.723+0000][10296][safepoint    ] Safepoint "Cleanup", Time since last: 1000135900 ns, Reaching safepoint: 133200 ns, At safepoint: 8000 ns, Total: 141200 ns
[2020-08-22T01:36:24.723+0000][10296][safepoint    ] Safepoint "Cleanup", Time since last: 1000183800 ns, Reaching safepoint: 132100 ns, At safepoint: 2100 ns, Total: 134200 ns
[2020-08-22T01:36:25.724+0000][10296][safepoint    ] Safepoint "Cleanup", Time since last: 1000159800 ns, Reaching safepoint: 134200 ns, At safepoint: 2200 ns, Total: 136400 ns
[2020-08-22T01:36:26.724+0000][10296][safepoint    ] Safepoint "Cleanup", Time since last: 1000167500 ns, Reaching safepoint: 156000 ns, At safepoint: 8300 ns, Total: 164300 ns
[2020-08-22T01:36:27.724+0000][10296][safepoint    ] Safepoint "Cleanup", Time since last: 1000209000 ns, Reaching safepoint: 133300 ns, At safepoint: 7900 ns, Total: 141200 ns
[2020-08-22T01:36:29.724+0000][10296][safepoint    ] Safepoint "Cleanup", Time since last: 1999911300 ns, Reaching safepoint: 125500 ns, At safepoint: 7300 ns, Total: 132800 ns
[2020-08-22T01:36:30.725+0000][10296][safepoint    ] Safepoint "Cleanup", Time since last: 1000346800 ns, Reaching safepoint: 126300 ns, At safepoint: 6600 ns, Total: 132900 ns
[2020-08-22T01:36:32.725+0000][10296][safepoint    ] Safepoint "Cleanup", Time since last: 1999879500 ns, Reaching safepoint: 137100 ns, At safepoint: 2000 ns, Total: 139100 ns
[2020-08-22T01:36:33.725+0000][10296][safepoint    ] Safepoint "Cleanup", Time since last: 1000355800 ns, Reaching safepoint: 122600 ns, At safepoint: 7200 ns, Total: 129800 ns
[2020-08-22T01:36:34.726+0000][10296][safepoint    ] Safepoint "Cleanup", Time since last: 1000362500 ns, Reaching safepoint: 140400 ns, At safepoint: 8000 ns, Total: 148400 ns
[2020-08-22T01:36:36.726+0000][10296][safepoint    ] Safepoint "Cleanup", Time since last: 2000349600 ns, Reaching safepoint: 128700 ns, At safepoint: 2100 ns, Total: 130800 ns
[2020-08-22T01:36:38.700+0000][10296][safepoint    ] Safepoint "Cleanup", Time since last: 1973567900 ns, Reaching safepoint: 125800 ns, At safepoint: 2000 ns, Total: 127800 ns
[2020-08-22T01:36:39.701+0000][10296][safepoint    ] Safepoint "Cleanup", Time since last: 1000675300 ns, Reaching safepoint: 132000 ns, At safepoint: 7600 ns, Total: 139600 ns
[2020-08-22T01:36:40.701+0000][10296][safepoint    ] Safepoint "Cleanup", Time since last: 1000366400 ns, Reaching safepoint: 140400 ns, At safepoint: 7900 ns, Total: 148300 ns
[2020-08-22T01:36:41.702+0000][10296][safepoint    ] Safepoint "Cleanup", Time since last: 1000116700 ns, Reaching safepoint: 134600 ns, At safepoint: 2500 ns, Total: 137100 ns
[2020-08-22T01:36:42.702+0000][10296][safepoint    ] Safepoint "Cleanup", Time since last: 1000094200 ns, Reaching safepoint: 135200 ns, At safepoint: 8200 ns, Total: 143400 ns
[2020-08-22T01:36:43.702+0000][10296][safepoint    ] Safepoint "Cleanup", Time since last: 1000118700 ns, Reaching safepoint: 133400 ns, At safepoint: 2100 ns, Total: 135500 ns
[2020-08-22T01:36:44.702+0000][10296][safepoint    ] Safepoint "Cleanup", Time since last: 1000105700 ns, Reaching safepoint: 135400 ns, At safepoint: 7400 ns, Total: 142800 ns
[2020-08-22T01:36:46.703+0000][10296][safepoint    ] Safepoint "Cleanup", Time since last: 2000351200 ns, Reaching safepoint: 136700 ns, At safepoint: 7200 ns, Total: 143900 ns
[2020-08-22T01:36:47.703+0000][10296][safepoint    ] Safepoint "Cleanup", Time since last: 1000360700 ns, Reaching safepoint: 138400 ns, At safepoint: 7200 ns, Total: 145600 ns
[2020-08-22T01:36:49.703+0000][10296][safepoint    ] Safepoint "Cleanup", Time since last: 1999850400 ns, Reaching safepoint: 118300 ns, At safepoint: 2400 ns, Total: 120700 ns
[2020-08-22T01:36:50.704+0000][10296][safepoint    ] Safepoint "Cleanup", Time since last: 1000177000 ns, Reaching safepoint: 132300 ns, At safepoint: 2500 ns, Total: 134800 ns
[2020-08-22T01:36:52.704+0000][10296][safepoint    ] Safepoint "Cleanup", Time since last: 2000270400 ns, Reaching safepoint: 143100 ns, At safepoint: 2000 ns, Total: 145100 ns
[2020-08-22T01:36:53.704+0000][10296][safepoint    ] Safepoint "Cleanup", Time since last: 1000165600 ns, Reaching safepoint: 125900 ns, At safepoint: 2300 ns, Total: 128200 ns
[2020-08-22T01:36:54.705+0000][10296][safepoint    ] Safepoint "Cleanup", Time since last: 1000270000 ns, Reaching safepoint: 126100 ns, At safepoint: 7400 ns, Total: 133500 ns
[2020-08-22T01:36:56.705+0000][10296][safepoint    ] Safepoint "Cleanup", Time since last: 2000130000 ns, Reaching safepoint: 131600 ns, At safepoint: 2700 ns, Total: 134300 ns
[2020-08-22T01:36:57.705+0000][10296][safepoint    ] Safepoint "Cleanup", Time since last: 1000168400 ns, Reaching safepoint: 132400 ns, At safepoint: 2200 ns, Total: 134600 ns
[2020-08-22T01:36:58.706+0000][10296][safepoint    ] Safepoint "Cleanup", Time since last: 1000342300 ns, Reaching safepoint: 177700 ns, At safepoint: 2100 ns, Total: 179800 ns
[2020-08-22T01:37:00.706+0000][10296][safepoint    ] Safepoint "Cleanup", Time since last: 2000371000 ns, Reaching safepoint: 128400 ns, At safepoint: 7100 ns, Total: 135500 ns
[2020-08-22T01:37:01.707+0000][10296][safepoint    ] Safepoint "Cleanup", Time since last: 1000359600 ns, Reaching safepoint: 132100 ns, At safepoint: 7300 ns, Total: 139400 ns
[2020-08-22T01:37:03.707+0000][10296][safepoint    ] Safepoint "Cleanup", Time since last: 1999872500 ns, Reaching safepoint: 141400 ns, At safepoint: 2600 ns, Total: 144000 ns
[2020-08-22T01:37:04.707+0000][10296][safepoint    ] Safepoint "Cleanup", Time since last: 1000356600 ns, Reaching safepoint: 131500 ns, At safepoint: 7400 ns, Total: 138900 ns
[2020-08-22T01:37:05.708+0000][10296][safepoint    ] Safepoint "Cleanup", Time since last: 1000345900 ns, Reaching safepoint: 142800 ns, At safepoint: 7100 ns, Total: 149900 ns
[2020-08-22T01:37:07.708+0000][10296][safepoint    ] Safepoint "Cleanup", Time since last: 2000193900 ns, Reaching safepoint: 131800 ns, At safepoint: 7300 ns, Total: 139100 ns
[2020-08-22T01:37:07.855+0000][10296][gc,start     ] GC(31) Pause Young (Normal) (G1 Evacuation Pause)
[2020-08-22T01:37:07.855+0000][10296][gc,task      ] GC(31) Using 18 workers of 18 for evacuation
[2020-08-22T01:37:07.855+0000][10296][gc,age       ] GC(31) Desired survivor size 40370176 bytes, new threshold 15 (max threshold 15)
[2020-08-22T01:37:07.857+0000][10296][gc,age       ] GC(31) Age table with threshold 15 (max threshold 15)
[2020-08-22T01:37:07.857+0000][10296][gc,age       ] GC(31) - age   1:     105256 bytes,     105256 total
[2020-08-22T01:37:07.857+0000][10296][gc,age       ] GC(31) - age   2:      16448 bytes,     121704 total
[2020-08-22T01:37:07.857+0000][10296][gc,age       ] GC(31) - age   3:        904 bytes,     122608 total
[2020-08-22T01:37:07.857+0000][10296][gc,age       ] GC(31) - age   4:         80 bytes,     122688 total
[2020-08-22T01:37:07.857+0000][10296][gc,age       ] GC(31) - age   5:      78160 bytes,     200848 total
[2020-08-22T01:37:07.857+0000][10296][gc,age       ] GC(31) - age   6:     440872 bytes,     641720 total
[2020-08-22T01:37:07.857+0000][10296][gc,age       ] GC(31) - age   7:       2352 bytes,     644072 total
[2020-08-22T01:37:07.857+0000][10296][gc,age       ] GC(31) - age   8:      17768 bytes,     661840 total
[2020-08-22T01:37:07.857+0000][10296][gc,age       ] GC(31) - age   9:     444328 bytes,    1106168 total
[2020-08-22T01:37:07.857+0000][10296][gc,age       ] GC(31) - age  10:      99520 bytes,    1205688 total
[2020-08-22T01:37:07.857+0000][10296][gc,age       ] GC(31) - age  11:       2888 bytes,    1208576 total
[2020-08-22T01:37:07.857+0000][10296][gc,age       ] GC(31) - age  12:       2640 bytes,    1211216 total
[2020-08-22T01:37:07.857+0000][10296][gc,age       ] GC(31) - age  13:       1768 bytes,    1212984 total
[2020-08-22T01:37:07.857+0000][10296][gc,age       ] GC(31) - age  14:     679640 bytes,    1892624 total
[2020-08-22T01:37:07.857+0000][10296][gc,age       ] GC(31) - age  15:       9592 bytes,    1902216 total
[2020-08-22T01:37:07.857+0000][10296][gc,phases    ] GC(31)   Pre Evacuate Collection Set: 0.1ms
[2020-08-22T01:37:07.857+0000][10296][gc,phases    ] GC(31)   Merge Heap Roots: 0.1ms
[2020-08-22T01:37:07.857+0000][10296][gc,phases    ] GC(31)   Evacuate Collection Set: 1.0ms
[2020-08-22T01:37:07.857+0000][10296][gc,phases    ] GC(31)   Post Evacuate Collection Set: 0.5ms
[2020-08-22T01:37:07.857+0000][10296][gc,phases    ] GC(31)   Other: 0.3ms
[2020-08-22T01:37:07.857+0000][10296][gc,heap      ] GC(31) Eden regions: 612->0(612)
[2020-08-22T01:37:07.857+0000][10296][gc,heap      ] GC(31) Survivor regions: 2->2(77)
[2020-08-22T01:37:07.857+0000][10296][gc,heap      ] GC(31) Old regions: 70->70
[2020-08-22T01:37:07.857+0000][10296][gc,heap      ] GC(31) Archive regions: 0->0
[2020-08-22T01:37:07.857+0000][10296][gc,heap      ] GC(31) Humongous regions: 7->7
[2020-08-22T01:37:07.857+0000][10296][gc,metaspace ] GC(31) Metaspace: 95265K(103424K)->95265K(103424K) NonClass: 82368K(87296K)->82368K(87296K) Class: 12896K(16128K)->12896K(16128K)
[2020-08-22T01:37:07.857+0000][10296][gc           ] GC(31) Pause Young (Normal) (G1 Evacuation Pause) 690M->78M(1024M) 2.049ms
[2020-08-22T01:37:07.857+0000][10296][gc,cpu       ] GC(31) User=0.00s Sys=0.00s Real=0.00s
[2020-08-22T01:37:07.857+0000][10296][safepoint    ] Safepoint "G1CollectForAllocation", Time since last: 147387500 ns, Reaching safepoint: 119500 ns, At safepoint: 2112500 ns, Total: 2232000 ns
[2020-08-22T01:37:09.721+0000][10296][safepoint    ] Safepoint "Cleanup", Time since last: 1862906100 ns, Reaching safepoint: 136300 ns, At safepoint: 7500 ns, Total: 143800 ns
[2020-08-22T01:37:11.721+0000][10296][safepoint    ] Safepoint "Cleanup", Time since last: 2000353000 ns, Reaching safepoint: 131400 ns, At safepoint: 2100 ns, Total: 133500 ns
[2020-08-22T01:37:12.722+0000][10296][safepoint    ] Safepoint "Cleanup", Time since last: 1000370500 ns, Reaching safepoint: 135500 ns, At safepoint: 7200 ns, Total: 142700 ns
[2020-08-22T01:37:14.722+0000][10296][safepoint    ] Safepoint "Cleanup", Time since last: 2000354900 ns, Reaching safepoint: 129700 ns, At safepoint: 2000 ns, Total: 131700 ns
[2020-08-22T01:37:15.723+0000][10296][safepoint    ] Safepoint "Cleanup", Time since last: 1000306300 ns, Reaching safepoint: 146900 ns, At safepoint: 2100 ns, Total: 149000 ns
[2020-08-22T01:37:17.723+0000][10296][safepoint    ] Safepoint "Cleanup", Time since last: 1999934300 ns, Reaching safepoint: 145500 ns, At safepoint: 2100 ns, Total: 147600 ns
[2020-08-22T01:37:18.723+0000][10296][safepoint    ] Safepoint "Cleanup", Time since last: 1000170400 ns, Reaching safepoint: 135500 ns, At safepoint: 7100 ns, Total: 142600 ns
[2020-08-22T01:37:19.723+0000][10296][safepoint    ] Safepoint "Cleanup", Time since last: 1000011800 ns, Reaching safepoint: 147700 ns, At safepoint: 2700 ns, Total: 150400 ns
[2020-08-22T01:37:21.724+0000][10296][safepoint    ] Safepoint "Cleanup", Time since last: 2000359700 ns, Reaching safepoint: 139500 ns, At safepoint: 2900 ns, Total: 142400 ns
[2020-08-22T01:37:23.724+0000][10296][safepoint    ] Safepoint "Cleanup", Time since last: 2000339000 ns, Reaching safepoint: 132100 ns, At safepoint: 7500 ns, Total: 139600 ns
[2020-08-22T01:37:24.725+0000][10296][safepoint    ] Safepoint "Cleanup", Time since last: 1000252000 ns, Reaching safepoint: 137500 ns, At safepoint: 2500 ns, Total: 140000 ns
[2020-08-22T01:37:26.725+0000][10296][safepoint    ] Safepoint "Cleanup", Time since last: 2000014300 ns, Reaching safepoint: 147400 ns, At safepoint: 2500 ns, Total: 149900 ns
[2020-08-22T01:37:27.725+0000][10296][safepoint    ] Safepoint "Cleanup", Time since last: 1000319600 ns, Reaching safepoint: 119500 ns, At safepoint: 2100 ns, Total: 121600 ns
[2020-08-22T01:37:28.726+0000][10296][safepoint    ] Safepoint "Cleanup", Time since last: 1000379100 ns, Reaching safepoint: 122700 ns, At safepoint: 8200 ns, Total: 130900 ns
[2020-08-22T01:37:29.726+0000][10296][safepoint    ] Safepoint "Cleanup", Time since last: 1000343300 ns, Reaching safepoint: 138400 ns, At safepoint: 7200 ns, Total: 145600 ns
[2020-08-22T01:37:30.727+0000][10296][safepoint    ] Safepoint "Cleanup", Time since last: 1000324800 ns, Reaching safepoint: 139100 ns, At safepoint: 7200 ns, Total: 146300 ns
[2020-08-22T01:37:32.727+0000][10296][safepoint    ] Safepoint "Cleanup", Time since last: 2000402000 ns, Reaching safepoint: 135300 ns, At safepoint: 2000 ns, Total: 137300 ns
[2020-08-22T01:37:33.728+0000][10296][safepoint    ] Safepoint "Cleanup", Time since last: 1000363000 ns, Reaching safepoint: 137100 ns, At safepoint: 7900 ns, Total: 145000 ns
[2020-08-22T01:37:35.728+0000][10296][safepoint    ] Safepoint "Cleanup", Time since last: 2000362400 ns, Reaching safepoint: 125800 ns, At safepoint: 7900 ns, Total: 133700 ns
[2020-08-22T01:37:37.728+0000][10296][safepoint    ] Safepoint "Cleanup", Time since last: 1999893500 ns, Reaching safepoint: 138400 ns, At safepoint: 2000 ns, Total: 140400 ns
[2020-08-22T01:37:39.721+0000][10296][safepoint    ] Safepoint "Cleanup", Time since last: 1992825800 ns, Reaching safepoint: 167900 ns, At safepoint: 2100 ns, Total: 170000 ns
[2020-08-22T01:37:41.721+0000][10296][safepoint    ] Safepoint "Cleanup", Time since last: 1999859300 ns, Reaching safepoint: 136100 ns, At safepoint: 2000 ns, Total: 138100 ns
[2020-08-22T01:37:42.722+0000][10296][safepoint    ] Safepoint "Cleanup", Time since last: 1000331400 ns, Reaching safepoint: 132500 ns, At safepoint: 7600 ns, Total: 140100 ns
[2020-08-22T01:37:44.722+0000][10296][safepoint    ] Safepoint "Cleanup", Time since last: 1999870500 ns, Reaching safepoint: 128900 ns, At safepoint: 2500 ns, Total: 131400 ns
[2020-08-22T01:37:45.722+0000][10296][safepoint    ] Safepoint "Cleanup", Time since last: 1000326700 ns, Reaching safepoint: 124600 ns, At safepoint: 2100 ns, Total: 126700 ns
[2020-08-22T01:37:47.722+0000][10296][safepoint    ] Safepoint "Cleanup", Time since last: 1999934100 ns, Reaching safepoint: 141900 ns, At safepoint: 2000 ns, Total: 143900 ns
[2020-08-22T01:37:48.723+0000][10296][safepoint    ] Safepoint "Cleanup", Time since last: 1000338200 ns, Reaching safepoint: 144000 ns, At safepoint: 7500 ns, Total: 151500 ns
[2020-08-22T01:37:49.723+0000][10296][safepoint    ] Safepoint "Cleanup", Time since last: 1000341100 ns, Reaching safepoint: 131600 ns, At safepoint: 2000 ns, Total: 133600 ns
[2020-08-22T01:37:50.724+0000][10296][safepoint    ] Safepoint "Cleanup", Time since last: 1000364200 ns, Reaching safepoint: 141400 ns, At safepoint: 7200 ns, Total: 148600 ns
[2020-08-22T01:37:51.724+0000][10296][safepoint    ] Safepoint "Cleanup", Time since last: 1000320500 ns, Reaching safepoint: 130100 ns, At safepoint: 2000 ns, Total: 132100 ns
[2020-08-22T01:37:53.724+0000][10296][safepoint    ] Safepoint "Cleanup", Time since last: 1999895600 ns, Reaching safepoint: 131400 ns, At safepoint: 2100 ns, Total: 133500 ns
[2020-08-22T01:37:54.725+0000][10296][safepoint    ] Safepoint "Cleanup", Time since last: 1000375200 ns, Reaching safepoint: 149700 ns, At safepoint: 7700 ns, Total: 157400 ns
[2020-08-22T01:37:55.725+0000][10296][safepoint    ] Safepoint "Cleanup", Time since last: 1000335300 ns, Reaching safepoint: 127500 ns, At safepoint: 7500 ns, Total: 135000 ns
[2020-08-22T01:37:57.726+0000][10296][safepoint    ] Safepoint "Cleanup", Time since last: 2000200500 ns, Reaching safepoint: 132800 ns, At safepoint: 2100 ns, Total: 134900 ns
[2020-08-22T01:37:59.726+0000][10296][safepoint    ] Safepoint "Cleanup", Time since last: 2000138000 ns, Reaching safepoint: 117600 ns, At safepoint: 7300 ns, Total: 124900 ns
[2020-08-22T01:38:00.726+0000][10296][safepoint    ] Safepoint "Cleanup", Time since last: 1000102500 ns, Reaching safepoint: 158600 ns, At safepoint: 7400 ns, Total: 166000 ns
[2020-08-22T01:38:02.726+0000][10296][safepoint    ] Safepoint "Cleanup", Time since last: 2000005600 ns, Reaching safepoint: 126900 ns, At safepoint: 2100 ns, Total: 129000 ns
[2020-08-22T01:38:03.727+0000][10296][safepoint    ] Safepoint "Cleanup", Time since last: 1000269600 ns, Reaching safepoint: 138400 ns, At safepoint: 7300 ns, Total: 145700 ns
[2020-08-22T01:38:04.727+0000][10296][safepoint    ] Safepoint "Cleanup", Time since last: 1000162800 ns, Reaching safepoint: 163000 ns, At safepoint: 7400 ns, Total: 170400 ns
[2020-08-22T01:38:05.727+0000][10296][safepoint    ] Safepoint "Cleanup", Time since last: 1000156500 ns, Reaching safepoint: 135400 ns, At safepoint: 2500 ns, Total: 137900 ns
[2020-08-22T01:38:06.728+0000][10296][safepoint    ] Safepoint "Cleanup", Time since last: 1000253100 ns, Reaching safepoint: 139700 ns, At safepoint: 7200 ns, Total: 146900 ns
[2020-08-22T01:38:08.728+0000][10296][safepoint    ] Safepoint "Cleanup", Time since last: 2000290600 ns, Reaching safepoint: 129500 ns, At safepoint: 6600 ns, Total: 136100 ns
[2020-08-22T01:38:09.728+0000][10296][safepoint    ] Safepoint "Cleanup", Time since last: 1000171800 ns, Reaching safepoint: 149100 ns, At safepoint: 7700 ns, Total: 156800 ns
[2020-08-22T01:38:10.729+0000][10296][safepoint    ] Safepoint "Cleanup", Time since last: 1000246000 ns, Reaching safepoint: 135400 ns, At safepoint: 7700 ns, Total: 143100 ns
[2020-08-22T01:38:11.729+0000][10296][safepoint    ] Safepoint "Cleanup", Time since last: 1000154000 ns, Reaching safepoint: 157200 ns, At safepoint: 2700 ns, Total: 159900 ns
[2020-08-22T01:38:12.730+0000][10296][safepoint    ] Safepoint "Cleanup", Time since last: 1000229100 ns, Reaching safepoint: 124100 ns, At safepoint: 2100 ns, Total: 126200 ns
[2020-08-22T01:38:13.730+0000][10296][safepoint    ] Safepoint "Cleanup", Time since last: 1000181800 ns, Reaching safepoint: 138800 ns, At safepoint: 7000 ns, Total: 145800 ns
[2020-08-22T01:38:14.730+0000][10296][safepoint    ] Safepoint "Cleanup", Time since last: 1000092500 ns, Reaching safepoint: 139100 ns, At safepoint: 2100 ns, Total: 141200 ns
[2020-08-22T01:38:15.730+0000][10296][safepoint    ] Safepoint "Cleanup", Time since last: 1000074500 ns, Reaching safepoint: 130000 ns, At safepoint: 2300 ns, Total: 132300 ns
[2020-08-22T01:38:16.731+0000][10296][safepoint    ] Safepoint "Cleanup", Time since last: 1000337200 ns, Reaching safepoint: 150800 ns, At safepoint: 2000 ns, Total: 152800 ns
[2020-08-22T01:38:17.731+0000][10296][safepoint    ] Safepoint "Cleanup", Time since last: 1000085900 ns, Reaching safepoint: 146400 ns, At safepoint: 2000 ns, Total: 148400 ns
[2020-08-22T01:38:18.731+0000][10296][safepoint    ] Safepoint "Cleanup", Time since last: 1000158100 ns, Reaching safepoint: 134700 ns, At safepoint: 7600 ns, Total: 142300 ns
[2020-08-22T01:38:19.732+0000][10296][safepoint    ] Safepoint "Cleanup", Time since last: 1000323500 ns, Reaching safepoint: 143300 ns, At safepoint: 2100 ns, Total: 145400 ns
[2020-08-22T01:38:21.732+0000][10296][safepoint    ] Safepoint "Cleanup", Time since last: 2000174300 ns, Reaching safepoint: 149100 ns, At safepoint: 2000 ns, Total: 151100 ns
[2020-08-22T01:38:22.732+0000][10296][safepoint    ] Safepoint "Cleanup", Time since last: 1000151300 ns, Reaching safepoint: 139500 ns, At safepoint: 2200 ns, Total: 141700 ns
[2020-08-22T01:38:23.733+0000][10296][safepoint    ] Safepoint "Cleanup", Time since last: 1000232700 ns, Reaching safepoint: 128700 ns, At safepoint: 7700 ns, Total: 136400 ns
[2020-08-22T01:38:25.733+0000][10296][safepoint    ] Safepoint "Cleanup", Time since last: 2000364600 ns, Reaching safepoint: 134800 ns, At safepoint: 7500 ns, Total: 142300 ns
[2020-08-22T01:38:26.734+0000][10296][safepoint    ] Safepoint "Cleanup", Time since last: 1000359100 ns, Reaching safepoint: 148100 ns, At safepoint: 8200 ns, Total: 156300 ns
[2020-08-22T01:38:28.734+0000][10296][safepoint    ] Safepoint "Cleanup", Time since last: 2000262700 ns, Reaching safepoint: 135200 ns, At safepoint: 2000 ns, Total: 137200 ns
[2020-08-22T01:38:29.734+0000][10296][safepoint    ] Safepoint "Cleanup", Time since last: 1000030700 ns, Reaching safepoint: 140000 ns, At safepoint: 7400 ns, Total: 147400 ns
[2020-08-22T01:38:30.735+0000][10296][safepoint    ] Safepoint "Cleanup", Time since last: 1000265000 ns, Reaching safepoint: 134000 ns, At safepoint: 7100 ns, Total: 141100 ns
[2020-08-22T01:38:31.735+0000][10296][safepoint    ] Safepoint "Cleanup", Time since last: 1000268900 ns, Reaching safepoint: 140200 ns, At safepoint: 2400 ns, Total: 142600 ns
[2020-08-22T01:38:32.736+0000][10296][safepoint    ] Safepoint "Cleanup", Time since last: 1000351400 ns, Reaching safepoint: 135800 ns, At safepoint: 7400 ns, Total: 143200 ns
[2020-08-22T01:38:33.736+0000][10296][safepoint    ] Safepoint "Cleanup", Time since last: 1000246200 ns, Reaching safepoint: 147100 ns, At safepoint: 7000 ns, Total: 154100 ns
[2020-08-22T01:38:35.736+0000][10296][safepoint    ] Safepoint "Cleanup", Time since last: 2000265300 ns, Reaching safepoint: 128700 ns, At safepoint: 7400 ns, Total: 136100 ns
[2020-08-22T01:38:36.737+0000][10296][safepoint    ] Safepoint "Cleanup", Time since last: 1000169000 ns, Reaching safepoint: 144300 ns, At safepoint: 7100 ns, Total: 151400 ns
[2020-08-22T01:38:37.737+0000][10296][safepoint    ] Safepoint "Cleanup", Time since last: 1000150000 ns, Reaching safepoint: 138000 ns, At safepoint: 2100 ns, Total: 140100 ns
[2020-08-22T01:38:38.737+0000][10296][safepoint    ] Safepoint "Cleanup", Time since last: 1000080900 ns, Reaching safepoint: 119900 ns, At safepoint: 2100 ns, Total: 122000 ns
[2020-08-22T01:38:39.738+0000][10296][safepoint    ] Safepoint "Cleanup", Time since last: 1000370500 ns, Reaching safepoint: 138100 ns, At safepoint: 2700 ns, Total: 140800 ns
[2020-08-22T01:38:40.738+0000][10296][safepoint    ] Safepoint "Cleanup", Time since last: 1000325600 ns, Reaching safepoint: 144900 ns, At safepoint: 7900 ns, Total: 152800 ns
[2020-08-22T01:38:41.739+0000][10296][safepoint    ] Safepoint "Cleanup", Time since last: 1000339000 ns, Reaching safepoint: 135800 ns, At safepoint: 7300 ns, Total: 143100 ns
[2020-08-22T01:38:43.739+0000][10296][safepoint    ] Safepoint "Cleanup", Time since last: 2000164300 ns, Reaching safepoint: 143100 ns, At safepoint: 2000 ns, Total: 145100 ns
[2020-08-22T01:38:44.740+0000][10296][safepoint    ] Safepoint "Cleanup", Time since last: 1000341000 ns, Reaching safepoint: 128000 ns, At safepoint: 2100 ns, Total: 130100 ns
[2020-08-22T01:38:45.740+0000][10296][safepoint    ] Safepoint "Cleanup", Time since last: 1000079400 ns, Reaching safepoint: 132100 ns, At safepoint: 7100 ns, Total: 139200 ns
[2020-08-22T01:38:46.740+0000][10296][safepoint    ] Safepoint "Cleanup", Time since last: 1000370900 ns, Reaching safepoint: 158300 ns, At safepoint: 7400 ns, Total: 165700 ns
[2020-08-22T01:38:48.740+0000][10296][safepoint    ] Safepoint "Cleanup", Time since last: 1999845300 ns, Reaching safepoint: 124400 ns, At safepoint: 2200 ns, Total: 126600 ns
[2020-08-22T01:38:50.740+0000][10296][safepoint    ] Safepoint "Cleanup", Time since last: 2000067100 ns, Reaching safepoint: 160400 ns, At safepoint: 2100 ns, Total: 162500 ns
[2020-08-22T01:38:51.741+0000][10296][safepoint    ] Safepoint "Cleanup", Time since last: 1000136700 ns, Reaching safepoint: 145900 ns, At safepoint: 7200 ns, Total: 153100 ns
[2020-08-22T01:38:52.741+0000][10296][safepoint    ] Safepoint "Cleanup", Time since last: 1000322400 ns, Reaching safepoint: 144700 ns, At safepoint: 2400 ns, Total: 147100 ns
[2020-08-22T01:38:54.741+0000][10296][safepoint    ] Safepoint "Cleanup", Time since last: 1999879000 ns, Reaching safepoint: 138100 ns, At safepoint: 7700 ns, Total: 145800 ns
[2020-08-22T01:38:56.742+0000][10296][safepoint    ] Safepoint "Cleanup", Time since last: 2000340000 ns, Reaching safepoint: 145500 ns, At safepoint: 7300 ns, Total: 152800 ns
[2020-08-22T01:38:57.742+0000][10296][safepoint    ] Safepoint "Cleanup", Time since last: 1000355800 ns, Reaching safepoint: 138200 ns, At safepoint: 7900 ns, Total: 146100 ns
[2020-08-22T01:38:58.743+0000][10296][safepoint    ] Safepoint "Cleanup", Time since last: 1000341400 ns, Reaching safepoint: 133100 ns, At safepoint: 7200 ns, Total: 140300 ns
[2020-08-22T01:38:59.743+0000][10296][safepoint    ] Safepoint "Cleanup", Time since last: 1000171500 ns, Reaching safepoint: 155700 ns, At safepoint: 2300 ns, Total: 158000 ns
[2020-08-22T01:39:00.743+0000][10296][safepoint    ] Safepoint "Cleanup", Time since last: 1000033400 ns, Reaching safepoint: 124300 ns, At safepoint: 2300 ns, Total: 126600 ns
[2020-08-22T01:39:01.744+0000][10296][safepoint    ] Safepoint "Cleanup", Time since last: 1000370900 ns, Reaching safepoint: 121900 ns, At safepoint: 2200 ns, Total: 124100 ns
[2020-08-22T01:39:03.744+0000][10296][safepoint    ] Safepoint "Cleanup", Time since last: 1999945500 ns, Reaching safepoint: 154100 ns, At safepoint: 7300 ns, Total: 161400 ns
[2020-08-22T01:39:04.744+0000][10296][safepoint    ] Safepoint "Cleanup", Time since last: 1000271100 ns, Reaching safepoint: 131500 ns, At safepoint: 2100 ns, Total: 133600 ns
[2020-08-22T01:39:06.745+0000][10296][safepoint    ] Safepoint "Cleanup", Time since last: 2000385700 ns, Reaching safepoint: 135500 ns, At safepoint: 7500 ns, Total: 143000 ns
[2020-08-22T01:39:07.745+0000][10296][safepoint    ] Safepoint "Cleanup", Time since last: 1000344000 ns, Reaching safepoint: 137400 ns, At safepoint: 7300 ns, Total: 144700 ns
[2020-08-22T01:39:09.746+0000][10296][safepoint    ] Safepoint "Cleanup", Time since last: 2000364000 ns, Reaching safepoint: 134700 ns, At safepoint: 6800 ns, Total: 141500 ns
[2020-08-22T01:39:10.746+0000][10296][safepoint    ] Safepoint "Cleanup", Time since last: 1000367900 ns, Reaching safepoint: 140400 ns, At safepoint: 7400 ns, Total: 147800 ns
[2020-08-22T01:39:11.747+0000][10296][safepoint    ] Safepoint "Cleanup", Time since last: 1000324500 ns, Reaching safepoint: 152700 ns, At safepoint: 7900 ns, Total: 160600 ns
[2020-08-22T01:39:12.747+0000][10296][safepoint    ] Safepoint "Cleanup", Time since last: 1000298300 ns, Reaching safepoint: 133700 ns, At safepoint: 2000 ns, Total: 135700 ns
[2020-08-22T01:39:14.654+0000][10296][safepoint    ] Safepoint "Cleanup", Time since last: 1906881100 ns, Reaching safepoint: 166600 ns, At safepoint: 6100 ns, Total: 172700 ns
[2020-08-22T01:39:14.655+0000][10296][safepoint    ] Safepoint "BulkRevokeBias", Time since last: 183900 ns, Reaching safepoint: 105200 ns, At safepoint: 726100 ns, Total: 831300 ns
[2020-08-22T01:39:15.658+0000][10296][safepoint    ] Safepoint "Cleanup", Time since last: 1002183500 ns, Reaching safepoint: 146000 ns, At safepoint: 2100 ns, Total: 148100 ns
[2020-08-22T01:39:17.658+0000][10296][safepoint    ] Safepoint "Cleanup", Time since last: 2000221100 ns, Reaching safepoint: 152100 ns, At safepoint: 2300 ns, Total: 154400 ns
[2020-08-22T01:39:18.658+0000][10296][safepoint    ] Safepoint "Cleanup", Time since last: 1000152200 ns, Reaching safepoint: 135400 ns, At safepoint: 2100 ns, Total: 137500 ns
[2020-08-22T01:39:19.659+0000][10296][safepoint    ] Safepoint "Cleanup", Time since last: 1000325400 ns, Reaching safepoint: 130600 ns, At safepoint: 2000 ns, Total: 132600 ns
[2020-08-22T01:39:21.659+0000][10296][safepoint    ] Safepoint "Cleanup", Time since last: 2000384600 ns, Reaching safepoint: 135000 ns, At safepoint: 2200 ns, Total: 137200 ns
[2020-08-22T01:39:23.659+0000][10296][safepoint    ] Safepoint "Cleanup", Time since last: 1999864700 ns, Reaching safepoint: 124300 ns, At safepoint: 2700 ns, Total: 127000 ns
[2020-08-22T01:39:25.660+0000][10296][safepoint    ] Safepoint "Cleanup", Time since last: 2000387600 ns, Reaching safepoint: 142900 ns, At safepoint: 2500 ns, Total: 145400 ns
[2020-08-22T01:39:26.660+0000][10296][safepoint    ] Safepoint "Cleanup", Time since last: 1000336900 ns, Reaching safepoint: 134600 ns, At safepoint: 7200 ns, Total: 141800 ns
[2020-08-22T01:39:28.661+0000][10296][safepoint    ] Safepoint "Cleanup", Time since last: 2000363100 ns, Reaching safepoint: 136700 ns, At safepoint: 7700 ns, Total: 144400 ns
[2020-08-22T01:39:29.661+0000][10296][safepoint    ] Safepoint "Cleanup", Time since last: 1000348600 ns, Reaching safepoint: 143000 ns, At safepoint: 6800 ns, Total: 149800 ns
[2020-08-22T01:39:31.662+0000][10296][safepoint    ] Safepoint "Cleanup", Time since last: 2000356700 ns, Reaching safepoint: 130100 ns, At safepoint: 7300 ns, Total: 137400 ns
[2020-08-22T01:39:33.662+0000][10296][safepoint    ] Safepoint "Cleanup", Time since last: 1999872100 ns, Reaching safepoint: 137000 ns, At safepoint: 7400 ns, Total: 144400 ns
[2020-08-22T01:39:34.662+0000][10296][safepoint    ] Safepoint "Cleanup", Time since last: 1000350400 ns, Reaching safepoint: 130500 ns, At safepoint: 2100 ns, Total: 132600 ns
[2020-08-22T01:39:35.663+0000][10296][safepoint    ] Safepoint "Cleanup", Time since last: 1000364700 ns, Reaching safepoint: 131700 ns, At safepoint: 2000 ns, Total: 133700 ns
[2020-08-22T01:39:37.663+0000][10296][safepoint    ] Safepoint "Cleanup", Time since last: 2000045800 ns, Reaching safepoint: 157000 ns, At safepoint: 2100 ns, Total: 159100 ns
[2020-08-22T01:39:38.663+0000][10296][safepoint    ] Safepoint "Cleanup", Time since last: 1000148500 ns, Reaching safepoint: 156800 ns, At safepoint: 2000 ns, Total: 158800 ns
[2020-08-22T01:39:39.664+0000][10296][safepoint    ] Safepoint "Cleanup", Time since last: 1000140900 ns, Reaching safepoint: 133200 ns, At safepoint: 2100 ns, Total: 135300 ns
[2020-08-22T01:39:40.664+0000][10296][safepoint    ] Safepoint "Cleanup", Time since last: 1000098300 ns, Reaching safepoint: 139200 ns, At safepoint: 2600 ns, Total: 141800 ns
[2020-08-22T01:39:41.664+0000][10296][safepoint    ] Safepoint "Cleanup", Time since last: 1000311200 ns, Reaching safepoint: 149100 ns, At safepoint: 7300 ns, Total: 156400 ns
[2020-08-22T01:39:43.664+0000][10296][safepoint    ] Safepoint "Cleanup", Time since last: 1999862300 ns, Reaching safepoint: 134000 ns, At safepoint: 2000 ns, Total: 136000 ns
[2020-08-22T01:39:45.665+0000][10296][safepoint    ] Safepoint "Cleanup", Time since last: 2000368000 ns, Reaching safepoint: 139800 ns, At safepoint: 7500 ns, Total: 147300 ns
[2020-08-22T01:39:46.665+0000][10296][safepoint    ] Safepoint "Cleanup", Time since last: 1000356100 ns, Reaching safepoint: 157900 ns, At safepoint: 7500 ns, Total: 165400 ns
[2020-08-22T01:39:47.666+0000][10296][safepoint    ] Safepoint "Cleanup", Time since last: 1000289300 ns, Reaching safepoint: 136400 ns, At safepoint: 7500 ns, Total: 143900 ns
[2020-08-22T01:39:48.666+0000][10296][safepoint    ] Safepoint "Cleanup", Time since last: 1000161900 ns, Reaching safepoint: 133900 ns, At safepoint: 7600 ns, Total: 141500 ns
[2020-08-22T01:39:49.666+0000][10296][safepoint    ] Safepoint "Cleanup", Time since last: 1000159200 ns, Reaching safepoint: 118200 ns, At safepoint: 7600 ns, Total: 125800 ns
[2020-08-22T01:39:50.667+0000][10296][safepoint    ] Safepoint "Cleanup", Time since last: 1000186400 ns, Reaching safepoint: 142400 ns, At safepoint: 2100 ns, Total: 144500 ns
[2020-08-22T01:39:52.667+0000][10296][safepoint    ] Safepoint "Cleanup", Time since last: 2000123300 ns, Reaching safepoint: 200500 ns, At safepoint: 2500 ns, Total: 203000 ns
[2020-08-22T01:39:53.667+0000][10296][safepoint    ] Safepoint "Cleanup", Time since last: 1000141200 ns, Reaching safepoint: 136900 ns, At safepoint: 2100 ns, Total: 139000 ns
[2020-08-22T01:39:55.668+0000][10296][safepoint    ] Safepoint "Cleanup", Time since last: 2000369800 ns, Reaching safepoint: 143900 ns, At safepoint: 7300 ns, Total: 151200 ns
[2020-08-22T01:39:57.668+0000][10296][safepoint    ] Safepoint "Cleanup", Time since last: 2000351300 ns, Reaching safepoint: 145900 ns, At safepoint: 6800 ns, Total: 152700 ns
[2020-08-22T01:39:59.668+0000][10296][safepoint    ] Safepoint "Cleanup", Time since last: 1999915500 ns, Reaching safepoint: 133600 ns, At safepoint: 2100 ns, Total: 135700 ns
[2020-08-22T01:40:00.669+0000][10296][safepoint    ] Safepoint "Cleanup", Time since last: 1000294500 ns, Reaching safepoint: 135000 ns, At safepoint: 3100 ns, Total: 138100 ns
[2020-08-22T01:40:01.669+0000][10296][safepoint    ] Safepoint "Cleanup", Time since last: 1000361900 ns, Reaching safepoint: 142800 ns, At safepoint: 8200 ns, Total: 151000 ns
[2020-08-22T01:40:03.669+0000][10296][safepoint    ] Safepoint "Cleanup", Time since last: 1999913600 ns, Reaching safepoint: 142800 ns, At safepoint: 2400 ns, Total: 145200 ns
[2020-08-22T01:40:04.670+0000][10296][safepoint    ] Safepoint "Cleanup", Time since last: 1000321000 ns, Reaching safepoint: 143200 ns, At safepoint: 7300 ns, Total: 150500 ns
[2020-08-22T01:40:05.670+0000][10296][safepoint    ] Safepoint "Cleanup", Time since last: 1000319300 ns, Reaching safepoint: 147000 ns, At safepoint: 7800 ns, Total: 154800 ns
[2020-08-22T01:40:07.670+0000][10296][safepoint    ] Safepoint "Cleanup", Time since last: 1999852100 ns, Reaching safepoint: 146200 ns, At safepoint: 2500 ns, Total: 148700 ns
[2020-08-22T01:40:08.671+0000][10296][safepoint    ] Safepoint "Cleanup", Time since last: 1000349900 ns, Reaching safepoint: 129400 ns, At safepoint: 7300 ns, Total: 136700 ns
[2020-08-22T01:40:09.671+0000][10296][safepoint    ] Safepoint "Cleanup", Time since last: 1000362300 ns, Reaching safepoint: 116800 ns, At safepoint: 7600 ns, Total: 124400 ns
[2020-08-22T01:40:11.672+0000][10296][safepoint    ] Safepoint "Cleanup", Time since last: 2000367500 ns, Reaching safepoint: 128400 ns, At safepoint: 7400 ns, Total: 135800 ns
[2020-08-22T01:40:13.028+0000][10296][safepoint    ] Safepoint "Cleanup", Time since last: 1355753800 ns, Reaching safepoint: 167500 ns, At safepoint: 6700 ns, Total: 174200 ns
[2020-08-22T01:40:14.028+0000][10296][safepoint    ] Safepoint "Cleanup", Time since last: 1000446800 ns, Reaching safepoint: 139200 ns, At safepoint: 2500 ns, Total: 141700 ns
[2020-08-22T01:40:16.028+0000][10296][safepoint    ] Safepoint "Cleanup", Time since last: 1999860600 ns, Reaching safepoint: 129600 ns, At safepoint: 2500 ns, Total: 132100 ns
[2020-08-22T01:40:17.029+0000][10296][safepoint    ] Safepoint "Cleanup", Time since last: 1000356800 ns, Reaching safepoint: 131500 ns, At safepoint: 6700 ns, Total: 138200 ns
[2020-08-22T01:40:18.029+0000][10296][safepoint    ] Safepoint "Cleanup", Time since last: 1000008600 ns, Reaching safepoint: 131100 ns, At safepoint: 2400 ns, Total: 133500 ns
[2020-08-22T01:40:20.029+0000][10296][safepoint    ] Safepoint "Cleanup", Time since last: 1999875800 ns, Reaching safepoint: 138300 ns, At safepoint: 6900 ns, Total: 145200 ns
[2020-08-22T01:40:21.029+0000][10296][safepoint    ] Safepoint "Cleanup", Time since last: 1000209900 ns, Reaching safepoint: 134200 ns, At safepoint: 7600 ns, Total: 141800 ns
[2020-08-22T01:40:22.030+0000][10296][safepoint    ] Safepoint "Cleanup", Time since last: 1000351800 ns, Reaching safepoint: 116700 ns, At safepoint: 2200 ns, Total: 118900 ns
[2020-08-22T01:40:24.030+0000][10296][safepoint    ] Safepoint "Cleanup", Time since last: 2000373700 ns, Reaching safepoint: 130600 ns, At safepoint: 2100 ns, Total: 132700 ns
[2020-08-22T01:40:26.030+0000][10296][safepoint    ] Safepoint "Cleanup", Time since last: 1999888100 ns, Reaching safepoint: 124700 ns, At safepoint: 2000 ns, Total: 126700 ns
[2020-08-22T01:40:27.031+0000][10296][safepoint    ] Safepoint "Cleanup", Time since last: 1000361400 ns, Reaching safepoint: 134900 ns, At safepoint: 2100 ns, Total: 137000 ns
[2020-08-22T01:40:28.031+0000][10296][safepoint    ] Safepoint "Cleanup", Time since last: 1000205500 ns, Reaching safepoint: 139300 ns, At safepoint: 6900 ns, Total: 146200 ns
[2020-08-22T01:40:29.032+0000][10296][safepoint    ] Safepoint "Cleanup", Time since last: 1000294800 ns, Reaching safepoint: 135500 ns, At safepoint: 7600 ns, Total: 143100 ns
[2020-08-22T01:40:31.032+0000][10296][safepoint    ] Safepoint "Cleanup", Time since last: 2000073900 ns, Reaching safepoint: 130200 ns, At safepoint: 2700 ns, Total: 132900 ns
[2020-08-22T01:40:32.032+0000][10296][safepoint    ] Safepoint "Cleanup", Time since last: 1000183600 ns, Reaching safepoint: 145700 ns, At safepoint: 6700 ns, Total: 152400 ns
[2020-08-22T01:40:33.032+0000][10296][safepoint    ] Safepoint "Cleanup", Time since last: 1000025500 ns, Reaching safepoint: 123700 ns, At safepoint: 2200 ns, Total: 125900 ns
[2020-08-22T01:40:35.033+0000][10296][safepoint    ] Safepoint "Cleanup", Time since last: 2000318500 ns, Reaching safepoint: 133000 ns, At safepoint: 2000 ns, Total: 135000 ns
[2020-08-22T01:40:37.033+0000][10296][safepoint    ] Safepoint "Cleanup", Time since last: 1999959500 ns, Reaching safepoint: 142100 ns, At safepoint: 2000 ns, Total: 144100 ns
[2020-08-22T01:40:39.033+0000][10296][safepoint    ] Safepoint "Cleanup", Time since last: 2000335300 ns, Reaching safepoint: 139800 ns, At safepoint: 6600 ns, Total: 146400 ns
[2020-08-22T01:40:40.034+0000][10296][safepoint    ] Safepoint "Cleanup", Time since last: 1000336700 ns, Reaching safepoint: 121400 ns, At safepoint: 2100 ns, Total: 123500 ns
[2020-08-22T01:40:42.034+0000][10296][safepoint    ] Safepoint "Cleanup", Time since last: 2000372000 ns, Reaching safepoint: 126800 ns, At safepoint: 2200 ns, Total: 129000 ns
[2020-08-22T01:40:43.035+0000][10296][safepoint    ] Safepoint "Cleanup", Time since last: 1000339500 ns, Reaching safepoint: 143900 ns, At safepoint: 6900 ns, Total: 150800 ns
[2020-08-22T01:40:45.035+0000][10296][safepoint    ] Safepoint "Cleanup", Time since last: 2000226900 ns, Reaching safepoint: 147000 ns, At safepoint: 7200 ns, Total: 154200 ns
[2020-08-22T01:40:46.035+0000][10296][safepoint    ] Safepoint "Cleanup", Time since last: 1000001300 ns, Reaching safepoint: 142000 ns, At safepoint: 2500 ns, Total: 144500 ns
[2020-08-22T01:40:48.036+0000][10296][safepoint    ] Safepoint "Cleanup", Time since last: 2000361200 ns, Reaching safepoint: 120500 ns, At safepoint: 6400 ns, Total: 126900 ns
[2020-08-22T01:40:50.036+0000][10296][safepoint    ] Safepoint "Cleanup", Time since last: 1999934200 ns, Reaching safepoint: 117000 ns, At safepoint: 2200 ns, Total: 119200 ns
[2020-08-22T01:40:51.036+0000][10296][safepoint    ] Safepoint "Cleanup", Time since last: 1000088000 ns, Reaching safepoint: 126600 ns, At safepoint: 2300 ns, Total: 128900 ns
[2020-08-22T01:40:52.036+0000][10296][safepoint    ] Safepoint "Cleanup", Time since last: 1000090200 ns, Reaching safepoint: 133600 ns, At safepoint: 7200 ns, Total: 140800 ns
[2020-08-22T01:40:54.036+0000][10296][safepoint    ] Safepoint "Cleanup", Time since last: 1999888800 ns, Reaching safepoint: 154400 ns, At safepoint: 7800 ns, Total: 162200 ns
[2020-08-22T01:40:55.037+0000][10296][safepoint    ] Safepoint "Cleanup", Time since last: 1000316000 ns, Reaching safepoint: 144300 ns, At safepoint: 7700 ns, Total: 152000 ns
[2020-08-22T01:40:57.037+0000][10296][safepoint    ] Safepoint "Cleanup", Time since last: 1999873300 ns, Reaching safepoint: 141200 ns, At safepoint: 7000 ns, Total: 148200 ns
[2020-08-22T01:40:58.037+0000][10296][safepoint    ] Safepoint "Cleanup", Time since last: 1000329400 ns, Reaching safepoint: 125400 ns, At safepoint: 2100 ns, Total: 127500 ns
[2020-08-22T01:41:00.037+0000][10296][safepoint    ] Safepoint "Cleanup", Time since last: 1999935100 ns, Reaching safepoint: 142000 ns, At safepoint: 2300 ns, Total: 144300 ns
[2020-08-22T01:41:01.038+0000][10296][safepoint    ] Safepoint "Cleanup", Time since last: 1000317800 ns, Reaching safepoint: 135800 ns, At safepoint: 6500 ns, Total: 142300 ns
[2020-08-22T01:41:02.038+0000][10296][safepoint    ] Safepoint "Cleanup", Time since last: 1000328100 ns, Reaching safepoint: 126900 ns, At safepoint: 2300 ns, Total: 129200 ns
[2020-08-22T01:41:04.038+0000][10296][safepoint    ] Safepoint "Cleanup", Time since last: 1999882000 ns, Reaching safepoint: 125100 ns, At safepoint: 2200 ns, Total: 127300 ns
[2020-08-22T01:41:05.039+0000][10296][safepoint    ] Safepoint "Cleanup", Time since last: 1000367100 ns, Reaching safepoint: 123700 ns, At safepoint: 2600 ns, Total: 126300 ns
[2020-08-22T01:41:06.039+0000][10296][safepoint    ] Safepoint "Cleanup", Time since last: 1000376600 ns, Reaching safepoint: 123900 ns, At safepoint: 2200 ns, Total: 126100 ns
[2020-08-22T01:41:08.039+0000][10296][safepoint    ] Safepoint "Cleanup", Time since last: 1999873800 ns, Reaching safepoint: 123600 ns, At safepoint: 2100 ns, Total: 125700 ns
[2020-08-22T01:41:09.040+0000][10296][safepoint    ] Safepoint "Cleanup", Time since last: 1000373200 ns, Reaching safepoint: 128600 ns, At safepoint: 2700 ns, Total: 131300 ns
[2020-08-22T01:41:11.040+0000][10296][safepoint    ] Safepoint "Cleanup", Time since last: 2000359200 ns, Reaching safepoint: 161600 ns, At safepoint: 7300 ns, Total: 168900 ns
[2020-08-22T01:41:13.040+0000][10296][safepoint    ] Safepoint "Cleanup", Time since last: 1999836500 ns, Reaching safepoint: 191400 ns, At safepoint: 2100 ns, Total: 193500 ns
[2020-08-22T01:41:14.041+0000][10296][safepoint    ] Safepoint "Cleanup", Time since last: 1000319500 ns, Reaching safepoint: 129100 ns, At safepoint: 7100 ns, Total: 136200 ns
[2020-08-22T01:41:16.041+0000][10296][safepoint    ] Safepoint "Cleanup", Time since last: 2000345100 ns, Reaching safepoint: 130200 ns, At safepoint: 2100 ns, Total: 132300 ns
[2020-08-22T01:41:18.041+0000][10296][safepoint    ] Safepoint "Cleanup", Time since last: 1999873400 ns, Reaching safepoint: 141200 ns, At safepoint: 2000 ns, Total: 143200 ns
[2020-08-22T01:41:20.041+0000][10296][safepoint    ] Safepoint "Cleanup", Time since last: 1999865600 ns, Reaching safepoint: 132700 ns, At safepoint: 2100 ns, Total: 134800 ns
[2020-08-22T01:41:22.042+0000][10296][safepoint    ] Safepoint "Cleanup", Time since last: 2000341600 ns, Reaching safepoint: 168700 ns, At safepoint: 7100 ns, Total: 175800 ns
[2020-08-22T01:41:24.042+0000][10296][safepoint    ] Safepoint "Cleanup", Time since last: 2000139400 ns, Reaching safepoint: 125000 ns, At safepoint: 2300 ns, Total: 127300 ns
[2020-08-22T01:41:25.042+0000][10296][safepoint    ] Safepoint "Cleanup", Time since last: 1000102800 ns, Reaching safepoint: 131600 ns, At safepoint: 2300 ns, Total: 133900 ns
[2020-08-22T01:41:26.043+0000][10296][safepoint    ] Safepoint "Cleanup", Time since last: 1000344100 ns, Reaching safepoint: 143600 ns, At safepoint: 6800 ns, Total: 150400 ns
[2020-08-22T01:41:27.043+0000][10296][safepoint    ] Safepoint "Cleanup", Time since last: 1000339400 ns, Reaching safepoint: 122900 ns, At safepoint: 2200 ns, Total: 125100 ns
[2020-08-22T01:41:29.043+0000][10296][safepoint    ] Safepoint "Cleanup", Time since last: 1999894900 ns, Reaching safepoint: 140500 ns, At safepoint: 2100 ns, Total: 142600 ns
[2020-08-22T01:41:30.044+0000][10296][safepoint    ] Safepoint "Cleanup", Time since last: 1000338300 ns, Reaching safepoint: 146100 ns, At safepoint: 2000 ns, Total: 148100 ns
[2020-08-22T01:41:31.044+0000][10296][safepoint    ] Safepoint "Cleanup", Time since last: 1000295400 ns, Reaching safepoint: 119200 ns, At safepoint: 2100 ns, Total: 121300 ns
[2020-08-22T01:41:32.044+0000][10296][safepoint    ] Safepoint "Cleanup", Time since last: 1000148100 ns, Reaching safepoint: 123600 ns, At safepoint: 2500 ns, Total: 126100 ns
[2020-08-22T01:41:33.045+0000][10296][safepoint    ] Safepoint "Cleanup", Time since last: 1000197900 ns, Reaching safepoint: 141400 ns, At safepoint: 7000 ns, Total: 148400 ns
[2020-08-22T01:41:35.045+0000][10296][safepoint    ] Safepoint "Cleanup", Time since last: 2000290600 ns, Reaching safepoint: 118300 ns, At safepoint: 6500 ns, Total: 124800 ns
[2020-08-22T01:41:36.046+0000][10296][safepoint    ] Safepoint "Cleanup", Time since last: 1000186700 ns, Reaching safepoint: 117800 ns, At safepoint: 2100 ns, Total: 119900 ns
[2020-08-22T01:41:38.046+0000][10296][safepoint    ] Safepoint "Cleanup", Time since last: 2000137000 ns, Reaching safepoint: 131100 ns, At safepoint: 6400 ns, Total: 137500 ns
[2020-08-22T01:41:39.046+0000][10296][safepoint    ] Safepoint "Cleanup", Time since last: 1000319900 ns, Reaching safepoint: 126900 ns, At safepoint: 6600 ns, Total: 133500 ns
[2020-08-22T01:41:41.046+0000][10296][safepoint    ] Safepoint "Cleanup", Time since last: 1999992100 ns, Reaching safepoint: 131500 ns, At safepoint: 4100 ns, Total: 135600 ns
[2020-08-22T01:41:42.047+0000][10296][safepoint    ] Safepoint "Cleanup", Time since last: 1000278600 ns, Reaching safepoint: 126300 ns, At safepoint: 2200 ns, Total: 128500 ns
[2020-08-22T01:41:44.047+0000][10296][safepoint    ] Safepoint "Cleanup", Time since last: 2000344100 ns, Reaching safepoint: 136200 ns, At safepoint: 7500 ns, Total: 143700 ns
[2020-08-22T01:41:46.048+0000][10296][safepoint    ] Safepoint "Cleanup", Time since last: 2000335500 ns, Reaching safepoint: 151000 ns, At safepoint: 7100 ns, Total: 158100 ns
[2020-08-22T01:41:48.048+0000][10296][safepoint    ] Safepoint "Cleanup", Time since last: 1999856000 ns, Reaching safepoint: 134500 ns, At safepoint: 7700 ns, Total: 142200 ns
[2020-08-22T01:41:49.048+0000][10296][safepoint    ] Safepoint "Cleanup", Time since last: 1000225700 ns, Reaching safepoint: 165000 ns, At safepoint: 7200 ns, Total: 172200 ns
[2020-08-22T01:41:51.049+0000][10296][safepoint    ] Safepoint "Cleanup", Time since last: 2000462600 ns, Reaching safepoint: 129400 ns, At safepoint: 2100 ns, Total: 131500 ns
[2020-08-22T01:41:53.049+0000][10296][safepoint    ] Safepoint "Cleanup", Time since last: 2000026900 ns, Reaching safepoint: 133500 ns, At safepoint: 6900 ns, Total: 140400 ns
[2020-08-22T01:41:54.049+0000][10296][safepoint    ] Safepoint "Cleanup", Time since last: 1000263600 ns, Reaching safepoint: 144900 ns, At safepoint: 7200 ns, Total: 152100 ns
[2020-08-22T01:41:55.050+0000][10296][safepoint    ] Safepoint "Cleanup", Time since last: 1000263500 ns, Reaching safepoint: 120700 ns, At safepoint: 10400 ns, Total: 131100 ns
[2020-08-22T01:41:56.050+0000][10296][safepoint    ] Safepoint "Cleanup", Time since last: 1000171900 ns, Reaching safepoint: 145200 ns, At safepoint: 7300 ns, Total: 152500 ns
[2020-08-22T01:41:57.050+0000][10296][safepoint    ] Safepoint "Cleanup", Time since last: 1000061400 ns, Reaching safepoint: 133300 ns, At safepoint: 2100 ns, Total: 135400 ns
[2020-08-22T01:41:58.605+0000][10296][safepoint    ] Safepoint "Cleanup", Time since last: 1554660100 ns, Reaching safepoint: 133200 ns, At safepoint: 10200 ns, Total: 143400 ns
[2020-08-22T01:41:59.674+0000][10296][safepoint    ] Safepoint "Cleanup", Time since last: 1068557800 ns, Reaching safepoint: 166900 ns, At safepoint: 7500 ns, Total: 174400 ns
[2020-08-22T01:42:01.674+0000][10296][safepoint    ] Safepoint "Cleanup", Time since last: 1999825000 ns, Reaching safepoint: 136600 ns, At safepoint: 2500 ns, Total: 139100 ns
[2020-08-22T01:42:03.674+0000][10296][safepoint    ] Safepoint "Cleanup", Time since last: 2000360000 ns, Reaching safepoint: 142300 ns, At safepoint: 7700 ns, Total: 150000 ns
[2020-08-22T01:42:04.675+0000][10296][safepoint    ] Safepoint "Cleanup", Time since last: 1000381500 ns, Reaching safepoint: 139100 ns, At safepoint: 2100 ns, Total: 141200 ns
[2020-08-22T01:42:05.675+0000][10296][safepoint    ] Safepoint "Cleanup", Time since last: 1000321500 ns, Reaching safepoint: 168000 ns, At safepoint: 7100 ns, Total: 175100 ns
[2020-08-22T01:42:07.676+0000][10296][safepoint    ] Safepoint "Cleanup", Time since last: 2000260000 ns, Reaching safepoint: 152900 ns, At safepoint: 2100 ns, Total: 155000 ns
[2020-08-22T01:42:08.676+0000][10296][safepoint    ] Safepoint "Cleanup", Time since last: 1000096700 ns, Reaching safepoint: 145600 ns, At safepoint: 2600 ns, Total: 148200 ns
[2020-08-22T01:42:09.676+0000][10296][safepoint    ] Safepoint "Cleanup", Time since last: 1000173300 ns, Reaching safepoint: 133100 ns, At safepoint: 8400 ns, Total: 141500 ns
[2020-08-22T01:42:10.677+0000][10296][safepoint    ] Safepoint "Cleanup", Time since last: 1000355800 ns, Reaching safepoint: 133700 ns, At safepoint: 2800 ns, Total: 136500 ns
[2020-08-22T01:42:12.677+0000][10296][safepoint    ] Safepoint "Cleanup", Time since last: 2000361700 ns, Reaching safepoint: 129700 ns, At safepoint: 7900 ns, Total: 137600 ns
[2020-08-22T01:42:13.678+0000][10296][safepoint    ] Safepoint "Cleanup", Time since last: 1000173200 ns, Reaching safepoint: 124900 ns, At safepoint: 2200 ns, Total: 127100 ns
[2020-08-22T01:42:14.678+0000][10296][safepoint    ] Safepoint "Cleanup", Time since last: 1000141600 ns, Reaching safepoint: 159700 ns, At safepoint: 2700 ns, Total: 162400 ns
[2020-08-22T01:42:16.112+0000][10296][safepoint    ] Safepoint "Cleanup", Time since last: 1433763200 ns, Reaching safepoint: 127200 ns, At safepoint: 7000 ns, Total: 134200 ns
[2020-08-22T01:42:17.112+0000][10296][safepoint    ] Safepoint "Cleanup", Time since last: 1000343500 ns, Reaching safepoint: 139800 ns, At safepoint: 2300 ns, Total: 142100 ns
[2020-08-22T01:42:18.113+0000][10296][safepoint    ] Safepoint "Cleanup", Time since last: 1000341500 ns, Reaching safepoint: 137000 ns, At safepoint: 2600 ns, Total: 139600 ns
[2020-08-22T01:42:20.113+0000][10296][safepoint    ] Safepoint "Cleanup", Time since last: 1999894800 ns, Reaching safepoint: 119000 ns, At safepoint: 7600 ns, Total: 126600 ns
[2020-08-22T01:42:21.113+0000][10296][safepoint    ] Safepoint "Cleanup", Time since last: 1000337500 ns, Reaching safepoint: 136800 ns, At safepoint: 7400 ns, Total: 144200 ns
[2020-08-22T01:42:22.114+0000][10296][safepoint    ] Safepoint "Cleanup", Time since last: 1000276400 ns, Reaching safepoint: 147900 ns, At safepoint: 2300 ns, Total: 150200 ns
[2020-08-22T01:42:23.078+0000][10296][safepoint    ] Safepoint "BulkRevokeBias", Time since last: 963405300 ns, Reaching safepoint: 133400 ns, At safepoint: 900200 ns, Total: 1033600 ns
[2020-08-22T01:42:23.163+0000][10296][safepoint    ] Safepoint "BulkRevokeBias", Time since last: 84312600 ns, Reaching safepoint: 123800 ns, At safepoint: 651700 ns, Total: 775500 ns
[2020-08-22T01:42:24.166+0000][10296][safepoint    ] Safepoint "Cleanup", Time since last: 1002444700 ns, Reaching safepoint: 138100 ns, At safepoint: 3100 ns, Total: 141200 ns
[2020-08-22T01:42:25.283+0000][10296][safepoint    ] Safepoint "Cleanup", Time since last: 1117139300 ns, Reaching safepoint: 129300 ns, At safepoint: 2200 ns, Total: 131500 ns
[2020-08-22T01:42:27.283+0000][10296][safepoint    ] Safepoint "Cleanup", Time since last: 2000319700 ns, Reaching safepoint: 132700 ns, At safepoint: 2100 ns, Total: 134800 ns
[2020-08-22T01:42:28.284+0000][10296][safepoint    ] Safepoint "Cleanup", Time since last: 1000160600 ns, Reaching safepoint: 150000 ns, At safepoint: 7700 ns, Total: 157700 ns
[2020-08-22T01:42:29.477+0000][10296][safepoint    ] Safepoint "Cleanup", Time since last: 1192814900 ns, Reaching safepoint: 144800 ns, At safepoint: 7400 ns, Total: 152200 ns
[2020-08-22T01:42:30.477+0000][10296][safepoint    ] Safepoint "Cleanup", Time since last: 1000286100 ns, Reaching safepoint: 157500 ns, At safepoint: 2300 ns, Total: 159800 ns
[2020-08-22T01:42:31.477+0000][10296][safepoint    ] Safepoint "Cleanup", Time since last: 1000145200 ns, Reaching safepoint: 128600 ns, At safepoint: 2100 ns, Total: 130700 ns
[2020-08-22T01:42:32.478+0000][10296][safepoint    ] Safepoint "Cleanup", Time since last: 1000176300 ns, Reaching safepoint: 144800 ns, At safepoint: 3100 ns, Total: 147900 ns
[2020-08-22T01:42:33.478+0000][10296][safepoint    ] Safepoint "Cleanup", Time since last: 1000155900 ns, Reaching safepoint: 131200 ns, At safepoint: 7700 ns, Total: 138900 ns
[2020-08-22T01:42:34.478+0000][10296][safepoint    ] Safepoint "Cleanup", Time since last: 1000002200 ns, Reaching safepoint: 136100 ns, At safepoint: 2100 ns, Total: 138200 ns
[2020-08-22T01:42:36.479+0000][10296][safepoint    ] Safepoint "Cleanup", Time since last: 2000354300 ns, Reaching safepoint: 141000 ns, At safepoint: 8200 ns, Total: 149200 ns
[2020-08-22T01:42:38.479+0000][10296][safepoint    ] Safepoint "Cleanup", Time since last: 1999866000 ns, Reaching safepoint: 128900 ns, At safepoint: 7500 ns, Total: 136400 ns
[2020-08-22T01:42:40.479+0000][10296][safepoint    ] Safepoint "Cleanup", Time since last: 2000355700 ns, Reaching safepoint: 137000 ns, At safepoint: 8200 ns, Total: 145200 ns
[2020-08-22T01:42:41.480+0000][10296][safepoint    ] Safepoint "Cleanup", Time since last: 1000405400 ns, Reaching safepoint: 144800 ns, At safepoint: 7000 ns, Total: 151800 ns
[2020-08-22T01:42:42.480+0000][10296][safepoint    ] Safepoint "Cleanup", Time since last: 1000295800 ns, Reaching safepoint: 132800 ns, At safepoint: 2200 ns, Total: 135000 ns
[2020-08-22T01:42:44.481+0000][10296][safepoint    ] Safepoint "Cleanup", Time since last: 2000364100 ns, Reaching safepoint: 125300 ns, At safepoint: 2600 ns, Total: 127900 ns
[2020-08-22T01:42:45.481+0000][10296][safepoint    ] Safepoint "Cleanup", Time since last: 1000373600 ns, Reaching safepoint: 131400 ns, At safepoint: 7500 ns, Total: 138900 ns
[2020-08-22T01:42:46.481+0000][10296][safepoint    ] Safepoint "Cleanup", Time since last: 1000016400 ns, Reaching safepoint: 121400 ns, At safepoint: 2200 ns, Total: 123600 ns
[2020-08-22T01:42:47.482+0000][10296][safepoint    ] Safepoint "Cleanup", Time since last: 1000230200 ns, Reaching safepoint: 130100 ns, At safepoint: 7500 ns, Total: 137600 ns
[2020-08-22T01:42:49.482+0000][10296][safepoint    ] Safepoint "Cleanup", Time since last: 2000352500 ns, Reaching safepoint: 154700 ns, At safepoint: 2800 ns, Total: 157500 ns
[2020-08-22T01:42:51.483+0000][10296][safepoint    ] Safepoint "Cleanup", Time since last: 2000343300 ns, Reaching safepoint: 128900 ns, At safepoint: 7600 ns, Total: 136500 ns
[2020-08-22T01:42:53.483+0000][10296][safepoint    ] Safepoint "Cleanup", Time since last: 1999867500 ns, Reaching safepoint: 131600 ns, At safepoint: 1900 ns, Total: 133500 ns
[2020-08-22T01:42:55.483+0000][10296][safepoint    ] Safepoint "Cleanup", Time since last: 1999878300 ns, Reaching safepoint: 136900 ns, At safepoint: 7400 ns, Total: 144300 ns
[2020-08-22T01:42:56.483+0000][10296][safepoint    ] Safepoint "Cleanup", Time since last: 1000346700 ns, Reaching safepoint: 158200 ns, At safepoint: 2300 ns, Total: 160500 ns
[2020-08-22T01:42:58.484+0000][10296][safepoint    ] Safepoint "Cleanup", Time since last: 2000335300 ns, Reaching safepoint: 127500 ns, At safepoint: 2800 ns, Total: 130300 ns
[2020-08-22T01:42:59.484+0000][10296][safepoint    ] Safepoint "Cleanup", Time since last: 1000158400 ns, Reaching safepoint: 136400 ns, At safepoint: 7600 ns, Total: 144000 ns
[2020-08-22T01:43:00.484+0000][10296][safepoint    ] Safepoint "Cleanup", Time since last: 1000162500 ns, Reaching safepoint: 132700 ns, At safepoint: 8100 ns, Total: 140800 ns
[2020-08-22T01:43:02.485+0000][10296][safepoint    ] Safepoint "Cleanup", Time since last: 2000282300 ns, Reaching safepoint: 137100 ns, At safepoint: 2400 ns, Total: 139500 ns
[2020-08-22T01:43:03.485+0000][10296][safepoint    ] Safepoint "Cleanup", Time since last: 1000339600 ns, Reaching safepoint: 153800 ns, At safepoint: 2700 ns, Total: 156500 ns
[2020-08-22T01:43:05.485+0000][10296][safepoint    ] Safepoint "Cleanup", Time since last: 1999916200 ns, Reaching safepoint: 135000 ns, At safepoint: 2300 ns, Total: 137300 ns
[2020-08-22T01:43:06.486+0000][10296][safepoint    ] Safepoint "Cleanup", Time since last: 1000288300 ns, Reaching safepoint: 132800 ns, At safepoint: 7800 ns, Total: 140600 ns
[2020-08-22T01:43:08.486+0000][10296][safepoint    ] Safepoint "Cleanup", Time since last: 2000363300 ns, Reaching safepoint: 141700 ns, At safepoint: 7800 ns, Total: 149500 ns
[2020-08-22T01:43:10.486+0000][10296][safepoint    ] Safepoint "Cleanup", Time since last: 1999849100 ns, Reaching safepoint: 128400 ns, At safepoint: 3800 ns, Total: 132200 ns
[2020-08-22T01:43:12.486+0000][10296][safepoint    ] Safepoint "Cleanup", Time since last: 1999902200 ns, Reaching safepoint: 148600 ns, At safepoint: 7500 ns, Total: 156100 ns
[2020-08-22T01:43:13.487+0000][10296][safepoint    ] Safepoint "Cleanup", Time since last: 1000314900 ns, Reaching safepoint: 154200 ns, At safepoint: 2500 ns, Total: 156700 ns
[2020-08-22T01:43:14.487+0000][10296][safepoint    ] Safepoint "Cleanup", Time since last: 1000335800 ns, Reaching safepoint: 135100 ns, At safepoint: 2200 ns, Total: 137300 ns
[2020-08-22T01:43:15.488+0000][10296][safepoint    ] Safepoint "Cleanup", Time since last: 1000363400 ns, Reaching safepoint: 150400 ns, At safepoint: 2600 ns, Total: 153000 ns
[2020-08-22T01:43:17.488+0000][10296][safepoint    ] Safepoint "Cleanup", Time since last: 2000232200 ns, Reaching safepoint: 125200 ns, At safepoint: 2300 ns, Total: 127500 ns
[2020-08-22T01:43:19.489+0000][10296][safepoint    ] Safepoint "Cleanup", Time since last: 2000488900 ns, Reaching safepoint: 143200 ns, At safepoint: 6700 ns, Total: 149900 ns
[2020-08-22T01:43:20.489+0000][10296][safepoint    ] Safepoint "Cleanup", Time since last: 1000347300 ns, Reaching safepoint: 131500 ns, At safepoint: 7200 ns, Total: 138700 ns
[2020-08-22T01:43:21.490+0000][10296][safepoint    ] Safepoint "Cleanup", Time since last: 1000362600 ns, Reaching safepoint: 129800 ns, At safepoint: 8100 ns, Total: 137900 ns
[2020-08-22T01:43:23.490+0000][10296][safepoint    ] Safepoint "Cleanup", Time since last: 2000363100 ns, Reaching safepoint: 136300 ns, At safepoint: 2100 ns, Total: 138400 ns
[2020-08-22T01:43:25.491+0000][10296][safepoint    ] Safepoint "Cleanup", Time since last: 2000368300 ns, Reaching safepoint: 130100 ns, At safepoint: 7300 ns, Total: 137400 ns
[2020-08-22T01:43:27.491+0000][10296][safepoint    ] Safepoint "Cleanup", Time since last: 1999933700 ns, Reaching safepoint: 130100 ns, At safepoint: 2300 ns, Total: 132400 ns
[2020-08-22T01:43:28.491+0000][10296][safepoint    ] Safepoint "Cleanup", Time since last: 1000303300 ns, Reaching safepoint: 124900 ns, At safepoint: 2300 ns, Total: 127200 ns
[2020-08-22T01:43:29.492+0000][10296][safepoint    ] Safepoint "Cleanup", Time since last: 1000369600 ns, Reaching safepoint: 141200 ns, At safepoint: 7700 ns, Total: 148900 ns
[2020-08-22T01:43:31.492+0000][10296][safepoint    ] Safepoint "Cleanup", Time since last: 2000342300 ns, Reaching safepoint: 125000 ns, At safepoint: 7100 ns, Total: 132100 ns
[2020-08-22T01:43:33.493+0000][10296][safepoint    ] Safepoint "Cleanup", Time since last: 2000367600 ns, Reaching safepoint: 138300 ns, At safepoint: 2300 ns, Total: 140600 ns
[2020-08-22T01:43:35.493+0000][10296][safepoint    ] Safepoint "Cleanup", Time since last: 2000346100 ns, Reaching safepoint: 151100 ns, At safepoint: 7800 ns, Total: 158900 ns
[2020-08-22T01:43:37.493+0000][10296][safepoint    ] Safepoint "Cleanup", Time since last: 1999861500 ns, Reaching safepoint: 125100 ns, At safepoint: 2100 ns, Total: 127200 ns
[2020-08-22T01:43:38.494+0000][10296][safepoint    ] Safepoint "Cleanup", Time since last: 1000377100 ns, Reaching safepoint: 136900 ns, At safepoint: 7600 ns, Total: 144500 ns
[2020-08-22T01:43:39.494+0000][10296][safepoint    ] Safepoint "Cleanup", Time since last: 1000344400 ns, Reaching safepoint: 129600 ns, At safepoint: 2300 ns, Total: 131900 ns
[2020-08-22T01:43:41.494+0000][10296][safepoint    ] Safepoint "Cleanup", Time since last: 1999918500 ns, Reaching safepoint: 133000 ns, At safepoint: 7700 ns, Total: 140700 ns
[2020-08-22T01:43:42.495+0000][10296][safepoint    ] Safepoint "Cleanup", Time since last: 1000309300 ns, Reaching safepoint: 139900 ns, At safepoint: 7400 ns, Total: 147300 ns
[2020-08-22T01:43:44.495+0000][10296][safepoint    ] Safepoint "Cleanup", Time since last: 2000307800 ns, Reaching safepoint: 135400 ns, At safepoint: 7800 ns, Total: 143200 ns
[2020-08-22T01:43:46.496+0000][10296][safepoint    ] Safepoint "Cleanup", Time since last: 2000218200 ns, Reaching safepoint: 144500 ns, At safepoint: 7600 ns, Total: 152100 ns
[2020-08-22T01:43:47.496+0000][10296][safepoint    ] Safepoint "Cleanup", Time since last: 1000042500 ns, Reaching safepoint: 133200 ns, At safepoint: 7900 ns, Total: 141100 ns
[2020-08-22T01:43:49.496+0000][10296][safepoint    ] Safepoint "Cleanup", Time since last: 2000352800 ns, Reaching safepoint: 123100 ns, At safepoint: 2200 ns, Total: 125300 ns
[2020-08-22T01:43:50.497+0000][10296][safepoint    ] Safepoint "Cleanup", Time since last: 1000211100 ns, Reaching safepoint: 130000 ns, At safepoint: 7800 ns, Total: 137800 ns
[2020-08-22T01:43:51.497+0000][10296][safepoint    ] Safepoint "Cleanup", Time since last: 1000052000 ns, Reaching safepoint: 132100 ns, At safepoint: 7900 ns, Total: 140000 ns
[2020-08-22T01:43:52.497+0000][10296][safepoint    ] Safepoint "Cleanup", Time since last: 1000165800 ns, Reaching safepoint: 141700 ns, At safepoint: 2300 ns, Total: 144000 ns
[2020-08-22T01:43:53.497+0000][10296][safepoint    ] Safepoint "Cleanup", Time since last: 1000024600 ns, Reaching safepoint: 132900 ns, At safepoint: 7800 ns, Total: 140700 ns
[2020-08-22T01:43:55.498+0000][10296][safepoint    ] Safepoint "Cleanup", Time since last: 2000351400 ns, Reaching safepoint: 132900 ns, At safepoint: 2200 ns, Total: 135100 ns
[2020-08-22T01:43:57.498+0000][10296][safepoint    ] Safepoint "Cleanup", Time since last: 2000370300 ns, Reaching safepoint: 143600 ns, At safepoint: 2300 ns, Total: 145900 ns
[2020-08-22T01:43:59.498+0000][10296][safepoint    ] Safepoint "Cleanup", Time since last: 1999857500 ns, Reaching safepoint: 130800 ns, At safepoint: 7600 ns, Total: 138400 ns
[2020-08-22T01:44:00.499+0000][10296][safepoint    ] Safepoint "Cleanup", Time since last: 1000365100 ns, Reaching safepoint: 134900 ns, At safepoint: 7400 ns, Total: 142300 ns
[2020-08-22T01:44:02.499+0000][10296][safepoint    ] Safepoint "Cleanup", Time since last: 2000357000 ns, Reaching safepoint: 148100 ns, At safepoint: 7300 ns, Total: 155400 ns
[2020-08-22T01:44:03.500+0000][10296][safepoint    ] Safepoint "Cleanup", Time since last: 1000339400 ns, Reaching safepoint: 137500 ns, At safepoint: 7900 ns, Total: 145400 ns
[2020-08-22T01:44:04.500+0000][10296][safepoint    ] Safepoint "Cleanup", Time since last: 1000344800 ns, Reaching safepoint: 138200 ns, At safepoint: 2600 ns, Total: 140800 ns
[2020-08-22T01:44:06.501+0000][10296][safepoint    ] Safepoint "Cleanup", Time since last: 2000362200 ns, Reaching safepoint: 141000 ns, At safepoint: 7800 ns, Total: 148800 ns
[2020-08-22T01:44:07.501+0000][10296][safepoint    ] Safepoint "Cleanup", Time since last: 1000118900 ns, Reaching safepoint: 129400 ns, At safepoint: 8100 ns, Total: 137500 ns
[2020-08-22T01:44:08.501+0000][10296][safepoint    ] Safepoint "Cleanup", Time since last: 1000097000 ns, Reaching safepoint: 172000 ns, At safepoint: 2600 ns, Total: 174600 ns
[2020-08-22T01:44:10.501+0000][10296][safepoint    ] Safepoint "Cleanup", Time since last: 1999883700 ns, Reaching safepoint: 136400 ns, At safepoint: 2600 ns, Total: 139000 ns
[2020-08-22T01:44:11.502+0000][10296][safepoint    ] Safepoint "Cleanup", Time since last: 1000269900 ns, Reaching safepoint: 133700 ns, At safepoint: 2400 ns, Total: 136100 ns
[2020-08-22T01:44:13.502+0000][10296][safepoint    ] Safepoint "Cleanup", Time since last: 1999913000 ns, Reaching safepoint: 145000 ns, At safepoint: 8200 ns, Total: 153200 ns
[2020-08-22T01:44:14.502+0000][10296][safepoint    ] Safepoint "Cleanup", Time since last: 1000333700 ns, Reaching safepoint: 136200 ns, At safepoint: 7500 ns, Total: 143700 ns
[2020-08-22T01:44:15.503+0000][10296][safepoint    ] Safepoint "Cleanup", Time since last: 1000348600 ns, Reaching safepoint: 146500 ns, At safepoint: 7400 ns, Total: 153900 ns
[2020-08-22T01:44:17.503+0000][10296][safepoint    ] Safepoint "Cleanup", Time since last: 1999860700 ns, Reaching safepoint: 131400 ns, At safepoint: 2100 ns, Total: 133500 ns
[2020-08-22T01:44:18.503+0000][10296][safepoint    ] Safepoint "Cleanup", Time since last: 1000355700 ns, Reaching safepoint: 144400 ns, At safepoint: 7600 ns, Total: 152000 ns
[2020-08-22T01:44:20.503+0000][10296][safepoint    ] Safepoint "Cleanup", Time since last: 1999857300 ns, Reaching safepoint: 135700 ns, At safepoint: 7400 ns, Total: 143100 ns
[2020-08-22T01:44:21.504+0000][10296][safepoint    ] Safepoint "Cleanup", Time since last: 1000112600 ns, Reaching safepoint: 135500 ns, At safepoint: 2300 ns, Total: 137800 ns
[2020-08-22T01:44:22.504+0000][10296][safepoint    ] Safepoint "Cleanup", Time since last: 1000194800 ns, Reaching safepoint: 138700 ns, At safepoint: 3300 ns, Total: 142000 ns
[2020-08-22T01:44:23.504+0000][10296][safepoint    ] Safepoint "Cleanup", Time since last: 1000160600 ns, Reaching safepoint: 142700 ns, At safepoint: 2300 ns, Total: 145000 ns
[2020-08-22T01:44:25.505+0000][10296][safepoint    ] Safepoint "Cleanup", Time since last: 2000452400 ns, Reaching safepoint: 139300 ns, At safepoint: 7700 ns, Total: 147000 ns
[2020-08-22T01:44:27.505+0000][10296][safepoint    ] Safepoint "Cleanup", Time since last: 2000367500 ns, Reaching safepoint: 120700 ns, At safepoint: 2300 ns, Total: 123000 ns
[2020-08-22T01:44:29.506+0000][10296][safepoint    ] Safepoint "Cleanup", Time since last: 2000180600 ns, Reaching safepoint: 170100 ns, At safepoint: 7200 ns, Total: 177300 ns
[2020-08-22T01:44:30.506+0000][10296][safepoint    ] Safepoint "Cleanup", Time since last: 1000019700 ns, Reaching safepoint: 127500 ns, At safepoint: 6800 ns, Total: 134300 ns
[2020-08-22T01:44:31.506+0000][10296][safepoint    ] Safepoint "Cleanup", Time since last: 1000350900 ns, Reaching safepoint: 130200 ns, At safepoint: 2100 ns, Total: 132300 ns
[2020-08-22T01:44:33.507+0000][10296][safepoint    ] Safepoint "Cleanup", Time since last: 2000359100 ns, Reaching safepoint: 135900 ns, At safepoint: 2300 ns, Total: 138200 ns
[2020-08-22T01:44:35.507+0000][10296][safepoint    ] Safepoint "Cleanup", Time since last: 1999887500 ns, Reaching safepoint: 132200 ns, At safepoint: 2200 ns, Total: 134400 ns
[2020-08-22T01:44:36.507+0000][10296][safepoint    ] Safepoint "Cleanup", Time since last: 1000348100 ns, Reaching safepoint: 135700 ns, At safepoint: 7100 ns, Total: 142800 ns
[2020-08-22T01:44:37.508+0000][10296][safepoint    ] Safepoint "Cleanup", Time since last: 1000362900 ns, Reaching safepoint: 131500 ns, At safepoint: 7500 ns, Total: 139000 ns
[2020-08-22T01:44:39.508+0000][10296][safepoint    ] Safepoint "Cleanup", Time since last: 2000372100 ns, Reaching safepoint: 155000 ns, At safepoint: 2300 ns, Total: 157300 ns
[2020-08-22T01:44:40.509+0000][10296][safepoint    ] Safepoint "Cleanup", Time since last: 1000328300 ns, Reaching safepoint: 145100 ns, At safepoint: 7700 ns, Total: 152800 ns
[2020-08-22T01:44:42.509+0000][10296][safepoint    ] Safepoint "Cleanup", Time since last: 2000360500 ns, Reaching safepoint: 128500 ns, At safepoint: 2100 ns, Total: 130600 ns
[2020-08-22T01:44:43.510+0000][10296][safepoint    ] Safepoint "Cleanup", Time since last: 1000355400 ns, Reaching safepoint: 162200 ns, At safepoint: 7900 ns, Total: 170100 ns
[2020-08-22T01:44:45.510+0000][10296][safepoint    ] Safepoint "Cleanup", Time since last: 1999905600 ns, Reaching safepoint: 155900 ns, At safepoint: 8000 ns, Total: 163900 ns
[2020-08-22T01:44:46.510+0000][10296][safepoint    ] Safepoint "Cleanup", Time since last: 1000263800 ns, Reaching safepoint: 136200 ns, At safepoint: 8200 ns, Total: 144400 ns
[2020-08-22T01:44:48.510+0000][10296][safepoint    ] Safepoint "Cleanup", Time since last: 1999876900 ns, Reaching safepoint: 138900 ns, At safepoint: 2200 ns, Total: 141100 ns
[2020-08-22T01:44:49.511+0000][10296][safepoint    ] Safepoint "Cleanup", Time since last: 1000331900 ns, Reaching safepoint: 130200 ns, At safepoint: 7400 ns, Total: 137600 ns
[2020-08-22T01:44:51.511+0000][10296][safepoint    ] Safepoint "Cleanup", Time since last: 2000369400 ns, Reaching safepoint: 137400 ns, At safepoint: 2300 ns, Total: 139700 ns
[2020-08-22T01:44:52.512+0000][10296][safepoint    ] Safepoint "Cleanup", Time since last: 1000369800 ns, Reaching safepoint: 126800 ns, At safepoint: 7300 ns, Total: 134100 ns
[2020-08-22T01:44:53.512+0000][10296][safepoint    ] Safepoint "Cleanup", Time since last: 1000354200 ns, Reaching safepoint: 128600 ns, At safepoint: 2200 ns, Total: 130800 ns
[2020-08-22T01:44:54.513+0000][10296][safepoint    ] Safepoint "Cleanup", Time since last: 1000373700 ns, Reaching safepoint: 145800 ns, At safepoint: 2700 ns, Total: 148500 ns
[2020-08-22T01:44:55.513+0000][10296][safepoint    ] Safepoint "Cleanup", Time since last: 1000347900 ns, Reaching safepoint: 131900 ns, At safepoint: 7900 ns, Total: 139800 ns
[2020-08-22T01:44:57.513+0000][10296][safepoint    ] Safepoint "Cleanup", Time since last: 1999920900 ns, Reaching safepoint: 124400 ns, At safepoint: 2400 ns, Total: 126800 ns
[2020-08-22T01:44:59.514+0000][10296][safepoint    ] Safepoint "Cleanup", Time since last: 2000327400 ns, Reaching safepoint: 135600 ns, At safepoint: 6900 ns, Total: 142500 ns
[2020-08-22T01:45:00.514+0000][10296][safepoint    ] Safepoint "Cleanup", Time since last: 1000339800 ns, Reaching safepoint: 149800 ns, At safepoint: 7700 ns, Total: 157500 ns
[2020-08-22T01:45:02.514+0000][10296][safepoint    ] Safepoint "Cleanup", Time since last: 1999858300 ns, Reaching safepoint: 136000 ns, At safepoint: 7400 ns, Total: 143400 ns
[2020-08-22T01:45:04.515+0000][10296][safepoint    ] Safepoint "Cleanup", Time since last: 2000344500 ns, Reaching safepoint: 144200 ns, At safepoint: 7000 ns, Total: 151200 ns
[2020-08-22T01:45:06.515+0000][10296][safepoint    ] Safepoint "Cleanup", Time since last: 2000347300 ns, Reaching safepoint: 140100 ns, At safepoint: 2500 ns, Total: 142600 ns
[2020-08-22T01:45:08.516+0000][10296][safepoint    ] Safepoint "Cleanup", Time since last: 2000352000 ns, Reaching safepoint: 129000 ns, At safepoint: 8700 ns, Total: 137700 ns
[2020-08-22T01:45:10.516+0000][10296][safepoint    ] Safepoint "Cleanup", Time since last: 1999868200 ns, Reaching safepoint: 140400 ns, At safepoint: 2200 ns, Total: 142600 ns
[2020-08-22T01:45:11.516+0000][10296][safepoint    ] Safepoint "Cleanup", Time since last: 1000354500 ns, Reaching safepoint: 128300 ns, At safepoint: 2300 ns, Total: 130600 ns
[2020-08-22T01:45:12.517+0000][10296][safepoint    ] Safepoint "Cleanup", Time since last: 1000370600 ns, Reaching safepoint: 140700 ns, At safepoint: 7900 ns, Total: 148600 ns
[2020-08-22T01:45:14.517+0000][10296][safepoint    ] Safepoint "Cleanup", Time since last: 2000419400 ns, Reaching safepoint: 145100 ns, At safepoint: 9000 ns, Total: 154100 ns
[2020-08-22T01:45:15.517+0000][10296][safepoint    ] Safepoint "Cleanup", Time since last: 1000015300 ns, Reaching safepoint: 127300 ns, At safepoint: 2300 ns, Total: 129600 ns
[2020-08-22T01:45:16.518+0000][10296][safepoint    ] Safepoint "Cleanup", Time since last: 1000175000 ns, Reaching safepoint: 150500 ns, At safepoint: 7000 ns, Total: 157500 ns
[2020-08-22T01:45:17.518+0000][10296][safepoint    ] Safepoint "Cleanup", Time since last: 1000145500 ns, Reaching safepoint: 141800 ns, At safepoint: 2300 ns, Total: 144100 ns
[2020-08-22T01:45:18.518+0000][10296][safepoint    ] Safepoint "Cleanup", Time since last: 1000161200 ns, Reaching safepoint: 143400 ns, At safepoint: 7900 ns, Total: 151300 ns
[2020-08-22T01:45:19.519+0000][10296][safepoint    ] Safepoint "Cleanup", Time since last: 1000196400 ns, Reaching safepoint: 133400 ns, At safepoint: 7100 ns, Total: 140500 ns
[2020-08-22T01:45:20.519+0000][10296][safepoint    ] Safepoint "Cleanup", Time since last: 1000367000 ns, Reaching safepoint: 136700 ns, At safepoint: 6900 ns, Total: 143600 ns
[2020-08-22T01:45:21.520+0000][10296][safepoint    ] Safepoint "Cleanup", Time since last: 1000356700 ns, Reaching safepoint: 140600 ns, At safepoint: 2400 ns, Total: 143000 ns
[2020-08-22T01:45:23.520+0000][10296][safepoint    ] Safepoint "Cleanup", Time since last: 1999909300 ns, Reaching safepoint: 145300 ns, At safepoint: 8100 ns, Total: 153400 ns
[2020-08-22T01:45:24.520+0000][10296][safepoint    ] Safepoint "Cleanup", Time since last: 1000292700 ns, Reaching safepoint: 142000 ns, At safepoint: 2200 ns, Total: 144200 ns
[2020-08-22T01:45:25.521+0000][10296][safepoint    ] Safepoint "Cleanup", Time since last: 1000356100 ns, Reaching safepoint: 129200 ns, At safepoint: 7100 ns, Total: 136300 ns
[2020-08-22T01:45:26.521+0000][10296][safepoint    ] Safepoint "Cleanup", Time since last: 1000357300 ns, Reaching safepoint: 142700 ns, At safepoint: 7800 ns, Total: 150500 ns
[2020-08-22T01:45:28.522+0000][10296][safepoint    ] Safepoint "Cleanup", Time since last: 2000362900 ns, Reaching safepoint: 143100 ns, At safepoint: 7400 ns, Total: 150500 ns
[2020-08-22T01:45:30.522+0000][10296][safepoint    ] Safepoint "Cleanup", Time since last: 2000351900 ns, Reaching safepoint: 140500 ns, At safepoint: 8000 ns, Total: 148500 ns
[2020-08-22T01:45:31.523+0000][10296][safepoint    ] Safepoint "Cleanup", Time since last: 1000339700 ns, Reaching safepoint: 128100 ns, At safepoint: 6900 ns, Total: 135000 ns
[2020-08-22T01:45:33.523+0000][10296][safepoint    ] Safepoint "Cleanup", Time since last: 2000378200 ns, Reaching safepoint: 143200 ns, At safepoint: 6900 ns, Total: 150100 ns
[2020-08-22T01:45:34.524+0000][10296][safepoint    ] Safepoint "Cleanup", Time since last: 1000339900 ns, Reaching safepoint: 158900 ns, At safepoint: 7700 ns, Total: 166600 ns
[2020-08-22T01:45:36.524+0000][10296][safepoint    ] Safepoint "Cleanup", Time since last: 2000330300 ns, Reaching safepoint: 144400 ns, At safepoint: 2300 ns, Total: 146700 ns
[2020-08-22T01:45:37.525+0000][10296][safepoint    ] Safepoint "Cleanup", Time since last: 1000360900 ns, Reaching safepoint: 187200 ns, At safepoint: 7100 ns, Total: 194300 ns
[2020-08-22T01:45:39.525+0000][10296][safepoint    ] Safepoint "Cleanup", Time since last: 1999915600 ns, Reaching safepoint: 126600 ns, At safepoint: 2100 ns, Total: 128700 ns
[2020-08-22T01:45:41.525+0000][10296][safepoint    ] Safepoint "Cleanup", Time since last: 2000262500 ns, Reaching safepoint: 155400 ns, At safepoint: 2300 ns, Total: 157700 ns
[2020-08-22T01:45:42.526+0000][10296][safepoint    ] Safepoint "Cleanup", Time since last: 1000328700 ns, Reaching safepoint: 136500 ns, At safepoint: 3100 ns, Total: 139600 ns
[2020-08-22T01:45:44.526+0000][10296][safepoint    ] Safepoint "Cleanup", Time since last: 2000373300 ns, Reaching safepoint: 131500 ns, At safepoint: 2200 ns, Total: 133700 ns
[2020-08-22T01:45:45.527+0000][10296][safepoint    ] Safepoint "Cleanup", Time since last: 1000361600 ns, Reaching safepoint: 136900 ns, At safepoint: 7200 ns, Total: 144100 ns
[2020-08-22T01:45:46.527+0000][10296][safepoint    ] Safepoint "Cleanup", Time since last: 1000351700 ns, Reaching safepoint: 124600 ns, At safepoint: 2200 ns, Total: 126800 ns
[2020-08-22T01:45:47.527+0000][10296][safepoint    ] Safepoint "Cleanup", Time since last: 1000027200 ns, Reaching safepoint: 141000 ns, At safepoint: 6700 ns, Total: 147700 ns
[2020-08-22T01:45:48.528+0000][10296][safepoint    ] Safepoint "Cleanup", Time since last: 1000156500 ns, Reaching safepoint: 141100 ns, At safepoint: 7300 ns, Total: 148400 ns
[2020-08-22T01:45:50.528+0000][10296][safepoint    ] Safepoint "Cleanup", Time since last: 2000392300 ns, Reaching safepoint: 147800 ns, At safepoint: 7400 ns, Total: 155200 ns
[2020-08-22T01:45:52.528+0000][10296][safepoint    ] Safepoint "Cleanup", Time since last: 1999848900 ns, Reaching safepoint: 130700 ns, At safepoint: 2400 ns, Total: 133100 ns
[2020-08-22T01:45:53.529+0000][10296][safepoint    ] Safepoint "Cleanup", Time since last: 1000357900 ns, Reaching safepoint: 175400 ns, At safepoint: 2200 ns, Total: 177600 ns
[2020-08-22T01:45:55.529+0000][10296][safepoint    ] Safepoint "Cleanup", Time since last: 1999843000 ns, Reaching safepoint: 125400 ns, At safepoint: 1900 ns, Total: 127300 ns
[2020-08-22T01:45:56.529+0000][10296][safepoint    ] Safepoint "Cleanup", Time since last: 1000365600 ns, Reaching safepoint: 152500 ns, At safepoint: 2500 ns, Total: 155000 ns
[2020-08-22T01:45:58.529+0000][10296][safepoint    ] Safepoint "Cleanup", Time since last: 1999871700 ns, Reaching safepoint: 136500 ns, At safepoint: 2400 ns, Total: 138900 ns
[2020-08-22T01:45:59.530+0000][10296][safepoint    ] Safepoint "Cleanup", Time since last: 1000325000 ns, Reaching safepoint: 133700 ns, At safepoint: 2500 ns, Total: 136200 ns
[2020-08-22T01:46:01.530+0000][10296][safepoint    ] Safepoint "Cleanup", Time since last: 2000362000 ns, Reaching safepoint: 139500 ns, At safepoint: 2100 ns, Total: 141600 ns
[2020-08-22T01:46:02.531+0000][10296][safepoint    ] Safepoint "Cleanup", Time since last: 1000264400 ns, Reaching safepoint: 128500 ns, At safepoint: 2200 ns, Total: 130700 ns
[2020-08-22T01:46:03.531+0000][10296][safepoint    ] Safepoint "Cleanup", Time since last: 1000170800 ns, Reaching safepoint: 136500 ns, At safepoint: 7300 ns, Total: 143800 ns
[2020-08-22T01:46:04.531+0000][10296][safepoint    ] Safepoint "Cleanup", Time since last: 1000161000 ns, Reaching safepoint: 148300 ns, At safepoint: 2200 ns, Total: 150500 ns
[2020-08-22T01:46:05.532+0000][10296][safepoint    ] Safepoint "Cleanup", Time since last: 1000230600 ns, Reaching safepoint: 138600 ns, At safepoint: 7400 ns, Total: 146000 ns
[2020-08-22T01:46:06.532+0000][10296][safepoint    ] Safepoint "Cleanup", Time since last: 1000158700 ns, Reaching safepoint: 131400 ns, At safepoint: 8200 ns, Total: 139600 ns
[2020-08-22T01:46:07.532+0000][10296][safepoint    ] Safepoint "Cleanup", Time since last: 1000166100 ns, Reaching safepoint: 159500 ns, At safepoint: 7900 ns, Total: 167400 ns
[2020-08-22T01:46:08.533+0000][10296][safepoint    ] Safepoint "Cleanup", Time since last: 1000335800 ns, Reaching safepoint: 143300 ns, At safepoint: 7600 ns, Total: 150900 ns
[2020-08-22T01:46:09.747+0000][10296][safepoint    ] Safepoint "Cleanup", Time since last: 1214323400 ns, Reaching safepoint: 129900 ns, At safepoint: 2700 ns, Total: 132600 ns
[2020-08-22T01:46:11.748+0000][10296][safepoint    ] Safepoint "Cleanup", Time since last: 2000386200 ns, Reaching safepoint: 141300 ns, At safepoint: 2500 ns, Total: 143800 ns
[2020-08-22T01:46:13.748+0000][10296][safepoint    ] Safepoint "Cleanup", Time since last: 1999972000 ns, Reaching safepoint: 154100 ns, At safepoint: 2900 ns, Total: 157000 ns
[2020-08-22T01:46:14.748+0000][10296][safepoint    ] Safepoint "Cleanup", Time since last: 1000273700 ns, Reaching safepoint: 141400 ns, At safepoint: 2100 ns, Total: 143500 ns
[2020-08-22T01:46:15.749+0000][10296][safepoint    ] Safepoint "Cleanup", Time since last: 1000237800 ns, Reaching safepoint: 137200 ns, At safepoint: 7100 ns, Total: 144300 ns
[2020-08-22T01:46:17.749+0000][10296][safepoint    ] Safepoint "Cleanup", Time since last: 1999932700 ns, Reaching safepoint: 144800 ns, At safepoint: 2300 ns, Total: 147100 ns
[2020-08-22T01:46:18.749+0000][10296][safepoint    ] Safepoint "Cleanup", Time since last: 1000145300 ns, Reaching safepoint: 128600 ns, At safepoint: 2200 ns, Total: 130800 ns
[2020-08-22T01:46:19.749+0000][10296][safepoint    ] Safepoint "Cleanup", Time since last: 1000106800 ns, Reaching safepoint: 159000 ns, At safepoint: 7500 ns, Total: 166500 ns
[2020-08-22T01:46:20.750+0000][10296][safepoint    ] Safepoint "Cleanup", Time since last: 1000300100 ns, Reaching safepoint: 132800 ns, At safepoint: 7800 ns, Total: 140600 ns
[2020-08-22T01:46:21.750+0000][10296][safepoint    ] Safepoint "Cleanup", Time since last: 1000337700 ns, Reaching safepoint: 135800 ns, At safepoint: 7700 ns, Total: 143500 ns
[2020-08-22T01:46:23.750+0000][10296][safepoint    ] Safepoint "Cleanup", Time since last: 1999885500 ns, Reaching safepoint: 132100 ns, At safepoint: 2200 ns, Total: 134300 ns
[2020-08-22T01:46:25.751+0000][10296][safepoint    ] Safepoint "Cleanup", Time since last: 2000358300 ns, Reaching safepoint: 146200 ns, At safepoint: 7700 ns, Total: 153900 ns
[2020-08-22T01:46:27.751+0000][10296][safepoint    ] Safepoint "Cleanup", Time since last: 1999847100 ns, Reaching safepoint: 150900 ns, At safepoint: 2300 ns, Total: 153200 ns
[2020-08-22T01:46:28.751+0000][10296][safepoint    ] Safepoint "Cleanup", Time since last: 1000300100 ns, Reaching safepoint: 141000 ns, At safepoint: 2200 ns, Total: 143200 ns
[2020-08-22T01:46:30.751+0000][10296][safepoint    ] Safepoint "Cleanup", Time since last: 1999914300 ns, Reaching safepoint: 140100 ns, At safepoint: 3100 ns, Total: 143200 ns
[2020-08-22T01:46:31.752+0000][10296][safepoint    ] Safepoint "Cleanup", Time since last: 1000347200 ns, Reaching safepoint: 141600 ns, At safepoint: 7800 ns, Total: 149400 ns
[2020-08-22T01:46:33.752+0000][10296][safepoint    ] Safepoint "Cleanup", Time since last: 2000356700 ns, Reaching safepoint: 142400 ns, At safepoint: 7900 ns, Total: 150300 ns
[2020-08-22T01:46:35.752+0000][10296][safepoint    ] Safepoint "Cleanup", Time since last: 1999969500 ns, Reaching safepoint: 160900 ns, At safepoint: 8100 ns, Total: 169000 ns
[2020-08-22T01:46:36.753+0000][10296][safepoint    ] Safepoint "Cleanup", Time since last: 1000183400 ns, Reaching safepoint: 135400 ns, At safepoint: 2700 ns, Total: 138100 ns
[2020-08-22T01:46:38.753+0000][10296][safepoint    ] Safepoint "Cleanup", Time since last: 2000351200 ns, Reaching safepoint: 128800 ns, At safepoint: 2300 ns, Total: 131100 ns
[2020-08-22T01:46:39.753+0000][10296][safepoint    ] Safepoint "Cleanup", Time since last: 1000080400 ns, Reaching safepoint: 173500 ns, At safepoint: 7100 ns, Total: 180600 ns
[2020-08-22T01:46:41.754+0000][10296][safepoint    ] Safepoint "Cleanup", Time since last: 2000145500 ns, Reaching safepoint: 165500 ns, At safepoint: 7400 ns, Total: 172900 ns
[2020-08-22T01:46:43.754+0000][10296][safepoint    ] Safepoint "Cleanup", Time since last: 2000133700 ns, Reaching safepoint: 148800 ns, At safepoint: 7500 ns, Total: 156300 ns
[2020-08-22T01:46:44.754+0000][10296][safepoint    ] Safepoint "Cleanup", Time since last: 1000028400 ns, Reaching safepoint: 133200 ns, At safepoint: 7400 ns, Total: 140600 ns
[2020-08-22T01:46:46.755+0000][10296][safepoint    ] Safepoint "Cleanup", Time since last: 2000381100 ns, Reaching safepoint: 137300 ns, At safepoint: 7400 ns, Total: 144700 ns
[2020-08-22T01:46:47.755+0000][10296][safepoint    ] Safepoint "Cleanup", Time since last: 1000334500 ns, Reaching safepoint: 147600 ns, At safepoint: 7400 ns, Total: 155000 ns
[2020-08-22T01:46:49.756+0000][10296][safepoint    ] Safepoint "Cleanup", Time since last: 2000348900 ns, Reaching safepoint: 132800 ns, At safepoint: 7700 ns, Total: 140500 ns
[2020-08-22T01:46:51.264+0000][10296][safepoint    ] Safepoint "Cleanup", Time since last: 1507864200 ns, Reaching safepoint: 122700 ns, At safepoint: 6600 ns, Total: 129300 ns
[2020-08-22T01:46:52.264+0000][10296][safepoint    ] Safepoint "Cleanup", Time since last: 1000358800 ns, Reaching safepoint: 130400 ns, At safepoint: 7200 ns, Total: 137600 ns
[2020-08-22T01:46:54.265+0000][10296][safepoint    ] Safepoint "Cleanup", Time since last: 2000369200 ns, Reaching safepoint: 136800 ns, At safepoint: 7200 ns, Total: 144000 ns
[2020-08-22T01:46:55.265+0000][10296][safepoint    ] Safepoint "Cleanup", Time since last: 1000359600 ns, Reaching safepoint: 135400 ns, At safepoint: 2600 ns, Total: 138000 ns
[2020-08-22T01:46:56.266+0000][10296][safepoint    ] Safepoint "Cleanup", Time since last: 1000346400 ns, Reaching safepoint: 138100 ns, At safepoint: 2300 ns, Total: 140400 ns
[2020-08-22T01:46:58.266+0000][10296][safepoint    ] Safepoint "Cleanup", Time since last: 2000367100 ns, Reaching safepoint: 154100 ns, At safepoint: 2700 ns, Total: 156800 ns
[2020-08-22T01:46:59.267+0000][10296][safepoint    ] Safepoint "Cleanup", Time since last: 1000349800 ns, Reaching safepoint: 134500 ns, At safepoint: 2800 ns, Total: 137300 ns
[2020-08-22T01:47:01.267+0000][10296][safepoint    ] Safepoint "Cleanup", Time since last: 2000354700 ns, Reaching safepoint: 135700 ns, At safepoint: 2300 ns, Total: 138000 ns
[2020-08-22T01:47:03.268+0000][10296][safepoint    ] Safepoint "Cleanup", Time since last: 2000362600 ns, Reaching safepoint: 132300 ns, At safepoint: 7400 ns, Total: 139700 ns
[2020-08-22T01:47:04.268+0000][10296][safepoint    ] Safepoint "Cleanup", Time since last: 1000370000 ns, Reaching safepoint: 131600 ns, At safepoint: 6800 ns, Total: 138400 ns
[2020-08-22T01:47:06.269+0000][10296][safepoint    ] Safepoint "Cleanup", Time since last: 2000357400 ns, Reaching safepoint: 142000 ns, At safepoint: 2800 ns, Total: 144800 ns
[2020-08-22T01:47:07.269+0000][10296][safepoint    ] Safepoint "Cleanup", Time since last: 1000355800 ns, Reaching safepoint: 155800 ns, At safepoint: 6700 ns, Total: 162500 ns
[2020-08-22T01:47:08.270+0000][10296][safepoint    ] Safepoint "Cleanup", Time since last: 1000300400 ns, Reaching safepoint: 134200 ns, At safepoint: 2000 ns, Total: 136200 ns
[2020-08-22T01:47:10.270+0000][10296][safepoint    ] Safepoint "Cleanup", Time since last: 2000397500 ns, Reaching safepoint: 139300 ns, At safepoint: 2100 ns, Total: 141400 ns
[2020-08-22T01:47:12.270+0000][10296][safepoint    ] Safepoint "Cleanup", Time since last: 1999862300 ns, Reaching safepoint: 125100 ns, At safepoint: 2400 ns, Total: 127500 ns
[2020-08-22T01:47:13.271+0000][10296][safepoint    ] Safepoint "Cleanup", Time since last: 1000375800 ns, Reaching safepoint: 147700 ns, At safepoint: 3100 ns, Total: 150800 ns
[2020-08-22T01:47:14.271+0000][10296][safepoint    ] Safepoint "Cleanup", Time since last: 1000297100 ns, Reaching safepoint: 138000 ns, At safepoint: 2200 ns, Total: 140200 ns
[2020-08-22T01:47:16.272+0000][10296][safepoint    ] Safepoint "Cleanup", Time since last: 2000343500 ns, Reaching safepoint: 150400 ns, At safepoint: 2300 ns, Total: 152700 ns
[2020-08-22T01:47:18.272+0000][10296][safepoint    ] Safepoint "Cleanup", Time since last: 1999916100 ns, Reaching safepoint: 130400 ns, At safepoint: 2200 ns, Total: 132600 ns
[2020-08-22T01:47:20.272+0000][10296][safepoint    ] Safepoint "Cleanup", Time since last: 2000366600 ns, Reaching safepoint: 130200 ns, At safepoint: 2500 ns, Total: 132700 ns
[2020-08-22T01:47:21.273+0000][10296][safepoint    ] Safepoint "Cleanup", Time since last: 1000360400 ns, Reaching safepoint: 120700 ns, At safepoint: 2200 ns, Total: 122900 ns
[2020-08-22T01:47:22.273+0000][10296][safepoint    ] Safepoint "Cleanup", Time since last: 1000376600 ns, Reaching safepoint: 123500 ns, At safepoint: 2200 ns, Total: 125700 ns
[2020-08-22T01:47:23.273+0000][10296][safepoint    ] Safepoint "Cleanup", Time since last: 1000089300 ns, Reaching safepoint: 144500 ns, At safepoint: 2400 ns, Total: 146900 ns
[2020-08-22T01:47:24.274+0000][10296][safepoint    ] Safepoint "Cleanup", Time since last: 1000139300 ns, Reaching safepoint: 146700 ns, At safepoint: 7800 ns, Total: 154500 ns
[2020-08-22T01:47:25.274+0000][10296][safepoint    ] Safepoint "Cleanup", Time since last: 1000346900 ns, Reaching safepoint: 139100 ns, At safepoint: 7300 ns, Total: 146400 ns
[2020-08-22T01:47:27.275+0000][10296][safepoint    ] Safepoint "Cleanup", Time since last: 2000122400 ns, Reaching safepoint: 143700 ns, At safepoint: 7300 ns, Total: 151000 ns
[2020-08-22T01:47:28.275+0000][10296][safepoint    ] Safepoint "Cleanup", Time since last: 1000140400 ns, Reaching safepoint: 140200 ns, At safepoint: 7800 ns, Total: 148000 ns
[2020-08-22T01:47:30.275+0000][10296][safepoint    ] Safepoint "Cleanup", Time since last: 2000224100 ns, Reaching safepoint: 137500 ns, At safepoint: 2200 ns, Total: 139700 ns
[2020-08-22T01:47:31.275+0000][10296][safepoint    ] Safepoint "Cleanup", Time since last: 1000166200 ns, Reaching safepoint: 129900 ns, At safepoint: 7400 ns, Total: 137300 ns
[2020-08-22T01:47:32.276+0000][10296][safepoint    ] Safepoint "Cleanup", Time since last: 1000145200 ns, Reaching safepoint: 138300 ns, At safepoint: 2100 ns, Total: 140400 ns
[2020-08-22T01:47:34.276+0000][10296][safepoint    ] Safepoint "Cleanup", Time since last: 2000338200 ns, Reaching safepoint: 131200 ns, At safepoint: 2200 ns, Total: 133400 ns
[2020-08-22T01:47:35.277+0000][10296][safepoint    ] Safepoint "Cleanup", Time since last: 1000363100 ns, Reaching safepoint: 140300 ns, At safepoint: 7400 ns, Total: 147700 ns
[2020-08-22T01:47:36.277+0000][10296][safepoint    ] Safepoint "Cleanup", Time since last: 1000068200 ns, Reaching safepoint: 138000 ns, At safepoint: 2400 ns, Total: 140400 ns
[2020-08-22T01:47:37.277+0000][10296][safepoint    ] Safepoint "Cleanup", Time since last: 1000146700 ns, Reaching safepoint: 133100 ns, At safepoint: 7200 ns, Total: 140300 ns
[2020-08-22T01:47:38.750+0000][10296][safepoint    ] Safepoint "Cleanup", Time since last: 1472980900 ns, Reaching safepoint: 125400 ns, At safepoint: 9700 ns, Total: 135100 ns
[2020-08-22T01:47:39.751+0000][10296][safepoint    ] Safepoint "Cleanup", Time since last: 1000310700 ns, Reaching safepoint: 122700 ns, At safepoint: 2100 ns, Total: 124800 ns
[2020-08-22T01:47:40.751+0000][10296][safepoint    ] Safepoint "Cleanup", Time since last: 1000320400 ns, Reaching safepoint: 137400 ns, At safepoint: 2700 ns, Total: 140100 ns
[2020-08-22T01:47:41.752+0000][10296][safepoint    ] Safepoint "Cleanup", Time since last: 1000357700 ns, Reaching safepoint: 157300 ns, At safepoint: 2500 ns, Total: 159800 ns
[2020-08-22T01:47:43.752+0000][10296][safepoint    ] Safepoint "Cleanup", Time since last: 2000324500 ns, Reaching safepoint: 122600 ns, At safepoint: 2100 ns, Total: 124700 ns
[2020-08-22T01:47:45.753+0000][10296][safepoint    ] Safepoint "Cleanup", Time since last: 2000231100 ns, Reaching safepoint: 148400 ns, At safepoint: 2200 ns, Total: 150600 ns
[2020-08-22T01:47:46.753+0000][10296][safepoint    ] Safepoint "Cleanup", Time since last: 1000035000 ns, Reaching safepoint: 136200 ns, At safepoint: 2700 ns, Total: 138900 ns
[2020-08-22T01:47:47.753+0000][10296][safepoint    ] Safepoint "Cleanup", Time since last: 1000339900 ns, Reaching safepoint: 137600 ns, At safepoint: 2300 ns, Total: 139900 ns
[2020-08-22T01:47:48.754+0000][10296][safepoint    ] Safepoint "Cleanup", Time since last: 1000350600 ns, Reaching safepoint: 140800 ns, At safepoint: 7200 ns, Total: 148000 ns
[2020-08-22T01:47:50.754+0000][10296][safepoint    ] Safepoint "Cleanup", Time since last: 2000346600 ns, Reaching safepoint: 227700 ns, At safepoint: 2500 ns, Total: 230200 ns
[2020-08-22T01:47:52.754+0000][10296][safepoint    ] Safepoint "Cleanup", Time since last: 1999778100 ns, Reaching safepoint: 166300 ns, At safepoint: 7500 ns, Total: 173800 ns
[2020-08-22T01:47:53.755+0000][10296][safepoint    ] Safepoint "Cleanup", Time since last: 1000330500 ns, Reaching safepoint: 138300 ns, At safepoint: 7700 ns, Total: 146000 ns
[2020-08-22T01:47:54.755+0000][10296][safepoint    ] Safepoint "Cleanup", Time since last: 1000339500 ns, Reaching safepoint: 142400 ns, At safepoint: 2300 ns, Total: 144700 ns
[2020-08-22T01:47:56.756+0000][10296][safepoint    ] Safepoint "Cleanup", Time since last: 2000368600 ns, Reaching safepoint: 133700 ns, At safepoint: 2700 ns, Total: 136400 ns
[2020-08-22T01:47:57.756+0000][10296][safepoint    ] Safepoint "Cleanup", Time since last: 1000357300 ns, Reaching safepoint: 136800 ns, At safepoint: 7600 ns, Total: 144400 ns
[2020-08-22T01:47:58.757+0000][10296][safepoint    ] Safepoint "Cleanup", Time since last: 1000346200 ns, Reaching safepoint: 136500 ns, At safepoint: 7500 ns, Total: 144000 ns
[2020-08-22T01:47:59.757+0000][10296][safepoint    ] Safepoint "Cleanup", Time since last: 1000328900 ns, Reaching safepoint: 162500 ns, At safepoint: 2800 ns, Total: 165300 ns
[2020-08-22T01:48:01.758+0000][10296][safepoint    ] Safepoint "Cleanup", Time since last: 2000366100 ns, Reaching safepoint: 143500 ns, At safepoint: 7800 ns, Total: 151300 ns
[2020-08-22T01:48:03.758+0000][10296][safepoint    ] Safepoint "Cleanup", Time since last: 1999867700 ns, Reaching safepoint: 159800 ns, At safepoint: 7900 ns, Total: 167700 ns
[2020-08-22T01:48:04.758+0000][10296][safepoint    ] Safepoint "Cleanup", Time since last: 1000324600 ns, Reaching safepoint: 125000 ns, At safepoint: 7800 ns, Total: 132800 ns
[2020-08-22T01:48:05.759+0000][10296][safepoint    ] Safepoint "Cleanup", Time since last: 1000353100 ns, Reaching safepoint: 137500 ns, At safepoint: 7700 ns, Total: 145200 ns
[2020-08-22T01:48:06.759+0000][10296][safepoint    ] Safepoint "Cleanup", Time since last: 1000329900 ns, Reaching safepoint: 141700 ns, At safepoint: 7800 ns, Total: 149500 ns
[2020-08-22T01:48:08.760+0000][10296][safepoint    ] Safepoint "Cleanup", Time since last: 2000379200 ns, Reaching safepoint: 134800 ns, At safepoint: 7500 ns, Total: 142300 ns
[2020-08-22T01:48:10.760+0000][10296][safepoint    ] Safepoint "Cleanup", Time since last: 2000364300 ns, Reaching safepoint: 133300 ns, At safepoint: 7600 ns, Total: 140900 ns
[2020-08-22T01:48:11.761+0000][10296][safepoint    ] Safepoint "Cleanup", Time since last: 1000327100 ns, Reaching safepoint: 137200 ns, At safepoint: 2500 ns, Total: 139700 ns
[2020-08-22T01:48:12.761+0000][10296][safepoint    ] Safepoint "Cleanup", Time since last: 1000339400 ns, Reaching safepoint: 147200 ns, At safepoint: 8200 ns, Total: 155400 ns
[2020-08-22T01:48:14.761+0000][10296][safepoint    ] Safepoint "Cleanup", Time since last: 1999891700 ns, Reaching safepoint: 127400 ns, At safepoint: 2100 ns, Total: 129500 ns
[2020-08-22T01:48:15.762+0000][10296][safepoint    ] Safepoint "Cleanup", Time since last: 1000367800 ns, Reaching safepoint: 132400 ns, At safepoint: 7500 ns, Total: 139900 ns
[2020-08-22T01:48:17.762+0000][10296][safepoint    ] Safepoint "Cleanup", Time since last: 2000283700 ns, Reaching safepoint: 132600 ns, At safepoint: 2200 ns, Total: 134800 ns
[2020-08-22T01:48:19.763+0000][10296][safepoint    ] Safepoint "Cleanup", Time since last: 2000452600 ns, Reaching safepoint: 153400 ns, At safepoint: 8100 ns, Total: 161500 ns
[2020-08-22T01:48:20.763+0000][10296][safepoint    ] Safepoint "Cleanup", Time since last: 1000016500 ns, Reaching safepoint: 141400 ns, At safepoint: 2100 ns, Total: 143500 ns
[2020-08-22T01:48:21.763+0000][10296][safepoint    ] Safepoint "Cleanup", Time since last: 1000175500 ns, Reaching safepoint: 133500 ns, At safepoint: 2200 ns, Total: 135700 ns
[2020-08-22T01:48:22.764+0000][10296][safepoint    ] Safepoint "Cleanup", Time since last: 1000353700 ns, Reaching safepoint: 130000 ns, At safepoint: 7900 ns, Total: 137900 ns
[2020-08-22T01:48:24.764+0000][10296][safepoint    ] Safepoint "Cleanup", Time since last: 1999876900 ns, Reaching safepoint: 129000 ns, At safepoint: 2200 ns, Total: 131200 ns
[2020-08-22T01:48:25.764+0000][10296][safepoint    ] Safepoint "Cleanup", Time since last: 1000362100 ns, Reaching safepoint: 153000 ns, At safepoint: 7900 ns, Total: 160900 ns
[2020-08-22T01:48:27.765+0000][10296][safepoint    ] Safepoint "Cleanup", Time since last: 2000331100 ns, Reaching safepoint: 138000 ns, At safepoint: 7300 ns, Total: 145300 ns
[2020-08-22T01:48:28.765+0000][10296][safepoint    ] Safepoint "Cleanup", Time since last: 1000198000 ns, Reaching safepoint: 137700 ns, At safepoint: 2600 ns, Total: 140300 ns
[2020-08-22T01:48:29.765+0000][10296][safepoint    ] Safepoint "Cleanup", Time since last: 1000017300 ns, Reaching safepoint: 138000 ns, At safepoint: 7000 ns, Total: 145000 ns
[2020-08-22T01:48:31.765+0000][10296][safepoint    ] Safepoint "Cleanup", Time since last: 1999959200 ns, Reaching safepoint: 133900 ns, At safepoint: 7500 ns, Total: 141400 ns
[2020-08-22T01:48:32.766+0000][10296][safepoint    ] Safepoint "Cleanup", Time since last: 1000270400 ns, Reaching safepoint: 135600 ns, At safepoint: 2600 ns, Total: 138200 ns
[2020-08-22T01:48:33.766+0000][10296][safepoint    ] Safepoint "Cleanup", Time since last: 1000328600 ns, Reaching safepoint: 127100 ns, At safepoint: 7300 ns, Total: 134400 ns
[2020-08-22T01:48:34.766+0000][10296][safepoint    ] Safepoint "Cleanup", Time since last: 1000138800 ns, Reaching safepoint: 132100 ns, At safepoint: 2700 ns, Total: 134800 ns
[2020-08-22T01:48:35.767+0000][10296][safepoint    ] Safepoint "Cleanup", Time since last: 1000109600 ns, Reaching safepoint: 144900 ns, At safepoint: 2400 ns, Total: 147300 ns
[2020-08-22T01:48:36.767+0000][10296][safepoint    ] Safepoint "Cleanup", Time since last: 1000316500 ns, Reaching safepoint: 135300 ns, At safepoint: 2100 ns, Total: 137400 ns
[2020-08-22T01:48:38.767+0000][10296][safepoint    ] Safepoint "Cleanup", Time since last: 1999899900 ns, Reaching safepoint: 131900 ns, At safepoint: 2500 ns, Total: 134400 ns
[2020-08-22T01:48:40.768+0000][10296][safepoint    ] Safepoint "Cleanup", Time since last: 2000362900 ns, Reaching safepoint: 142900 ns, At safepoint: 2600 ns, Total: 145500 ns
[2020-08-22T01:48:42.768+0000][10296][safepoint    ] Safepoint "Cleanup", Time since last: 1999856200 ns, Reaching safepoint: 143500 ns, At safepoint: 2100 ns, Total: 145600 ns
[2020-08-22T01:48:44.768+0000][10296][safepoint    ] Safepoint "Cleanup", Time since last: 1999918500 ns, Reaching safepoint: 135200 ns, At safepoint: 2300 ns, Total: 137500 ns
[2020-08-22T01:48:45.768+0000][10296][safepoint    ] Safepoint "Cleanup", Time since last: 1000232800 ns, Reaching safepoint: 141300 ns, At safepoint: 7400 ns, Total: 148700 ns
[2020-08-22T01:48:47.768+0000][10296][safepoint    ] Safepoint "Cleanup", Time since last: 1999925300 ns, Reaching safepoint: 138500 ns, At safepoint: 2300 ns, Total: 140800 ns
[2020-08-22T01:48:48.769+0000][10296][safepoint    ] Safepoint "Cleanup", Time since last: 1000354600 ns, Reaching safepoint: 128000 ns, At safepoint: 2400 ns, Total: 130400 ns
[2020-08-22T01:48:49.769+0000][10296][safepoint    ] Safepoint "Cleanup", Time since last: 1000372000 ns, Reaching safepoint: 132900 ns, At safepoint: 7600 ns, Total: 140500 ns
[2020-08-22T01:48:50.770+0000][10296][safepoint    ] Safepoint "Cleanup", Time since last: 1000331600 ns, Reaching safepoint: 136800 ns, At safepoint: 8400 ns, Total: 145200 ns
[2020-08-22T01:48:52.770+0000][10296][safepoint    ] Safepoint "Cleanup", Time since last: 1999879800 ns, Reaching safepoint: 137700 ns, At safepoint: 7600 ns, Total: 145300 ns
[2020-08-22T01:48:54.770+0000][10296][safepoint    ] Safepoint "Cleanup", Time since last: 2000367700 ns, Reaching safepoint: 141600 ns, At safepoint: 7300 ns, Total: 148900 ns
[2020-08-22T01:48:55.771+0000][10296][safepoint    ] Safepoint "Cleanup", Time since last: 1000337000 ns, Reaching safepoint: 150400 ns, At safepoint: 7800 ns, Total: 158200 ns
[2020-08-22T01:48:56.771+0000][10296][safepoint    ] Safepoint "Cleanup", Time since last: 1000346600 ns, Reaching safepoint: 135600 ns, At safepoint: 7800 ns, Total: 143400 ns
[2020-08-22T01:48:58.772+0000][10296][safepoint    ] Safepoint "Cleanup", Time since last: 2000326700 ns, Reaching safepoint: 124000 ns, At safepoint: 2200 ns, Total: 126200 ns
[2020-08-22T01:49:00.772+0000][10296][safepoint    ] Safepoint "Cleanup", Time since last: 2000399800 ns, Reaching safepoint: 131600 ns, At safepoint: 8900 ns, Total: 140500 ns
[2020-08-22T01:49:01.773+0000][10296][safepoint    ] Safepoint "Cleanup", Time since last: 1000361300 ns, Reaching safepoint: 135700 ns, At safepoint: 7000 ns, Total: 142700 ns
[2020-08-22T01:49:02.773+0000][10296][safepoint    ] Safepoint "Cleanup", Time since last: 1000351800 ns, Reaching safepoint: 142500 ns, At safepoint: 2700 ns, Total: 145200 ns
[2020-08-22T01:49:04.773+0000][10296][safepoint    ] Safepoint "Cleanup", Time since last: 1999872900 ns, Reaching safepoint: 149700 ns, At safepoint: 8400 ns, Total: 158100 ns
[2020-08-22T01:49:05.774+0000][10296][safepoint    ] Safepoint "Cleanup", Time since last: 1000329100 ns, Reaching safepoint: 144300 ns, At safepoint: 2600 ns, Total: 146900 ns
[2020-08-22T01:49:06.774+0000][10296][safepoint    ] Safepoint "Cleanup", Time since last: 1000356700 ns, Reaching safepoint: 138000 ns, At safepoint: 7500 ns, Total: 145500 ns
[2020-08-22T01:49:07.775+0000][10296][safepoint    ] Safepoint "Cleanup", Time since last: 1000350900 ns, Reaching safepoint: 140600 ns, At safepoint: 8000 ns, Total: 148600 ns
[2020-08-22T01:49:09.775+0000][10296][safepoint    ] Safepoint "Cleanup", Time since last: 2000356800 ns, Reaching safepoint: 125200 ns, At safepoint: 2600 ns, Total: 127800 ns
[2020-08-22T01:49:11.776+0000][10296][safepoint    ] Safepoint "Cleanup", Time since last: 2000378200 ns, Reaching safepoint: 148600 ns, At safepoint: 2200 ns, Total: 150800 ns
[2020-08-22T01:49:12.776+0000][10296][safepoint    ] Safepoint "Cleanup", Time since last: 1000303400 ns, Reaching safepoint: 138000 ns, At safepoint: 7400 ns, Total: 145400 ns
[2020-08-22T01:49:14.776+0000][10296][safepoint    ] Safepoint "Cleanup", Time since last: 1999932100 ns, Reaching safepoint: 139000 ns, At safepoint: 2400 ns, Total: 141400 ns
[2020-08-22T01:49:15.777+0000][10296][safepoint    ] Safepoint "Cleanup", Time since last: 1000332200 ns, Reaching safepoint: 144600 ns, At safepoint: 7400 ns, Total: 152000 ns
[2020-08-22T01:49:17.777+0000][10296][safepoint    ] Safepoint "Cleanup", Time since last: 2000345100 ns, Reaching safepoint: 130500 ns, At safepoint: 2500 ns, Total: 133000 ns
[2020-08-22T01:49:18.778+0000][10296][safepoint    ] Safepoint "Cleanup", Time since last: 1000349000 ns, Reaching safepoint: 135700 ns, At safepoint: 7600 ns, Total: 143300 ns
[2020-08-22T01:49:19.778+0000][10296][safepoint    ] Safepoint "Cleanup", Time since last: 1000358300 ns, Reaching safepoint: 137500 ns, At safepoint: 2200 ns, Total: 139700 ns
[2020-08-22T01:49:21.778+0000][10296][safepoint    ] Safepoint "Cleanup", Time since last: 1999898800 ns, Reaching safepoint: 135900 ns, At safepoint: 7600 ns, Total: 143500 ns
[2020-08-22T01:49:22.779+0000][10296][safepoint    ] Safepoint "Cleanup", Time since last: 1000355600 ns, Reaching safepoint: 130400 ns, At safepoint: 2700 ns, Total: 133100 ns
[2020-08-22T01:49:23.779+0000][10296][safepoint    ] Safepoint "Cleanup", Time since last: 1000357300 ns, Reaching safepoint: 139500 ns, At safepoint: 2300 ns, Total: 141800 ns
[2020-08-22T01:49:25.780+0000][10296][safepoint    ] Safepoint "Cleanup", Time since last: 2000336200 ns, Reaching safepoint: 139300 ns, At safepoint: 2900 ns, Total: 142200 ns
[2020-08-22T01:49:27.780+0000][10296][safepoint    ] Safepoint "Cleanup", Time since last: 1999886700 ns, Reaching safepoint: 129600 ns, At safepoint: 2200 ns, Total: 131800 ns
[2020-08-22T01:49:28.780+0000][10296][safepoint    ] Safepoint "Cleanup", Time since last: 1000343300 ns, Reaching safepoint: 150100 ns, At safepoint: 2800 ns, Total: 152900 ns
[2020-08-22T01:49:30.780+0000][10296][safepoint    ] Safepoint "Cleanup", Time since last: 1999864400 ns, Reaching safepoint: 145700 ns, At safepoint: 2600 ns, Total: 148300 ns
[2020-08-22T01:49:31.781+0000][10296][safepoint    ] Safepoint "Cleanup", Time since last: 1000342400 ns, Reaching safepoint: 120600 ns, At safepoint: 7300 ns, Total: 127900 ns
[2020-08-22T01:49:32.781+0000][10296][safepoint    ] Safepoint "Cleanup", Time since last: 1000362100 ns, Reaching safepoint: 116700 ns, At safepoint: 2200 ns, Total: 118900 ns
[2020-08-22T01:49:34.782+0000][10296][safepoint    ] Safepoint "Cleanup", Time since last: 2000385400 ns, Reaching safepoint: 141600 ns, At safepoint: 7100 ns, Total: 148700 ns
[2020-08-22T01:49:35.782+0000][10296][safepoint    ] Safepoint "Cleanup", Time since last: 1000341900 ns, Reaching safepoint: 121700 ns, At safepoint: 7900 ns, Total: 129600 ns
[2020-08-22T01:49:37.782+0000][10296][safepoint    ] Safepoint "Cleanup", Time since last: 1999914600 ns, Reaching safepoint: 128500 ns, At safepoint: 2200 ns, Total: 130700 ns
[2020-08-22T01:49:38.783+0000][10296][safepoint    ] Safepoint "Cleanup", Time since last: 1000329100 ns, Reaching safepoint: 127400 ns, At safepoint: 6200 ns, Total: 133600 ns
[2020-08-22T01:49:39.783+0000][10296][safepoint    ] Safepoint "Cleanup", Time since last: 1000364800 ns, Reaching safepoint: 123100 ns, At safepoint: 7400 ns, Total: 130500 ns
[2020-08-22T01:49:40.784+0000][10296][safepoint    ] Safepoint "Cleanup", Time since last: 1000246300 ns, Reaching safepoint: 139900 ns, At safepoint: 2500 ns, Total: 142400 ns
[2020-08-22T01:49:42.784+0000][10296][safepoint    ] Safepoint "Cleanup", Time since last: 1999981000 ns, Reaching safepoint: 129900 ns, At safepoint: 7800 ns, Total: 137700 ns
[2020-08-22T01:49:43.784+0000][10296][safepoint    ] Safepoint "Cleanup", Time since last: 1000373800 ns, Reaching safepoint: 118700 ns, At safepoint: 2400 ns, Total: 121100 ns
[2020-08-22T01:49:45.785+0000][10296][safepoint    ] Safepoint "Cleanup", Time since last: 2000252900 ns, Reaching safepoint: 134700 ns, At safepoint: 2300 ns, Total: 137000 ns
[2020-08-22T01:49:46.785+0000][10296][safepoint    ] Safepoint "Cleanup", Time since last: 1000172700 ns, Reaching safepoint: 130900 ns, At safepoint: 7300 ns, Total: 138200 ns
[2020-08-22T01:49:47.785+0000][10296][safepoint    ] Safepoint "Cleanup", Time since last: 1000161000 ns, Reaching safepoint: 154400 ns, At safepoint: 7300 ns, Total: 161700 ns
[2020-08-22T01:49:48.786+0000][10296][safepoint    ] Safepoint "Cleanup", Time since last: 1000142600 ns, Reaching safepoint: 131000 ns, At safepoint: 2100 ns, Total: 133100 ns
[2020-08-22T01:49:49.786+0000][10296][safepoint    ] Safepoint "Cleanup", Time since last: 1000179400 ns, Reaching safepoint: 134100 ns, At safepoint: 6900 ns, Total: 141000 ns
[2020-08-22T01:49:50.786+0000][10296][safepoint    ] Safepoint "Cleanup", Time since last: 1000249700 ns, Reaching safepoint: 127600 ns, At safepoint: 7200 ns, Total: 134800 ns
[2020-08-22T01:49:52.787+0000][10296][safepoint    ] Safepoint "Cleanup", Time since last: 2000365500 ns, Reaching safepoint: 131600 ns, At safepoint: 7100 ns, Total: 138700 ns
[2020-08-22T01:49:54.787+0000][10296][safepoint    ] Safepoint "Cleanup", Time since last: 2000363800 ns, Reaching safepoint: 117800 ns, At safepoint: 7800 ns, Total: 125600 ns
[2020-08-22T01:49:55.788+0000][10296][safepoint    ] Safepoint "Cleanup", Time since last: 1000347500 ns, Reaching safepoint: 136400 ns, At safepoint: 2300 ns, Total: 138700 ns
[2020-08-22T01:49:57.788+0000][10296][safepoint    ] Safepoint "Cleanup", Time since last: 2000381500 ns, Reaching safepoint: 136000 ns, At safepoint: 7600 ns, Total: 143600 ns
[2020-08-22T01:49:59.789+0000][10296][safepoint    ] Safepoint "Cleanup", Time since last: 2000352400 ns, Reaching safepoint: 131100 ns, At safepoint: 2800 ns, Total: 133900 ns
[2020-08-22T01:50:01.789+0000][10296][safepoint    ] Safepoint "Cleanup", Time since last: 2000383500 ns, Reaching safepoint: 149600 ns, At safepoint: 2300 ns, Total: 151900 ns
[2020-08-22T01:50:02.790+0000][10296][safepoint    ] Safepoint "Cleanup", Time since last: 1000326500 ns, Reaching safepoint: 139600 ns, At safepoint: 8500 ns, Total: 148100 ns
[2020-08-22T01:50:03.790+0000][10296][safepoint    ] Safepoint "Cleanup", Time since last: 1000095700 ns, Reaching safepoint: 139000 ns, At safepoint: 2300 ns, Total: 141300 ns
[2020-08-22T01:50:04.790+0000][10296][safepoint    ] Safepoint "Cleanup", Time since last: 1000149100 ns, Reaching safepoint: 125600 ns, At safepoint: 2300 ns, Total: 127900 ns
[2020-08-22T01:50:05.791+0000][10296][safepoint    ] Safepoint "Cleanup", Time since last: 1000179500 ns, Reaching safepoint: 136500 ns, At safepoint: 2300 ns, Total: 138800 ns
[2020-08-22T01:50:06.791+0000][10296][safepoint    ] Safepoint "Cleanup", Time since last: 1000171800 ns, Reaching safepoint: 140900 ns, At safepoint: 6700 ns, Total: 147600 ns
[2020-08-22T01:50:07.791+0000][10296][safepoint    ] Safepoint "Cleanup", Time since last: 1000292800 ns, Reaching safepoint: 170500 ns, At safepoint: 7000 ns, Total: 177500 ns
[2020-08-22T01:50:08.792+0000][10296][safepoint    ] Safepoint "Cleanup", Time since last: 1000233200 ns, Reaching safepoint: 121900 ns, At safepoint: 2100 ns, Total: 124000 ns
[2020-08-22T01:50:09.792+0000][10296][safepoint    ] Safepoint "Cleanup", Time since last: 1000382100 ns, Reaching safepoint: 146000 ns, At safepoint: 7100 ns, Total: 153100 ns
[2020-08-22T01:50:10.793+0000][10296][safepoint    ] Safepoint "Cleanup", Time since last: 1000298100 ns, Reaching safepoint: 143400 ns, At safepoint: 2200 ns, Total: 145600 ns
[2020-08-22T01:50:12.793+0000][10296][safepoint    ] Safepoint "Cleanup", Time since last: 2000405200 ns, Reaching safepoint: 133700 ns, At safepoint: 7400 ns, Total: 141100 ns
[2020-08-22T01:50:13.794+0000][10296][safepoint    ] Safepoint "Cleanup", Time since last: 1000355200 ns, Reaching safepoint: 138800 ns, At safepoint: 2600 ns, Total: 141400 ns
[2020-08-22T01:50:14.794+0000][10296][safepoint    ] Safepoint "Cleanup", Time since last: 1000187500 ns, Reaching safepoint: 142900 ns, At safepoint: 7100 ns, Total: 150000 ns
[2020-08-22T01:50:15.794+0000][10296][safepoint    ] Safepoint "Cleanup", Time since last: 1000024300 ns, Reaching safepoint: 154300 ns, At safepoint: 7400 ns, Total: 161700 ns
[2020-08-22T01:50:16.795+0000][10296][safepoint    ] Safepoint "Cleanup", Time since last: 1000329100 ns, Reaching safepoint: 134900 ns, At safepoint: 7800 ns, Total: 142700 ns
[2020-08-22T01:50:18.795+0000][10296][safepoint    ] Safepoint "Cleanup", Time since last: 2000394200 ns, Reaching safepoint: 147400 ns, At safepoint: 2600 ns, Total: 150000 ns
[2020-08-22T01:50:20.796+0000][10296][safepoint    ] Safepoint "Cleanup", Time since last: 2000322600 ns, Reaching safepoint: 144300 ns, At safepoint: 7000 ns, Total: 151300 ns
[2020-08-22T01:50:21.796+0000][10296][safepoint    ] Safepoint "Cleanup", Time since last: 1000121500 ns, Reaching safepoint: 137100 ns, At safepoint: 2300 ns, Total: 139400 ns
[2020-08-22T01:50:22.796+0000][10296][safepoint    ] Safepoint "Cleanup", Time since last: 1000118700 ns, Reaching safepoint: 132600 ns, At safepoint: 2200 ns, Total: 134800 ns
[2020-08-22T01:50:23.797+0000][10296][safepoint    ] Safepoint "Cleanup", Time since last: 1000339000 ns, Reaching safepoint: 132700 ns, At safepoint: 7300 ns, Total: 140000 ns
[2020-08-22T01:50:24.797+0000][10296][safepoint    ] Safepoint "Cleanup", Time since last: 1000338800 ns, Reaching safepoint: 134000 ns, At safepoint: 2200 ns, Total: 136200 ns
[2020-08-22T01:50:26.798+0000][10296][safepoint    ] Safepoint "Cleanup", Time since last: 2000372300 ns, Reaching safepoint: 137800 ns, At safepoint: 2700 ns, Total: 140500 ns
[2020-08-22T01:50:27.798+0000][10296][safepoint    ] Safepoint "Cleanup", Time since last: 1000365900 ns, Reaching safepoint: 139000 ns, At safepoint: 7300 ns, Total: 146300 ns
[2020-08-22T01:50:29.799+0000][10296][safepoint    ] Safepoint "Cleanup", Time since last: 2000345900 ns, Reaching safepoint: 150000 ns, At safepoint: 7400 ns, Total: 157400 ns
[2020-08-22T01:50:30.799+0000][10296][safepoint    ] Safepoint "Cleanup", Time since last: 1000351300 ns, Reaching safepoint: 145400 ns, At safepoint: 2300 ns, Total: 147700 ns
[2020-08-22T01:50:32.800+0000][10296][safepoint    ] Safepoint "Cleanup", Time since last: 2000336300 ns, Reaching safepoint: 138100 ns, At safepoint: 7400 ns, Total: 145500 ns
[2020-08-22T01:50:34.800+0000][10296][safepoint    ] Safepoint "Cleanup", Time since last: 2000278100 ns, Reaching safepoint: 138800 ns, At safepoint: 2200 ns, Total: 141000 ns
[2020-08-22T01:50:36.801+0000][10296][safepoint    ] Safepoint "Cleanup", Time since last: 2000452700 ns, Reaching safepoint: 140700 ns, At safepoint: 7700 ns, Total: 148400 ns
[2020-08-22T01:50:38.753+0000][10296][safepoint    ] Safepoint "Cleanup", Time since last: 1951870200 ns, Reaching safepoint: 119700 ns, At safepoint: 5900 ns, Total: 125600 ns
[2020-08-22T01:50:39.753+0000][10296][safepoint    ] Safepoint "Cleanup", Time since last: 1000353000 ns, Reaching safepoint: 135700 ns, At safepoint: 2200 ns, Total: 137900 ns
[2020-08-22T01:50:40.753+0000][10296][safepoint    ] Safepoint "Cleanup", Time since last: 1000093700 ns, Reaching safepoint: 126700 ns, At safepoint: 2500 ns, Total: 129200 ns
[2020-08-22T01:50:41.754+0000][10296][safepoint    ] Safepoint "Cleanup", Time since last: 1000091600 ns, Reaching safepoint: 145200 ns, At safepoint: 2600 ns, Total: 147800 ns
[2020-08-22T01:50:42.754+0000][10296][safepoint    ] Safepoint "Cleanup", Time since last: 1000155800 ns, Reaching safepoint: 138000 ns, At safepoint: 2700 ns, Total: 140700 ns
[2020-08-22T01:50:43.754+0000][10296][safepoint    ] Safepoint "Cleanup", Time since last: 1000111000 ns, Reaching safepoint: 126900 ns, At safepoint: 2400 ns, Total: 129300 ns
[2020-08-22T01:50:45.412+0000][10296][gc,start     ] GC(32) Pause Young (Normal) (G1 Evacuation Pause)
[2020-08-22T01:50:45.412+0000][10296][gc,task      ] GC(32) Using 18 workers of 18 for evacuation
[2020-08-22T01:50:45.412+0000][10296][gc,age       ] GC(32) Desired survivor size 40370176 bytes, new threshold 15 (max threshold 15)
[2020-08-22T01:50:45.414+0000][10296][gc,age       ] GC(32) Age table with threshold 15 (max threshold 15)
[2020-08-22T01:50:45.414+0000][10296][gc,age       ] GC(32) - age   1:     439096 bytes,     439096 total
[2020-08-22T01:50:45.414+0000][10296][gc,age       ] GC(32) - age   2:      64072 bytes,     503168 total
[2020-08-22T01:50:45.414+0000][10296][gc,age       ] GC(32) - age   3:       7288 bytes,     510456 total
[2020-08-22T01:50:45.414+0000][10296][gc,age       ] GC(32) - age   4:        904 bytes,     511360 total
[2020-08-22T01:50:45.414+0000][10296][gc,age       ] GC(32) - age   5:         80 bytes,     511440 total
[2020-08-22T01:50:45.414+0000][10296][gc,age       ] GC(32) - age   6:      13224 bytes,     524664 total
[2020-08-22T01:50:45.414+0000][10296][gc,age       ] GC(32) - age   7:     320712 bytes,     845376 total
[2020-08-22T01:50:45.414+0000][10296][gc,age       ] GC(32) - age   8:       2288 bytes,     847664 total
[2020-08-22T01:50:45.414+0000][10296][gc,age       ] GC(32) - age   9:      17240 bytes,     864904 total
[2020-08-22T01:50:45.414+0000][10296][gc,age       ] GC(32) - age  10:     443912 bytes,    1308816 total
[2020-08-22T01:50:45.414+0000][10296][gc,age       ] GC(32) - age  11:      99520 bytes,    1408336 total
[2020-08-22T01:50:45.414+0000][10296][gc,age       ] GC(32) - age  12:       2888 bytes,    1411224 total
[2020-08-22T01:50:45.414+0000][10296][gc,age       ] GC(32) - age  13:       2640 bytes,    1413864 total
[2020-08-22T01:50:45.414+0000][10296][gc,age       ] GC(32) - age  14:       1768 bytes,    1415632 total
[2020-08-22T01:50:45.414+0000][10296][gc,age       ] GC(32) - age  15:     679640 bytes,    2095272 total
[2020-08-22T01:50:45.414+0000][10296][gc,phases    ] GC(32)   Pre Evacuate Collection Set: 0.1ms
[2020-08-22T01:50:45.414+0000][10296][gc,phases    ] GC(32)   Merge Heap Roots: 0.1ms
[2020-08-22T01:50:45.414+0000][10296][gc,phases    ] GC(32)   Evacuate Collection Set: 1.1ms
[2020-08-22T01:50:45.414+0000][10296][gc,phases    ] GC(32)   Post Evacuate Collection Set: 0.5ms
[2020-08-22T01:50:45.414+0000][10296][gc,phases    ] GC(32)   Other: 0.3ms
[2020-08-22T01:50:45.414+0000][10296][gc,heap      ] GC(32) Eden regions: 612->0(611)
[2020-08-22T01:50:45.414+0000][10296][gc,heap      ] GC(32) Survivor regions: 2->3(77)
[2020-08-22T01:50:45.415+0000][10296][gc,heap      ] GC(32) Old regions: 70->71
[2020-08-22T01:50:45.415+0000][10296][gc,heap      ] GC(32) Archive regions: 0->0
[2020-08-22T01:50:45.415+0000][10296][gc,heap      ] GC(32) Humongous regions: 7->7
[2020-08-22T01:50:45.415+0000][10296][gc,metaspace ] GC(32) Metaspace: 95366K(103424K)->95366K(103424K) NonClass: 82467K(87296K)->82467K(87296K) Class: 12899K(16128K)->12899K(16128K)
[2020-08-22T01:50:45.415+0000][10296][gc           ] GC(32) Pause Young (Normal) (G1 Evacuation Pause) 690M->79M(1024M) 2.139ms
[2020-08-22T01:50:45.415+0000][10296][gc,cpu       ] GC(32) User=0.00s Sys=0.00s Real=0.00s
[2020-08-22T01:50:45.415+0000][10296][safepoint    ] Safepoint "G1CollectForAllocation", Time since last: 1658107300 ns, Reaching safepoint: 138400 ns, At safepoint: 2210500 ns, Total: 2348900 ns
[2020-08-22T01:50:47.415+0000][10296][safepoint    ] Safepoint "Cleanup", Time since last: 2000408900 ns, Reaching safepoint: 137600 ns, At safepoint: 2300 ns, Total: 139900 ns
[2020-08-22T01:50:49.416+0000][10296][safepoint    ] Safepoint "Cleanup", Time since last: 2000355100 ns, Reaching safepoint: 153600 ns, At safepoint: 7300 ns, Total: 160900 ns
[2020-08-22T01:50:51.416+0000][10296][safepoint    ] Safepoint "Cleanup", Time since last: 2000340000 ns, Reaching safepoint: 138300 ns, At safepoint: 2400 ns, Total: 140700 ns
[2020-08-22T01:50:53.417+0000][10296][safepoint    ] Safepoint "Cleanup", Time since last: 2000356800 ns, Reaching safepoint: 142100 ns, At safepoint: 7300 ns, Total: 149400 ns
[2020-08-22T01:50:55.417+0000][10296][safepoint    ] Safepoint "Cleanup", Time since last: 1999960300 ns, Reaching safepoint: 141800 ns, At safepoint: 7500 ns, Total: 149300 ns
[2020-08-22T01:50:56.417+0000][10296][safepoint    ] Safepoint "Cleanup", Time since last: 1000155000 ns, Reaching safepoint: 131700 ns, At safepoint: 2400 ns, Total: 134100 ns
[2020-08-22T01:50:58.417+0000][10296][safepoint    ] Safepoint "Cleanup", Time since last: 1999958300 ns, Reaching safepoint: 129300 ns, At safepoint: 7200 ns, Total: 136500 ns
[2020-08-22T01:50:59.418+0000][10296][safepoint    ] Safepoint "Cleanup", Time since last: 1000368600 ns, Reaching safepoint: 124600 ns, At safepoint: 7700 ns, Total: 132300 ns
[2020-08-22T01:51:00.418+0000][10296][safepoint    ] Safepoint "Cleanup", Time since last: 1000239900 ns, Reaching safepoint: 145800 ns, At safepoint: 2600 ns, Total: 148400 ns
[2020-08-22T01:51:02.418+0000][10296][safepoint    ] Safepoint "Cleanup", Time since last: 1999983900 ns, Reaching safepoint: 134100 ns, At safepoint: 7200 ns, Total: 141300 ns
[2020-08-22T01:51:03.419+0000][10296][safepoint    ] Safepoint "Cleanup", Time since last: 1000346700 ns, Reaching safepoint: 131700 ns, At safepoint: 2800 ns, Total: 134500 ns
[2020-08-22T01:51:04.419+0000][10296][safepoint    ] Safepoint "Cleanup", Time since last: 1000292400 ns, Reaching safepoint: 132600 ns, At safepoint: 7300 ns, Total: 139900 ns
[2020-08-22T01:51:06.419+0000][10296][safepoint    ] Safepoint "Cleanup", Time since last: 1999934300 ns, Reaching safepoint: 133900 ns, At safepoint: 2500 ns, Total: 136400 ns
[2020-08-22T01:51:07.420+0000][10296][safepoint    ] Safepoint "Cleanup", Time since last: 1000362500 ns, Reaching safepoint: 134300 ns, At safepoint: 7100 ns, Total: 141400 ns
[2020-08-22T01:51:08.420+0000][10296][safepoint    ] Safepoint "Cleanup", Time since last: 1000331100 ns, Reaching safepoint: 144400 ns, At safepoint: 2100 ns, Total: 146500 ns
[2020-08-22T01:51:10.421+0000][10296][safepoint    ] Safepoint "Cleanup", Time since last: 2000196500 ns, Reaching safepoint: 152100 ns, At safepoint: 2500 ns, Total: 154600 ns
[2020-08-22T01:51:11.421+0000][10296][safepoint    ] Safepoint "Cleanup", Time since last: 1000037500 ns, Reaching safepoint: 144600 ns, At safepoint: 2200 ns, Total: 146800 ns
[2020-08-22T01:51:12.421+0000][10296][safepoint    ] Safepoint "Cleanup", Time since last: 1000237800 ns, Reaching safepoint: 133700 ns, At safepoint: 7600 ns, Total: 141300 ns
[2020-08-22T01:51:13.421+0000][10296][safepoint    ] Safepoint "Cleanup", Time since last: 1000034800 ns, Reaching safepoint: 138500 ns, At safepoint: 2400 ns, Total: 140900 ns
[2020-08-22T01:51:14.422+0000][10296][safepoint    ] Safepoint "Cleanup", Time since last: 1000322600 ns, Reaching safepoint: 144900 ns, At safepoint: 7100 ns, Total: 152000 ns
[2020-08-22T01:51:15.422+0000][10296][safepoint    ] Safepoint "Cleanup", Time since last: 1000313400 ns, Reaching safepoint: 134600 ns, At safepoint: 2200 ns, Total: 136800 ns
[2020-08-22T01:51:17.423+0000][10296][safepoint    ] Safepoint "Cleanup", Time since last: 2000372800 ns, Reaching safepoint: 144000 ns, At safepoint: 7400 ns, Total: 151400 ns
[2020-08-22T01:51:19.423+0000][10296][safepoint    ] Safepoint "Cleanup", Time since last: 2000044600 ns, Reaching safepoint: 142200 ns, At safepoint: 2300 ns, Total: 144500 ns
[2020-08-22T01:51:20.423+0000][10296][safepoint    ] Safepoint "Cleanup", Time since last: 1000155000 ns, Reaching safepoint: 143300 ns, At safepoint: 2300 ns, Total: 145600 ns
[2020-08-22T01:51:22.424+0000][10296][safepoint    ] Safepoint "Cleanup", Time since last: 2000359900 ns, Reaching safepoint: 140800 ns, At safepoint: 7500 ns, Total: 148300 ns
[2020-08-22T01:51:23.424+0000][10296][safepoint    ] Safepoint "Cleanup", Time since last: 1000349200 ns, Reaching safepoint: 154800 ns, At safepoint: 7700 ns, Total: 162500 ns
[2020-08-22T01:51:25.425+0000][10296][safepoint    ] Safepoint "Cleanup", Time since last: 2000320500 ns, Reaching safepoint: 144900 ns, At safepoint: 2100 ns, Total: 147000 ns
[2020-08-22T01:51:26.425+0000][10296][safepoint    ] Safepoint "Cleanup", Time since last: 1000258700 ns, Reaching safepoint: 140300 ns, At safepoint: 7400 ns, Total: 147700 ns
[2020-08-22T01:51:28.425+0000][10296][safepoint    ] Safepoint "Cleanup", Time since last: 1999963100 ns, Reaching safepoint: 152500 ns, At safepoint: 2200 ns, Total: 154700 ns
[2020-08-22T01:51:29.426+0000][10296][safepoint    ] Safepoint "Cleanup", Time since last: 1000341900 ns, Reaching safepoint: 128100 ns, At safepoint: 8200 ns, Total: 136300 ns
[2020-08-22T01:51:31.426+0000][10296][safepoint    ] Safepoint "Cleanup", Time since last: 2000355700 ns, Reaching safepoint: 137400 ns, At safepoint: 7600 ns, Total: 145000 ns
[2020-08-22T01:51:32.427+0000][10296][safepoint    ] Safepoint "Cleanup", Time since last: 1000356700 ns, Reaching safepoint: 148100 ns, At safepoint: 7300 ns, Total: 155400 ns
[2020-08-22T01:51:34.427+0000][10296][safepoint    ] Safepoint "Cleanup", Time since last: 2000343700 ns, Reaching safepoint: 132100 ns, At safepoint: 7600 ns, Total: 139700 ns
[2020-08-22T01:51:36.428+0000][10296][safepoint    ] Safepoint "Cleanup", Time since last: 2000360500 ns, Reaching safepoint: 139700 ns, At safepoint: 8200 ns, Total: 147900 ns
[2020-08-22T01:51:37.428+0000][10296][safepoint    ] Safepoint "Cleanup", Time since last: 1000349000 ns, Reaching safepoint: 137200 ns, At safepoint: 2700 ns, Total: 139900 ns
[2020-08-22T01:51:39.429+0000][10296][safepoint    ] Safepoint "Cleanup", Time since last: 2000378100 ns, Reaching safepoint: 144800 ns, At safepoint: 7400 ns, Total: 152200 ns
[2020-08-22T01:51:41.429+0000][10296][safepoint    ] Safepoint "Cleanup", Time since last: 1999871200 ns, Reaching safepoint: 127000 ns, At safepoint: 2300 ns, Total: 129300 ns
[2020-08-22T01:51:42.429+0000][10296][safepoint    ] Safepoint "Cleanup", Time since last: 1000336200 ns, Reaching safepoint: 127300 ns, At safepoint: 2600 ns, Total: 129900 ns
[2020-08-22T01:51:44.430+0000][10296][safepoint    ] Safepoint "Cleanup", Time since last: 2000363800 ns, Reaching safepoint: 145400 ns, At safepoint: 7900 ns, Total: 153300 ns
[2020-08-22T01:51:46.430+0000][10296][safepoint    ] Safepoint "Cleanup", Time since last: 2000364300 ns, Reaching safepoint: 144300 ns, At safepoint: 2500 ns, Total: 146800 ns
[2020-08-22T01:51:47.431+0000][10296][safepoint    ] Safepoint "Cleanup", Time since last: 1000338100 ns, Reaching safepoint: 142900 ns, At safepoint: 7400 ns, Total: 150300 ns
[2020-08-22T01:51:49.431+0000][10296][safepoint    ] Safepoint "Cleanup", Time since last: 2000134600 ns, Reaching safepoint: 157200 ns, At safepoint: 7700 ns, Total: 164900 ns
[2020-08-22T01:51:51.431+0000][10296][safepoint    ] Safepoint "Cleanup", Time since last: 2000048400 ns, Reaching safepoint: 145200 ns, At safepoint: 2000 ns, Total: 147200 ns
[2020-08-22T01:51:52.432+0000][10296][safepoint    ] Safepoint "Cleanup", Time since last: 1000360900 ns, Reaching safepoint: 150200 ns, At safepoint: 8000 ns, Total: 158200 ns
[2020-08-22T01:51:53.432+0000][10296][safepoint    ] Safepoint "Cleanup", Time since last: 1000341600 ns, Reaching safepoint: 140000 ns, At safepoint: 7500 ns, Total: 147500 ns
[2020-08-22T01:51:54.433+0000][10296][safepoint    ] Safepoint "Cleanup", Time since last: 1000314200 ns, Reaching safepoint: 145500 ns, At safepoint: 8300 ns, Total: 153800 ns
[2020-08-22T01:51:56.433+0000][10296][safepoint    ] Safepoint "Cleanup", Time since last: 1999876900 ns, Reaching safepoint: 130400 ns, At safepoint: 2300 ns, Total: 132700 ns
[2020-08-22T01:51:58.433+0000][10296][safepoint    ] Safepoint "Cleanup", Time since last: 2000365300 ns, Reaching safepoint: 151600 ns, At safepoint: 2600 ns, Total: 154200 ns
[2020-08-22T01:52:00.434+0000][10296][safepoint    ] Safepoint "Cleanup", Time since last: 2000359400 ns, Reaching safepoint: 127800 ns, At safepoint: 7600 ns, Total: 135400 ns
[2020-08-22T01:52:01.434+0000][10296][safepoint    ] Safepoint "Cleanup", Time since last: 1000357500 ns, Reaching safepoint: 129700 ns, At safepoint: 7800 ns, Total: 137500 ns
[2020-08-22T01:52:02.435+0000][10296][safepoint    ] Safepoint "Cleanup", Time since last: 1000233800 ns, Reaching safepoint: 146000 ns, At safepoint: 7600 ns, Total: 153600 ns
[2020-08-22T01:52:04.435+0000][10296][safepoint    ] Safepoint "Cleanup", Time since last: 2000487800 ns, Reaching safepoint: 131400 ns, At safepoint: 7300 ns, Total: 138700 ns
[2020-08-22T01:52:06.436+0000][10296][safepoint    ] Safepoint "Cleanup", Time since last: 2000354800 ns, Reaching safepoint: 137000 ns, At safepoint: 7900 ns, Total: 144900 ns
[2020-08-22T01:52:07.436+0000][10296][safepoint    ] Safepoint "Cleanup", Time since last: 1000102500 ns, Reaching safepoint: 133900 ns, At safepoint: 2200 ns, Total: 136100 ns
[2020-08-22T01:52:08.436+0000][10296][safepoint    ] Safepoint "Cleanup", Time since last: 1000113500 ns, Reaching safepoint: 149400 ns, At safepoint: 2500 ns, Total: 151900 ns
[2020-08-22T01:52:09.437+0000][10296][safepoint    ] Safepoint "Cleanup", Time since last: 1000346100 ns, Reaching safepoint: 143100 ns, At safepoint: 3100 ns, Total: 146200 ns
[2020-08-22T01:52:11.437+0000][10296][safepoint    ] Safepoint "Cleanup", Time since last: 2000292100 ns, Reaching safepoint: 132600 ns, At safepoint: 2200 ns, Total: 134800 ns
[2020-08-22T01:52:12.437+0000][10296][safepoint    ] Safepoint "Cleanup", Time since last: 1000171200 ns, Reaching safepoint: 140300 ns, At safepoint: 7200 ns, Total: 147500 ns
[2020-08-22T01:52:13.438+0000][10296][safepoint    ] Safepoint "Cleanup", Time since last: 1000111500 ns, Reaching safepoint: 152700 ns, At safepoint: 7600 ns, Total: 160300 ns
[2020-08-22T01:52:15.438+0000][10296][safepoint    ] Safepoint "Cleanup", Time since last: 2000341800 ns, Reaching safepoint: 136400 ns, At safepoint: 7100 ns, Total: 143500 ns
[2020-08-22T01:52:16.439+0000][10296][safepoint    ] Safepoint "Cleanup", Time since last: 1000349300 ns, Reaching safepoint: 152700 ns, At safepoint: 3400 ns, Total: 156100 ns
[2020-08-22T01:52:17.439+0000][10296][safepoint    ] Safepoint "Cleanup", Time since last: 1000344400 ns, Reaching safepoint: 136900 ns, At safepoint: 7600 ns, Total: 144500 ns
[2020-08-22T01:52:19.439+0000][10296][safepoint    ] Safepoint "Cleanup", Time since last: 2000027200 ns, Reaching safepoint: 136700 ns, At safepoint: 2600 ns, Total: 139300 ns
[2020-08-22T01:52:20.440+0000][10296][safepoint    ] Safepoint "Cleanup", Time since last: 1000185500 ns, Reaching safepoint: 129700 ns, At safepoint: 7000 ns, Total: 136700 ns
[2020-08-22T01:52:22.440+0000][10296][safepoint    ] Safepoint "Cleanup", Time since last: 1999866400 ns, Reaching safepoint: 129300 ns, At safepoint: 2100 ns, Total: 131400 ns
[2020-08-22T01:52:23.440+0000][10296][safepoint    ] Safepoint "Cleanup", Time since last: 1000369400 ns, Reaching safepoint: 152200 ns, At safepoint: 8200 ns, Total: 160400 ns
[2020-08-22T01:52:24.441+0000][10296][safepoint    ] Safepoint "Cleanup", Time since last: 1000333900 ns, Reaching safepoint: 131100 ns, At safepoint: 7500 ns, Total: 138600 ns
[2020-08-22T01:52:26.441+0000][10296][safepoint    ] Safepoint "Cleanup", Time since last: 2000366400 ns, Reaching safepoint: 149100 ns, At safepoint: 7800 ns, Total: 156900 ns
[2020-08-22T01:52:28.442+0000][10296][safepoint    ] Safepoint "Cleanup", Time since last: 2000346300 ns, Reaching safepoint: 138000 ns, At safepoint: 7700 ns, Total: 145700 ns
[2020-08-22T01:52:30.442+0000][10296][safepoint    ] Safepoint "Cleanup", Time since last: 2000349900 ns, Reaching safepoint: 136900 ns, At safepoint: 2300 ns, Total: 139200 ns
[2020-08-22T01:52:31.443+0000][10296][safepoint    ] Safepoint "Cleanup", Time since last: 1000125700 ns, Reaching safepoint: 134300 ns, At safepoint: 2600 ns, Total: 136900 ns
[2020-08-22T01:52:32.443+0000][10296][safepoint    ] Safepoint "Cleanup", Time since last: 1000087700 ns, Reaching safepoint: 131500 ns, At safepoint: 2400 ns, Total: 133900 ns
[2020-08-22T01:52:33.443+0000][10296][safepoint    ] Safepoint "Cleanup", Time since last: 1000371500 ns, Reaching safepoint: 132400 ns, At safepoint: 2900 ns, Total: 135300 ns
[2020-08-22T01:52:34.444+0000][10296][safepoint    ] Safepoint "Cleanup", Time since last: 1000209300 ns, Reaching safepoint: 150500 ns, At safepoint: 3100 ns, Total: 153600 ns
[2020-08-22T01:52:35.444+0000][10296][safepoint    ] Safepoint "Cleanup", Time since last: 1000022200 ns, Reaching safepoint: 142200 ns, At safepoint: 2700 ns, Total: 144900 ns
[2020-08-22T01:52:37.444+0000][10296][safepoint    ] Safepoint "Cleanup", Time since last: 2000340600 ns, Reaching safepoint: 130200 ns, At safepoint: 2300 ns, Total: 132500 ns
[2020-08-22T01:52:39.444+0000][10296][safepoint    ] Safepoint "Cleanup", Time since last: 2000063700 ns, Reaching safepoint: 144800 ns, At safepoint: 2500 ns, Total: 147300 ns
[2020-08-22T01:52:40.445+0000][10296][safepoint    ] Safepoint "Cleanup", Time since last: 1000161900 ns, Reaching safepoint: 151800 ns, At safepoint: 7600 ns, Total: 159400 ns
[2020-08-22T01:52:41.445+0000][10296][safepoint    ] Safepoint "Cleanup", Time since last: 1000110600 ns, Reaching safepoint: 146600 ns, At safepoint: 2400 ns, Total: 149000 ns
[2020-08-22T01:52:42.445+0000][10296][safepoint    ] Safepoint "Cleanup", Time since last: 1000049600 ns, Reaching safepoint: 147400 ns, At safepoint: 2400 ns, Total: 149800 ns
[2020-08-22T01:52:43.446+0000][10296][safepoint    ] Safepoint "Cleanup", Time since last: 1000167300 ns, Reaching safepoint: 147300 ns, At safepoint: 2200 ns, Total: 149500 ns
[2020-08-22T01:52:44.446+0000][10296][safepoint    ] Safepoint "Cleanup", Time since last: 1000329400 ns, Reaching safepoint: 156500 ns, At safepoint: 2600 ns, Total: 159100 ns
[2020-08-22T01:52:45.446+0000][10296][safepoint    ] Safepoint "Cleanup", Time since last: 1000098600 ns, Reaching safepoint: 135400 ns, At safepoint: 2200 ns, Total: 137600 ns
[2020-08-22T01:52:46.447+0000][10296][safepoint    ] Safepoint "Cleanup", Time since last: 1000332300 ns, Reaching safepoint: 139400 ns, At safepoint: 2200 ns, Total: 141600 ns
[2020-08-22T01:52:47.447+0000][10296][safepoint    ] Safepoint "Cleanup", Time since last: 1000111500 ns, Reaching safepoint: 134100 ns, At safepoint: 2100 ns, Total: 136200 ns
[2020-08-22T01:52:48.447+0000][10296][safepoint    ] Safepoint "Cleanup", Time since last: 1000136500 ns, Reaching safepoint: 137100 ns, At safepoint: 2300 ns, Total: 139400 ns
[2020-08-22T01:52:49.448+0000][10296][safepoint    ] Safepoint "Cleanup", Time since last: 1000336600 ns, Reaching safepoint: 143500 ns, At safepoint: 7800 ns, Total: 151300 ns
[2020-08-22T01:52:51.448+0000][10296][safepoint    ] Safepoint "Cleanup", Time since last: 2000345900 ns, Reaching safepoint: 135300 ns, At safepoint: 7200 ns, Total: 142500 ns
[2020-08-22T01:52:52.449+0000][10296][safepoint    ] Safepoint "Cleanup", Time since last: 1000350700 ns, Reaching safepoint: 127000 ns, At safepoint: 7200 ns, Total: 134200 ns
[2020-08-22T01:52:53.449+0000][10296][safepoint    ] Safepoint "Cleanup", Time since last: 1000356700 ns, Reaching safepoint: 149100 ns, At safepoint: 7500 ns, Total: 156600 ns
[2020-08-22T01:52:55.449+0000][10296][safepoint    ] Safepoint "Cleanup", Time since last: 1999933900 ns, Reaching safepoint: 147700 ns, At safepoint: 2300 ns, Total: 150000 ns
[2020-08-22T01:52:56.450+0000][10296][safepoint    ] Safepoint "Cleanup", Time since last: 1000288800 ns, Reaching safepoint: 132200 ns, At safepoint: 6900 ns, Total: 139100 ns
[2020-08-22T01:52:57.450+0000][10296][safepoint    ] Safepoint "Cleanup", Time since last: 1000353800 ns, Reaching safepoint: 130400 ns, At safepoint: 2800 ns, Total: 133200 ns
[2020-08-22T01:52:59.451+0000][10296][safepoint    ] Safepoint "Cleanup", Time since last: 2000367200 ns, Reaching safepoint: 142000 ns, At safepoint: 7200 ns, Total: 149200 ns
[2020-08-22T01:53:00.451+0000][10296][safepoint    ] Safepoint "Cleanup", Time since last: 1000349800 ns, Reaching safepoint: 136100 ns, At safepoint: 7400 ns, Total: 143500 ns
[2020-08-22T01:53:02.451+0000][10296][safepoint    ] Safepoint "Cleanup", Time since last: 1999881100 ns, Reaching safepoint: 145900 ns, At safepoint: 2500 ns, Total: 148400 ns
[2020-08-22T01:53:03.452+0000][10296][safepoint    ] Safepoint "Cleanup", Time since last: 1000325300 ns, Reaching safepoint: 149500 ns, At safepoint: 7800 ns, Total: 157300 ns
[2020-08-22T01:53:04.452+0000][10296][safepoint    ] Safepoint "Cleanup", Time since last: 1000168500 ns, Reaching safepoint: 125500 ns, At safepoint: 7800 ns, Total: 133300 ns
[2020-08-22T01:53:05.452+0000][10296][safepoint    ] Safepoint "Cleanup", Time since last: 1000100700 ns, Reaching safepoint: 145700 ns, At safepoint: 2400 ns, Total: 148100 ns
[2020-08-22T01:53:06.453+0000][10296][safepoint    ] Safepoint "Cleanup", Time since last: 1000294400 ns, Reaching safepoint: 138200 ns, At safepoint: 2700 ns, Total: 140900 ns
[2020-08-22T01:53:08.453+0000][10296][safepoint    ] Safepoint "Cleanup", Time since last: 1999999800 ns, Reaching safepoint: 146000 ns, At safepoint: 7100 ns, Total: 153100 ns
[2020-08-22T01:53:10.453+0000][10296][safepoint    ] Safepoint "Cleanup", Time since last: 2000046600 ns, Reaching safepoint: 138800 ns, At safepoint: 2600 ns, Total: 141400 ns
[2020-08-22T01:53:11.453+0000][10296][safepoint    ] Safepoint "Cleanup", Time since last: 1000019300 ns, Reaching safepoint: 130100 ns, At safepoint: 2700 ns, Total: 132800 ns
[2020-08-22T01:53:12.454+0000][10296][safepoint    ] Safepoint "Cleanup", Time since last: 1000359500 ns, Reaching safepoint: 161300 ns, At safepoint: 7100 ns, Total: 168400 ns
[2020-08-22T01:53:14.454+0000][10296][safepoint    ] Safepoint "Cleanup", Time since last: 2000334200 ns, Reaching safepoint: 136100 ns, At safepoint: 2200 ns, Total: 138300 ns
[2020-08-22T01:53:16.454+0000][10296][safepoint    ] Safepoint "Cleanup", Time since last: 1999870300 ns, Reaching safepoint: 138700 ns, At safepoint: 2100 ns, Total: 140800 ns
[2020-08-22T01:53:17.455+0000][10296][safepoint    ] Safepoint "Cleanup", Time since last: 1000359600 ns, Reaching safepoint: 149000 ns, At safepoint: 2300 ns, Total: 151300 ns
[2020-08-22T01:53:19.455+0000][10296][safepoint    ] Safepoint "Cleanup", Time since last: 2000200500 ns, Reaching safepoint: 147400 ns, At safepoint: 2600 ns, Total: 150000 ns
[2020-08-22T01:53:20.455+0000][10296][safepoint    ] Safepoint "Cleanup", Time since last: 1000159500 ns, Reaching safepoint: 132200 ns, At safepoint: 2100 ns, Total: 134300 ns
[2020-08-22T01:53:21.456+0000][10296][safepoint    ] Safepoint "Cleanup", Time since last: 1000196800 ns, Reaching safepoint: 190900 ns, At safepoint: 2200 ns, Total: 193100 ns
[2020-08-22T01:53:23.456+0000][10296][safepoint    ] Safepoint "Cleanup", Time since last: 2000082100 ns, Reaching safepoint: 139300 ns, At safepoint: 7700 ns, Total: 147000 ns
[2020-08-22T01:53:24.456+0000][10296][safepoint    ] Safepoint "Cleanup", Time since last: 1000069000 ns, Reaching safepoint: 149400 ns, At safepoint: 7700 ns, Total: 157100 ns
[2020-08-22T01:53:26.456+0000][10296][safepoint    ] Safepoint "Cleanup", Time since last: 1999866000 ns, Reaching safepoint: 123000 ns, At safepoint: 2200 ns, Total: 125200 ns
[2020-08-22T01:53:27.457+0000][10296][safepoint    ] Safepoint "Cleanup", Time since last: 1000374600 ns, Reaching safepoint: 130900 ns, At safepoint: 7600 ns, Total: 138500 ns
[2020-08-22T01:53:28.457+0000][10296][safepoint    ] Safepoint "Cleanup", Time since last: 1000328700 ns, Reaching safepoint: 145800 ns, At safepoint: 2200 ns, Total: 148000 ns
[2020-08-22T01:53:30.458+0000][10296][safepoint    ] Safepoint "Cleanup", Time since last: 2000374100 ns, Reaching safepoint: 141900 ns, At safepoint: 2600 ns, Total: 144500 ns
[2020-08-22T01:53:32.458+0000][10296][safepoint    ] Safepoint "Cleanup", Time since last: 2000210600 ns, Reaching safepoint: 128700 ns, At safepoint: 2800 ns, Total: 131500 ns
[2020-08-22T01:53:33.458+0000][10296][safepoint    ] Safepoint "Cleanup", Time since last: 1000004600 ns, Reaching safepoint: 129700 ns, At safepoint: 2600 ns, Total: 132300 ns
[2020-08-22T01:53:35.458+0000][10296][safepoint    ] Safepoint "Cleanup", Time since last: 1999878100 ns, Reaching safepoint: 127400 ns, At safepoint: 7600 ns, Total: 135000 ns
[2020-08-22T01:53:36.459+0000][10296][safepoint    ] Safepoint "Cleanup", Time since last: 1000222500 ns, Reaching safepoint: 127900 ns, At safepoint: 8200 ns, Total: 136100 ns
[2020-08-22T01:53:37.459+0000][10296][safepoint    ] Safepoint "Cleanup", Time since last: 1000028400 ns, Reaching safepoint: 157900 ns, At safepoint: 2100 ns, Total: 160000 ns
[2020-08-22T01:53:38.689+0000][10296][safepoint    ] Safepoint "Cleanup", Time since last: 1230333000 ns, Reaching safepoint: 131200 ns, At safepoint: 11400 ns, Total: 142600 ns
[2020-08-22T01:53:39.690+0000][10296][safepoint    ] Safepoint "Cleanup", Time since last: 1000340900 ns, Reaching safepoint: 122700 ns, At safepoint: 2700 ns, Total: 125400 ns
[2020-08-22T01:53:41.690+0000][10296][safepoint    ] Safepoint "Cleanup", Time since last: 1999881600 ns, Reaching safepoint: 144500 ns, At safepoint: 7500 ns, Total: 152000 ns
[2020-08-22T01:53:42.690+0000][10296][safepoint    ] Safepoint "Cleanup", Time since last: 1000021900 ns, Reaching safepoint: 126700 ns, At safepoint: 7500 ns, Total: 134200 ns
[2020-08-22T01:53:43.690+0000][10296][safepoint    ] Safepoint "Cleanup", Time since last: 1000197100 ns, Reaching safepoint: 125700 ns, At safepoint: 2300 ns, Total: 128000 ns
[2020-08-22T01:53:44.691+0000][10296][safepoint    ] Safepoint "Cleanup", Time since last: 1000362300 ns, Reaching safepoint: 134300 ns, At safepoint: 2500 ns, Total: 136800 ns
[2020-08-22T01:53:46.691+0000][10296][safepoint    ] Safepoint "Cleanup", Time since last: 2000357800 ns, Reaching safepoint: 142200 ns, At safepoint: 2500 ns, Total: 144700 ns
[2020-08-22T01:53:48.691+0000][10296][safepoint    ] Safepoint "Cleanup", Time since last: 1999854600 ns, Reaching safepoint: 123000 ns, At safepoint: 2700 ns, Total: 125700 ns
[2020-08-22T01:53:49.692+0000][10296][safepoint    ] Safepoint "Cleanup", Time since last: 1000370400 ns, Reaching safepoint: 135600 ns, At safepoint: 7200 ns, Total: 142800 ns
[2020-08-22T01:53:50.692+0000][10296][safepoint    ] Safepoint "Cleanup", Time since last: 1000358900 ns, Reaching safepoint: 141300 ns, At safepoint: 2100 ns, Total: 143400 ns
[2020-08-22T01:53:51.693+0000][10296][safepoint    ] Safepoint "Cleanup", Time since last: 1000355000 ns, Reaching safepoint: 134900 ns, At safepoint: 2700 ns, Total: 137600 ns
[2020-08-22T01:53:53.693+0000][10296][safepoint    ] Safepoint "Cleanup", Time since last: 1999876800 ns, Reaching safepoint: 130000 ns, At safepoint: 6800 ns, Total: 136800 ns
[2020-08-22T01:53:54.693+0000][10296][safepoint    ] Safepoint "Cleanup", Time since last: 1000265100 ns, Reaching safepoint: 131000 ns, At safepoint: 7500 ns, Total: 138500 ns
[2020-08-22T01:53:56.694+0000][10296][safepoint    ] Safepoint "Cleanup", Time since last: 2000456400 ns, Reaching safepoint: 137000 ns, At safepoint: 2200 ns, Total: 139200 ns
[2020-08-22T01:53:57.694+0000][10296][safepoint    ] Safepoint "Cleanup", Time since last: 1000354600 ns, Reaching safepoint: 144100 ns, At safepoint: 2200 ns, Total: 146300 ns
[2020-08-22T01:53:58.695+0000][10296][safepoint    ] Safepoint "Cleanup", Time since last: 1000348300 ns, Reaching safepoint: 137900 ns, At safepoint: 7600 ns, Total: 145500 ns
[2020-08-22T01:54:00.695+0000][10296][safepoint    ] Safepoint "Cleanup", Time since last: 1999866000 ns, Reaching safepoint: 128000 ns, At safepoint: 2900 ns, Total: 130900 ns
[2020-08-22T01:54:02.695+0000][10296][safepoint    ] Safepoint "Cleanup", Time since last: 1999877700 ns, Reaching safepoint: 146300 ns, At safepoint: 7900 ns, Total: 154200 ns
[2020-08-22T01:54:03.695+0000][10296][safepoint    ] Safepoint "Cleanup", Time since last: 1000329700 ns, Reaching safepoint: 128600 ns, At safepoint: 2200 ns, Total: 130800 ns
[2020-08-22T01:54:04.696+0000][10296][safepoint    ] Safepoint "Cleanup", Time since last: 1000365000 ns, Reaching safepoint: 127500 ns, At safepoint: 2000 ns, Total: 129500 ns
[2020-08-22T01:54:06.696+0000][10296][safepoint    ] Safepoint "Cleanup", Time since last: 2000267500 ns, Reaching safepoint: 140300 ns, At safepoint: 7300 ns, Total: 147600 ns
[2020-08-22T01:54:08.696+0000][10296][safepoint    ] Safepoint "Cleanup", Time since last: 2000026100 ns, Reaching safepoint: 129600 ns, At safepoint: 7100 ns, Total: 136700 ns
[2020-08-22T01:54:09.697+0000][10296][safepoint    ] Safepoint "Cleanup", Time since last: 1000335100 ns, Reaching safepoint: 129900 ns, At safepoint: 7700 ns, Total: 137600 ns
[2020-08-22T01:54:10.697+0000][10296][safepoint    ] Safepoint "Cleanup", Time since last: 1000354700 ns, Reaching safepoint: 143400 ns, At safepoint: 7000 ns, Total: 150400 ns
[2020-08-22T01:54:11.698+0000][10296][safepoint    ] Safepoint "Cleanup", Time since last: 1000320000 ns, Reaching safepoint: 203100 ns, At safepoint: 2400 ns, Total: 205500 ns
[2020-08-22T01:54:12.698+0000][10296][safepoint    ] Safepoint "Cleanup", Time since last: 1000157100 ns, Reaching safepoint: 132900 ns, At safepoint: 2200 ns, Total: 135100 ns
[2020-08-22T01:54:13.698+0000][10296][safepoint    ] Safepoint "Cleanup", Time since last: 1000172600 ns, Reaching safepoint: 145400 ns, At safepoint: 3200 ns, Total: 148600 ns
[2020-08-22T01:54:14.699+0000][10296][safepoint    ] Safepoint "Cleanup", Time since last: 1000157900 ns, Reaching safepoint: 133600 ns, At safepoint: 7600 ns, Total: 141200 ns
[2020-08-22T01:54:15.699+0000][10296][safepoint    ] Safepoint "Cleanup", Time since last: 1000165000 ns, Reaching safepoint: 161800 ns, At safepoint: 2700 ns, Total: 164500 ns
[2020-08-22T01:54:16.699+0000][10296][safepoint    ] Safepoint "Cleanup", Time since last: 1000142500 ns, Reaching safepoint: 126500 ns, At safepoint: 2800 ns, Total: 129300 ns
[2020-08-22T01:54:17.700+0000][10296][safepoint    ] Safepoint "Cleanup", Time since last: 1000274300 ns, Reaching safepoint: 131700 ns, At safepoint: 7500 ns, Total: 139200 ns
[2020-08-22T01:54:19.700+0000][10296][safepoint    ] Safepoint "Cleanup", Time since last: 1999866800 ns, Reaching safepoint: 137900 ns, At safepoint: 2100 ns, Total: 140000 ns
[2020-08-22T01:54:21.700+0000][10296][safepoint    ] Safepoint "Cleanup", Time since last: 2000361500 ns, Reaching safepoint: 154400 ns, At safepoint: 2200 ns, Total: 156600 ns
[2020-08-22T01:54:22.701+0000][10296][safepoint    ] Safepoint "Cleanup", Time since last: 1000104700 ns, Reaching safepoint: 139800 ns, At safepoint: 2600 ns, Total: 142400 ns
[2020-08-22T01:54:23.701+0000][10296][safepoint    ] Safepoint "Cleanup", Time since last: 1000098200 ns, Reaching safepoint: 131400 ns, At safepoint: 2600 ns, Total: 134000 ns
[2020-08-22T01:54:24.701+0000][10296][safepoint    ] Safepoint "Cleanup", Time since last: 1000364100 ns, Reaching safepoint: 160100 ns, At safepoint: 6700 ns, Total: 166800 ns
[2020-08-22T01:54:25.702+0000][10296][safepoint    ] Safepoint "Cleanup", Time since last: 1000119400 ns, Reaching safepoint: 128100 ns, At safepoint: 2100 ns, Total: 130200 ns
[2020-08-22T01:54:27.702+0000][10296][safepoint    ] Safepoint "Cleanup", Time since last: 2000029300 ns, Reaching safepoint: 144200 ns, At safepoint: 7600 ns, Total: 151800 ns
[2020-08-22T01:54:28.702+0000][10296][safepoint    ] Safepoint "Cleanup", Time since last: 1000165200 ns, Reaching safepoint: 161900 ns, At safepoint: 8000 ns, Total: 169900 ns
[2020-08-22T01:54:30.702+0000][10296][safepoint    ] Safepoint "Cleanup", Time since last: 2000173800 ns, Reaching safepoint: 127500 ns, At safepoint: 7900 ns, Total: 135400 ns
[2020-08-22T01:54:32.703+0000][10296][safepoint    ] Safepoint "Cleanup", Time since last: 2000220000 ns, Reaching safepoint: 135700 ns, At safepoint: 2200 ns, Total: 137900 ns
[2020-08-22T01:54:34.703+0000][10296][safepoint    ] Safepoint "Cleanup", Time since last: 1999920300 ns, Reaching safepoint: 140300 ns, At safepoint: 2200 ns, Total: 142500 ns
[2020-08-22T01:54:35.703+0000][10296][safepoint    ] Safepoint "Cleanup", Time since last: 1000347200 ns, Reaching safepoint: 133600 ns, At safepoint: 2200 ns, Total: 135800 ns
[2020-08-22T01:54:36.704+0000][10296][safepoint    ] Safepoint "Cleanup", Time since last: 1000351500 ns, Reaching safepoint: 146400 ns, At safepoint: 2600 ns, Total: 149000 ns
[2020-08-22T01:54:37.704+0000][10296][safepoint    ] Safepoint "Cleanup", Time since last: 1000347000 ns, Reaching safepoint: 125400 ns, At safepoint: 7100 ns, Total: 132500 ns
[2020-08-22T01:54:39.705+0000][10296][safepoint    ] Safepoint "Cleanup", Time since last: 2000376900 ns, Reaching safepoint: 123700 ns, At safepoint: 7100 ns, Total: 130800 ns
[2020-08-22T01:54:40.705+0000][10296][safepoint    ] Safepoint "Cleanup", Time since last: 1000362100 ns, Reaching safepoint: 158900 ns, At safepoint: 2400 ns, Total: 161300 ns
[2020-08-22T01:54:41.706+0000][10296][safepoint    ] Safepoint "Cleanup", Time since last: 1000344600 ns, Reaching safepoint: 132700 ns, At safepoint: 7500 ns, Total: 140200 ns
[2020-08-22T01:54:43.706+0000][10296][safepoint    ] Safepoint "Cleanup", Time since last: 2000354600 ns, Reaching safepoint: 132500 ns, At safepoint: 8100 ns, Total: 140600 ns
[2020-08-22T01:54:45.707+0000][10296][safepoint    ] Safepoint "Cleanup", Time since last: 2000367500 ns, Reaching safepoint: 139500 ns, At safepoint: 2700 ns, Total: 142200 ns
[2020-08-22T01:54:46.707+0000][10296][safepoint    ] Safepoint "Cleanup", Time since last: 1000263400 ns, Reaching safepoint: 122100 ns, At safepoint: 2700 ns, Total: 124800 ns
[2020-08-22T01:54:48.708+0000][10296][safepoint    ] Safepoint "Cleanup", Time since last: 2000463600 ns, Reaching safepoint: 128800 ns, At safepoint: 2700 ns, Total: 131500 ns
[2020-08-22T01:54:50.708+0000][10296][safepoint    ] Safepoint "Cleanup", Time since last: 2000137600 ns, Reaching safepoint: 138900 ns, At safepoint: 7300 ns, Total: 146200 ns
[2020-08-22T01:54:51.708+0000][10296][safepoint    ] Safepoint "Cleanup", Time since last: 1000092200 ns, Reaching safepoint: 130300 ns, At safepoint: 7100 ns, Total: 137400 ns
[2020-08-22T01:54:52.709+0000][10296][safepoint    ] Safepoint "Cleanup", Time since last: 1000355900 ns, Reaching safepoint: 128100 ns, At safepoint: 2800 ns, Total: 130900 ns
[2020-08-22T01:54:54.709+0000][10296][safepoint    ] Safepoint "Cleanup", Time since last: 2000371800 ns, Reaching safepoint: 128700 ns, At safepoint: 2600 ns, Total: 131300 ns
[2020-08-22T01:54:55.710+0000][10296][safepoint    ] Safepoint "Cleanup", Time since last: 1000366000 ns, Reaching safepoint: 148800 ns, At safepoint: 7000 ns, Total: 155800 ns
[2020-08-22T01:54:56.710+0000][10296][safepoint    ] Safepoint "Cleanup", Time since last: 1000340700 ns, Reaching safepoint: 142300 ns, At safepoint: 2300 ns, Total: 144600 ns
[2020-08-22T01:54:57.711+0000][10296][safepoint    ] Safepoint "Cleanup", Time since last: 1000358400 ns, Reaching safepoint: 141400 ns, At safepoint: 7000 ns, Total: 148400 ns
[2020-08-22T01:54:59.711+0000][10296][safepoint    ] Safepoint "Cleanup", Time since last: 2000354100 ns, Reaching safepoint: 156100 ns, At safepoint: 7000 ns, Total: 163100 ns
[2020-08-22T01:55:00.712+0000][10296][safepoint    ] Safepoint "Cleanup", Time since last: 1000327700 ns, Reaching safepoint: 161900 ns, At safepoint: 7300 ns, Total: 169200 ns
[2020-08-22T01:55:02.712+0000][10296][safepoint    ] Safepoint "Cleanup", Time since last: 2000338700 ns, Reaching safepoint: 132800 ns, At safepoint: 2700 ns, Total: 135500 ns
[2020-08-22T01:55:03.713+0000][10296][safepoint    ] Safepoint "Cleanup", Time since last: 1000369700 ns, Reaching safepoint: 145500 ns, At safepoint: 7200 ns, Total: 152700 ns
[2020-08-22T01:55:04.713+0000][10296][safepoint    ] Safepoint "Cleanup", Time since last: 1000145500 ns, Reaching safepoint: 127600 ns, At safepoint: 7600 ns, Total: 135200 ns
[2020-08-22T01:55:05.713+0000][10296][safepoint    ] Safepoint "Cleanup", Time since last: 1000172900 ns, Reaching safepoint: 143200 ns, At safepoint: 7300 ns, Total: 150500 ns
[2020-08-22T01:55:07.714+0000][10296][safepoint    ] Safepoint "Cleanup", Time since last: 2000268700 ns, Reaching safepoint: 132100 ns, At safepoint: 7000 ns, Total: 139100 ns
[2020-08-22T01:55:08.714+0000][10296][safepoint    ] Safepoint "Cleanup", Time since last: 1000328100 ns, Reaching safepoint: 149700 ns, At safepoint: 2700 ns, Total: 152400 ns
[2020-08-22T01:55:09.715+0000][10296][safepoint    ] Safepoint "Cleanup", Time since last: 1000344200 ns, Reaching safepoint: 153700 ns, At safepoint: 2200 ns, Total: 155900 ns
[2020-08-22T01:55:11.715+0000][10296][safepoint    ] Safepoint "Cleanup", Time since last: 1999857800 ns, Reaching safepoint: 135400 ns, At safepoint: 7800 ns, Total: 143200 ns
[2020-08-22T01:55:12.715+0000][10296][safepoint    ] Safepoint "Cleanup", Time since last: 1000276600 ns, Reaching safepoint: 177300 ns, At safepoint: 8000 ns, Total: 185300 ns
[2020-08-22T01:55:14.715+0000][10296][safepoint    ] Safepoint "Cleanup", Time since last: 1999918000 ns, Reaching safepoint: 137300 ns, At safepoint: 2100 ns, Total: 139400 ns
[2020-08-22T01:55:15.716+0000][10296][safepoint    ] Safepoint "Cleanup", Time since last: 1000339300 ns, Reaching safepoint: 166900 ns, At safepoint: 3000 ns, Total: 169900 ns
[2020-08-22T01:55:17.716+0000][10296][safepoint    ] Safepoint "Cleanup", Time since last: 2000320100 ns, Reaching safepoint: 133100 ns, At safepoint: 2400 ns, Total: 135500 ns
[2020-08-22T01:55:18.717+0000][10296][safepoint    ] Safepoint "Cleanup", Time since last: 1000352400 ns, Reaching safepoint: 131500 ns, At safepoint: 8000 ns, Total: 139500 ns
[2020-08-22T01:55:19.717+0000][10296][safepoint    ] Safepoint "Cleanup", Time since last: 1000312400 ns, Reaching safepoint: 181700 ns, At safepoint: 7000 ns, Total: 188700 ns
[2020-08-22T01:55:21.717+0000][10296][safepoint    ] Safepoint "Cleanup", Time since last: 1999901600 ns, Reaching safepoint: 142800 ns, At safepoint: 2600 ns, Total: 145400 ns
[2020-08-22T01:55:23.717+0000][10296][safepoint    ] Safepoint "Cleanup", Time since last: 1999962200 ns, Reaching safepoint: 143900 ns, At safepoint: 2100 ns, Total: 146000 ns
[2020-08-22T01:55:24.718+0000][10296][safepoint    ] Safepoint "Cleanup", Time since last: 1000222400 ns, Reaching safepoint: 144900 ns, At safepoint: 6900 ns, Total: 151800 ns
[2020-08-22T01:55:25.718+0000][10296][safepoint    ] Safepoint "Cleanup", Time since last: 1000351200 ns, Reaching safepoint: 156800 ns, At safepoint: 7400 ns, Total: 164200 ns
[2020-08-22T01:55:27.718+0000][10296][safepoint    ] Safepoint "Cleanup", Time since last: 1999834100 ns, Reaching safepoint: 136800 ns, At safepoint: 2300 ns, Total: 139100 ns
[2020-08-22T01:55:28.718+0000][10296][safepoint    ] Safepoint "Cleanup", Time since last: 1000080400 ns, Reaching safepoint: 126700 ns, At safepoint: 7200 ns, Total: 133900 ns
[2020-08-22T01:55:29.719+0000][10296][safepoint    ] Safepoint "Cleanup", Time since last: 1000166900 ns, Reaching safepoint: 142200 ns, At safepoint: 2300 ns, Total: 144500 ns
[2020-08-22T01:55:30.719+0000][10296][safepoint    ] Safepoint "Cleanup", Time since last: 1000161300 ns, Reaching safepoint: 153400 ns, At safepoint: 2900 ns, Total: 156300 ns
[2020-08-22T01:55:31.719+0000][10296][safepoint    ] Safepoint "Cleanup", Time since last: 1000011900 ns, Reaching safepoint: 143800 ns, At safepoint: 2500 ns, Total: 146300 ns
[2020-08-22T01:55:32.720+0000][10296][safepoint    ] Safepoint "Cleanup", Time since last: 1000354800 ns, Reaching safepoint: 127300 ns, At safepoint: 3100 ns, Total: 130400 ns
[2020-08-22T01:55:33.720+0000][10296][safepoint    ] Safepoint "Cleanup", Time since last: 1000363900 ns, Reaching safepoint: 130600 ns, At safepoint: 6700 ns, Total: 137300 ns
[2020-08-22T01:55:35.720+0000][10296][safepoint    ] Safepoint "Cleanup", Time since last: 2000004400 ns, Reaching safepoint: 135700 ns, At safepoint: 2700 ns, Total: 138400 ns
[2020-08-22T01:55:36.721+0000][10296][safepoint    ] Safepoint "Cleanup", Time since last: 1000163100 ns, Reaching safepoint: 145500 ns, At safepoint: 7100 ns, Total: 152600 ns
[2020-08-22T01:55:37.721+0000][10296][safepoint    ] Safepoint "Cleanup", Time since last: 1000053400 ns, Reaching safepoint: 153100 ns, At safepoint: 7300 ns, Total: 160400 ns
[2020-08-22T01:55:39.721+0000][10296][safepoint    ] Safepoint "Cleanup", Time since last: 2000196900 ns, Reaching safepoint: 128300 ns, At safepoint: 7500 ns, Total: 135800 ns
[2020-08-22T01:55:41.721+0000][10296][safepoint    ] Safepoint "Cleanup", Time since last: 2000116900 ns, Reaching safepoint: 147200 ns, At safepoint: 2200 ns, Total: 149400 ns
[2020-08-22T01:55:43.722+0000][10296][safepoint    ] Safepoint "Cleanup", Time since last: 2000090800 ns, Reaching safepoint: 131200 ns, At safepoint: 2800 ns, Total: 134000 ns
[2020-08-22T01:55:45.010+0000][10296][safepoint    ] Safepoint "Cleanup", Time since last: 1288417000 ns, Reaching safepoint: 142500 ns, At safepoint: 10100 ns, Total: 152600 ns
[2020-08-22T01:55:45.012+0000][10296][safepoint    ] Safepoint "BulkRevokeBias", Time since last: 1339100 ns, Reaching safepoint: 121600 ns, At safepoint: 671200 ns, Total: 792800 ns
