[2020-08-28T00:24:43.268+0000][10732][gc,heap] Heap region size: 1M
[2020-08-28T00:24:43.269+0000][10732][gc,heap,coops] Heap address: 0x00000000c0000000, size: 1024 MB, Compressed Oops mode: 32-bit
[2020-08-28T00:24:43.455+0000][10732][gc           ] Using G1
[2020-08-28T00:24:43.474+0000][10732][gc           ] Periodic GC disabled
[2020-08-28T00:24:43.763+0000][10732][safepoint    ] Safepoint "ICBufferFull", Time since last: 303848300 ns, Reaching safepoint: 107800 ns, At safepoint: 1500 ns, Total: 109300 ns
[2020-08-28T00:24:44.224+0000][10732][safepoint    ] Safepoint "ICBufferFull", Time since last: 460242100 ns, Reaching safepoint: 101500 ns, At safepoint: 6800 ns, Total: 108300 ns
[2020-08-28T00:24:44.275+0000][10732][gc,start     ] GC(0) Pause Young (Normal) (G1 Evacuation Pause)
[2020-08-28T00:24:44.275+0000][10732][gc,task      ] GC(0) Using 18 workers of 18 for evacuation
[2020-08-28T00:24:44.276+0000][10732][gc,age       ] GC(0) Desired survivor size 3670016 bytes, new threshold 15 (max threshold 15)
[2020-08-28T00:24:44.279+0000][10732][gc,age       ] GC(0) Age table with threshold 15 (max threshold 15)
[2020-08-28T00:24:44.279+0000][10732][gc,age       ] GC(0) - age   1:    5558848 bytes,    5558848 total
[2020-08-28T00:24:44.279+0000][10732][gc,phases    ] GC(0)   Pre Evacuate Collection Set: 0.1ms
[2020-08-28T00:24:44.279+0000][10732][gc,phases    ] GC(0)   Merge Heap Roots: 0.0ms
[2020-08-28T00:24:44.279+0000][10732][gc,phases    ] GC(0)   Evacuate Collection Set: 2.8ms
[2020-08-28T00:24:44.279+0000][10732][gc,phases    ] GC(0)   Post Evacuate Collection Set: 0.3ms
[2020-08-28T00:24:44.279+0000][10732][gc,phases    ] GC(0)   Other: 1.0ms
[2020-08-28T00:24:44.279+0000][10732][gc,heap      ] GC(0) Eden regions: 51->0(55)
[2020-08-28T00:24:44.279+0000][10732][gc,heap      ] GC(0) Survivor regions: 0->6(7)
[2020-08-28T00:24:44.279+0000][10732][gc,heap      ] GC(0) Old regions: 0->0
[2020-08-28T00:24:44.279+0000][10732][gc,heap      ] GC(0) Archive regions: 0->0
[2020-08-28T00:24:44.279+0000][10732][gc,heap      ] GC(0) Humongous regions: 1->1
[2020-08-28T00:24:44.279+0000][10732][gc,metaspace ] GC(0) Metaspace: 11835K(12416K)->11835K(12416K) NonClass: 10392K(10752K)->10392K(10752K) Class: 1442K(1664K)->1442K(1664K)
[2020-08-28T00:24:44.279+0000][10732][gc           ] GC(0) Pause Young (Normal) (G1 Evacuation Pause) 52M->6M(1024M) 4.274ms
[2020-08-28T00:24:44.279+0000][10732][gc,cpu       ] GC(0) User=0.00s Sys=0.00s Real=0.00s
[2020-08-28T00:24:44.279+0000][10732][safepoint    ] Safepoint "G1CollectForAllocation", Time since last: 50850000 ns, Reaching safepoint: 43300 ns, At safepoint: 4359700 ns, Total: 4403000 ns
[2020-08-28T00:24:45.533+0000][10732][safepoint    ] Safepoint "Cleanup", Time since last: 1253444400 ns, Reaching safepoint: 128500 ns, At safepoint: 5700 ns, Total: 134200 ns
[2020-08-28T00:24:45.738+0000][10732][safepoint    ] Safepoint "BulkRevokeBias", Time since last: 205779600 ns, Reaching safepoint: 85200 ns, At safepoint: 46100 ns, Total: 131300 ns
[2020-08-28T00:24:45.827+0000][10732][gc,start     ] GC(1) Pause Young (Normal) (G1 Evacuation Pause)
[2020-08-28T00:24:45.827+0000][10732][gc,task      ] GC(1) Using 18 workers of 18 for evacuation
[2020-08-28T00:24:45.827+0000][10732][gc,age       ] GC(1) Desired survivor size 4194304 bytes, new threshold 1 (max threshold 15)
[2020-08-28T00:24:45.831+0000][10732][gc,age       ] GC(1) Age table with threshold 1 (max threshold 15)
[2020-08-28T00:24:45.831+0000][10732][gc,age       ] GC(1) - age   1:    2987960 bytes,    2987960 total
[2020-08-28T00:24:45.831+0000][10732][gc,phases    ] GC(1)   Pre Evacuate Collection Set: 0.0ms
[2020-08-28T00:24:45.831+0000][10732][gc,phases    ] GC(1)   Merge Heap Roots: 0.0ms
[2020-08-28T00:24:45.831+0000][10732][gc,phases    ] GC(1)   Evacuate Collection Set: 3.0ms
[2020-08-28T00:24:45.831+0000][10732][gc,phases    ] GC(1)   Post Evacuate Collection Set: 0.4ms
[2020-08-28T00:24:45.831+0000][10732][gc,phases    ] GC(1)   Other: 0.2ms
[2020-08-28T00:24:45.831+0000][10732][gc,heap      ] GC(1) Eden regions: 55->0(165)
[2020-08-28T00:24:45.831+0000][10732][gc,heap      ] GC(1) Survivor regions: 6->4(8)
[2020-08-28T00:24:45.831+0000][10732][gc,heap      ] GC(1) Old regions: 0->6
[2020-08-28T00:24:45.831+0000][10732][gc,heap      ] GC(1) Archive regions: 0->0
[2020-08-28T00:24:45.831+0000][10732][gc,heap      ] GC(1) Humongous regions: 1->1
[2020-08-28T00:24:45.831+0000][10732][gc,metaspace ] GC(1) Metaspace: 14359K(14976K)->14359K(14976K) NonClass: 12682K(13056K)->12682K(13056K) Class: 1677K(1920K)->1677K(1920K)
[2020-08-28T00:24:45.831+0000][10732][gc           ] GC(1) Pause Young (Normal) (G1 Evacuation Pause) 61M->9M(1024M) 3.840ms
[2020-08-28T00:24:45.831+0000][10732][gc,cpu       ] GC(1) User=0.30s Sys=0.00s Real=0.00s
[2020-08-28T00:24:45.831+0000][10732][safepoint    ] Safepoint "G1CollectForAllocation", Time since last: 88553200 ns, Reaching safepoint: 55900 ns, At safepoint: 3888600 ns, Total: 3944500 ns
[2020-08-28T00:24:46.565+0000][10732][gc,start     ] GC(2) Pause Young (Normal) (G1 Evacuation Pause)
[2020-08-28T00:24:46.565+0000][10732][gc,task      ] GC(2) Using 18 workers of 18 for evacuation
[2020-08-28T00:24:46.565+0000][10732][gc,age       ] GC(2) Desired survivor size 11534336 bytes, new threshold 15 (max threshold 15)
[2020-08-28T00:24:46.566+0000][10732][gc,age       ] GC(2) Age table with threshold 15 (max threshold 15)
[2020-08-28T00:24:46.567+0000][10732][gc,age       ] GC(2) - age   1:    3558432 bytes,    3558432 total
[2020-08-28T00:24:46.567+0000][10732][gc,age       ] GC(2) - age   2:    2131072 bytes,    5689504 total
[2020-08-28T00:24:46.567+0000][10732][gc,phases    ] GC(2)   Pre Evacuate Collection Set: 0.1ms
[2020-08-28T00:24:46.567+0000][10732][gc,phases    ] GC(2)   Merge Heap Roots: 0.0ms
[2020-08-28T00:24:46.567+0000][10732][gc,phases    ] GC(2)   Evacuate Collection Set: 1.1ms
[2020-08-28T00:24:46.567+0000][10732][gc,phases    ] GC(2)   Post Evacuate Collection Set: 0.3ms
[2020-08-28T00:24:46.567+0000][10732][gc,phases    ] GC(2)   Other: 0.2ms
[2020-08-28T00:24:46.567+0000][10732][gc,heap      ] GC(2) Eden regions: 165->0(608)
[2020-08-28T00:24:46.567+0000][10732][gc,heap      ] GC(2) Survivor regions: 4->6(22)
[2020-08-28T00:24:46.567+0000][10732][gc,heap      ] GC(2) Old regions: 6->6
[2020-08-28T00:24:46.567+0000][10732][gc,heap      ] GC(2) Archive regions: 0->0
[2020-08-28T00:24:46.567+0000][10732][gc,heap      ] GC(2) Humongous regions: 2->1
[2020-08-28T00:24:46.567+0000][10732][gc,metaspace ] GC(2) Metaspace: 17530K(18304K)->17530K(18304K) NonClass: 15413K(15872K)->15413K(15872K) Class: 2116K(2432K)->2116K(2432K)
[2020-08-28T00:24:46.567+0000][10732][gc           ] GC(2) Pause Young (Normal) (G1 Evacuation Pause) 175M->12M(1024M) 1.759ms
[2020-08-28T00:24:46.567+0000][10732][gc,cpu       ] GC(2) User=0.00s Sys=0.00s Real=0.00s
[2020-08-28T00:24:46.567+0000][10732][safepoint    ] Safepoint "G1CollectForAllocation", Time since last: 734059700 ns, Reaching safepoint: 107400 ns, At safepoint: 1808500 ns, Total: 1915900 ns
[2020-08-28T00:24:46.567+0000][10732][safepoint    ] Safepoint "BulkRevokeBias", Time since last: 96000 ns, Reaching safepoint: 48100 ns, At safepoint: 41500 ns, Total: 89600 ns
[2020-08-28T00:24:46.567+0000][10732][safepoint    ] Safepoint "BulkRevokeBias", Time since last: 258700 ns, Reaching safepoint: 37100 ns, At safepoint: 45200 ns, Total: 82300 ns
[2020-08-28T00:24:46.567+0000][10732][safepoint    ] Safepoint "BulkRevokeBias", Time since last: 33000 ns, Reaching safepoint: 32000 ns, At safepoint: 31000 ns, Total: 63000 ns
[2020-08-28T00:24:47.692+0000][10732][safepoint    ] Safepoint "Cleanup", Time since last: 1124597500 ns, Reaching safepoint: 117100 ns, At safepoint: 900 ns, Total: 118000 ns
[2020-08-28T00:24:48.110+0000][10732][gc,start     ] GC(3) Pause Young (Normal) (G1 Evacuation Pause)
[2020-08-28T00:24:48.110+0000][10732][gc,task      ] GC(3) Using 18 workers of 18 for evacuation
[2020-08-28T00:24:48.110+0000][10732][gc,age       ] GC(3) Desired survivor size 40370176 bytes, new threshold 15 (max threshold 15)
[2020-08-28T00:24:48.113+0000][10732][gc,age       ] GC(3) Age table with threshold 15 (max threshold 15)
[2020-08-28T00:24:48.113+0000][10732][gc,age       ] GC(3) - age   1:    7094024 bytes,    7094024 total
[2020-08-28T00:24:48.113+0000][10732][gc,age       ] GC(3) - age   2:    2816736 bytes,    9910760 total
[2020-08-28T00:24:48.113+0000][10732][gc,age       ] GC(3) - age   3:    2130944 bytes,   12041704 total
[2020-08-28T00:24:48.113+0000][10732][gc,phases    ] GC(3)   Pre Evacuate Collection Set: 0.1ms
[2020-08-28T00:24:48.113+0000][10732][gc,phases    ] GC(3)   Merge Heap Roots: 0.1ms
[2020-08-28T00:24:48.113+0000][10732][gc,phases    ] GC(3)   Evacuate Collection Set: 2.0ms
[2020-08-28T00:24:48.113+0000][10732][gc,phases    ] GC(3)   Post Evacuate Collection Set: 0.5ms
[2020-08-28T00:24:48.113+0000][10732][gc,phases    ] GC(3)   Other: 0.4ms
[2020-08-28T00:24:48.113+0000][10732][gc,heap      ] GC(3) Eden regions: 608->0(601)
[2020-08-28T00:24:48.113+0000][10732][gc,heap      ] GC(3) Survivor regions: 6->13(77)
[2020-08-28T00:24:48.113+0000][10732][gc,heap      ] GC(3) Old regions: 6->6
[2020-08-28T00:24:48.113+0000][10732][gc,heap      ] GC(3) Archive regions: 0->0
[2020-08-28T00:24:48.113+0000][10732][gc,heap      ] GC(3) Humongous regions: 1->1
[2020-08-28T00:24:48.113+0000][10732][gc,metaspace ] GC(3) Metaspace: 19667K(20992K)->19667K(20992K) NonClass: 17285K(18176K)->17285K(18176K) Class: 2381K(2816K)->2381K(2816K)
[2020-08-28T00:24:48.113+0000][10732][gc           ] GC(3) Pause Young (Normal) (G1 Evacuation Pause) 620M->18M(1024M) 3.107ms
[2020-08-28T00:24:48.113+0000][10732][gc,cpu       ] GC(3) User=0.27s Sys=0.00s Real=0.00s
[2020-08-28T00:24:48.113+0000][10732][safepoint    ] Safepoint "G1CollectForAllocation", Time since last: 417793200 ns, Reaching safepoint: 47100 ns, At safepoint: 3165500 ns, Total: 3212600 ns
[2020-08-28T00:24:48.113+0000][10732][safepoint    ] Safepoint "BulkRevokeBias", Time since last: 85100 ns, Reaching safepoint: 45100 ns, At safepoint: 41200 ns, Total: 86300 ns
[2020-08-28T00:24:48.115+0000][10732][safepoint    ] Safepoint "BulkRevokeBias", Time since last: 1179100 ns, Reaching safepoint: 59100 ns, At safepoint: 40600 ns, Total: 99700 ns
[2020-08-28T00:24:48.115+0000][10732][safepoint    ] Safepoint "BulkRevokeBias", Time since last: 45600 ns, Reaching safepoint: 37500 ns, At safepoint: 32800 ns, Total: 70300 ns
[2020-08-28T00:24:48.491+0000][10732][gc,start     ] GC(4) Pause Young (Concurrent Start) (Metadata GC Threshold)
[2020-08-28T00:24:48.491+0000][10732][gc,task      ] GC(4) Using 18 workers of 18 for evacuation
[2020-08-28T00:24:48.491+0000][10732][gc,age       ] GC(4) Desired survivor size 40370176 bytes, new threshold 15 (max threshold 15)
[2020-08-28T00:24:48.494+0000][10732][gc,age       ] GC(4) Age table with threshold 15 (max threshold 15)
[2020-08-28T00:24:48.494+0000][10732][gc,age       ] GC(4) - age   1:     726992 bytes,     726992 total
[2020-08-28T00:24:48.494+0000][10732][gc,age       ] GC(4) - age   2:    5002816 bytes,    5729808 total
[2020-08-28T00:24:48.494+0000][10732][gc,age       ] GC(4) - age   3:    2816320 bytes,    8546128 total
[2020-08-28T00:24:48.494+0000][10732][gc,age       ] GC(4) - age   4:    2130944 bytes,   10677072 total
[2020-08-28T00:24:48.494+0000][10732][gc,phases    ] GC(4)   Pre Evacuate Collection Set: 0.1ms
[2020-08-28T00:24:48.494+0000][10732][gc,phases    ] GC(4)   Merge Heap Roots: 0.0ms
[2020-08-28T00:24:48.494+0000][10732][gc,phases    ] GC(4)   Evacuate Collection Set: 1.8ms
[2020-08-28T00:24:48.494+0000][10732][gc,phases    ] GC(4)   Post Evacuate Collection Set: 0.3ms
[2020-08-28T00:24:48.494+0000][10732][gc,phases    ] GC(4)   Other: 0.3ms
[2020-08-28T00:24:48.494+0000][10732][gc,heap      ] GC(4) Eden regions: 305->0(603)
[2020-08-28T00:24:48.494+0000][10732][gc,heap      ] GC(4) Survivor regions: 13->11(77)
[2020-08-28T00:24:48.494+0000][10732][gc,heap      ] GC(4) Old regions: 6->6
[2020-08-28T00:24:48.494+0000][10732][gc,heap      ] GC(4) Archive regions: 0->0
[2020-08-28T00:24:48.494+0000][10732][gc,heap      ] GC(4) Humongous regions: 1->1
[2020-08-28T00:24:48.494+0000][10732][gc,metaspace ] GC(4) Metaspace: 19936K(21296K)->19936K(21296K) NonClass: 17504K(18480K)->17504K(18480K) Class: 2431K(2816K)->2431K(2816K)
[2020-08-28T00:24:48.494+0000][10732][gc           ] GC(4) Pause Young (Concurrent Start) (Metadata GC Threshold) 323M->17M(1024M) 2.613ms
[2020-08-28T00:24:48.494+0000][10732][gc,cpu       ] GC(4) User=0.00s Sys=0.00s Real=0.00s
[2020-08-28T00:24:48.494+0000][10732][gc           ] GC(5) Concurrent Cycle
[2020-08-28T00:24:48.494+0000][10732][gc,marking   ] GC(5) Concurrent Clear Claimed Marks
[2020-08-28T00:24:48.494+0000][10732][gc,marking   ] GC(5) Concurrent Clear Claimed Marks 0.026ms
[2020-08-28T00:24:48.494+0000][10732][gc,marking   ] GC(5) Concurrent Scan Root Regions
[2020-08-28T00:24:48.494+0000][10732][safepoint    ] Safepoint "CollectForMetadataAllocation", Time since last: 376288300 ns, Reaching safepoint: 56800 ns, At safepoint: 2741500 ns, Total: 2798300 ns
[2020-08-28T00:24:48.495+0000][10732][gc,marking   ] GC(5) Concurrent Scan Root Regions 1.030ms
[2020-08-28T00:24:48.495+0000][10732][gc,marking   ] GC(5) Concurrent Mark (5.234s)
[2020-08-28T00:24:48.495+0000][10732][gc,marking   ] GC(5) Concurrent Mark From Roots
[2020-08-28T00:24:48.495+0000][10732][gc,task      ] GC(5) Using 5 workers of 5 for marking
[2020-08-28T00:24:48.497+0000][10732][gc,marking   ] GC(5) Concurrent Mark From Roots 1.949ms
[2020-08-28T00:24:48.497+0000][10732][gc,marking   ] GC(5) Concurrent Preclean
[2020-08-28T00:24:48.497+0000][10732][gc,marking   ] GC(5) Concurrent Preclean 0.092ms
[2020-08-28T00:24:48.497+0000][10732][gc,marking   ] GC(5) Concurrent Mark (5.234s, 5.236s) 2.093ms
[2020-08-28T00:24:48.497+0000][10732][gc,start     ] GC(5) Pause Remark
[2020-08-28T00:24:48.501+0000][10732][gc           ] GC(5) Pause Remark 20M->20M(1024M) 3.575ms
[2020-08-28T00:24:48.501+0000][10732][gc,cpu       ] GC(5) User=0.00s Sys=0.00s Real=0.00s
[2020-08-28T00:24:48.501+0000][10732][safepoint    ] Safepoint "G1Concurrent", Time since last: 3175900 ns, Reaching safepoint: 33800 ns, At safepoint: 3623500 ns, Total: 3657300 ns
[2020-08-28T00:24:48.501+0000][10732][gc,marking   ] GC(5) Concurrent Rebuild Remembered Sets
[2020-08-28T00:24:48.502+0000][10732][gc,marking   ] GC(5) Concurrent Rebuild Remembered Sets 1.170ms
[2020-08-28T00:24:48.502+0000][10732][gc,start     ] GC(5) Pause Cleanup
[2020-08-28T00:24:48.502+0000][10732][gc           ] GC(5) Pause Cleanup 22M->22M(1024M) 0.090ms
[2020-08-28T00:24:48.502+0000][10732][gc,cpu       ] GC(5) User=0.00s Sys=0.00s Real=0.00s
[2020-08-28T00:24:48.502+0000][10732][safepoint    ] Safepoint "G1Concurrent", Time since last: 1214800 ns, Reaching safepoint: 251700 ns, At safepoint: 122200 ns, Total: 373900 ns
[2020-08-28T00:24:48.502+0000][10732][gc,marking   ] GC(5) Concurrent Cleanup for Next Mark
[2020-08-28T00:24:48.503+0000][10732][gc,marking   ] GC(5) Concurrent Cleanup for Next Mark 0.648ms
[2020-08-28T00:24:48.503+0000][10732][gc           ] GC(5) Concurrent Cycle 9.182ms
[2020-08-28T00:24:49.503+0000][10732][safepoint    ] Safepoint "Cleanup", Time since last: 1000004800 ns, Reaching safepoint: 53600 ns, At safepoint: 2100 ns, Total: 55700 ns
[2020-08-28T00:24:50.647+0000][10732][safepoint    ] Safepoint "Cleanup", Time since last: 1144142300 ns, Reaching safepoint: 132900 ns, At safepoint: 1700 ns, Total: 134600 ns
[2020-08-28T00:24:50.922+0000][10732][gc,start     ] GC(6) Pause Young (Normal) (G1 Evacuation Pause)
[2020-08-28T00:24:50.922+0000][10732][gc,task      ] GC(6) Using 18 workers of 18 for evacuation
[2020-08-28T00:24:50.922+0000][10732][gc,age       ] GC(6) Desired survivor size 40370176 bytes, new threshold 15 (max threshold 15)
[2020-08-28T00:24:50.927+0000][10732][gc,age       ] GC(6) Age table with threshold 15 (max threshold 15)
[2020-08-28T00:24:50.927+0000][10732][gc,age       ] GC(6) - age   1:   12798424 bytes,   12798424 total
[2020-08-28T00:24:50.927+0000][10732][gc,age       ] GC(6) - age   2:     689776 bytes,   13488200 total
[2020-08-28T00:24:50.927+0000][10732][gc,age       ] GC(6) - age   3:    4968920 bytes,   18457120 total
[2020-08-28T00:24:50.927+0000][10732][gc,age       ] GC(6) - age   4:    2783424 bytes,   21240544 total
[2020-08-28T00:24:50.927+0000][10732][gc,age       ] GC(6) - age   5:    2089400 bytes,   23329944 total
[2020-08-28T00:24:50.927+0000][10732][gc,phases    ] GC(6)   Pre Evacuate Collection Set: 0.1ms
[2020-08-28T00:24:50.927+0000][10732][gc,phases    ] GC(6)   Merge Heap Roots: 0.1ms
[2020-08-28T00:24:50.927+0000][10732][gc,phases    ] GC(6)   Evacuate Collection Set: 4.0ms
[2020-08-28T00:24:50.927+0000][10732][gc,phases    ] GC(6)   Post Evacuate Collection Set: 0.8ms
[2020-08-28T00:24:50.927+0000][10732][gc,phases    ] GC(6)   Other: 0.3ms
[2020-08-28T00:24:50.927+0000][10732][gc,heap      ] GC(6) Eden regions: 603->0(590)
[2020-08-28T00:24:50.927+0000][10732][gc,heap      ] GC(6) Survivor regions: 11->24(77)
[2020-08-28T00:24:50.927+0000][10732][gc,heap      ] GC(6) Old regions: 6->6
[2020-08-28T00:24:50.927+0000][10732][gc,heap      ] GC(6) Archive regions: 0->0
[2020-08-28T00:24:50.927+0000][10732][gc,heap      ] GC(6) Humongous regions: 1->1
[2020-08-28T00:24:50.927+0000][10732][gc,metaspace ] GC(6) Metaspace: 29542K(32256K)->29542K(32256K) NonClass: 25807K(27648K)->25807K(27648K) Class: 3734K(4608K)->3734K(4608K)
[2020-08-28T00:24:50.927+0000][10732][gc           ] GC(6) Pause Young (Normal) (G1 Evacuation Pause) 620M->29M(1024M) 5.284ms
[2020-08-28T00:24:50.927+0000][10732][gc,cpu       ] GC(6) User=0.30s Sys=0.00s Real=0.01s
[2020-08-28T00:24:50.928+0000][10732][safepoint    ] Safepoint "G1CollectForAllocation", Time since last: 275324200 ns, Reaching safepoint: 143900 ns, At safepoint: 5349700 ns, Total: 5493600 ns
[2020-08-28T00:24:51.518+0000][10732][safepoint    ] Safepoint "ICBufferFull", Time since last: 590186800 ns, Reaching safepoint: 129500 ns, At safepoint: 2000 ns, Total: 131500 ns
[2020-08-28T00:24:51.536+0000][10732][gc,start     ] GC(7) Pause Young (Concurrent Start) (Metadata GC Threshold)
[2020-08-28T00:24:51.536+0000][10732][gc,task      ] GC(7) Using 18 workers of 18 for evacuation
[2020-08-28T00:24:51.536+0000][10732][gc,age       ] GC(7) Desired survivor size 40370176 bytes, new threshold 15 (max threshold 15)
[2020-08-28T00:24:51.542+0000][10732][gc,age       ] GC(7) Age table with threshold 15 (max threshold 15)
[2020-08-28T00:24:51.543+0000][10732][gc,age       ] GC(7) - age   1:   21016736 bytes,   21016736 total
[2020-08-28T00:24:51.543+0000][10732][gc,age       ] GC(7) - age   2:   12477560 bytes,   33494296 total
[2020-08-28T00:24:51.543+0000][10732][gc,age       ] GC(7) - age   3:     689776 bytes,   34184072 total
[2020-08-28T00:24:51.543+0000][10732][gc,age       ] GC(7) - age   4:    4963488 bytes,   39147560 total
[2020-08-28T00:24:51.543+0000][10732][gc,age       ] GC(7) - age   5:    2773000 bytes,   41920560 total
[2020-08-28T00:24:51.543+0000][10732][gc,age       ] GC(7) - age   6:    2089296 bytes,   44009856 total
[2020-08-28T00:24:51.543+0000][10732][gc,phases    ] GC(7)   Pre Evacuate Collection Set: 0.1ms
[2020-08-28T00:24:51.543+0000][10732][gc,phases    ] GC(7)   Merge Heap Roots: 0.0ms
[2020-08-28T00:24:51.543+0000][10732][gc,phases    ] GC(7)   Evacuate Collection Set: 5.6ms
[2020-08-28T00:24:51.543+0000][10732][gc,phases    ] GC(7)   Post Evacuate Collection Set: 0.7ms
[2020-08-28T00:24:51.543+0000][10732][gc,phases    ] GC(7)   Other: 0.3ms
[2020-08-28T00:24:51.543+0000][10732][gc,heap      ] GC(7) Eden regions: 164->0(570)
[2020-08-28T00:24:51.543+0000][10732][gc,heap      ] GC(7) Survivor regions: 24->44(77)
[2020-08-28T00:24:51.543+0000][10732][gc,heap      ] GC(7) Old regions: 6->6
[2020-08-28T00:24:51.543+0000][10732][gc,heap      ] GC(7) Archive regions: 0->0
[2020-08-28T00:24:51.543+0000][10732][gc,heap      ] GC(7) Humongous regions: 1->1
[2020-08-28T00:24:51.543+0000][10732][gc,metaspace ] GC(7) Metaspace: 32863K(35920K)->32863K(35920K) NonClass: 28571K(30672K)->28571K(30672K) Class: 4292K(5248K)->4292K(5248K)
[2020-08-28T00:24:51.543+0000][10732][gc           ] GC(7) Pause Young (Concurrent Start) (Metadata GC Threshold) 193M->50M(1024M) 6.875ms
[2020-08-28T00:24:51.543+0000][10732][gc,cpu       ] GC(7) User=0.00s Sys=0.00s Real=0.01s
[2020-08-28T00:24:51.543+0000][10732][gc           ] GC(8) Concurrent Cycle
[2020-08-28T00:24:51.543+0000][10732][gc,marking   ] GC(8) Concurrent Clear Claimed Marks
[2020-08-28T00:24:51.543+0000][10732][safepoint    ] Safepoint "CollectForMetadataAllocation", Time since last: 17973300 ns, Reaching safepoint: 42900 ns, At safepoint: 6976400 ns, Total: 7019300 ns
[2020-08-28T00:24:51.543+0000][10732][gc,marking   ] GC(8) Concurrent Clear Claimed Marks 0.082ms
[2020-08-28T00:24:51.543+0000][10732][gc,marking   ] GC(8) Concurrent Scan Root Regions
[2020-08-28T00:24:51.547+0000][10732][gc,marking   ] GC(8) Concurrent Scan Root Regions 4.150ms
[2020-08-28T00:24:51.547+0000][10732][gc,marking   ] GC(8) Concurrent Mark (8.286s)
[2020-08-28T00:24:51.547+0000][10732][gc,marking   ] GC(8) Concurrent Mark From Roots
[2020-08-28T00:24:51.547+0000][10732][gc,task      ] GC(8) Using 5 workers of 5 for marking
[2020-08-28T00:24:51.549+0000][10732][gc,marking   ] GC(8) Concurrent Mark From Roots 1.758ms
[2020-08-28T00:24:51.549+0000][10732][gc,marking   ] GC(8) Concurrent Preclean
[2020-08-28T00:24:51.549+0000][10732][gc,marking   ] GC(8) Concurrent Preclean 0.091ms
[2020-08-28T00:24:51.549+0000][10732][gc,marking   ] GC(8) Concurrent Mark (8.286s, 8.288s) 1.889ms
[2020-08-28T00:24:51.549+0000][10732][gc,start     ] GC(8) Pause Remark
[2020-08-28T00:24:51.550+0000][10732][gc           ] GC(8) Pause Remark 51M->51M(1024M) 0.884ms
[2020-08-28T00:24:51.550+0000][10732][gc,cpu       ] GC(8) User=0.00s Sys=0.00s Real=0.00s
[2020-08-28T00:24:51.550+0000][10732][safepoint    ] Safepoint "G1Concurrent", Time since last: 6157700 ns, Reaching safepoint: 47800 ns, At safepoint: 942800 ns, Total: 990600 ns
[2020-08-28T00:24:51.550+0000][10732][gc,marking   ] GC(8) Concurrent Rebuild Remembered Sets
[2020-08-28T00:24:51.551+0000][10732][gc,marking   ] GC(8) Concurrent Rebuild Remembered Sets 1.189ms
[2020-08-28T00:24:51.551+0000][10732][gc,start     ] GC(8) Pause Cleanup
[2020-08-28T00:24:51.552+0000][10732][gc           ] GC(8) Pause Cleanup 51M->51M(1024M) 0.166ms
[2020-08-28T00:24:51.552+0000][10732][gc,cpu       ] GC(8) User=0.00s Sys=0.00s Real=0.00s
[2020-08-28T00:24:51.552+0000][10732][safepoint    ] Safepoint "G1Concurrent", Time since last: 1228200 ns, Reaching safepoint: 228000 ns, At safepoint: 217900 ns, Total: 445900 ns
[2020-08-28T00:24:51.552+0000][10732][gc,marking   ] GC(8) Concurrent Cleanup for Next Mark
[2020-08-28T00:24:51.552+0000][10732][gc,marking   ] GC(8) Concurrent Cleanup for Next Mark 0.717ms
[2020-08-28T00:24:51.552+0000][10732][gc           ] GC(8) Concurrent Cycle 9.620ms
[2020-08-28T00:24:51.944+0000][10732][safepoint    ] Safepoint "ICBufferFull", Time since last: 392316900 ns, Reaching safepoint: 122500 ns, At safepoint: 6900 ns, Total: 129400 ns
[2020-08-28T00:24:52.386+0000][10732][safepoint    ] Safepoint "ICBufferFull", Time since last: 441683700 ns, Reaching safepoint: 122200 ns, At safepoint: 2600 ns, Total: 124800 ns
[2020-08-28T00:24:53.430+0000][10732][safepoint    ] Safepoint "Cleanup", Time since last: 1043697400 ns, Reaching safepoint: 92000 ns, At safepoint: 1100 ns, Total: 93100 ns
[2020-08-28T00:24:57.619+0000][10732][safepoint    ] Safepoint "Cleanup", Time since last: 4189527100 ns, Reaching safepoint: 58300 ns, At safepoint: 5100 ns, Total: 63400 ns
[2020-08-28T00:24:57.722+0000][10732][safepoint    ] Safepoint "BulkRevokeBias", Time since last: 102622500 ns, Reaching safepoint: 32900 ns, At safepoint: 35300 ns, Total: 68200 ns
[2020-08-28T00:24:57.724+0000][10732][safepoint    ] Safepoint "BulkRevokeBias", Time since last: 1564700 ns, Reaching safepoint: 30500 ns, At safepoint: 51700 ns, Total: 82200 ns
[2020-08-28T00:24:58.225+0000][10732][safepoint    ] Safepoint "ICBufferFull", Time since last: 500635600 ns, Reaching safepoint: 229400 ns, At safepoint: 3200 ns, Total: 232600 ns
[2020-08-28T00:24:58.275+0000][10732][gc,start     ] GC(9) Pause Young (Concurrent Start) (Metadata GC Threshold)
[2020-08-28T00:24:58.275+0000][10732][gc,task      ] GC(9) Using 18 workers of 18 for evacuation
[2020-08-28T00:24:58.275+0000][10732][gc,age       ] GC(9) Desired survivor size 40370176 bytes, new threshold 5 (max threshold 15)
[2020-08-28T00:24:58.286+0000][10732][gc,age       ] GC(9) Age table with threshold 5 (max threshold 15)
[2020-08-28T00:24:58.286+0000][10732][gc,age       ] GC(9) - age   1:   10988160 bytes,   10988160 total
[2020-08-28T00:24:58.286+0000][10732][gc,age       ] GC(9) - age   2:   20890536 bytes,   31878696 total
[2020-08-28T00:24:58.286+0000][10732][gc,age       ] GC(9) - age   3:   12157824 bytes,   44036520 total
[2020-08-28T00:24:58.286+0000][10732][gc,age       ] GC(9) - age   4:     664744 bytes,   44701264 total
[2020-08-28T00:24:58.286+0000][10732][gc,age       ] GC(9) - age   5:    4933936 bytes,   49635200 total
[2020-08-28T00:24:58.286+0000][10732][gc,phases    ] GC(9)   Pre Evacuate Collection Set: 0.2ms
[2020-08-28T00:24:58.286+0000][10732][gc,phases    ] GC(9)   Merge Heap Roots: 0.1ms
[2020-08-28T00:24:58.286+0000][10732][gc,phases    ] GC(9)   Evacuate Collection Set: 9.5ms
[2020-08-28T00:24:58.286+0000][10732][gc,phases    ] GC(9)   Post Evacuate Collection Set: 1.1ms
[2020-08-28T00:24:58.286+0000][10732][gc,phases    ] GC(9)   Other: 0.3ms
[2020-08-28T00:24:58.286+0000][10732][gc,heap      ] GC(9) Eden regions: 287->0(563)
[2020-08-28T00:24:58.286+0000][10732][gc,heap      ] GC(9) Survivor regions: 44->51(77)
[2020-08-28T00:24:58.286+0000][10732][gc,heap      ] GC(9) Old regions: 6->10
[2020-08-28T00:24:58.286+0000][10732][gc,heap      ] GC(9) Archive regions: 0->0
[2020-08-28T00:24:58.286+0000][10732][gc,heap      ] GC(9) Humongous regions: 1->1
[2020-08-28T00:24:58.286+0000][10732][gc,metaspace ] GC(9) Metaspace: 54953K(60316K)->54953K(60316K) NonClass: 47550K(50844K)->47550K(50844K) Class: 7403K(9472K)->7403K(9472K)
[2020-08-28T00:24:58.286+0000][10732][gc           ] GC(9) Pause Young (Concurrent Start) (Metadata GC Threshold) 337M->61M(1024M) 11.214ms
[2020-08-28T00:24:58.286+0000][10732][gc,cpu       ] GC(9) User=0.31s Sys=0.00s Real=0.01s
[2020-08-28T00:24:58.286+0000][10732][gc           ] GC(10) Concurrent Cycle
[2020-08-28T00:24:58.286+0000][10732][gc,marking   ] GC(10) Concurrent Clear Claimed Marks
[2020-08-28T00:24:58.286+0000][10732][safepoint    ] Safepoint "CollectForMetadataAllocation", Time since last: 50149300 ns, Reaching safepoint: 68900 ns, At safepoint: 11381400 ns, Total: 11450300 ns
[2020-08-28T00:24:58.286+0000][10732][gc,marking   ] GC(10) Concurrent Clear Claimed Marks 0.283ms
[2020-08-28T00:24:58.286+0000][10732][gc,marking   ] GC(10) Concurrent Scan Root Regions
[2020-08-28T00:24:58.290+0000][10732][safepoint    ] Safepoint "BulkRevokeBias", Time since last: 3739600 ns, Reaching safepoint: 67600 ns, At safepoint: 80600 ns, Total: 148200 ns
[2020-08-28T00:24:58.292+0000][10732][gc,marking   ] GC(10) Concurrent Scan Root Regions 5.898ms
[2020-08-28T00:24:58.292+0000][10732][gc,marking   ] GC(10) Concurrent Mark (15.031s)
[2020-08-28T00:24:58.292+0000][10732][gc,marking   ] GC(10) Concurrent Mark From Roots
[2020-08-28T00:24:58.292+0000][10732][gc,task      ] GC(10) Using 5 workers of 5 for marking
[2020-08-28T00:24:58.294+0000][10732][gc,marking   ] GC(10) Concurrent Mark From Roots 1.814ms
[2020-08-28T00:24:58.294+0000][10732][gc,marking   ] GC(10) Concurrent Preclean
[2020-08-28T00:24:58.294+0000][10732][gc,marking   ] GC(10) Concurrent Preclean 0.086ms
[2020-08-28T00:24:58.294+0000][10732][gc,marking   ] GC(10) Concurrent Mark (15.031s, 15.033s) 1.945ms
[2020-08-28T00:24:58.294+0000][10732][gc,start     ] GC(10) Pause Remark
[2020-08-28T00:24:58.295+0000][10732][gc           ] GC(10) Pause Remark 63M->63M(1024M) 1.120ms
[2020-08-28T00:24:58.295+0000][10732][gc,cpu       ] GC(10) User=0.00s Sys=0.00s Real=0.00s
[2020-08-28T00:24:58.295+0000][10732][safepoint    ] Safepoint "G1Concurrent", Time since last: 4230900 ns, Reaching safepoint: 47100 ns, At safepoint: 1179500 ns, Total: 1226600 ns
[2020-08-28T00:24:58.295+0000][10732][gc,marking   ] GC(10) Concurrent Rebuild Remembered Sets
[2020-08-28T00:24:58.297+0000][10732][gc,marking   ] GC(10) Concurrent Rebuild Remembered Sets 1.929ms
[2020-08-28T00:24:58.298+0000][10732][gc,start     ] GC(10) Pause Cleanup
[2020-08-28T00:24:58.298+0000][10732][gc           ] GC(10) Pause Cleanup 64M->64M(1024M) 0.080ms
[2020-08-28T00:24:58.298+0000][10732][gc,cpu       ] GC(10) User=0.00s Sys=0.00s Real=0.00s
[2020-08-28T00:24:58.298+0000][10732][safepoint    ] Safepoint "G1Concurrent", Time since last: 1974500 ns, Reaching safepoint: 484500 ns, At safepoint: 119500 ns, Total: 604000 ns
[2020-08-28T00:24:58.298+0000][10732][gc,marking   ] GC(10) Concurrent Cleanup for Next Mark
[2020-08-28T00:24:58.299+0000][10732][gc,marking   ] GC(10) Concurrent Cleanup for Next Mark 0.565ms
[2020-08-28T00:24:58.299+0000][10732][gc           ] GC(10) Concurrent Cycle 12.636ms
[2020-08-28T00:24:58.993+0000][10732][safepoint    ] Safepoint "ICBufferFull", Time since last: 694415200 ns, Reaching safepoint: 715900 ns, At safepoint: 7900 ns, Total: 723800 ns
[2020-08-28T00:24:59.340+0000][10732][safepoint    ] Safepoint "BulkRevokeBias", Time since last: 346441900 ns, Reaching safepoint: 106300 ns, At safepoint: 56800 ns, Total: 163100 ns
[2020-08-28T00:24:59.692+0000][10732][safepoint    ] Safepoint "ICBufferFull", Time since last: 352004600 ns, Reaching safepoint: 144900 ns, At safepoint: 13800 ns, Total: 158700 ns
[2020-08-28T00:24:59.694+0000][10732][safepoint    ] Safepoint "BulkRevokeBias", Time since last: 2361600 ns, Reaching safepoint: 70600 ns, At safepoint: 236700 ns, Total: 307300 ns
[2020-08-28T00:24:59.734+0000][10732][safepoint    ] Safepoint "ICBufferFull", Time since last: 39151100 ns, Reaching safepoint: 181100 ns, At safepoint: 7500 ns, Total: 188600 ns
[2020-08-28T00:24:59.882+0000][10732][safepoint    ] Safepoint "ICBufferFull", Time since last: 147716500 ns, Reaching safepoint: 201000 ns, At safepoint: 6200 ns, Total: 207200 ns
[2020-08-28T00:24:59.963+0000][10732][safepoint    ] Safepoint "BulkRevokeBias", Time since last: 80924500 ns, Reaching safepoint: 119500 ns, At safepoint: 327600 ns, Total: 447100 ns
[2020-08-28T00:24:59.967+0000][10732][safepoint    ] Safepoint "BulkRevokeBias", Time since last: 3403200 ns, Reaching safepoint: 70200 ns, At safepoint: 313900 ns, Total: 384100 ns
[2020-08-28T00:25:00.420+0000][10732][safepoint    ] Safepoint "ICBufferFull", Time since last: 452693500 ns, Reaching safepoint: 194000 ns, At safepoint: 5200 ns, Total: 199200 ns
[2020-08-28T00:25:01.710+0000][10732][safepoint    ] Safepoint "Cleanup", Time since last: 1290607700 ns, Reaching safepoint: 98100 ns, At safepoint: 3900 ns, Total: 102000 ns
[2020-08-28T00:25:03.317+0000][10732][safepoint    ] Safepoint "Cleanup", Time since last: 1606489500 ns, Reaching safepoint: 74800 ns, At safepoint: 4500 ns, Total: 79300 ns
[2020-08-28T00:25:04.318+0000][10732][safepoint    ] Safepoint "Cleanup", Time since last: 1000423700 ns, Reaching safepoint: 107200 ns, At safepoint: 5300 ns, Total: 112500 ns
[2020-08-28T00:25:06.318+0000][10732][safepoint    ] Safepoint "Cleanup", Time since last: 2000377200 ns, Reaching safepoint: 88200 ns, At safepoint: 1600 ns, Total: 89800 ns
[2020-08-28T00:25:07.319+0000][10732][safepoint    ] Safepoint "Cleanup", Time since last: 1000400900 ns, Reaching safepoint: 83700 ns, At safepoint: 5800 ns, Total: 89500 ns
[2020-08-28T00:25:09.319+0000][10732][safepoint    ] Safepoint "Cleanup", Time since last: 2000407600 ns, Reaching safepoint: 78600 ns, At safepoint: 4400 ns, Total: 83000 ns
[2020-08-28T00:25:10.320+0000][10732][safepoint    ] Safepoint "Cleanup", Time since last: 1000388900 ns, Reaching safepoint: 84000 ns, At safepoint: 5100 ns, Total: 89100 ns
[2020-08-28T00:25:12.320+0000][10732][safepoint    ] Safepoint "Cleanup", Time since last: 1999964500 ns, Reaching safepoint: 79100 ns, At safepoint: 1400 ns, Total: 80500 ns
[2020-08-28T00:25:17.321+0000][10732][safepoint    ] Safepoint "Cleanup", Time since last: 5001439800 ns, Reaching safepoint: 82000 ns, At safepoint: 1400 ns, Total: 83400 ns
[2020-08-28T00:25:22.322+0000][10732][safepoint    ] Safepoint "Cleanup", Time since last: 5000758500 ns, Reaching safepoint: 82900 ns, At safepoint: 5700 ns, Total: 88600 ns
[2020-08-28T00:25:23.322+0000][10732][safepoint    ] Safepoint "Cleanup", Time since last: 1000217300 ns, Reaching safepoint: 94800 ns, At safepoint: 5200 ns, Total: 100000 ns
[2020-08-28T00:25:25.323+0000][10732][safepoint    ] Safepoint "Cleanup", Time since last: 2000321200 ns, Reaching safepoint: 87200 ns, At safepoint: 1900 ns, Total: 89100 ns
[2020-08-28T00:25:29.862+0000][10732][safepoint    ] Safepoint "Cleanup", Time since last: 4538968900 ns, Reaching safepoint: 76000 ns, At safepoint: 1400 ns, Total: 77400 ns
[2020-08-28T00:25:31.229+0000][10732][safepoint    ] Safepoint "Cleanup", Time since last: 1367308900 ns, Reaching safepoint: 88000 ns, At safepoint: 4900 ns, Total: 92900 ns
[2020-08-28T00:25:32.229+0000][10732][safepoint    ] Safepoint "Cleanup", Time since last: 1000045700 ns, Reaching safepoint: 80900 ns, At safepoint: 4000 ns, Total: 84900 ns
[2020-08-28T00:25:33.230+0000][10732][safepoint    ] Safepoint "Cleanup", Time since last: 1000354000 ns, Reaching safepoint: 92600 ns, At safepoint: 8200 ns, Total: 100800 ns
[2020-08-28T00:25:34.230+0000][10732][safepoint    ] Safepoint "Cleanup", Time since last: 1000201200 ns, Reaching safepoint: 84400 ns, At safepoint: 4400 ns, Total: 88800 ns
[2020-08-28T00:25:35.230+0000][10732][safepoint    ] Safepoint "Cleanup", Time since last: 1000154800 ns, Reaching safepoint: 76500 ns, At safepoint: 1400 ns, Total: 77900 ns
[2020-08-28T00:25:36.231+0000][10732][safepoint    ] Safepoint "Cleanup", Time since last: 1000285000 ns, Reaching safepoint: 92900 ns, At safepoint: 1700 ns, Total: 94600 ns
[2020-08-28T00:25:38.231+0000][10732][safepoint    ] Safepoint "Cleanup", Time since last: 2000374200 ns, Reaching safepoint: 82100 ns, At safepoint: 1600 ns, Total: 83700 ns
[2020-08-28T00:25:46.233+0000][10732][safepoint    ] Safepoint "Cleanup", Time since last: 8001944000 ns, Reaching safepoint: 90300 ns, At safepoint: 1900 ns, Total: 92200 ns
[2020-08-28T00:25:54.236+0000][10732][safepoint    ] Safepoint "Cleanup", Time since last: 8002691800 ns, Reaching safepoint: 93300 ns, At safepoint: 1800 ns, Total: 95100 ns
[2020-08-28T00:25:55.236+0000][10732][safepoint    ] Safepoint "Cleanup", Time since last: 1000095700 ns, Reaching safepoint: 84400 ns, At safepoint: 5200 ns, Total: 89600 ns
[2020-08-28T00:25:59.692+0000][10732][safepoint    ] Safepoint "Cleanup", Time since last: 4455275500 ns, Reaching safepoint: 89400 ns, At safepoint: 12600 ns, Total: 102000 ns
[2020-08-28T00:26:00.870+0000][10732][safepoint    ] Safepoint "Cleanup", Time since last: 1178075000 ns, Reaching safepoint: 131300 ns, At safepoint: 4700 ns, Total: 136000 ns
[2020-08-28T00:26:02.870+0000][10732][safepoint    ] Safepoint "Cleanup", Time since last: 2000325400 ns, Reaching safepoint: 85500 ns, At safepoint: 1800 ns, Total: 87300 ns
[2020-08-28T00:26:10.872+0000][10732][safepoint    ] Safepoint "Cleanup", Time since last: 8001444100 ns, Reaching safepoint: 85200 ns, At safepoint: 1400 ns, Total: 86600 ns
[2020-08-28T00:26:24.876+0000][10732][safepoint    ] Safepoint "Cleanup", Time since last: 14004353500 ns, Reaching safepoint: 77800 ns, At safepoint: 1500 ns, Total: 79300 ns
[2020-08-28T00:26:27.877+0000][10732][safepoint    ] Safepoint "Cleanup", Time since last: 3000211600 ns, Reaching safepoint: 88600 ns, At safepoint: 4400 ns, Total: 93000 ns
[2020-08-28T00:26:29.877+0000][10732][safepoint    ] Safepoint "Cleanup", Time since last: 2000167400 ns, Reaching safepoint: 61200 ns, At safepoint: 3900 ns, Total: 65100 ns
[2020-08-28T00:26:37.880+0000][10732][safepoint    ] Safepoint "Cleanup", Time since last: 8003410000 ns, Reaching safepoint: 81900 ns, At safepoint: 4300 ns, Total: 86200 ns
[2020-08-28T00:26:44.882+0000][10732][safepoint    ] Safepoint "Cleanup", Time since last: 7001422100 ns, Reaching safepoint: 83000 ns, At safepoint: 1700 ns, Total: 84700 ns
[2020-08-28T00:26:46.882+0000][10732][safepoint    ] Safepoint "Cleanup", Time since last: 2000093800 ns, Reaching safepoint: 84300 ns, At safepoint: 4500 ns, Total: 88800 ns
[2020-08-28T00:26:47.882+0000][10732][safepoint    ] Safepoint "Cleanup", Time since last: 1000335300 ns, Reaching safepoint: 83300 ns, At safepoint: 1300 ns, Total: 84600 ns
[2020-08-28T00:26:56.885+0000][10732][safepoint    ] Safepoint "Cleanup", Time since last: 9002771700 ns, Reaching safepoint: 85200 ns, At safepoint: 1500 ns, Total: 86700 ns
[2020-08-28T00:26:59.885+0000][10732][safepoint    ] Safepoint "Cleanup", Time since last: 2999964600 ns, Reaching safepoint: 60100 ns, At safepoint: 1300 ns, Total: 61400 ns
[2020-08-28T00:27:00.885+0000][10732][safepoint    ] Safepoint "Cleanup", Time since last: 1000043800 ns, Reaching safepoint: 82000 ns, At safepoint: 5000 ns, Total: 87000 ns
[2020-08-28T00:27:01.886+0000][10732][safepoint    ] Safepoint "Cleanup", Time since last: 1000280900 ns, Reaching safepoint: 68300 ns, At safepoint: 4100 ns, Total: 72400 ns
[2020-08-28T00:27:02.886+0000][10732][safepoint    ] Safepoint "Cleanup", Time since last: 1000157600 ns, Reaching safepoint: 84700 ns, At safepoint: 1400 ns, Total: 86100 ns
[2020-08-28T00:27:03.886+0000][10732][safepoint    ] Safepoint "Cleanup", Time since last: 1000178600 ns, Reaching safepoint: 75000 ns, At safepoint: 1700 ns, Total: 76700 ns
[2020-08-28T00:27:05.566+0000][10732][gc,start     ] GC(11) Pause Young (Normal) (G1 Evacuation Pause)
[2020-08-28T00:27:05.566+0000][10732][gc,task      ] GC(11) Using 18 workers of 18 for evacuation
[2020-08-28T00:27:05.566+0000][10732][gc,age       ] GC(11) Desired survivor size 40370176 bytes, new threshold 3 (max threshold 15)
[2020-08-28T00:27:05.580+0000][10732][gc,age       ] GC(11) Age table with threshold 3 (max threshold 15)
[2020-08-28T00:27:05.580+0000][10732][gc,age       ] GC(11) - age   1:   12568872 bytes,   12568872 total
[2020-08-28T00:27:05.580+0000][10732][gc,age       ] GC(11) - age   2:   10359824 bytes,   22928696 total
[2020-08-28T00:27:05.580+0000][10732][gc,age       ] GC(11) - age   3:   20846800 bytes,   43775496 total
[2020-08-28T00:27:05.580+0000][10732][gc,phases    ] GC(11)   Pre Evacuate Collection Set: 0.1ms
[2020-08-28T00:27:05.580+0000][10732][gc,phases    ] GC(11)   Merge Heap Roots: 0.1ms
[2020-08-28T00:27:05.580+0000][10732][gc,phases    ] GC(11)   Evacuate Collection Set: 12.7ms
[2020-08-28T00:27:05.580+0000][10732][gc,phases    ] GC(11)   Post Evacuate Collection Set: 1.0ms
[2020-08-28T00:27:05.580+0000][10732][gc,phases    ] GC(11)   Other: 0.2ms
[2020-08-28T00:27:05.580+0000][10732][gc,heap      ] GC(11) Eden regions: 563->0(568)
[2020-08-28T00:27:05.580+0000][10732][gc,heap      ] GC(11) Survivor regions: 51->46(77)
[2020-08-28T00:27:05.580+0000][10732][gc,heap      ] GC(11) Old regions: 10->28
[2020-08-28T00:27:05.580+0000][10732][gc,heap      ] GC(11) Archive regions: 0->0
[2020-08-28T00:27:05.580+0000][10732][gc,heap      ] GC(11) Humongous regions: 7->7
[2020-08-28T00:27:05.580+0000][10732][gc,metaspace ] GC(11) Metaspace: 88705K(96284K)->88705K(96284K) NonClass: 76485K(81052K)->76485K(81052K) Class: 12220K(15232K)->12220K(15232K)
[2020-08-28T00:27:05.580+0000][10732][gc           ] GC(11) Pause Young (Normal) (G1 Evacuation Pause) 630M->79M(1024M) 14.196ms
[2020-08-28T00:27:05.580+0000][10732][gc,cpu       ] GC(11) User=0.02s Sys=0.00s Real=0.01s
[2020-08-28T00:27:05.580+0000][10732][safepoint    ] Safepoint "G1CollectForAllocation", Time since last: 1679411900 ns, Reaching safepoint: 79800 ns, At safepoint: 14260400 ns, Total: 14340200 ns
[2020-08-28T00:27:07.580+0000][10732][safepoint    ] Safepoint "Cleanup", Time since last: 2000189700 ns, Reaching safepoint: 83200 ns, At safepoint: 1400 ns, Total: 84600 ns
[2020-08-28T00:27:08.580+0000][10732][safepoint    ] Safepoint "Cleanup", Time since last: 1000006700 ns, Reaching safepoint: 91300 ns, At safepoint: 4700 ns, Total: 96000 ns
[2020-08-28T00:27:09.581+0000][10732][safepoint    ] Safepoint "Cleanup", Time since last: 1000357400 ns, Reaching safepoint: 78700 ns, At safepoint: 5100 ns, Total: 83800 ns
[2020-08-28T00:27:10.581+0000][10732][safepoint    ] Safepoint "Cleanup", Time since last: 1000382700 ns, Reaching safepoint: 74600 ns, At safepoint: 5100 ns, Total: 79700 ns
[2020-08-28T00:27:29.586+0000][10732][safepoint    ] Safepoint "Cleanup", Time since last: 19004906800 ns, Reaching safepoint: 76900 ns, At safepoint: 1400 ns, Total: 78300 ns
[2020-08-28T00:27:30.587+0000][10732][safepoint    ] Safepoint "Cleanup", Time since last: 1000118900 ns, Reaching safepoint: 79600 ns, At safepoint: 1300 ns, Total: 80900 ns
[2020-08-28T00:27:32.587+0000][10732][safepoint    ] Safepoint "Cleanup", Time since last: 2000438900 ns, Reaching safepoint: 76800 ns, At safepoint: 1500 ns, Total: 78300 ns
[2020-08-28T00:27:36.588+0000][10732][safepoint    ] Safepoint "Cleanup", Time since last: 4000881200 ns, Reaching safepoint: 94100 ns, At safepoint: 4600 ns, Total: 98700 ns
[2020-08-28T00:27:52.592+0000][10732][safepoint    ] Safepoint "Cleanup", Time since last: 16003670400 ns, Reaching safepoint: 87900 ns, At safepoint: 1300 ns, Total: 89200 ns
[2020-08-28T00:27:56.592+0000][10732][safepoint    ] Safepoint "Cleanup", Time since last: 4000464100 ns, Reaching safepoint: 92100 ns, At safepoint: 1800 ns, Total: 93900 ns
[2020-08-28T00:28:00.593+0000][10732][safepoint    ] Safepoint "Cleanup", Time since last: 4000906500 ns, Reaching safepoint: 79000 ns, At safepoint: 1300 ns, Total: 80300 ns
[2020-08-28T00:28:02.594+0000][10732][safepoint    ] Safepoint "Cleanup", Time since last: 2000873500 ns, Reaching safepoint: 81900 ns, At safepoint: 1300 ns, Total: 83200 ns
[2020-08-28T00:28:05.595+0000][10732][safepoint    ] Safepoint "Cleanup", Time since last: 3000449200 ns, Reaching safepoint: 83800 ns, At safepoint: 4400 ns, Total: 88200 ns
[2020-08-28T00:28:10.596+0000][10732][safepoint    ] Safepoint "Cleanup", Time since last: 5000916400 ns, Reaching safepoint: 76500 ns, At safepoint: 1400 ns, Total: 77900 ns
[2020-08-28T00:28:11.596+0000][10732][safepoint    ] Safepoint "Cleanup", Time since last: 1000168300 ns, Reaching safepoint: 84800 ns, At safepoint: 4200 ns, Total: 89000 ns
[2020-08-28T00:28:13.596+0000][10732][safepoint    ] Safepoint "Cleanup", Time since last: 2000199900 ns, Reaching safepoint: 121300 ns, At safepoint: 1600 ns, Total: 122900 ns
[2020-08-28T00:28:23.598+0000][10732][safepoint    ] Safepoint "Cleanup", Time since last: 10001512400 ns, Reaching safepoint: 71600 ns, At safepoint: 4900 ns, Total: 76500 ns
[2020-08-28T00:28:26.599+0000][10732][safepoint    ] Safepoint "Cleanup", Time since last: 3001252000 ns, Reaching safepoint: 85800 ns, At safepoint: 5200 ns, Total: 91000 ns
[2020-08-28T00:28:30.600+0000][10732][safepoint    ] Safepoint "Cleanup", Time since last: 4000410300 ns, Reaching safepoint: 88800 ns, At safepoint: 4800 ns, Total: 93600 ns
[2020-08-28T00:28:31.600+0000][10732][safepoint    ] Safepoint "Cleanup", Time since last: 1000409900 ns, Reaching safepoint: 91200 ns, At safepoint: 5000 ns, Total: 96200 ns
[2020-08-28T00:28:42.603+0000][10732][safepoint    ] Safepoint "Cleanup", Time since last: 11002488200 ns, Reaching safepoint: 80300 ns, At safepoint: 1800 ns, Total: 82100 ns
[2020-08-28T00:29:01.035+0000][10732][safepoint    ] Safepoint "Cleanup", Time since last: 18432304000 ns, Reaching safepoint: 64100 ns, At safepoint: 1400 ns, Total: 65500 ns
[2020-08-28T00:29:01.115+0000][10732][safepoint    ] Safepoint "BulkRevokeBias", Time since last: 79505400 ns, Reaching safepoint: 96800 ns, At safepoint: 302800 ns, Total: 399600 ns
[2020-08-28T00:29:02.129+0000][10732][safepoint    ] Safepoint "Cleanup", Time since last: 1013595900 ns, Reaching safepoint: 94000 ns, At safepoint: 5500 ns, Total: 99500 ns
[2020-08-28T00:29:06.282+0000][10732][safepoint    ] Safepoint "Cleanup", Time since last: 4153356600 ns, Reaching safepoint: 78500 ns, At safepoint: 3800 ns, Total: 82300 ns
[2020-08-28T00:29:07.365+0000][10732][safepoint    ] Safepoint "Cleanup", Time since last: 1082732700 ns, Reaching safepoint: 121900 ns, At safepoint: 4300 ns, Total: 126200 ns
[2020-08-28T00:29:08.367+0000][10732][safepoint    ] Safepoint "Cleanup", Time since last: 1001626100 ns, Reaching safepoint: 91600 ns, At safepoint: 4800 ns, Total: 96400 ns
[2020-08-28T00:29:30.374+0000][10732][safepoint    ] Safepoint "Cleanup", Time since last: 22006618100 ns, Reaching safepoint: 81500 ns, At safepoint: 1500 ns, Total: 83000 ns
[2020-08-28T00:29:32.374+0000][10732][safepoint    ] Safepoint "Cleanup", Time since last: 2000221000 ns, Reaching safepoint: 87500 ns, At safepoint: 1500 ns, Total: 89000 ns
[2020-08-28T00:29:48.379+0000][10732][safepoint    ] Safepoint "Cleanup", Time since last: 16004758800 ns, Reaching safepoint: 91500 ns, At safepoint: 1600 ns, Total: 93100 ns
[2020-08-28T00:29:59.891+0000][10732][safepoint    ] Safepoint "Cleanup", Time since last: 11512528600 ns, Reaching safepoint: 111400 ns, At safepoint: 3900 ns, Total: 115300 ns
[2020-08-28T00:30:01.891+0000][10732][safepoint    ] Safepoint "Cleanup", Time since last: 1999931100 ns, Reaching safepoint: 78800 ns, At safepoint: 1500 ns, Total: 80300 ns
[2020-08-28T00:31:00.906+0000][10732][safepoint    ] Safepoint "Cleanup", Time since last: 59014894300 ns, Reaching safepoint: 97300 ns, At safepoint: 5100 ns, Total: 102400 ns
[2020-08-28T00:31:50.919+0000][10732][safepoint    ] Safepoint "Cleanup", Time since last: 50012326100 ns, Reaching safepoint: 86300 ns, At safepoint: 5900 ns, Total: 92200 ns
[2020-08-28T00:31:52.919+0000][10732][safepoint    ] Safepoint "Cleanup", Time since last: 2000468100 ns, Reaching safepoint: 88900 ns, At safepoint: 1800 ns, Total: 90700 ns
[2020-08-28T00:32:09.923+0000][10732][safepoint    ] Safepoint "Cleanup", Time since last: 17003341800 ns, Reaching safepoint: 92100 ns, At safepoint: 1900 ns, Total: 94000 ns
[2020-08-28T00:32:30.928+0000][10732][safepoint    ] Safepoint "Cleanup", Time since last: 21004894000 ns, Reaching safepoint: 90100 ns, At safepoint: 1800 ns, Total: 91900 ns
[2020-08-28T00:32:39.929+0000][10732][safepoint    ] Safepoint "Cleanup", Time since last: 9001478300 ns, Reaching safepoint: 74900 ns, At safepoint: 4900 ns, Total: 79800 ns
[2020-08-28T00:32:59.935+0000][10732][safepoint    ] Safepoint "Cleanup", Time since last: 20005811900 ns, Reaching safepoint: 129100 ns, At safepoint: 2100 ns, Total: 131200 ns
[2020-08-28T00:33:29.943+0000][10732][safepoint    ] Safepoint "Cleanup", Time since last: 30007933800 ns, Reaching safepoint: 83600 ns, At safepoint: 1800 ns, Total: 85400 ns
[2020-08-28T00:33:38.946+0000][10732][safepoint    ] Safepoint "Cleanup", Time since last: 9002922200 ns, Reaching safepoint: 90700 ns, At safepoint: 5100 ns, Total: 95800 ns
[2020-08-28T00:34:29.959+0000][10732][safepoint    ] Safepoint "Cleanup", Time since last: 51012898200 ns, Reaching safepoint: 84600 ns, At safepoint: 4000 ns, Total: 88600 ns
[2020-08-28T00:34:30.959+0000][10732][safepoint    ] Safepoint "Cleanup", Time since last: 1000009000 ns, Reaching safepoint: 89000 ns, At safepoint: 5200 ns, Total: 94200 ns
[2020-08-28T00:34:59.966+0000][10732][safepoint    ] Safepoint "Cleanup", Time since last: 29006850500 ns, Reaching safepoint: 93500 ns, At safepoint: 5200 ns, Total: 98700 ns
[2020-08-28T00:35:02.358+0000][10732][safepoint    ] Safepoint "BulkRevokeBias", Time since last: 2390879400 ns, Reaching safepoint: 84400 ns, At safepoint: 311800 ns, Total: 396200 ns
[2020-08-28T00:35:30.365+0000][10732][safepoint    ] Safepoint "Cleanup", Time since last: 28006776100 ns, Reaching safepoint: 79700 ns, At safepoint: 1500 ns, Total: 81200 ns
[2020-08-28T00:35:54.371+0000][10732][safepoint    ] Safepoint "Cleanup", Time since last: 24006767100 ns, Reaching safepoint: 96600 ns, At safepoint: 1500 ns, Total: 98100 ns
[2020-08-28T00:36:00.373+0000][10732][safepoint    ] Safepoint "Cleanup", Time since last: 6001346100 ns, Reaching safepoint: 82400 ns, At safepoint: 4600 ns, Total: 87000 ns
[2020-08-28T00:36:30.381+0000][10732][safepoint    ] Safepoint "Cleanup", Time since last: 30008418500 ns, Reaching safepoint: 94100 ns, At safepoint: 1800 ns, Total: 95900 ns
[2020-08-28T00:36:58.390+0000][10732][safepoint    ] Safepoint "Cleanup", Time since last: 28008463100 ns, Reaching safepoint: 87900 ns, At safepoint: 2000 ns, Total: 89900 ns
[2020-08-28T00:37:11.394+0000][10732][safepoint    ] Safepoint "Cleanup", Time since last: 13003944000 ns, Reaching safepoint: 95900 ns, At safepoint: 5100 ns, Total: 101000 ns
[2020-08-28T00:37:27.399+0000][10732][safepoint    ] Safepoint "Cleanup", Time since last: 16004570100 ns, Reaching safepoint: 95200 ns, At safepoint: 1600 ns, Total: 96800 ns
[2020-08-28T00:37:50.404+0000][10732][safepoint    ] Safepoint "Cleanup", Time since last: 23005636300 ns, Reaching safepoint: 85000 ns, At safepoint: 1800 ns, Total: 86800 ns
[2020-08-28T00:37:51.405+0000][10732][safepoint    ] Safepoint "Cleanup", Time since last: 1000408500 ns, Reaching safepoint: 108600 ns, At safepoint: 1600 ns, Total: 110200 ns
[2020-08-28T00:38:06.409+0000][10732][safepoint    ] Safepoint "Cleanup", Time since last: 15003889800 ns, Reaching safepoint: 91300 ns, At safepoint: 1600 ns, Total: 92900 ns
[2020-08-28T00:38:08.409+0000][10732][safepoint    ] Safepoint "Cleanup", Time since last: 1999920600 ns, Reaching safepoint: 97600 ns, At safepoint: 1700 ns, Total: 99300 ns
[2020-08-28T00:38:30.415+0000][10732][safepoint    ] Safepoint "Cleanup", Time since last: 22005883600 ns, Reaching safepoint: 98500 ns, At safepoint: 1800 ns, Total: 100300 ns
[2020-08-28T00:38:51.420+0000][10732][safepoint    ] Safepoint "Cleanup", Time since last: 21005449400 ns, Reaching safepoint: 85100 ns, At safepoint: 4500 ns, Total: 89600 ns
[2020-08-28T00:38:59.422+0000][10732][safepoint    ] Safepoint "Cleanup", Time since last: 8001430700 ns, Reaching safepoint: 96700 ns, At safepoint: 1500 ns, Total: 98200 ns
[2020-08-28T00:39:05.423+0000][10732][safepoint    ] Safepoint "Cleanup", Time since last: 6001338000 ns, Reaching safepoint: 99000 ns, At safepoint: 5200 ns, Total: 104200 ns
[2020-08-28T00:39:16.426+0000][10732][safepoint    ] Safepoint "Cleanup", Time since last: 11002932500 ns, Reaching safepoint: 85000 ns, At safepoint: 1600 ns, Total: 86600 ns
[2020-08-28T00:39:30.430+0000][10732][safepoint    ] Safepoint "Cleanup", Time since last: 14003568600 ns, Reaching safepoint: 84500 ns, At safepoint: 1400 ns, Total: 85900 ns
[2020-08-28T00:40:00.854+0000][10732][safepoint    ] Safepoint "Cleanup", Time since last: 30424231200 ns, Reaching safepoint: 82000 ns, At safepoint: 1500 ns, Total: 83500 ns
[2020-08-28T00:40:02.855+0000][10732][safepoint    ] Safepoint "Cleanup", Time since last: 2000453300 ns, Reaching safepoint: 88400 ns, At safepoint: 1400 ns, Total: 89800 ns
[2020-08-28T00:40:07.856+0000][10732][safepoint    ] Safepoint "Cleanup", Time since last: 5001019900 ns, Reaching safepoint: 82300 ns, At safepoint: 1600 ns, Total: 83900 ns
[2020-08-28T00:40:11.149+0000][10732][gc,start     ] GC(12) Pause Young (Normal) (G1 Evacuation Pause)
[2020-08-28T00:40:11.149+0000][10732][gc,task      ] GC(12) Using 18 workers of 18 for evacuation
[2020-08-28T00:40:11.149+0000][10732][gc,age       ] GC(12) Desired survivor size 40370176 bytes, new threshold 3 (max threshold 15)
[2020-08-28T00:40:11.158+0000][10732][gc,age       ] GC(12) Age table with threshold 3 (max threshold 15)
[2020-08-28T00:40:11.158+0000][10732][gc,age       ] GC(12) - age   1:     592088 bytes,     592088 total
[2020-08-28T00:40:11.158+0000][10732][gc,age       ] GC(12) - age   2:   12319824 bytes,   12911912 total
[2020-08-28T00:40:11.158+0000][10732][gc,age       ] GC(12) - age   3:   10352760 bytes,   23264672 total
[2020-08-28T00:40:11.158+0000][10732][gc,phases    ] GC(12)   Pre Evacuate Collection Set: 0.1ms
[2020-08-28T00:40:11.158+0000][10732][gc,phases    ] GC(12)   Merge Heap Roots: 0.1ms
[2020-08-28T00:40:11.158+0000][10732][gc,phases    ] GC(12)   Evacuate Collection Set: 7.7ms
[2020-08-28T00:40:11.158+0000][10732][gc,phases    ] GC(12)   Post Evacuate Collection Set: 1.0ms
[2020-08-28T00:40:11.158+0000][10732][gc,phases    ] GC(12)   Other: 0.2ms
[2020-08-28T00:40:11.158+0000][10732][gc,heap      ] GC(12) Eden regions: 568->0(588)
[2020-08-28T00:40:11.158+0000][10732][gc,heap      ] GC(12) Survivor regions: 46->26(77)
[2020-08-28T00:40:11.158+0000][10732][gc,heap      ] GC(12) Old regions: 28->49
[2020-08-28T00:40:11.158+0000][10732][gc,heap      ] GC(12) Archive regions: 0->0
[2020-08-28T00:40:11.158+0000][10732][gc,heap      ] GC(12) Humongous regions: 7->7
[2020-08-28T00:40:11.158+0000][10732][gc,metaspace ] GC(12) Metaspace: 91329K(99356K)->91329K(99356K) NonClass: 78775K(83612K)->78775K(83612K) Class: 12553K(15744K)->12553K(15744K)
[2020-08-28T00:40:11.158+0000][10732][gc           ] GC(12) Pause Young (Normal) (G1 Evacuation Pause) 647M->81M(1024M) 9.232ms
[2020-08-28T00:40:11.158+0000][10732][gc,cpu       ] GC(12) User=0.02s Sys=0.00s Real=0.01s
[2020-08-28T00:40:11.158+0000][10732][safepoint    ] Safepoint "G1CollectForAllocation", Time since last: 3293273300 ns, Reaching safepoint: 89200 ns, At safepoint: 9296300 ns, Total: 9385500 ns
[2020-08-28T00:40:31.164+0000][10732][safepoint    ] Safepoint "Cleanup", Time since last: 20005110100 ns, Reaching safepoint: 110000 ns, At safepoint: 5000 ns, Total: 115000 ns
[2020-08-28T00:40:43.166+0000][10732][safepoint    ] Safepoint "Cleanup", Time since last: 12001904500 ns, Reaching safepoint: 98200 ns, At safepoint: 1900 ns, Total: 100100 ns
[2020-08-28T00:41:01.171+0000][10732][safepoint    ] Safepoint "Cleanup", Time since last: 18005364900 ns, Reaching safepoint: 93300 ns, At safepoint: 5100 ns, Total: 98400 ns
[2020-08-28T00:41:27.178+0000][10732][safepoint    ] Safepoint "Cleanup", Time since last: 26006313800 ns, Reaching safepoint: 100500 ns, At safepoint: 4700 ns, Total: 105200 ns
[2020-08-28T00:41:31.179+0000][10732][safepoint    ] Safepoint "Cleanup", Time since last: 4001001200 ns, Reaching safepoint: 92200 ns, At safepoint: 1500 ns, Total: 93700 ns
[2020-08-28T00:42:00.185+0000][10732][safepoint    ] Safepoint "Cleanup", Time since last: 29005933900 ns, Reaching safepoint: 99900 ns, At safepoint: 1400 ns, Total: 101300 ns
[2020-08-28T00:42:14.189+0000][10732][safepoint    ] Safepoint "Cleanup", Time since last: 14003736500 ns, Reaching safepoint: 87000 ns, At safepoint: 5000 ns, Total: 92000 ns
[2020-08-28T00:42:30.192+0000][10732][safepoint    ] Safepoint "Cleanup", Time since last: 16003062200 ns, Reaching safepoint: 94800 ns, At safepoint: 4800 ns, Total: 99600 ns
[2020-08-28T00:43:01.200+0000][10732][safepoint    ] Safepoint "Cleanup", Time since last: 31007879700 ns, Reaching safepoint: 86400 ns, At safepoint: 5300 ns, Total: 91700 ns
[2020-08-28T00:43:37.209+0000][10732][safepoint    ] Safepoint "Cleanup", Time since last: 36008939400 ns, Reaching safepoint: 90500 ns, At safepoint: 5200 ns, Total: 95700 ns
[2020-08-28T00:44:11.219+0000][10732][safepoint    ] Safepoint "Cleanup", Time since last: 34009869800 ns, Reaching safepoint: 87200 ns, At safepoint: 5000 ns, Total: 92200 ns
[2020-08-28T00:44:43.227+0000][10732][safepoint    ] Safepoint "Cleanup", Time since last: 32008403600 ns, Reaching safepoint: 89600 ns, At safepoint: 4800 ns, Total: 94400 ns
[2020-08-28T00:45:00.231+0000][10732][safepoint    ] Safepoint "Cleanup", Time since last: 17003495800 ns, Reaching safepoint: 84500 ns, At safepoint: 1500 ns, Total: 86000 ns
[2020-08-28T00:46:00.246+0000][10732][safepoint    ] Safepoint "Cleanup", Time since last: 60014828900 ns, Reaching safepoint: 76400 ns, At safepoint: 3800 ns, Total: 80200 ns
[2020-08-28T00:46:30.252+0000][10732][safepoint    ] Safepoint "Cleanup", Time since last: 30006431600 ns, Reaching safepoint: 87000 ns, At safepoint: 4700 ns, Total: 91700 ns
[2020-08-28T00:46:31.253+0000][10732][safepoint    ] Safepoint "Cleanup", Time since last: 1000388600 ns, Reaching safepoint: 84100 ns, At safepoint: 5000 ns, Total: 89100 ns
[2020-08-28T00:46:54.259+0000][10732][safepoint    ] Safepoint "Cleanup", Time since last: 23005616700 ns, Reaching safepoint: 110500 ns, At safepoint: 4900 ns, Total: 115400 ns
[2020-08-28T00:47:00.260+0000][10732][safepoint    ] Safepoint "Cleanup", Time since last: 6001700300 ns, Reaching safepoint: 75600 ns, At safepoint: 1400 ns, Total: 77000 ns
[2020-08-28T00:47:30.269+0000][10732][safepoint    ] Safepoint "Cleanup", Time since last: 30008903600 ns, Reaching safepoint: 83000 ns, At safepoint: 4200 ns, Total: 87200 ns
[2020-08-28T00:47:39.271+0000][10732][safepoint    ] Safepoint "Cleanup", Time since last: 9001506400 ns, Reaching safepoint: 79800 ns, At safepoint: 5000 ns, Total: 84800 ns
[2020-08-28T00:48:56.389+0000][10732][safepoint    ] Safepoint "Cleanup", Time since last: 77118203800 ns, Reaching safepoint: 184300 ns, At safepoint: 5700 ns, Total: 190000 ns
[2020-08-28T00:48:57.390+0000][10732][safepoint    ] Safepoint "Cleanup", Time since last: 1000425100 ns, Reaching safepoint: 135800 ns, At safepoint: 8300 ns, Total: 144100 ns
[2020-08-28T00:49:00.391+0000][10732][safepoint    ] Safepoint "Cleanup", Time since last: 3000859100 ns, Reaching safepoint: 82300 ns, At safepoint: 1900 ns, Total: 84200 ns
[2020-08-28T00:49:30.397+0000][10732][safepoint    ] Safepoint "Cleanup", Time since last: 30006473700 ns, Reaching safepoint: 93100 ns, At safepoint: 1500 ns, Total: 94600 ns
[2020-08-28T00:51:00.421+0000][10732][safepoint    ] Safepoint "Cleanup", Time since last: 90023354500 ns, Reaching safepoint: 90000 ns, At safepoint: 4500 ns, Total: 94500 ns
[2020-08-28T00:52:10.440+0000][10732][safepoint    ] Safepoint "Cleanup", Time since last: 70018779600 ns, Reaching safepoint: 98700 ns, At safepoint: 1700 ns, Total: 100400 ns
[2020-08-28T00:53:09.455+0000][10732][safepoint    ] Safepoint "Cleanup", Time since last: 59015023700 ns, Reaching safepoint: 94400 ns, At safepoint: 2000 ns, Total: 96400 ns
[2020-08-28T00:54:02.467+0000][10732][safepoint    ] Safepoint "Cleanup", Time since last: 53012445600 ns, Reaching safepoint: 91800 ns, At safepoint: 1800 ns, Total: 93600 ns
[2020-08-28T00:54:06.756+0000][10732][gc,start     ] GC(13) Pause Young (Normal) (G1 Evacuation Pause)
[2020-08-28T00:54:06.756+0000][10732][gc,task      ] GC(13) Using 18 workers of 18 for evacuation
[2020-08-28T00:54:06.756+0000][10732][gc,age       ] GC(13) Desired survivor size 40370176 bytes, new threshold 15 (max threshold 15)
[2020-08-28T00:54:06.764+0000][10732][gc,age       ] GC(13) Age table with threshold 15 (max threshold 15)
[2020-08-28T00:54:06.764+0000][10732][gc,age       ] GC(13) - age   1:      21384 bytes,      21384 total
[2020-08-28T00:54:06.764+0000][10732][gc,age       ] GC(13) - age   2:     571688 bytes,     593072 total
[2020-08-28T00:54:06.764+0000][10732][gc,age       ] GC(13) - age   3:   12319192 bytes,   12912264 total
[2020-08-28T00:54:06.764+0000][10732][gc,age       ] GC(13) - age   4:   10352760 bytes,   23265024 total
[2020-08-28T00:54:06.764+0000][10732][gc,phases    ] GC(13)   Pre Evacuate Collection Set: 0.1ms
[2020-08-28T00:54:06.764+0000][10732][gc,phases    ] GC(13)   Merge Heap Roots: 0.1ms
[2020-08-28T00:54:06.764+0000][10732][gc,phases    ] GC(13)   Evacuate Collection Set: 6.5ms
[2020-08-28T00:54:06.764+0000][10732][gc,phases    ] GC(13)   Post Evacuate Collection Set: 0.8ms
[2020-08-28T00:54:06.764+0000][10732][gc,phases    ] GC(13)   Other: 0.3ms
[2020-08-28T00:54:06.764+0000][10732][gc,heap      ] GC(13) Eden regions: 588->0(589)
[2020-08-28T00:54:06.764+0000][10732][gc,heap      ] GC(13) Survivor regions: 26->25(77)
[2020-08-28T00:54:06.764+0000][10732][gc,heap      ] GC(13) Old regions: 49->49
[2020-08-28T00:54:06.764+0000][10732][gc,heap      ] GC(13) Archive regions: 0->0
[2020-08-28T00:54:06.764+0000][10732][gc,heap      ] GC(13) Humongous regions: 7->7
[2020-08-28T00:54:06.764+0000][10732][gc,metaspace ] GC(13) Metaspace: 91448K(99356K)->91448K(99356K) NonClass: 78893K(83612K)->78893K(83612K) Class: 12554K(15744K)->12554K(15744K)
[2020-08-28T00:54:06.764+0000][10732][gc           ] GC(13) Pause Young (Normal) (G1 Evacuation Pause) 669M->79M(1024M) 7.858ms
[2020-08-28T00:54:06.764+0000][10732][gc,cpu       ] GC(13) User=0.00s Sys=0.00s Real=0.01s
[2020-08-28T00:54:06.764+0000][10732][safepoint    ] Safepoint "G1CollectForAllocation", Time since last: 4289064000 ns, Reaching safepoint: 85300 ns, At safepoint: 7922800 ns, Total: 8008100 ns
[2020-08-28T00:54:30.769+0000][10732][safepoint    ] Safepoint "Cleanup", Time since last: 24004703800 ns, Reaching safepoint: 90100 ns, At safepoint: 1500 ns, Total: 91600 ns
[2020-08-28T00:55:00.776+0000][10732][safepoint    ] Safepoint "Cleanup", Time since last: 30007002100 ns, Reaching safepoint: 86200 ns, At safepoint: 5000 ns, Total: 91200 ns
[2020-08-28T00:55:30.783+0000][10732][safepoint    ] Safepoint "Cleanup", Time since last: 30006912600 ns, Reaching safepoint: 84600 ns, At safepoint: 1500 ns, Total: 86100 ns
[2020-08-28T00:55:34.785+0000][10732][safepoint    ] Safepoint "Cleanup", Time since last: 4001513600 ns, Reaching safepoint: 96900 ns, At safepoint: 1500 ns, Total: 98400 ns
[2020-08-28T00:55:39.786+0000][10732][safepoint    ] Safepoint "Cleanup", Time since last: 5001029900 ns, Reaching safepoint: 100000 ns, At safepoint: 5600 ns, Total: 105600 ns
[2020-08-28T00:56:20.797+0000][10732][safepoint    ] Safepoint "Cleanup", Time since last: 41011175600 ns, Reaching safepoint: 80400 ns, At safepoint: 1900 ns, Total: 82300 ns
[2020-08-28T00:56:22.798+0000][10732][safepoint    ] Safepoint "Cleanup", Time since last: 2000506400 ns, Reaching safepoint: 94200 ns, At safepoint: 5600 ns, Total: 99800 ns
[2020-08-28T00:56:30.801+0000][10732][safepoint    ] Safepoint "Cleanup", Time since last: 8002787300 ns, Reaching safepoint: 95100 ns, At safepoint: 6000 ns, Total: 101100 ns
[2020-08-28T00:57:00.808+0000][10732][safepoint    ] Safepoint "Cleanup", Time since last: 30007472500 ns, Reaching safepoint: 92200 ns, At safepoint: 8800 ns, Total: 101000 ns
[2020-08-28T00:57:30.814+0000][10732][safepoint    ] Safepoint "Cleanup", Time since last: 30005857400 ns, Reaching safepoint: 84300 ns, At safepoint: 1500 ns, Total: 85800 ns
[2020-08-28T01:00:34.864+0000][10732][safepoint    ] Safepoint "Cleanup", Time since last: 184049381000 ns, Reaching safepoint: 84700 ns, At safepoint: 1500 ns, Total: 86200 ns
[2020-08-28T01:04:12.168+0000][10732][safepoint    ] Safepoint "Cleanup", Time since last: 217304477200 ns, Reaching safepoint: 86100 ns, At safepoint: 1400 ns, Total: 87500 ns
[2020-08-28T01:04:59.971+0000][10732][safepoint    ] Safepoint "Cleanup", Time since last: 47802406200 ns, Reaching safepoint: 87900 ns, At safepoint: 3900 ns, Total: 91800 ns
[2020-08-28T01:05:30.978+0000][10732][safepoint    ] Safepoint "Cleanup", Time since last: 31007401300 ns, Reaching safepoint: 110200 ns, At safepoint: 5400 ns, Total: 115600 ns
[2020-08-28T01:07:31.009+0000][10732][safepoint    ] Safepoint "Cleanup", Time since last: 120030097000 ns, Reaching safepoint: 84900 ns, At safepoint: 1600 ns, Total: 86500 ns
[2020-08-28T01:08:07.356+0000][10732][gc,start     ] GC(14) Pause Young (Normal) (G1 Evacuation Pause)
[2020-08-28T01:08:07.356+0000][10732][gc,task      ] GC(14) Using 18 workers of 18 for evacuation
[2020-08-28T01:08:07.356+0000][10732][gc,age       ] GC(14) Desired survivor size 40370176 bytes, new threshold 15 (max threshold 15)
[2020-08-28T01:08:07.362+0000][10732][gc,age       ] GC(14) Age table with threshold 15 (max threshold 15)
[2020-08-28T01:08:07.362+0000][10732][gc,age       ] GC(14) - age   1:      46168 bytes,      46168 total
[2020-08-28T01:08:07.362+0000][10732][gc,age       ] GC(14) - age   2:      10616 bytes,      56784 total
[2020-08-28T01:08:07.362+0000][10732][gc,age       ] GC(14) - age   3:     487352 bytes,     544136 total
[2020-08-28T01:08:07.362+0000][10732][gc,age       ] GC(14) - age   4:   11135104 bytes,   11679240 total
[2020-08-28T01:08:07.362+0000][10732][gc,age       ] GC(14) - age   5:    9856792 bytes,   21536032 total
[2020-08-28T01:08:07.362+0000][10732][gc,phases    ] GC(14)   Pre Evacuate Collection Set: 0.1ms
[2020-08-28T01:08:07.363+0000][10732][gc,phases    ] GC(14)   Merge Heap Roots: 0.1ms
[2020-08-28T01:08:07.363+0000][10732][gc,phases    ] GC(14)   Evacuate Collection Set: 5.2ms
[2020-08-28T01:08:07.363+0000][10732][gc,phases    ] GC(14)   Post Evacuate Collection Set: 1.0ms
[2020-08-28T01:08:07.363+0000][10732][gc,phases    ] GC(14)   Other: 0.2ms
[2020-08-28T01:08:07.363+0000][10732][gc,heap      ] GC(14) Eden regions: 589->0(591)
[2020-08-28T01:08:07.363+0000][10732][gc,heap      ] GC(14) Survivor regions: 25->23(77)
[2020-08-28T01:08:07.363+0000][10732][gc,heap      ] GC(14) Old regions: 49->49
[2020-08-28T01:08:07.363+0000][10732][gc,heap      ] GC(14) Archive regions: 0->0
[2020-08-28T01:08:07.363+0000][10732][gc,heap      ] GC(14) Humongous regions: 7->7
[2020-08-28T01:08:07.363+0000][10732][gc,metaspace ] GC(14) Metaspace: 91553K(99612K)->91553K(99612K) NonClass: 78998K(83868K)->78998K(83868K) Class: 12554K(15744K)->12554K(15744K)
[2020-08-28T01:08:07.363+0000][10732][gc           ] GC(14) Pause Young (Normal) (G1 Evacuation Pause) 668M->77M(1024M) 6.724ms
[2020-08-28T01:08:07.363+0000][10732][gc,cpu       ] GC(14) User=0.06s Sys=0.02s Real=0.01s
[2020-08-28T01:08:07.363+0000][10732][safepoint    ] Safepoint "G1CollectForAllocation", Time since last: 36347331700 ns, Reaching safepoint: 71300 ns, At safepoint: 6786300 ns, Total: 6857600 ns
[2020-08-28T01:08:30.368+0000][10732][safepoint    ] Safepoint "Cleanup", Time since last: 23005581600 ns, Reaching safepoint: 83100 ns, At safepoint: 4600 ns, Total: 87700 ns
[2020-08-28T01:08:33.370+0000][10732][safepoint    ] Safepoint "Cleanup", Time since last: 3001296900 ns, Reaching safepoint: 85000 ns, At safepoint: 1500 ns, Total: 86500 ns
[2020-08-28T01:09:44.386+0000][10732][safepoint    ] Safepoint "Cleanup", Time since last: 71015997000 ns, Reaching safepoint: 99500 ns, At safepoint: 4800 ns, Total: 104300 ns
[2020-08-28T01:09:46.386+0000][10732][safepoint    ] Safepoint "Cleanup", Time since last: 1999990100 ns, Reaching safepoint: 85900 ns, At safepoint: 1500 ns, Total: 87400 ns
[2020-08-28T01:10:11.391+0000][10732][safepoint    ] Safepoint "Cleanup", Time since last: 25004833100 ns, Reaching safepoint: 108000 ns, At safepoint: 4800 ns, Total: 112800 ns
[2020-08-28T01:10:30.395+0000][10732][safepoint    ] Safepoint "Cleanup", Time since last: 19004325100 ns, Reaching safepoint: 91300 ns, At safepoint: 5700 ns, Total: 97000 ns
[2020-08-28T01:11:00.403+0000][10732][safepoint    ] Safepoint "Cleanup", Time since last: 30007922000 ns, Reaching safepoint: 82900 ns, At safepoint: 5100 ns, Total: 88000 ns
[2020-08-28T01:11:30.411+0000][10732][safepoint    ] Safepoint "Cleanup", Time since last: 30007988600 ns, Reaching safepoint: 102900 ns, At safepoint: 7600 ns, Total: 110500 ns
[2020-08-28T01:11:33.412+0000][10732][safepoint    ] Safepoint "Cleanup", Time since last: 3000439500 ns, Reaching safepoint: 85100 ns, At safepoint: 5300 ns, Total: 90400 ns
[2020-08-28T01:12:00.418+0000][10732][safepoint    ] Safepoint "Cleanup", Time since last: 27006242900 ns, Reaching safepoint: 78800 ns, At safepoint: 2000 ns, Total: 80800 ns
[2020-08-28T01:13:00.435+0000][10732][safepoint    ] Safepoint "Cleanup", Time since last: 60016919000 ns, Reaching safepoint: 87900 ns, At safepoint: 5500 ns, Total: 93400 ns
[2020-08-28T01:14:53.465+0000][10732][safepoint    ] Safepoint "Cleanup", Time since last: 113029452200 ns, Reaching safepoint: 103500 ns, At safepoint: 1500 ns, Total: 105000 ns
[2020-08-28T01:18:00.511+0000][10732][safepoint    ] Safepoint "Cleanup", Time since last: 187045830300 ns, Reaching safepoint: 94500 ns, At safepoint: 5500 ns, Total: 100000 ns
[2020-08-28T01:18:33.518+0000][10732][safepoint    ] Safepoint "Cleanup", Time since last: 33007476900 ns, Reaching safepoint: 88700 ns, At safepoint: 5400 ns, Total: 94100 ns
[2020-08-28T01:19:00.525+0000][10732][safepoint    ] Safepoint "Cleanup", Time since last: 27006837900 ns, Reaching safepoint: 83300 ns, At safepoint: 2000 ns, Total: 85300 ns
[2020-08-28T01:20:23.548+0000][10732][safepoint    ] Safepoint "Cleanup", Time since last: 83022447400 ns, Reaching safepoint: 84700 ns, At safepoint: 4800 ns, Total: 89500 ns
[2020-08-28T01:20:30.549+0000][10732][safepoint    ] Safepoint "Cleanup", Time since last: 7001461000 ns, Reaching safepoint: 86700 ns, At safepoint: 5100 ns, Total: 91800 ns
[2020-08-28T01:22:07.954+0000][10732][gc,start     ] GC(15) Pause Young (Normal) (G1 Evacuation Pause)
[2020-08-28T01:22:07.954+0000][10732][gc,task      ] GC(15) Using 18 workers of 18 for evacuation
[2020-08-28T01:22:07.954+0000][10732][gc,age       ] GC(15) Desired survivor size 40370176 bytes, new threshold 15 (max threshold 15)
[2020-08-28T01:22:07.961+0000][10732][gc,age       ] GC(15) Age table with threshold 15 (max threshold 15)
[2020-08-28T01:22:07.961+0000][10732][gc,age       ] GC(15) - age   1:      11600 bytes,      11600 total
[2020-08-28T01:22:07.961+0000][10732][gc,age       ] GC(15) - age   2:      35712 bytes,      47312 total
[2020-08-28T01:22:07.961+0000][10732][gc,age       ] GC(15) - age   3:      10472 bytes,      57784 total
[2020-08-28T01:22:07.961+0000][10732][gc,age       ] GC(15) - age   4:     486776 bytes,     544560 total
[2020-08-28T01:22:07.961+0000][10732][gc,age       ] GC(15) - age   5:   11135104 bytes,   11679664 total
[2020-08-28T01:22:07.961+0000][10732][gc,age       ] GC(15) - age   6:    9856792 bytes,   21536456 total
[2020-08-28T01:22:07.961+0000][10732][gc,phases    ] GC(15)   Pre Evacuate Collection Set: 0.1ms
[2020-08-28T01:22:07.961+0000][10732][gc,phases    ] GC(15)   Merge Heap Roots: 0.1ms
[2020-08-28T01:22:07.961+0000][10732][gc,phases    ] GC(15)   Evacuate Collection Set: 5.3ms
[2020-08-28T01:22:07.961+0000][10732][gc,phases    ] GC(15)   Post Evacuate Collection Set: 0.8ms
[2020-08-28T01:22:07.961+0000][10732][gc,phases    ] GC(15)   Other: 0.2ms
[2020-08-28T01:22:07.961+0000][10732][gc,heap      ] GC(15) Eden regions: 591->0(591)
[2020-08-28T01:22:07.961+0000][10732][gc,heap      ] GC(15) Survivor regions: 23->23(77)
[2020-08-28T01:22:07.961+0000][10732][gc,heap      ] GC(15) Old regions: 49->49
[2020-08-28T01:22:07.961+0000][10732][gc,heap      ] GC(15) Archive regions: 0->0
[2020-08-28T01:22:07.961+0000][10732][gc,heap      ] GC(15) Humongous regions: 7->7
[2020-08-28T01:22:07.961+0000][10732][gc,metaspace ] GC(15) Metaspace: 91612K(99612K)->91612K(99612K) NonClass: 79057K(83868K)->79057K(83868K) Class: 12554K(15744K)->12554K(15744K)
[2020-08-28T01:22:07.961+0000][10732][gc           ] GC(15) Pause Young (Normal) (G1 Evacuation Pause) 668M->78M(1024M) 6.637ms
[2020-08-28T01:22:07.961+0000][10732][gc,cpu       ] GC(15) User=0.28s Sys=0.00s Real=0.01s
[2020-08-28T01:22:07.961+0000][10732][safepoint    ] Safepoint "G1CollectForAllocation", Time since last: 97404975000 ns, Reaching safepoint: 98300 ns, At safepoint: 6698000 ns, Total: 6796300 ns
[2020-08-28T01:26:01.023+0000][10732][safepoint    ] Safepoint "Cleanup", Time since last: 233061770900 ns, Reaching safepoint: 93100 ns, At safepoint: 4900 ns, Total: 98000 ns
[2020-08-28T01:26:30.029+0000][10732][safepoint    ] Safepoint "Cleanup", Time since last: 29005675000 ns, Reaching safepoint: 87000 ns, At safepoint: 3800 ns, Total: 90800 ns
[2020-08-28T01:27:00.037+0000][10732][safepoint    ] Safepoint "Cleanup", Time since last: 30008404600 ns, Reaching safepoint: 77600 ns, At safepoint: 1700 ns, Total: 79300 ns
[2020-08-28T01:28:30.059+0000][10732][safepoint    ] Safepoint "Cleanup", Time since last: 90021669700 ns, Reaching safepoint: 76200 ns, At safepoint: 2100 ns, Total: 78300 ns
[2020-08-28T01:28:31.060+0000][10732][safepoint    ] Safepoint "Cleanup", Time since last: 1000377000 ns, Reaching safepoint: 95200 ns, At safepoint: 1800 ns, Total: 97000 ns
[2020-08-28T01:28:39.062+0000][10732][safepoint    ] Safepoint "Cleanup", Time since last: 8002218000 ns, Reaching safepoint: 91100 ns, At safepoint: 5800 ns, Total: 96900 ns
[2020-08-28T01:29:10.070+0000][10732][safepoint    ] Safepoint "Cleanup", Time since last: 31007925500 ns, Reaching safepoint: 97300 ns, At safepoint: 7800 ns, Total: 105100 ns
[2020-08-28T01:29:31.075+0000][10732][safepoint    ] Safepoint "Cleanup", Time since last: 21004976800 ns, Reaching safepoint: 100100 ns, At safepoint: 4900 ns, Total: 105000 ns
[2020-08-28T01:30:00.083+0000][10732][safepoint    ] Safepoint "Cleanup", Time since last: 29008295100 ns, Reaching safepoint: 90700 ns, At safepoint: 1500 ns, Total: 92200 ns
[2020-08-28T01:30:30.091+0000][10732][safepoint    ] Safepoint "Cleanup", Time since last: 30007434900 ns, Reaching safepoint: 91200 ns, At safepoint: 1900 ns, Total: 93100 ns
[2020-08-28T01:32:01.116+0000][10732][safepoint    ] Safepoint "Cleanup", Time since last: 91024860300 ns, Reaching safepoint: 90400 ns, At safepoint: 1600 ns, Total: 92000 ns
[2020-08-28T01:36:13.552+0000][10732][gc,start     ] GC(16) Pause Young (Normal) (G1 Evacuation Pause)
[2020-08-28T01:36:13.552+0000][10732][gc,task      ] GC(16) Using 18 workers of 18 for evacuation
[2020-08-28T01:36:13.552+0000][10732][gc,age       ] GC(16) Desired survivor size 40370176 bytes, new threshold 15 (max threshold 15)
[2020-08-28T01:36:13.558+0000][10732][gc,age       ] GC(16) Age table with threshold 15 (max threshold 15)
[2020-08-28T01:36:13.558+0000][10732][gc,age       ] GC(16) - age   1:      64312 bytes,      64312 total
[2020-08-28T01:36:13.558+0000][10732][gc,age       ] GC(16) - age   2:       2968 bytes,      67280 total
[2020-08-28T01:36:13.558+0000][10732][gc,age       ] GC(16) - age   3:      35424 bytes,     102704 total
[2020-08-28T01:36:13.558+0000][10732][gc,age       ] GC(16) - age   4:      10472 bytes,     113176 total
[2020-08-28T01:36:13.558+0000][10732][gc,age       ] GC(16) - age   5:     482808 bytes,     595984 total
[2020-08-28T01:36:13.558+0000][10732][gc,age       ] GC(16) - age   6:   11134912 bytes,   11730896 total
[2020-08-28T01:36:13.559+0000][10732][gc,age       ] GC(16) - age   7:    9856760 bytes,   21587656 total
[2020-08-28T01:36:13.559+0000][10732][gc,phases    ] GC(16)   Pre Evacuate Collection Set: 0.1ms
[2020-08-28T01:36:13.559+0000][10732][gc,phases    ] GC(16)   Merge Heap Roots: 0.1ms
[2020-08-28T01:36:13.559+0000][10732][gc,phases    ] GC(16)   Evacuate Collection Set: 5.7ms
[2020-08-28T01:36:13.559+0000][10732][gc,phases    ] GC(16)   Post Evacuate Collection Set: 1.0ms
[2020-08-28T01:36:13.559+0000][10732][gc,phases    ] GC(16)   Other: 0.3ms
[2020-08-28T01:36:13.559+0000][10732][gc,heap      ] GC(16) Eden regions: 591->0(591)
[2020-08-28T01:36:13.559+0000][10732][gc,heap      ] GC(16) Survivor regions: 23->23(77)
[2020-08-28T01:36:13.559+0000][10732][gc,heap      ] GC(16) Old regions: 49->49
[2020-08-28T01:36:13.559+0000][10732][gc,heap      ] GC(16) Archive regions: 0->0
[2020-08-28T01:36:13.559+0000][10732][gc,heap      ] GC(16) Humongous regions: 7->7
[2020-08-28T01:36:13.559+0000][10732][gc,metaspace ] GC(16) Metaspace: 91789K(99612K)->91789K(99612K) NonClass: 79229K(83868K)->79229K(83868K) Class: 12559K(15744K)->12559K(15744K)
[2020-08-28T01:36:13.559+0000][10732][gc           ] GC(16) Pause Young (Normal) (G1 Evacuation Pause) 669M->78M(1024M) 7.208ms
[2020-08-28T01:36:13.559+0000][10732][gc,cpu       ] GC(16) User=0.00s Sys=0.00s Real=0.01s
[2020-08-28T01:36:13.559+0000][10732][safepoint    ] Safepoint "G1CollectForAllocation", Time since last: 252435795300 ns, Reaching safepoint: 86500 ns, At safepoint: 7274600 ns, Total: 7361100 ns
[2020-08-28T01:36:49.569+0000][10732][safepoint    ] Safepoint "Cleanup", Time since last: 36010270200 ns, Reaching safepoint: 95000 ns, At safepoint: 4900 ns, Total: 99900 ns
[2020-08-28T01:37:04.572+0000][10732][safepoint    ] Safepoint "Cleanup", Time since last: 15002892400 ns, Reaching safepoint: 85400 ns, At safepoint: 1500 ns, Total: 86900 ns
[2020-08-28T01:37:30.578+0000][10732][safepoint    ] Safepoint "Cleanup", Time since last: 26005987700 ns, Reaching safepoint: 87100 ns, At safepoint: 1600 ns, Total: 88700 ns
[2020-08-28T01:38:00.586+0000][10732][safepoint    ] Safepoint "Cleanup", Time since last: 30007824600 ns, Reaching safepoint: 90900 ns, At safepoint: 1900 ns, Total: 92800 ns
[2020-08-28T01:38:30.592+0000][10732][safepoint    ] Safepoint "Cleanup", Time since last: 30005910900 ns, Reaching safepoint: 102100 ns, At safepoint: 5000 ns, Total: 107100 ns
[2020-08-28T01:39:39.612+0000][10732][safepoint    ] Safepoint "Cleanup", Time since last: 69019343200 ns, Reaching safepoint: 93500 ns, At safepoint: 1500 ns, Total: 95000 ns
[2020-08-28T01:40:00.616+0000][10732][safepoint    ] Safepoint "Cleanup", Time since last: 21004495900 ns, Reaching safepoint: 84200 ns, At safepoint: 1700 ns, Total: 85900 ns
[2020-08-28T01:42:59.663+0000][10732][safepoint    ] Safepoint "Cleanup", Time since last: 179046929000 ns, Reaching safepoint: 101800 ns, At safepoint: 5100 ns, Total: 106900 ns
[2020-08-28T01:43:00.664+0000][10732][safepoint    ] Safepoint "Cleanup", Time since last: 1000341300 ns, Reaching safepoint: 92600 ns, At safepoint: 5400 ns, Total: 98000 ns
[2020-08-28T01:44:00.680+0000][10732][safepoint    ] Safepoint "Cleanup", Time since last: 60015917800 ns, Reaching safepoint: 85500 ns, At safepoint: 2100 ns, Total: 87600 ns
[2020-08-28T01:50:19.147+0000][10732][gc,start     ] GC(17) Pause Young (Normal) (G1 Evacuation Pause)
[2020-08-28T01:50:19.147+0000][10732][gc,task      ] GC(17) Using 18 workers of 18 for evacuation
[2020-08-28T01:50:19.147+0000][10732][gc,age       ] GC(17) Desired survivor size 40370176 bytes, new threshold 15 (max threshold 15)
[2020-08-28T01:50:19.154+0000][10732][gc,age       ] GC(17) Age table with threshold 15 (max threshold 15)
[2020-08-28T01:50:19.154+0000][10732][gc,age       ] GC(17) - age   1:      12456 bytes,      12456 total
[2020-08-28T01:50:19.154+0000][10732][gc,age       ] GC(17) - age   2:      53304 bytes,      65760 total
[2020-08-28T01:50:19.154+0000][10732][gc,age       ] GC(17) - age   3:       2824 bytes,      68584 total
[2020-08-28T01:50:19.154+0000][10732][gc,age       ] GC(17) - age   4:      34992 bytes,     103576 total
[2020-08-28T01:50:19.154+0000][10732][gc,age       ] GC(17) - age   5:      10472 bytes,     114048 total
[2020-08-28T01:50:19.154+0000][10732][gc,age       ] GC(17) - age   6:     482808 bytes,     596856 total
[2020-08-28T01:50:19.154+0000][10732][gc,age       ] GC(17) - age   7:   11134912 bytes,   11731768 total
[2020-08-28T01:50:19.154+0000][10732][gc,age       ] GC(17) - age   8:    9856760 bytes,   21588528 total
[2020-08-28T01:50:19.154+0000][10732][gc,phases    ] GC(17)   Pre Evacuate Collection Set: 0.1ms
[2020-08-28T01:50:19.154+0000][10732][gc,phases    ] GC(17)   Merge Heap Roots: 0.1ms
[2020-08-28T01:50:19.154+0000][10732][gc,phases    ] GC(17)   Evacuate Collection Set: 5.7ms
[2020-08-28T01:50:19.154+0000][10732][gc,phases    ] GC(17)   Post Evacuate Collection Set: 0.9ms
[2020-08-28T01:50:19.154+0000][10732][gc,phases    ] GC(17)   Other: 0.3ms
[2020-08-28T01:50:19.154+0000][10732][gc,heap      ] GC(17) Eden regions: 591->0(591)
[2020-08-28T01:50:19.154+0000][10732][gc,heap      ] GC(17) Survivor regions: 23->23(77)
[2020-08-28T01:50:19.154+0000][10732][gc,heap      ] GC(17) Old regions: 49->49
[2020-08-28T01:50:19.154+0000][10732][gc,heap      ] GC(17) Archive regions: 0->0
[2020-08-28T01:50:19.154+0000][10732][gc,heap      ] GC(17) Humongous regions: 7->7
[2020-08-28T01:50:19.154+0000][10732][gc,metaspace ] GC(17) Metaspace: 91790K(99612K)->91790K(99612K) NonClass: 79231K(83868K)->79231K(83868K) Class: 12559K(15744K)->12559K(15744K)
[2020-08-28T01:50:19.154+0000][10732][gc           ] GC(17) Pause Young (Normal) (G1 Evacuation Pause) 669M->78M(1024M) 7.134ms
[2020-08-28T01:50:19.154+0000][10732][gc,cpu       ] GC(17) User=0.00s Sys=0.00s Real=0.01s
[2020-08-28T01:50:19.154+0000][10732][safepoint    ] Safepoint "G1CollectForAllocation", Time since last: 378466903800 ns, Reaching safepoint: 110200 ns, At safepoint: 7199900 ns, Total: 7310100 ns
[2020-08-28T01:54:50.222+0000][10732][safepoint    ] Safepoint "Cleanup", Time since last: 271068194800 ns, Reaching safepoint: 100800 ns, At safepoint: 4800 ns, Total: 105600 ns
[2020-08-28T01:57:41.268+0000][10732][safepoint    ] Safepoint "Cleanup", Time since last: 171045884300 ns, Reaching safepoint: 86900 ns, At safepoint: 1700 ns, Total: 88600 ns
[2020-08-28T02:00:31.313+0000][10732][safepoint    ] Safepoint "Cleanup", Time since last: 170044431900 ns, Reaching safepoint: 104300 ns, At safepoint: 5500 ns, Total: 109800 ns
[2020-08-28T02:00:44.317+0000][10732][safepoint    ] Safepoint "Cleanup", Time since last: 13003875600 ns, Reaching safepoint: 88500 ns, At safepoint: 4600 ns, Total: 93100 ns
[2020-08-28T02:01:30.329+0000][10732][safepoint    ] Safepoint "Cleanup", Time since last: 46011980700 ns, Reaching safepoint: 84400 ns, At safepoint: 5400 ns, Total: 89800 ns
[2020-08-28T02:01:31.329+0000][10732][safepoint    ] Safepoint "Cleanup", Time since last: 1000400000 ns, Reaching safepoint: 97100 ns, At safepoint: 6200 ns, Total: 103300 ns
[2020-08-28T02:04:24.739+0000][10732][gc,start     ] GC(18) Pause Young (Normal) (G1 Evacuation Pause)
[2020-08-28T02:04:24.739+0000][10732][gc,task      ] GC(18) Using 18 workers of 18 for evacuation
[2020-08-28T02:04:24.739+0000][10732][gc,age       ] GC(18) Desired survivor size 40370176 bytes, new threshold 15 (max threshold 15)
[2020-08-28T02:04:24.745+0000][10732][gc,age       ] GC(18) Age table with threshold 15 (max threshold 15)
[2020-08-28T02:04:24.745+0000][10732][gc,age       ] GC(18) - age   1:      13824 bytes,      13824 total
[2020-08-28T02:04:24.745+0000][10732][gc,age       ] GC(18) - age   2:       1312 bytes,      15136 total
[2020-08-28T02:04:24.745+0000][10732][gc,age       ] GC(18) - age   3:      52344 bytes,      67480 total
[2020-08-28T02:04:24.745+0000][10732][gc,age       ] GC(18) - age   4:       2824 bytes,      70304 total
[2020-08-28T02:04:24.745+0000][10732][gc,age       ] GC(18) - age   5:      34992 bytes,     105296 total
[2020-08-28T02:04:24.745+0000][10732][gc,age       ] GC(18) - age   6:      10472 bytes,     115768 total
[2020-08-28T02:04:24.745+0000][10732][gc,age       ] GC(18) - age   7:     482808 bytes,     598576 total
[2020-08-28T02:04:24.745+0000][10732][gc,age       ] GC(18) - age   8:   11134912 bytes,   11733488 total
[2020-08-28T02:04:24.746+0000][10732][gc,age       ] GC(18) - age   9:    9856760 bytes,   21590248 total
[2020-08-28T02:04:24.746+0000][10732][gc,phases    ] GC(18)   Pre Evacuate Collection Set: 0.1ms
[2020-08-28T02:04:24.746+0000][10732][gc,phases    ] GC(18)   Merge Heap Roots: 0.1ms
[2020-08-28T02:04:24.746+0000][10732][gc,phases    ] GC(18)   Evacuate Collection Set: 5.2ms
[2020-08-28T02:04:24.746+0000][10732][gc,phases    ] GC(18)   Post Evacuate Collection Set: 0.8ms
[2020-08-28T02:04:24.746+0000][10732][gc,phases    ] GC(18)   Other: 0.3ms
[2020-08-28T02:04:24.746+0000][10732][gc,heap      ] GC(18) Eden regions: 591->0(591)
[2020-08-28T02:04:24.746+0000][10732][gc,heap      ] GC(18) Survivor regions: 23->23(77)
[2020-08-28T02:04:24.746+0000][10732][gc,heap      ] GC(18) Old regions: 49->49
[2020-08-28T02:04:24.746+0000][10732][gc,heap      ] GC(18) Archive regions: 0->0
[2020-08-28T02:04:24.746+0000][10732][gc,heap      ] GC(18) Humongous regions: 7->7
[2020-08-28T02:04:24.746+0000][10732][gc,metaspace ] GC(18) Metaspace: 91910K(99868K)->91910K(99868K) NonClass: 79351K(84124K)->79351K(84124K) Class: 12559K(15744K)->12559K(15744K)
[2020-08-28T02:04:24.746+0000][10732][gc           ] GC(18) Pause Young (Normal) (G1 Evacuation Pause) 669M->77M(1024M) 6.451ms
[2020-08-28T02:04:24.746+0000][10732][gc,cpu       ] GC(18) User=0.00s Sys=0.00s Real=0.01s
[2020-08-28T02:04:24.746+0000][10732][safepoint    ] Safepoint "G1CollectForAllocation", Time since last: 173409953100 ns, Reaching safepoint: 82100 ns, At safepoint: 6514400 ns, Total: 6596500 ns
[2020-08-28T02:08:00.798+0000][10732][safepoint    ] Safepoint "Cleanup", Time since last: 216052278500 ns, Reaching safepoint: 96300 ns, At safepoint: 1900 ns, Total: 98200 ns
[2020-08-28T02:09:30.821+0000][10732][safepoint    ] Safepoint "Cleanup", Time since last: 90022424000 ns, Reaching safepoint: 85500 ns, At safepoint: 1600 ns, Total: 87100 ns
[2020-08-28T02:10:00.829+0000][10732][safepoint    ] Safepoint "Cleanup", Time since last: 30007884100 ns, Reaching safepoint: 96500 ns, At safepoint: 5400 ns, Total: 101900 ns
[2020-08-28T02:10:59.844+0000][10732][safepoint    ] Safepoint "Cleanup", Time since last: 59015404600 ns, Reaching safepoint: 95000 ns, At safepoint: 4700 ns, Total: 99700 ns
[2020-08-28T02:13:35.884+0000][10732][safepoint    ] Safepoint "Cleanup", Time since last: 156039400300 ns, Reaching safepoint: 92300 ns, At safepoint: 4700 ns, Total: 97000 ns
[2020-08-28T02:15:30.912+0000][10732][safepoint    ] Safepoint "Cleanup", Time since last: 115027902700 ns, Reaching safepoint: 91300 ns, At safepoint: 5400 ns, Total: 96700 ns
[2020-08-28T02:16:50.932+0000][10732][safepoint    ] Safepoint "Cleanup", Time since last: 80020486700 ns, Reaching safepoint: 93600 ns, At safepoint: 1900 ns, Total: 95500 ns
[2020-08-28T02:17:00.936+0000][10732][safepoint    ] Safepoint "Cleanup", Time since last: 10003312900 ns, Reaching safepoint: 95500 ns, At safepoint: 1800 ns, Total: 97300 ns
[2020-08-28T02:18:30.336+0000][10732][gc,start     ] GC(19) Pause Young (Normal) (G1 Evacuation Pause)
[2020-08-28T02:18:30.336+0000][10732][gc,task      ] GC(19) Using 18 workers of 18 for evacuation
[2020-08-28T02:18:30.336+0000][10732][gc,age       ] GC(19) Desired survivor size 40370176 bytes, new threshold 15 (max threshold 15)
[2020-08-28T02:18:30.344+0000][10732][gc,age       ] GC(19) Age table with threshold 15 (max threshold 15)
[2020-08-28T02:18:30.344+0000][10732][gc,age       ] GC(19) - age   1:      11120 bytes,      11120 total
[2020-08-28T02:18:30.344+0000][10732][gc,age       ] GC(19) - age   2:       3224 bytes,      14344 total
[2020-08-28T02:18:30.344+0000][10732][gc,age       ] GC(19) - age   3:       1312 bytes,      15656 total
[2020-08-28T02:18:30.344+0000][10732][gc,age       ] GC(19) - age   4:      51912 bytes,      67568 total
[2020-08-28T02:18:30.344+0000][10732][gc,age       ] GC(19) - age   5:       2824 bytes,      70392 total
[2020-08-28T02:18:30.344+0000][10732][gc,age       ] GC(19) - age   6:      34992 bytes,     105384 total
[2020-08-28T02:18:30.344+0000][10732][gc,age       ] GC(19) - age   7:      10472 bytes,     115856 total
[2020-08-28T02:18:30.344+0000][10732][gc,age       ] GC(19) - age   8:     482808 bytes,     598664 total
[2020-08-28T02:18:30.344+0000][10732][gc,age       ] GC(19) - age   9:   11134912 bytes,   11733576 total
[2020-08-28T02:18:30.344+0000][10732][gc,age       ] GC(19) - age  10:    9856760 bytes,   21590336 total
[2020-08-28T02:18:30.344+0000][10732][gc,phases    ] GC(19)   Pre Evacuate Collection Set: 0.1ms
[2020-08-28T02:18:30.344+0000][10732][gc,phases    ] GC(19)   Merge Heap Roots: 0.1ms
[2020-08-28T02:18:30.344+0000][10732][gc,phases    ] GC(19)   Evacuate Collection Set: 6.4ms
[2020-08-28T02:18:30.344+0000][10732][gc,phases    ] GC(19)   Post Evacuate Collection Set: 0.9ms
[2020-08-28T02:18:30.344+0000][10732][gc,phases    ] GC(19)   Other: 0.3ms
[2020-08-28T02:18:30.344+0000][10732][gc,heap      ] GC(19) Eden regions: 591->0(591)
[2020-08-28T02:18:30.344+0000][10732][gc,heap      ] GC(19) Survivor regions: 23->23(77)
[2020-08-28T02:18:30.344+0000][10732][gc,heap      ] GC(19) Old regions: 49->49
[2020-08-28T02:18:30.344+0000][10732][gc,heap      ] GC(19) Archive regions: 0->0
[2020-08-28T02:18:30.344+0000][10732][gc,heap      ] GC(19) Humongous regions: 7->7
[2020-08-28T02:18:30.344+0000][10732][gc,metaspace ] GC(19) Metaspace: 91918K(99868K)->91918K(99868K) NonClass: 79359K(84124K)->79359K(84124K) Class: 12559K(15744K)->12559K(15744K)
[2020-08-28T02:18:30.344+0000][10732][gc           ] GC(19) Pause Young (Normal) (G1 Evacuation Pause) 668M->78M(1024M) 7.859ms
[2020-08-28T02:18:30.344+0000][10732][gc,cpu       ] GC(19) User=0.00s Sys=0.00s Real=0.01s
[2020-08-28T02:18:30.344+0000][10732][safepoint    ] Safepoint "G1CollectForAllocation", Time since last: 89400603800 ns, Reaching safepoint: 93300 ns, At safepoint: 7923900 ns, Total: 8017200 ns
[2020-08-28T02:22:00.399+0000][10732][safepoint    ] Safepoint "Cleanup", Time since last: 210054781000 ns, Reaching safepoint: 83000 ns, At safepoint: 4200 ns, Total: 87200 ns
[2020-08-28T02:23:00.415+0000][10732][safepoint    ] Safepoint "Cleanup", Time since last: 60015445700 ns, Reaching safepoint: 76900 ns, At safepoint: 1600 ns, Total: 78500 ns
[2020-08-28T02:25:00.443+0000][10732][safepoint    ] Safepoint "Cleanup", Time since last: 120027949700 ns, Reaching safepoint: 77000 ns, At safepoint: 1600 ns, Total: 78600 ns
[2020-08-28T02:26:30.465+0000][10732][safepoint    ] Safepoint "Cleanup", Time since last: 90021982900 ns, Reaching safepoint: 99100 ns, At safepoint: 1600 ns, Total: 100700 ns
[2020-08-28T02:27:30.481+0000][10732][safepoint    ] Safepoint "Cleanup", Time since last: 60015852000 ns, Reaching safepoint: 83300 ns, At safepoint: 4700 ns, Total: 88000 ns
[2020-08-28T02:32:30.567+0000][10732][safepoint    ] Safepoint "Cleanup", Time since last: 300085790100 ns, Reaching safepoint: 97300 ns, At safepoint: 9000 ns, Total: 106300 ns
[2020-08-28T02:32:35.930+0000][10732][gc,start     ] GC(20) Pause Young (Normal) (G1 Evacuation Pause)
[2020-08-28T02:32:35.930+0000][10732][gc,task      ] GC(20) Using 18 workers of 18 for evacuation
[2020-08-28T02:32:35.930+0000][10732][gc,age       ] GC(20) Desired survivor size 40370176 bytes, new threshold 15 (max threshold 15)
[2020-08-28T02:32:35.937+0000][10732][gc,age       ] GC(20) Age table with threshold 15 (max threshold 15)
[2020-08-28T02:32:35.937+0000][10732][gc,age       ] GC(20) - age   1:      13576 bytes,      13576 total
[2020-08-28T02:32:35.937+0000][10732][gc,age       ] GC(20) - age   2:        480 bytes,      14056 total
[2020-08-28T02:32:35.937+0000][10732][gc,age       ] GC(20) - age   3:       2792 bytes,      16848 total
[2020-08-28T02:32:35.937+0000][10732][gc,age       ] GC(20) - age   4:       1168 bytes,      18016 total
[2020-08-28T02:32:35.937+0000][10732][gc,age       ] GC(20) - age   5:      51912 bytes,      69928 total
[2020-08-28T02:32:35.937+0000][10732][gc,age       ] GC(20) - age   6:       2824 bytes,      72752 total
[2020-08-28T02:32:35.937+0000][10732][gc,age       ] GC(20) - age   7:      34992 bytes,     107744 total
[2020-08-28T02:32:35.937+0000][10732][gc,age       ] GC(20) - age   8:      10472 bytes,     118216 total
[2020-08-28T02:32:35.937+0000][10732][gc,age       ] GC(20) - age   9:     482808 bytes,     601024 total
[2020-08-28T02:32:35.937+0000][10732][gc,age       ] GC(20) - age  10:   11134912 bytes,   11735936 total
[2020-08-28T02:32:35.937+0000][10732][gc,age       ] GC(20) - age  11:    9856760 bytes,   21592696 total
[2020-08-28T02:32:35.937+0000][10732][gc,phases    ] GC(20)   Pre Evacuate Collection Set: 0.1ms
[2020-08-28T02:32:35.937+0000][10732][gc,phases    ] GC(20)   Merge Heap Roots: 0.1ms
[2020-08-28T02:32:35.937+0000][10732][gc,phases    ] GC(20)   Evacuate Collection Set: 5.8ms
[2020-08-28T02:32:35.937+0000][10732][gc,phases    ] GC(20)   Post Evacuate Collection Set: 1.0ms
[2020-08-28T02:32:35.937+0000][10732][gc,phases    ] GC(20)   Other: 0.3ms
[2020-08-28T02:32:35.937+0000][10732][gc,heap      ] GC(20) Eden regions: 591->0(591)
[2020-08-28T02:32:35.937+0000][10732][gc,heap      ] GC(20) Survivor regions: 23->23(77)
[2020-08-28T02:32:35.937+0000][10732][gc,heap      ] GC(20) Old regions: 49->49
[2020-08-28T02:32:35.937+0000][10732][gc,heap      ] GC(20) Archive regions: 0->0
[2020-08-28T02:32:35.937+0000][10732][gc,heap      ] GC(20) Humongous regions: 7->7
[2020-08-28T02:32:35.938+0000][10732][gc,metaspace ] GC(20) Metaspace: 92032K(99868K)->92032K(99868K) NonClass: 79472K(84124K)->79472K(84124K) Class: 12559K(15744K)->12559K(15744K)
[2020-08-28T02:32:35.938+0000][10732][gc           ] GC(20) Pause Young (Normal) (G1 Evacuation Pause) 669M->77M(1024M) 7.310ms
[2020-08-28T02:32:35.938+0000][10732][gc,cpu       ] GC(20) User=0.00s Sys=0.00s Real=0.01s
[2020-08-28T02:32:35.938+0000][10732][safepoint    ] Safepoint "G1CollectForAllocation", Time since last: 5363564100 ns, Reaching safepoint: 97100 ns, At safepoint: 7380500 ns, Total: 7477600 ns
