[2020-09-14T16:48:33.272+0000][8540][gc,heap] Heap region size: 1M
[2020-09-14T16:48:33.272+0000][8540][gc,heap,coops] Heap address: 0x00000000c0000000, size: 1024 MB, Compressed Oops mode: 32-bit
[2020-09-14T16:48:33.467+0000][8540][gc           ] Using G1
[2020-09-14T16:48:33.485+0000][8540][gc           ] Periodic GC disabled
[2020-09-14T16:48:33.778+0000][8540][safepoint    ] Safepoint "ICBufferFull", Time since last: 306641200 ns, Reaching safepoint: 119900 ns, At safepoint: 5000 ns, Total: 124900 ns
[2020-09-14T16:48:34.235+0000][8540][safepoint    ] Safepoint "ICBufferFull", Time since last: 457291300 ns, Reaching safepoint: 109900 ns, At safepoint: 7500 ns, Total: 117400 ns
[2020-09-14T16:48:34.285+0000][8540][gc,start     ] GC(0) Pause Young (Normal) (G1 Evacuation Pause)
[2020-09-14T16:48:34.286+0000][8540][gc,task      ] GC(0) Using 18 workers of 18 for evacuation
[2020-09-14T16:48:34.286+0000][8540][gc,age       ] GC(0) Desired survivor size 3670016 bytes, new threshold 15 (max threshold 15)
[2020-09-14T16:48:34.290+0000][8540][gc,age       ] GC(0) Age table with threshold 15 (max threshold 15)
[2020-09-14T16:48:34.290+0000][8540][gc,age       ] GC(0) - age   1:    5656872 bytes,    5656872 total
[2020-09-14T16:48:34.290+0000][8540][gc,phases    ] GC(0)   Pre Evacuate Collection Set: 0.1ms
[2020-09-14T16:48:34.290+0000][8540][gc,phases    ] GC(0)   Merge Heap Roots: 0.0ms
[2020-09-14T16:48:34.290+0000][8540][gc,phases    ] GC(0)   Evacuate Collection Set: 3.0ms
[2020-09-14T16:48:34.290+0000][8540][gc,phases    ] GC(0)   Post Evacuate Collection Set: 0.3ms
[2020-09-14T16:48:34.290+0000][8540][gc,phases    ] GC(0)   Other: 0.9ms
[2020-09-14T16:48:34.290+0000][8540][gc,heap      ] GC(0) Eden regions: 51->0(55)
[2020-09-14T16:48:34.290+0000][8540][gc,heap      ] GC(0) Survivor regions: 0->6(7)
[2020-09-14T16:48:34.290+0000][8540][gc,heap      ] GC(0) Old regions: 0->0
[2020-09-14T16:48:34.290+0000][8540][gc,heap      ] GC(0) Archive regions: 0->0
[2020-09-14T16:48:34.290+0000][8540][gc,heap      ] GC(0) Humongous regions: 1->1
[2020-09-14T16:48:34.290+0000][8540][gc,metaspace ] GC(0) Metaspace: 11962K(12672K)->11962K(12672K) NonClass: 10504K(11008K)->10504K(11008K) Class: 1457K(1664K)->1457K(1664K)
[2020-09-14T16:48:34.290+0000][8540][gc           ] GC(0) Pause Young (Normal) (G1 Evacuation Pause) 52M->6M(1024M) 4.376ms
[2020-09-14T16:48:34.290+0000][8540][gc,cpu       ] GC(0) User=0.02s Sys=0.00s Real=0.00s
[2020-09-14T16:48:34.290+0000][8540][safepoint    ] Safepoint "G1CollectForAllocation", Time since last: 50121100 ns, Reaching safepoint: 46400 ns, At safepoint: 4439700 ns, Total: 4486100 ns
[2020-09-14T16:48:35.442+0000][8540][safepoint    ] Safepoint "ICBufferFull", Time since last: 1152351600 ns, Reaching safepoint: 119300 ns, At safepoint: 5800 ns, Total: 125100 ns
[2020-09-14T16:48:35.583+0000][8540][safepoint    ] Safepoint "BulkRevokeBias", Time since last: 140223200 ns, Reaching safepoint: 73100 ns, At safepoint: 49700 ns, Total: 122800 ns
[2020-09-14T16:48:35.665+0000][8540][gc,start     ] GC(1) Pause Young (Normal) (G1 Evacuation Pause)
[2020-09-14T16:48:35.665+0000][8540][gc,task      ] GC(1) Using 18 workers of 18 for evacuation
[2020-09-14T16:48:35.665+0000][8540][gc,age       ] GC(1) Desired survivor size 4194304 bytes, new threshold 1 (max threshold 15)
[2020-09-14T16:48:35.669+0000][8540][gc,age       ] GC(1) Age table with threshold 1 (max threshold 15)
[2020-09-14T16:48:35.669+0000][8540][gc,age       ] GC(1) - age   1:    2784408 bytes,    2784408 total
[2020-09-14T16:48:35.669+0000][8540][gc,phases    ] GC(1)   Pre Evacuate Collection Set: 0.0ms
[2020-09-14T16:48:35.669+0000][8540][gc,phases    ] GC(1)   Merge Heap Roots: 0.0ms
[2020-09-14T16:48:35.669+0000][8540][gc,phases    ] GC(1)   Evacuate Collection Set: 3.2ms
[2020-09-14T16:48:35.669+0000][8540][gc,phases    ] GC(1)   Post Evacuate Collection Set: 0.4ms
[2020-09-14T16:48:35.669+0000][8540][gc,phases    ] GC(1)   Other: 0.2ms
[2020-09-14T16:48:35.669+0000][8540][gc,heap      ] GC(1) Eden regions: 55->0(148)
[2020-09-14T16:48:35.669+0000][8540][gc,heap      ] GC(1) Survivor regions: 6->3(8)
[2020-09-14T16:48:35.669+0000][8540][gc,heap      ] GC(1) Old regions: 0->6
[2020-09-14T16:48:35.669+0000][8540][gc,heap      ] GC(1) Archive regions: 0->0
[2020-09-14T16:48:35.669+0000][8540][gc,heap      ] GC(1) Humongous regions: 1->1
[2020-09-14T16:48:35.669+0000][8540][gc,metaspace ] GC(1) Metaspace: 14493K(15232K)->14493K(15232K) NonClass: 12801K(13312K)->12801K(13312K) Class: 1691K(1920K)->1691K(1920K)
[2020-09-14T16:48:35.669+0000][8540][gc           ] GC(1) Pause Young (Normal) (G1 Evacuation Pause) 61M->9M(1024M) 3.952ms
[2020-09-14T16:48:35.669+0000][8540][gc,cpu       ] GC(1) User=0.00s Sys=0.00s Real=0.00s
[2020-09-14T16:48:35.669+0000][8540][safepoint    ] Safepoint "G1CollectForAllocation", Time since last: 82245800 ns, Reaching safepoint: 61800 ns, At safepoint: 4006600 ns, Total: 4068400 ns
[2020-09-14T16:48:36.222+0000][8540][gc,start     ] GC(2) Pause Young (Normal) (G1 Evacuation Pause)
[2020-09-14T16:48:36.222+0000][8540][gc,task      ] GC(2) Using 18 workers of 18 for evacuation
[2020-09-14T16:48:36.222+0000][8540][gc,age       ] GC(2) Desired survivor size 9961472 bytes, new threshold 15 (max threshold 15)
[2020-09-14T16:48:36.223+0000][8540][gc,age       ] GC(2) Age table with threshold 15 (max threshold 15)
[2020-09-14T16:48:36.223+0000][8540][gc,age       ] GC(2) - age   1:    3693648 bytes,    3693648 total
[2020-09-14T16:48:36.223+0000][8540][gc,age       ] GC(2) - age   2:    2107432 bytes,    5801080 total
[2020-09-14T16:48:36.223+0000][8540][gc,phases    ] GC(2)   Pre Evacuate Collection Set: 0.1ms
[2020-09-14T16:48:36.223+0000][8540][gc,phases    ] GC(2)   Merge Heap Roots: 0.0ms
[2020-09-14T16:48:36.223+0000][8540][gc,phases    ] GC(2)   Evacuate Collection Set: 1.3ms
[2020-09-14T16:48:36.223+0000][8540][gc,phases    ] GC(2)   Post Evacuate Collection Set: 0.3ms
[2020-09-14T16:48:36.223+0000][8540][gc,phases    ] GC(2)   Other: 0.2ms
[2020-09-14T16:48:36.223+0000][8540][gc,heap      ] GC(2) Eden regions: 148->0(608)
[2020-09-14T16:48:36.223+0000][8540][gc,heap      ] GC(2) Survivor regions: 3->6(19)
[2020-09-14T16:48:36.223+0000][8540][gc,heap      ] GC(2) Old regions: 6->6
[2020-09-14T16:48:36.223+0000][8540][gc,heap      ] GC(2) Archive regions: 0->0
[2020-09-14T16:48:36.223+0000][8540][gc,heap      ] GC(2) Humongous regions: 2->1
[2020-09-14T16:48:36.223+0000][8540][gc,metaspace ] GC(2) Metaspace: 17568K(18304K)->17568K(18304K) NonClass: 15442K(15872K)->15442K(15872K) Class: 2125K(2432K)->2125K(2432K)
[2020-09-14T16:48:36.223+0000][8540][gc           ] GC(2) Pause Young (Normal) (G1 Evacuation Pause) 158M->12M(1024M) 1.899ms
[2020-09-14T16:48:36.223+0000][8540][gc,cpu       ] GC(2) User=0.00s Sys=0.00s Real=0.00s
[2020-09-14T16:48:36.223+0000][8540][safepoint    ] Safepoint "G1CollectForAllocation", Time since last: 552437400 ns, Reaching safepoint: 117400 ns, At safepoint: 1945700 ns, Total: 2063100 ns
[2020-09-14T16:48:36.224+0000][8540][safepoint    ] Safepoint "BulkRevokeBias", Time since last: 79500 ns, Reaching safepoint: 56200 ns, At safepoint: 49300 ns, Total: 105500 ns
[2020-09-14T16:48:36.224+0000][8540][safepoint    ] Safepoint "BulkRevokeBias", Time since last: 251100 ns, Reaching safepoint: 34700 ns, At safepoint: 58100 ns, Total: 92800 ns
[2020-09-14T16:48:36.224+0000][8540][safepoint    ] Safepoint "BulkRevokeBias", Time since last: 44800 ns, Reaching safepoint: 64000 ns, At safepoint: 43900 ns, Total: 107900 ns
[2020-09-14T16:48:37.763+0000][8540][safepoint    ] Safepoint "Cleanup", Time since last: 1538617600 ns, Reaching safepoint: 137900 ns, At safepoint: 6300 ns, Total: 144200 ns
[2020-09-14T16:48:37.927+0000][8540][gc,start     ] GC(3) Pause Young (Normal) (G1 Evacuation Pause)
[2020-09-14T16:48:37.927+0000][8540][gc,task      ] GC(3) Using 18 workers of 18 for evacuation
[2020-09-14T16:48:37.927+0000][8540][gc,age       ] GC(3) Desired survivor size 40370176 bytes, new threshold 15 (max threshold 15)
[2020-09-14T16:48:37.929+0000][8540][gc,age       ] GC(3) Age table with threshold 15 (max threshold 15)
[2020-09-14T16:48:37.930+0000][8540][gc,age       ] GC(3) - age   1:    7025032 bytes,    7025032 total
[2020-09-14T16:48:37.930+0000][8540][gc,age       ] GC(3) - age   2:    2750488 bytes,    9775520 total
[2020-09-14T16:48:37.930+0000][8540][gc,age       ] GC(3) - age   3:    2107304 bytes,   11882824 total
[2020-09-14T16:48:37.930+0000][8540][gc,phases    ] GC(3)   Pre Evacuate Collection Set: 0.1ms
[2020-09-14T16:48:37.930+0000][8540][gc,phases    ] GC(3)   Merge Heap Roots: 0.1ms
[2020-09-14T16:48:37.930+0000][8540][gc,phases    ] GC(3)   Evacuate Collection Set: 1.9ms
[2020-09-14T16:48:37.930+0000][8540][gc,phases    ] GC(3)   Post Evacuate Collection Set: 0.4ms
[2020-09-14T16:48:37.930+0000][8540][gc,phases    ] GC(3)   Other: 0.3ms
[2020-09-14T16:48:37.930+0000][8540][gc,heap      ] GC(3) Eden regions: 608->0(602)
[2020-09-14T16:48:37.930+0000][8540][gc,heap      ] GC(3) Survivor regions: 6->12(77)
[2020-09-14T16:48:37.930+0000][8540][gc,heap      ] GC(3) Old regions: 6->6
[2020-09-14T16:48:37.930+0000][8540][gc,heap      ] GC(3) Archive regions: 0->0
[2020-09-14T16:48:37.930+0000][8540][gc,heap      ] GC(3) Humongous regions: 1->1
[2020-09-14T16:48:37.930+0000][8540][gc,metaspace ] GC(3) Metaspace: 19791K(21248K)->19791K(21248K) NonClass: 17396K(18432K)->17396K(18432K) Class: 2395K(2816K)->2395K(2816K)
[2020-09-14T16:48:37.930+0000][8540][gc           ] GC(3) Pause Young (Normal) (G1 Evacuation Pause) 620M->18M(1024M) 2.861ms
[2020-09-14T16:48:37.930+0000][8540][gc,cpu       ] GC(3) User=0.00s Sys=0.00s Real=0.00s
[2020-09-14T16:48:37.930+0000][8540][safepoint    ] Safepoint "G1CollectForAllocation", Time since last: 163781200 ns, Reaching safepoint: 41100 ns, At safepoint: 2914500 ns, Total: 2955600 ns
[2020-09-14T16:48:37.930+0000][8540][safepoint    ] Safepoint "BulkRevokeBias", Time since last: 101500 ns, Reaching safepoint: 52200 ns, At safepoint: 34400 ns, Total: 86600 ns
[2020-09-14T16:48:37.931+0000][8540][safepoint    ] Safepoint "BulkRevokeBias", Time since last: 926200 ns, Reaching safepoint: 41600 ns, At safepoint: 27000 ns, Total: 68600 ns
[2020-09-14T16:48:37.931+0000][8540][safepoint    ] Safepoint "BulkRevokeBias", Time since last: 34800 ns, Reaching safepoint: 40600 ns, At safepoint: 23700 ns, Total: 64300 ns
[2020-09-14T16:48:38.009+0000][8540][gc,start     ] GC(4) Pause Young (Concurrent Start) (Metadata GC Threshold)
[2020-09-14T16:48:38.009+0000][8540][gc,task      ] GC(4) Using 18 workers of 18 for evacuation
[2020-09-14T16:48:38.009+0000][8540][gc,age       ] GC(4) Desired survivor size 40370176 bytes, new threshold 15 (max threshold 15)
[2020-09-14T16:48:38.011+0000][8540][gc,age       ] GC(4) Age table with threshold 15 (max threshold 15)
[2020-09-14T16:48:38.011+0000][8540][gc,age       ] GC(4) - age   1:     212272 bytes,     212272 total
[2020-09-14T16:48:38.011+0000][8540][gc,age       ] GC(4) - age   2:    5032280 bytes,    5244552 total
[2020-09-14T16:48:38.011+0000][8540][gc,age       ] GC(4) - age   3:    2750488 bytes,    7995040 total
[2020-09-14T16:48:38.011+0000][8540][gc,age       ] GC(4) - age   4:    2107304 bytes,   10102344 total
[2020-09-14T16:48:38.011+0000][8540][gc,phases    ] GC(4)   Pre Evacuate Collection Set: 0.1ms
[2020-09-14T16:48:38.011+0000][8540][gc,phases    ] GC(4)   Merge Heap Roots: 0.0ms
[2020-09-14T16:48:38.011+0000][8540][gc,phases    ] GC(4)   Evacuate Collection Set: 1.5ms
[2020-09-14T16:48:38.011+0000][8540][gc,phases    ] GC(4)   Post Evacuate Collection Set: 0.3ms
[2020-09-14T16:48:38.011+0000][8540][gc,phases    ] GC(4)   Other: 0.3ms
[2020-09-14T16:48:38.011+0000][8540][gc,heap      ] GC(4) Eden regions: 89->0(603)
[2020-09-14T16:48:38.011+0000][8540][gc,heap      ] GC(4) Survivor regions: 12->11(77)
[2020-09-14T16:48:38.011+0000][8540][gc,heap      ] GC(4) Old regions: 6->6
[2020-09-14T16:48:38.011+0000][8540][gc,heap      ] GC(4) Archive regions: 0->0
[2020-09-14T16:48:38.011+0000][8540][gc,heap      ] GC(4) Humongous regions: 1->1
[2020-09-14T16:48:38.011+0000][8540][gc,metaspace ] GC(4) Metaspace: 19844K(21248K)->19844K(21248K) NonClass: 17440K(18432K)->17440K(18432K) Class: 2404K(2816K)->2404K(2816K)
[2020-09-14T16:48:38.011+0000][8540][gc           ] GC(4) Pause Young (Concurrent Start) (Metadata GC Threshold) 106M->17M(1024M) 2.349ms
[2020-09-14T16:48:38.011+0000][8540][gc,cpu       ] GC(4) User=0.00s Sys=0.00s Real=0.00s
[2020-09-14T16:48:38.011+0000][8540][gc           ] GC(5) Concurrent Cycle
[2020-09-14T16:48:38.011+0000][8540][gc,marking   ] GC(5) Concurrent Clear Claimed Marks
[2020-09-14T16:48:38.011+0000][8540][gc,marking   ] GC(5) Concurrent Clear Claimed Marks 0.028ms
[2020-09-14T16:48:38.011+0000][8540][safepoint    ] Safepoint "CollectForMetadataAllocation", Time since last: 77759100 ns, Reaching safepoint: 42700 ns, At safepoint: 2478900 ns, Total: 2521600 ns
[2020-09-14T16:48:38.011+0000][8540][gc,marking   ] GC(5) Concurrent Scan Root Regions
[2020-09-14T16:48:38.012+0000][8540][gc,marking   ] GC(5) Concurrent Scan Root Regions 0.911ms
[2020-09-14T16:48:38.012+0000][8540][gc,marking   ] GC(5) Concurrent Mark (4.747s)
[2020-09-14T16:48:38.012+0000][8540][gc,marking   ] GC(5) Concurrent Mark From Roots
[2020-09-14T16:48:38.012+0000][8540][gc,task      ] GC(5) Using 5 workers of 5 for marking
[2020-09-14T16:48:38.014+0000][8540][gc,marking   ] GC(5) Concurrent Mark From Roots 1.902ms
[2020-09-14T16:48:38.014+0000][8540][gc,marking   ] GC(5) Concurrent Preclean
[2020-09-14T16:48:38.014+0000][8540][gc,marking   ] GC(5) Concurrent Preclean 0.097ms
[2020-09-14T16:48:38.014+0000][8540][gc,marking   ] GC(5) Concurrent Mark (4.747s, 4.749s) 2.039ms
[2020-09-14T16:48:38.014+0000][8540][gc,start     ] GC(5) Pause Remark
[2020-09-14T16:48:38.015+0000][8540][gc           ] GC(5) Pause Remark 18M->18M(1024M) 0.868ms
[2020-09-14T16:48:38.015+0000][8540][gc,cpu       ] GC(5) User=0.00s Sys=0.00s Real=0.00s
[2020-09-14T16:48:38.015+0000][8540][safepoint    ] Safepoint "G1Concurrent", Time since last: 2990700 ns, Reaching safepoint: 56800 ns, At safepoint: 906200 ns, Total: 963000 ns
[2020-09-14T16:48:38.015+0000][8540][gc,marking   ] GC(5) Concurrent Rebuild Remembered Sets
[2020-09-14T16:48:38.017+0000][8540][gc,marking   ] GC(5) Concurrent Rebuild Remembered Sets 1.319ms
[2020-09-14T16:48:38.017+0000][8540][gc,start     ] GC(5) Pause Cleanup
[2020-09-14T16:48:38.017+0000][8540][gc           ] GC(5) Pause Cleanup 18M->18M(1024M) 0.087ms
[2020-09-14T16:48:38.017+0000][8540][gc,cpu       ] GC(5) User=0.00s Sys=0.00s Real=0.00s
[2020-09-14T16:48:38.017+0000][8540][safepoint    ] Safepoint "G1Concurrent", Time since last: 1371000 ns, Reaching safepoint: 208300 ns, At safepoint: 119300 ns, Total: 327600 ns
[2020-09-14T16:48:38.017+0000][8540][gc,marking   ] GC(5) Concurrent Cleanup for Next Mark
[2020-09-14T16:48:38.017+0000][8540][gc,marking   ] GC(5) Concurrent Cleanup for Next Mark 0.550ms
[2020-09-14T16:48:38.017+0000][8540][gc           ] GC(5) Concurrent Cycle 6.308ms
[2020-09-14T16:48:39.580+0000][8540][gc,start     ] GC(6) Pause Young (Normal) (G1 Evacuation Pause)
[2020-09-14T16:48:39.580+0000][8540][gc,task      ] GC(6) Using 18 workers of 18 for evacuation
[2020-09-14T16:48:39.580+0000][8540][gc,age       ] GC(6) Desired survivor size 40370176 bytes, new threshold 15 (max threshold 15)
[2020-09-14T16:48:39.582+0000][8540][gc,age       ] GC(6) Age table with threshold 15 (max threshold 15)
[2020-09-14T16:48:39.582+0000][8540][gc,age       ] GC(6) - age   1:    3338328 bytes,    3338328 total
[2020-09-14T16:48:39.582+0000][8540][gc,age       ] GC(6) - age   2:     170368 bytes,    3508696 total
[2020-09-14T16:48:39.582+0000][8540][gc,age       ] GC(6) - age   3:    5029712 bytes,    8538408 total
[2020-09-14T16:48:39.582+0000][8540][gc,age       ] GC(6) - age   4:    2749144 bytes,   11287552 total
[2020-09-14T16:48:39.582+0000][8540][gc,age       ] GC(6) - age   5:    2106904 bytes,   13394456 total
[2020-09-14T16:48:39.582+0000][8540][gc,phases    ] GC(6)   Pre Evacuate Collection Set: 0.1ms
[2020-09-14T16:48:39.582+0000][8540][gc,phases    ] GC(6)   Merge Heap Roots: 0.1ms
[2020-09-14T16:48:39.582+0000][8540][gc,phases    ] GC(6)   Evacuate Collection Set: 1.9ms
[2020-09-14T16:48:39.582+0000][8540][gc,phases    ] GC(6)   Post Evacuate Collection Set: 0.4ms
[2020-09-14T16:48:39.582+0000][8540][gc,phases    ] GC(6)   Other: 0.2ms
[2020-09-14T16:48:39.582+0000][8540][gc,heap      ] GC(6) Eden regions: 603->0(600)
[2020-09-14T16:48:39.582+0000][8540][gc,heap      ] GC(6) Survivor regions: 11->14(77)
[2020-09-14T16:48:39.582+0000][8540][gc,heap      ] GC(6) Old regions: 6->6
[2020-09-14T16:48:39.582+0000][8540][gc,heap      ] GC(6) Archive regions: 0->0
[2020-09-14T16:48:39.582+0000][8540][gc,heap      ] GC(6) Humongous regions: 1->1
[2020-09-14T16:48:39.582+0000][8540][gc,metaspace ] GC(6) Metaspace: 20615K(22400K)->20615K(22400K) NonClass: 18087K(19456K)->18087K(19456K) Class: 2527K(2944K)->2527K(2944K)
[2020-09-14T16:48:39.582+0000][8540][gc           ] GC(6) Pause Young (Normal) (G1 Evacuation Pause) 620M->19M(1024M) 2.811ms
[2020-09-14T16:48:39.582+0000][8540][gc,cpu       ] GC(6) User=0.00s Sys=0.00s Real=0.00s
[2020-09-14T16:48:39.582+0000][8540][safepoint    ] Safepoint "G1CollectForAllocation", Time since last: 1562809400 ns, Reaching safepoint: 75500 ns, At safepoint: 2871100 ns, Total: 2946600 ns
[2020-09-14T16:48:40.448+0000][8540][safepoint    ] Safepoint "ICBufferFull", Time since last: 865478400 ns, Reaching safepoint: 153600 ns, At safepoint: 8000 ns, Total: 161600 ns
[2020-09-14T16:48:40.830+0000][8540][safepoint    ] Safepoint "ICBufferFull", Time since last: 381751000 ns, Reaching safepoint: 156300 ns, At safepoint: 1800 ns, Total: 158100 ns
[2020-09-14T16:48:41.379+0000][8540][gc,start     ] GC(7) Pause Young (Concurrent Start) (Metadata GC Threshold)
[2020-09-14T16:48:41.379+0000][8540][gc,task      ] GC(7) Using 18 workers of 18 for evacuation
[2020-09-14T16:48:41.379+0000][8540][gc,age       ] GC(7) Desired survivor size 40370176 bytes, new threshold 15 (max threshold 15)
[2020-09-14T16:48:41.386+0000][8540][gc,age       ] GC(7) Age table with threshold 15 (max threshold 15)
[2020-09-14T16:48:41.386+0000][8540][gc,age       ] GC(7) - age   1:   31459792 bytes,   31459792 total
[2020-09-14T16:48:41.386+0000][8540][gc,age       ] GC(7) - age   2:    2601568 bytes,   34061360 total
[2020-09-14T16:48:41.386+0000][8540][gc,age       ] GC(7) - age   3:     167440 bytes,   34228800 total
[2020-09-14T16:48:41.386+0000][8540][gc,age       ] GC(7) - age   4:    4988936 bytes,   39217736 total
[2020-09-14T16:48:41.386+0000][8540][gc,age       ] GC(7) - age   5:    2710568 bytes,   41928304 total
[2020-09-14T16:48:41.386+0000][8540][gc,age       ] GC(7) - age   6:    2065720 bytes,   43994024 total
[2020-09-14T16:48:41.386+0000][8540][gc,phases    ] GC(7)   Pre Evacuate Collection Set: 0.1ms
[2020-09-14T16:48:41.386+0000][8540][gc,phases    ] GC(7)   Merge Heap Roots: 0.0ms
[2020-09-14T16:48:41.386+0000][8540][gc,phases    ] GC(7)   Evacuate Collection Set: 6.2ms
[2020-09-14T16:48:41.386+0000][8540][gc,phases    ] GC(7)   Post Evacuate Collection Set: 0.8ms
[2020-09-14T16:48:41.386+0000][8540][gc,phases    ] GC(7)   Other: 0.3ms
[2020-09-14T16:48:41.386+0000][8540][gc,heap      ] GC(7) Eden regions: 396->0(571)
[2020-09-14T16:48:41.386+0000][8540][gc,heap      ] GC(7) Survivor regions: 14->43(77)
[2020-09-14T16:48:41.386+0000][8540][gc,heap      ] GC(7) Old regions: 6->6
[2020-09-14T16:48:41.386+0000][8540][gc,heap      ] GC(7) Archive regions: 0->0
[2020-09-14T16:48:41.386+0000][8540][gc,heap      ] GC(7) Humongous regions: 1->1
[2020-09-14T16:48:41.386+0000][8540][gc,metaspace ] GC(7) Metaspace: 32772K(35840K)->32772K(35840K) NonClass: 28503K(30592K)->28503K(30592K) Class: 4269K(5248K)->4269K(5248K)
[2020-09-14T16:48:41.386+0000][8540][gc           ] GC(7) Pause Young (Concurrent Start) (Metadata GC Threshold) 415M->49M(1024M) 7.568ms
[2020-09-14T16:48:41.387+0000][8540][gc,cpu       ] GC(7) User=0.31s Sys=0.00s Real=0.01s
[2020-09-14T16:48:41.387+0000][8540][gc           ] GC(8) Concurrent Cycle
[2020-09-14T16:48:41.387+0000][8540][gc,marking   ] GC(8) Concurrent Clear Claimed Marks
[2020-09-14T16:48:41.387+0000][8540][safepoint    ] Safepoint "CollectForMetadataAllocation", Time since last: 548790100 ns, Reaching safepoint: 110900 ns, At safepoint: 7673700 ns, Total: 7784600 ns
[2020-09-14T16:48:41.387+0000][8540][gc,marking   ] GC(8) Concurrent Clear Claimed Marks 0.102ms
[2020-09-14T16:48:41.387+0000][8540][gc,marking   ] GC(8) Concurrent Scan Root Regions
[2020-09-14T16:48:41.391+0000][8540][gc,marking   ] GC(8) Concurrent Scan Root Regions 4.096ms
[2020-09-14T16:48:41.391+0000][8540][gc,marking   ] GC(8) Concurrent Mark (8.126s)
[2020-09-14T16:48:41.391+0000][8540][gc,marking   ] GC(8) Concurrent Mark From Roots
[2020-09-14T16:48:41.391+0000][8540][gc,task      ] GC(8) Using 5 workers of 5 for marking
[2020-09-14T16:48:41.393+0000][8540][gc,marking   ] GC(8) Concurrent Mark From Roots 1.865ms
[2020-09-14T16:48:41.393+0000][8540][gc,marking   ] GC(8) Concurrent Preclean
[2020-09-14T16:48:41.393+0000][8540][gc,marking   ] GC(8) Concurrent Preclean 0.085ms
[2020-09-14T16:48:41.393+0000][8540][gc,marking   ] GC(8) Concurrent Mark (8.126s, 8.128s) 1.984ms
[2020-09-14T16:48:41.393+0000][8540][gc,start     ] GC(8) Pause Remark
[2020-09-14T16:48:41.394+0000][8540][gc           ] GC(8) Pause Remark 50M->50M(1024M) 0.915ms
[2020-09-14T16:48:41.394+0000][8540][gc,cpu       ] GC(8) User=0.00s Sys=0.00s Real=0.00s
[2020-09-14T16:48:41.394+0000][8540][safepoint    ] Safepoint "G1Concurrent", Time since last: 6233800 ns, Reaching safepoint: 45200 ns, At safepoint: 963300 ns, Total: 1008500 ns
[2020-09-14T16:48:41.394+0000][8540][gc,marking   ] GC(8) Concurrent Rebuild Remembered Sets
[2020-09-14T16:48:41.395+0000][8540][gc,marking   ] GC(8) Concurrent Rebuild Remembered Sets 1.335ms
[2020-09-14T16:48:41.395+0000][8540][gc,start     ] GC(8) Pause Cleanup
[2020-09-14T16:48:41.395+0000][8540][gc           ] GC(8) Pause Cleanup 50M->50M(1024M) 0.078ms
[2020-09-14T16:48:41.396+0000][8540][gc,cpu       ] GC(8) User=0.00s Sys=0.00s Real=0.00s
[2020-09-14T16:48:41.396+0000][8540][safepoint    ] Safepoint "G1Concurrent", Time since last: 1374500 ns, Reaching safepoint: 227300 ns, At safepoint: 110100 ns, Total: 337400 ns
[2020-09-14T16:48:41.396+0000][8540][gc,marking   ] GC(8) Concurrent Cleanup for Next Mark
[2020-09-14T16:48:41.396+0000][8540][gc,marking   ] GC(8) Concurrent Cleanup for Next Mark 0.550ms
[2020-09-14T16:48:41.396+0000][8540][gc           ] GC(8) Concurrent Cycle 9.583ms
[2020-09-14T16:48:41.808+0000][8540][safepoint    ] Safepoint "ICBufferFull", Time since last: 411770900 ns, Reaching safepoint: 156800 ns, At safepoint: 3200 ns, Total: 160000 ns
[2020-09-14T16:48:42.243+0000][8540][safepoint    ] Safepoint "ICBufferFull", Time since last: 435539700 ns, Reaching safepoint: 131900 ns, At safepoint: 2700 ns, Total: 134600 ns
[2020-09-14T16:48:42.409+0000][8540][safepoint    ] Safepoint "BulkRevokeBias", Time since last: 165967200 ns, Reaching safepoint: 64800 ns, At safepoint: 46000 ns, Total: 110800 ns
[2020-09-14T16:48:42.411+0000][8540][safepoint    ] Safepoint "BulkRevokeBias", Time since last: 2014300 ns, Reaching safepoint: 42400 ns, At safepoint: 56200 ns, Total: 98600 ns
[2020-09-14T16:48:42.411+0000][8540][safepoint    ] Safepoint "BulkRevokeBias", Time since last: 130700 ns, Reaching safepoint: 35700 ns, At safepoint: 45600 ns, Total: 81300 ns
[2020-09-14T16:48:42.884+0000][8540][safepoint    ] Safepoint "ICBufferFull", Time since last: 472551300 ns, Reaching safepoint: 248100 ns, At safepoint: 7500 ns, Total: 255600 ns
[2020-09-14T16:48:42.920+0000][8540][gc,start     ] GC(9) Pause Young (Concurrent Start) (Metadata GC Threshold)
[2020-09-14T16:48:42.920+0000][8540][gc,task      ] GC(9) Using 18 workers of 18 for evacuation
[2020-09-14T16:48:42.920+0000][8540][gc,age       ] GC(9) Desired survivor size 40370176 bytes, new threshold 5 (max threshold 15)
[2020-09-14T16:48:42.931+0000][8540][gc,age       ] GC(9) Age table with threshold 5 (max threshold 15)
[2020-09-14T16:48:42.931+0000][8540][gc,age       ] GC(9) - age   1:   10061936 bytes,   10061936 total
[2020-09-14T16:48:42.931+0000][8540][gc,age       ] GC(9) - age   2:   31004336 bytes,   41066272 total
[2020-09-14T16:48:42.931+0000][8540][gc,age       ] GC(9) - age   3:    2565616 bytes,   43631888 total
[2020-09-14T16:48:42.931+0000][8540][gc,age       ] GC(9) - age   4:     156256 bytes,   43788144 total
[2020-09-14T16:48:42.931+0000][8540][gc,age       ] GC(9) - age   5:    4959032 bytes,   48747176 total
[2020-09-14T16:48:42.931+0000][8540][gc,phases    ] GC(9)   Pre Evacuate Collection Set: 0.2ms
[2020-09-14T16:48:42.931+0000][8540][gc,phases    ] GC(9)   Merge Heap Roots: 0.1ms
[2020-09-14T16:48:42.931+0000][8540][gc,phases    ] GC(9)   Evacuate Collection Set: 9.6ms
[2020-09-14T16:48:42.931+0000][8540][gc,phases    ] GC(9)   Post Evacuate Collection Set: 1.0ms
[2020-09-14T16:48:42.931+0000][8540][gc,phases    ] GC(9)   Other: 0.3ms
[2020-09-14T16:48:42.931+0000][8540][gc,heap      ] GC(9) Eden regions: 285->0(564)
[2020-09-14T16:48:42.931+0000][8540][gc,heap      ] GC(9) Survivor regions: 43->50(77)
[2020-09-14T16:48:42.931+0000][8540][gc,heap      ] GC(9) Old regions: 6->10
[2020-09-14T16:48:42.931+0000][8540][gc,heap      ] GC(9) Archive regions: 0->0
[2020-09-14T16:48:42.931+0000][8540][gc,heap      ] GC(9) Humongous regions: 1->1
[2020-09-14T16:48:42.931+0000][8540][gc,metaspace ] GC(9) Metaspace: 54864K(60288K)->54864K(60288K) NonClass: 47469K(50816K)->47469K(50816K) Class: 7395K(9472K)->7395K(9472K)
[2020-09-14T16:48:42.931+0000][8540][gc           ] GC(9) Pause Young (Concurrent Start) (Metadata GC Threshold) 333M->60M(1024M) 11.143ms
[2020-09-14T16:48:42.931+0000][8540][gc,cpu       ] GC(9) User=0.09s Sys=0.02s Real=0.01s
[2020-09-14T16:48:42.931+0000][8540][gc           ] GC(10) Concurrent Cycle
[2020-09-14T16:48:42.931+0000][8540][gc,marking   ] GC(10) Concurrent Clear Claimed Marks
[2020-09-14T16:48:42.931+0000][8540][safepoint    ] Safepoint "CollectForMetadataAllocation", Time since last: 35253400 ns, Reaching safepoint: 79500 ns, At safepoint: 11265900 ns, Total: 11345400 ns
[2020-09-14T16:48:42.931+0000][8540][gc,marking   ] GC(10) Concurrent Clear Claimed Marks 0.236ms
[2020-09-14T16:48:42.931+0000][8540][gc,marking   ] GC(10) Concurrent Scan Root Regions
[2020-09-14T16:48:42.935+0000][8540][safepoint    ] Safepoint "BulkRevokeBias", Time since last: 3747500 ns, Reaching safepoint: 53800 ns, At safepoint: 73200 ns, Total: 127000 ns
[2020-09-14T16:48:42.937+0000][8540][gc,marking   ] GC(10) Concurrent Scan Root Regions 5.658ms
[2020-09-14T16:48:42.937+0000][8540][gc,marking   ] GC(10) Concurrent Mark (9.672s)
[2020-09-14T16:48:42.937+0000][8540][gc,marking   ] GC(10) Concurrent Mark From Roots
[2020-09-14T16:48:42.937+0000][8540][gc,task      ] GC(10) Using 5 workers of 5 for marking
[2020-09-14T16:48:42.939+0000][8540][gc,marking   ] GC(10) Concurrent Mark From Roots 1.886ms
[2020-09-14T16:48:42.939+0000][8540][gc,marking   ] GC(10) Concurrent Preclean
[2020-09-14T16:48:42.939+0000][8540][gc,marking   ] GC(10) Concurrent Preclean 0.083ms
[2020-09-14T16:48:42.939+0000][8540][gc,marking   ] GC(10) Concurrent Mark (9.672s, 9.674s) 2.000ms
[2020-09-14T16:48:42.939+0000][8540][gc,start     ] GC(10) Pause Remark
[2020-09-14T16:48:42.940+0000][8540][gc           ] GC(10) Pause Remark 62M->62M(1024M) 1.021ms
[2020-09-14T16:48:42.940+0000][8540][gc,cpu       ] GC(10) User=0.00s Sys=0.00s Real=0.00s
[2020-09-14T16:48:42.940+0000][8540][safepoint    ] Safepoint "G1Concurrent", Time since last: 4044000 ns, Reaching safepoint: 30100 ns, At safepoint: 1074600 ns, Total: 1104700 ns
[2020-09-14T16:48:42.940+0000][8540][gc,marking   ] GC(10) Concurrent Rebuild Remembered Sets
[2020-09-14T16:48:42.942+0000][8540][gc,marking   ] GC(10) Concurrent Rebuild Remembered Sets 2.171ms
[2020-09-14T16:48:42.943+0000][8540][gc,start     ] GC(10) Pause Cleanup
[2020-09-14T16:48:42.943+0000][8540][gc           ] GC(10) Pause Cleanup 62M->62M(1024M) 0.083ms
[2020-09-14T16:48:42.943+0000][8540][gc,cpu       ] GC(10) User=0.00s Sys=0.00s Real=0.00s
[2020-09-14T16:48:42.943+0000][8540][safepoint    ] Safepoint "G1Concurrent", Time since last: 2224100 ns, Reaching safepoint: 499600 ns, At safepoint: 121700 ns, Total: 621300 ns
[2020-09-14T16:48:42.943+0000][8540][gc,marking   ] GC(10) Concurrent Cleanup for Next Mark
[2020-09-14T16:48:42.943+0000][8540][gc,marking   ] GC(10) Concurrent Cleanup for Next Mark 0.517ms
[2020-09-14T16:48:42.943+0000][8540][gc           ] GC(10) Concurrent Cycle 12.481ms
[2020-09-14T16:48:43.712+0000][8540][safepoint    ] Safepoint "ICBufferFull", Time since last: 768140400 ns, Reaching safepoint: 719400 ns, At safepoint: 6200 ns, Total: 725600 ns
[2020-09-14T16:48:44.103+0000][8540][safepoint    ] Safepoint "ICBufferFull", Time since last: 391202100 ns, Reaching safepoint: 121700 ns, At safepoint: 2600 ns, Total: 124300 ns
[2020-09-14T16:48:44.325+0000][8540][safepoint    ] Safepoint "BulkRevokeBias", Time since last: 220849000 ns, Reaching safepoint: 129300 ns, At safepoint: 226200 ns, Total: 355500 ns
[2020-09-14T16:48:44.336+0000][8540][safepoint    ] Safepoint "BulkRevokeBias", Time since last: 11420900 ns, Reaching safepoint: 85500 ns, At safepoint: 403500 ns, Total: 489000 ns
[2020-09-14T16:48:44.388+0000][8540][safepoint    ] Safepoint "ICBufferFull", Time since last: 51097500 ns, Reaching safepoint: 181100 ns, At safepoint: 7600 ns, Total: 188700 ns
[2020-09-14T16:48:44.608+0000][8540][safepoint    ] Safepoint "ICBufferFull", Time since last: 220164500 ns, Reaching safepoint: 185200 ns, At safepoint: 12300 ns, Total: 197500 ns
[2020-09-14T16:48:44.622+0000][8540][safepoint    ] Safepoint "BulkRevokeBias", Time since last: 14102100 ns, Reaching safepoint: 105100 ns, At safepoint: 360700 ns, Total: 465800 ns
[2020-09-14T16:48:44.627+0000][8540][safepoint    ] Safepoint "BulkRevokeBias", Time since last: 3712800 ns, Reaching safepoint: 165500 ns, At safepoint: 386000 ns, Total: 551500 ns
[2020-09-14T16:48:44.980+0000][8540][safepoint    ] Safepoint "ICBufferFull", Time since last: 353287500 ns, Reaching safepoint: 173700 ns, At safepoint: 2500 ns, Total: 176200 ns
[2020-09-14T16:48:46.343+0000][8540][safepoint    ] Safepoint "Cleanup", Time since last: 1362218500 ns, Reaching safepoint: 124400 ns, At safepoint: 1700 ns, Total: 126100 ns
[2020-09-14T16:48:48.173+0000][8540][safepoint    ] Safepoint "Cleanup", Time since last: 1830410500 ns, Reaching safepoint: 106300 ns, At safepoint: 5500 ns, Total: 111800 ns
[2020-09-14T16:48:49.173+0000][8540][safepoint    ] Safepoint "Cleanup", Time since last: 1000196400 ns, Reaching safepoint: 98900 ns, At safepoint: 5900 ns, Total: 104800 ns
[2020-09-14T16:48:51.174+0000][8540][safepoint    ] Safepoint "Cleanup", Time since last: 2000496900 ns, Reaching safepoint: 166000 ns, At safepoint: 5400 ns, Total: 171400 ns
[2020-09-14T16:48:52.174+0000][8540][safepoint    ] Safepoint "Cleanup", Time since last: 1000137100 ns, Reaching safepoint: 94400 ns, At safepoint: 4700 ns, Total: 99100 ns
[2020-09-14T16:48:53.175+0000][8540][safepoint    ] Safepoint "Cleanup", Time since last: 1000207900 ns, Reaching safepoint: 90200 ns, At safepoint: 1500 ns, Total: 91700 ns
[2020-09-14T16:48:55.175+0000][8540][safepoint    ] Safepoint "Cleanup", Time since last: 2000517500 ns, Reaching safepoint: 92500 ns, At safepoint: 4800 ns, Total: 97300 ns
[2020-09-14T16:48:56.176+0000][8540][safepoint    ] Safepoint "Cleanup", Time since last: 1000200600 ns, Reaching safepoint: 83500 ns, At safepoint: 1500 ns, Total: 85000 ns
[2020-09-14T16:49:09.179+0000][8540][safepoint    ] Safepoint "Cleanup", Time since last: 13003639100 ns, Reaching safepoint: 93200 ns, At safepoint: 1800 ns, Total: 95000 ns
[2020-09-14T16:49:12.180+0000][8540][safepoint    ] Safepoint "Cleanup", Time since last: 3000678100 ns, Reaching safepoint: 132400 ns, At safepoint: 1800 ns, Total: 134200 ns
[2020-09-14T16:49:14.508+0000][8540][safepoint    ] Safepoint "Cleanup", Time since last: 2327479000 ns, Reaching safepoint: 80200 ns, At safepoint: 1400 ns, Total: 81600 ns
[2020-09-14T16:49:15.878+0000][8540][safepoint    ] Safepoint "Cleanup", Time since last: 1369846200 ns, Reaching safepoint: 92200 ns, At safepoint: 5300 ns, Total: 97500 ns
[2020-09-14T16:49:16.878+0000][8540][safepoint    ] Safepoint "Cleanup", Time since last: 1000207400 ns, Reaching safepoint: 82200 ns, At safepoint: 3800 ns, Total: 86000 ns
[2020-09-14T16:49:18.879+0000][8540][safepoint    ] Safepoint "Cleanup", Time since last: 2000548000 ns, Reaching safepoint: 86400 ns, At safepoint: 4600 ns, Total: 91000 ns
[2020-09-14T16:49:20.879+0000][8540][safepoint    ] Safepoint "Cleanup", Time since last: 2000251500 ns, Reaching safepoint: 90400 ns, At safepoint: 1800 ns, Total: 92200 ns
[2020-09-14T16:49:22.880+0000][8540][safepoint    ] Safepoint "Cleanup", Time since last: 2000565700 ns, Reaching safepoint: 88400 ns, At safepoint: 1800 ns, Total: 90200 ns
[2020-09-14T16:49:30.882+0000][8540][safepoint    ] Safepoint "Cleanup", Time since last: 8002583300 ns, Reaching safepoint: 93600 ns, At safepoint: 1700 ns, Total: 95300 ns
[2020-09-14T16:49:34.884+0000][8540][safepoint    ] Safepoint "Cleanup", Time since last: 4001129900 ns, Reaching safepoint: 99400 ns, At safepoint: 5200 ns, Total: 104600 ns
[2020-09-14T16:49:38.885+0000][8540][safepoint    ] Safepoint "Cleanup", Time since last: 4001270800 ns, Reaching safepoint: 101900 ns, At safepoint: 1500 ns, Total: 103400 ns
[2020-09-14T16:49:40.885+0000][8540][safepoint    ] Safepoint "Cleanup", Time since last: 2000444500 ns, Reaching safepoint: 97200 ns, At safepoint: 2100 ns, Total: 99300 ns
[2020-09-14T16:49:41.917+0000][8540][safepoint    ] Safepoint "Cleanup", Time since last: 1032101900 ns, Reaching safepoint: 75500 ns, At safepoint: 1500 ns, Total: 77000 ns
[2020-09-14T16:49:41.993+0000][8540][safepoint    ] Safepoint "BulkRevokeBias", Time since last: 75331700 ns, Reaching safepoint: 75900 ns, At safepoint: 313500 ns, Total: 389400 ns
[2020-09-14T16:49:43.007+0000][8540][safepoint    ] Safepoint "Cleanup", Time since last: 1013219100 ns, Reaching safepoint: 90200 ns, At safepoint: 2300 ns, Total: 92500 ns
[2020-09-14T16:49:44.322+0000][8540][safepoint    ] Safepoint "Cleanup", Time since last: 1315063400 ns, Reaching safepoint: 287300 ns, At safepoint: 10300 ns, Total: 297600 ns
[2020-09-14T16:49:45.515+0000][8540][safepoint    ] Safepoint "Cleanup", Time since last: 1192601300 ns, Reaching safepoint: 89400 ns, At safepoint: 1600 ns, Total: 91000 ns
[2020-09-14T16:49:48.516+0000][8540][safepoint    ] Safepoint "Cleanup", Time since last: 3000713800 ns, Reaching safepoint: 93500 ns, At safepoint: 4900 ns, Total: 98400 ns
[2020-09-14T16:50:09.522+0000][8540][safepoint    ] Safepoint "Cleanup", Time since last: 21006278800 ns, Reaching safepoint: 88400 ns, At safepoint: 1500 ns, Total: 89900 ns
[2020-09-14T16:50:11.523+0000][8540][safepoint    ] Safepoint "Cleanup", Time since last: 2000671900 ns, Reaching safepoint: 73500 ns, At safepoint: 4600 ns, Total: 78100 ns
[2020-09-14T16:50:14.524+0000][8540][safepoint    ] Safepoint "Cleanup", Time since last: 3000836900 ns, Reaching safepoint: 113100 ns, At safepoint: 1700 ns, Total: 114800 ns
[2020-09-14T16:50:22.526+0000][8540][safepoint    ] Safepoint "Cleanup", Time since last: 8002482000 ns, Reaching safepoint: 84600 ns, At safepoint: 4800 ns, Total: 89400 ns
[2020-09-14T16:50:23.952+0000][8540][safepoint    ] Safepoint "Cleanup", Time since last: 1425926100 ns, Reaching safepoint: 67800 ns, At safepoint: 6300 ns, Total: 74100 ns
[2020-09-14T16:50:24.970+0000][8540][safepoint    ] Safepoint "Cleanup", Time since last: 1017431900 ns, Reaching safepoint: 93200 ns, At safepoint: 4700 ns, Total: 97900 ns
[2020-09-14T16:50:29.971+0000][8540][safepoint    ] Safepoint "Cleanup", Time since last: 5001673800 ns, Reaching safepoint: 74100 ns, At safepoint: 1400 ns, Total: 75500 ns
[2020-09-14T16:50:30.383+0000][8540][gc,start     ] GC(11) Pause Young (Normal) (G1 Evacuation Pause)
[2020-09-14T16:50:30.383+0000][8540][gc,task      ] GC(11) Using 18 workers of 18 for evacuation
[2020-09-14T16:50:30.383+0000][8540][gc,age       ] GC(11) Desired survivor size 40370176 bytes, new threshold 2 (max threshold 15)
[2020-09-14T16:50:30.397+0000][8540][gc,age       ] GC(11) Age table with threshold 2 (max threshold 15)
[2020-09-14T16:50:30.397+0000][8540][gc,age       ] GC(11) - age   1:   14630576 bytes,   14630576 total
[2020-09-14T16:50:30.397+0000][8540][gc,age       ] GC(11) - age   2:    9435024 bytes,   24065600 total
[2020-09-14T16:50:30.398+0000][8540][gc,phases    ] GC(11)   Pre Evacuate Collection Set: 0.1ms
[2020-09-14T16:50:30.398+0000][8540][gc,phases    ] GC(11)   Merge Heap Roots: 0.1ms
[2020-09-14T16:50:30.398+0000][8540][gc,phases    ] GC(11)   Evacuate Collection Set: 12.8ms
[2020-09-14T16:50:30.398+0000][8540][gc,phases    ] GC(11)   Post Evacuate Collection Set: 1.1ms
[2020-09-14T16:50:30.398+0000][8540][gc,phases    ] GC(11)   Other: 0.2ms
[2020-09-14T16:50:30.398+0000][8540][gc,heap      ] GC(11) Eden regions: 564->0(588)
[2020-09-14T16:50:30.398+0000][8540][gc,heap      ] GC(11) Survivor regions: 50->26(77)
[2020-09-14T16:50:30.398+0000][8540][gc,heap      ] GC(11) Old regions: 10->48
[2020-09-14T16:50:30.398+0000][8540][gc,heap      ] GC(11) Archive regions: 0->0
[2020-09-14T16:50:30.398+0000][8540][gc,heap      ] GC(11) Humongous regions: 7->7
[2020-09-14T16:50:30.398+0000][8540][gc,metaspace ] GC(11) Metaspace: 91458K(99328K)->91458K(99328K) NonClass: 78844K(83584K)->78844K(83584K) Class: 12614K(15744K)->12614K(15744K)
[2020-09-14T16:50:30.398+0000][8540][gc           ] GC(11) Pause Young (Normal) (G1 Evacuation Pause) 630M->80M(1024M) 14.412ms
[2020-09-14T16:50:30.398+0000][8540][gc,cpu       ] GC(11) User=0.00s Sys=0.00s Real=0.02s
[2020-09-14T16:50:30.398+0000][8540][safepoint    ] Safepoint "G1CollectForAllocation", Time since last: 411934600 ns, Reaching safepoint: 89600 ns, At safepoint: 14477500 ns, Total: 14567100 ns
[2020-09-14T16:50:32.398+0000][8540][safepoint    ] Safepoint "Cleanup", Time since last: 2000414600 ns, Reaching safepoint: 105500 ns, At safepoint: 1900 ns, Total: 107400 ns
[2020-09-14T16:50:42.402+0000][8540][safepoint    ] Safepoint "Cleanup", Time since last: 10003123300 ns, Reaching safepoint: 90300 ns, At safepoint: 1700 ns, Total: 92000 ns
[2020-09-14T16:50:44.402+0000][8540][safepoint    ] Safepoint "Cleanup", Time since last: 2000594900 ns, Reaching safepoint: 95100 ns, At safepoint: 1500 ns, Total: 96600 ns
[2020-09-14T16:50:45.403+0000][8540][safepoint    ] Safepoint "Cleanup", Time since last: 1000146200 ns, Reaching safepoint: 87300 ns, At safepoint: 5300 ns, Total: 92600 ns
[2020-09-14T16:50:46.403+0000][8540][safepoint    ] Safepoint "Cleanup", Time since last: 1000219800 ns, Reaching safepoint: 101300 ns, At safepoint: 1800 ns, Total: 103100 ns
[2020-09-14T16:50:47.403+0000][8540][safepoint    ] Safepoint "Cleanup", Time since last: 1000212100 ns, Reaching safepoint: 84200 ns, At safepoint: 4000 ns, Total: 88200 ns
[2020-09-14T16:50:50.404+0000][8540][safepoint    ] Safepoint "Cleanup", Time since last: 3000583600 ns, Reaching safepoint: 75600 ns, At safepoint: 1800 ns, Total: 77400 ns
[2020-09-14T16:50:51.728+0000][8540][safepoint    ] Safepoint "Cleanup", Time since last: 1324503700 ns, Reaching safepoint: 101000 ns, At safepoint: 4600 ns, Total: 105600 ns
[2020-09-14T16:50:52.729+0000][8540][safepoint    ] Safepoint "Cleanup", Time since last: 1000205900 ns, Reaching safepoint: 76500 ns, At safepoint: 1700 ns, Total: 78200 ns
[2020-09-14T16:50:54.729+0000][8540][safepoint    ] Safepoint "Cleanup", Time since last: 2000559200 ns, Reaching safepoint: 143200 ns, At safepoint: 1800 ns, Total: 145000 ns
[2020-09-14T16:50:59.635+0000][8540][safepoint    ] Safepoint "Cleanup", Time since last: 4905703100 ns, Reaching safepoint: 74400 ns, At safepoint: 4600 ns, Total: 79000 ns
[2020-09-14T16:51:01.036+0000][8540][safepoint    ] Safepoint "Cleanup", Time since last: 1400793800 ns, Reaching safepoint: 109400 ns, At safepoint: 5000 ns, Total: 114400 ns
[2020-09-14T16:51:15.040+0000][8540][safepoint    ] Safepoint "Cleanup", Time since last: 14004119800 ns, Reaching safepoint: 86800 ns, At safepoint: 1900 ns, Total: 88700 ns
[2020-09-14T16:51:18.041+0000][8540][safepoint    ] Safepoint "Cleanup", Time since last: 3000862900 ns, Reaching safepoint: 91400 ns, At safepoint: 4800 ns, Total: 96200 ns
[2020-09-14T16:51:22.042+0000][8540][safepoint    ] Safepoint "Cleanup", Time since last: 4000894200 ns, Reaching safepoint: 94700 ns, At safepoint: 1900 ns, Total: 96600 ns
[2020-09-14T16:51:41.048+0000][8540][safepoint    ] Safepoint "Cleanup", Time since last: 19005690000 ns, Reaching safepoint: 106100 ns, At safepoint: 1800 ns, Total: 107900 ns
[2020-09-14T16:51:43.049+0000][8540][safepoint    ] Safepoint "Cleanup", Time since last: 2000406300 ns, Reaching safepoint: 86000 ns, At safepoint: 4700 ns, Total: 90700 ns
[2020-09-14T16:51:45.049+0000][8540][safepoint    ] Safepoint "Cleanup", Time since last: 2000658800 ns, Reaching safepoint: 82700 ns, At safepoint: 1500 ns, Total: 84200 ns
[2020-09-14T16:51:51.051+0000][8540][safepoint    ] Safepoint "Cleanup", Time since last: 6001760900 ns, Reaching safepoint: 82200 ns, At safepoint: 5200 ns, Total: 87400 ns
[2020-09-14T16:51:53.052+0000][8540][safepoint    ] Safepoint "Cleanup", Time since last: 2000543700 ns, Reaching safepoint: 89900 ns, At safepoint: 1800 ns, Total: 91700 ns
[2020-09-14T16:51:56.053+0000][8540][safepoint    ] Safepoint "Cleanup", Time since last: 3000870100 ns, Reaching safepoint: 91000 ns, At safepoint: 1600 ns, Total: 92600 ns
[2020-09-14T16:51:57.053+0000][8540][safepoint    ] Safepoint "Cleanup", Time since last: 1000235900 ns, Reaching safepoint: 81000 ns, At safepoint: 1600 ns, Total: 82600 ns
[2020-09-14T16:51:59.054+0000][8540][safepoint    ] Safepoint "Cleanup", Time since last: 2000314000 ns, Reaching safepoint: 93800 ns, At safepoint: 4800 ns, Total: 98600 ns
[2020-09-14T16:52:05.055+0000][8540][safepoint    ] Safepoint "Cleanup", Time since last: 6001825500 ns, Reaching safepoint: 99500 ns, At safepoint: 4800 ns, Total: 104300 ns
[2020-09-14T16:52:15.059+0000][8540][safepoint    ] Safepoint "Cleanup", Time since last: 10002981600 ns, Reaching safepoint: 93400 ns, At safepoint: 1800 ns, Total: 95200 ns
[2020-09-14T16:52:16.059+0000][8540][safepoint    ] Safepoint "Cleanup", Time since last: 1000245400 ns, Reaching safepoint: 80500 ns, At safepoint: 1700 ns, Total: 82200 ns
[2020-09-14T16:52:33.064+0000][8540][safepoint    ] Safepoint "Cleanup", Time since last: 17004876300 ns, Reaching safepoint: 89200 ns, At safepoint: 1600 ns, Total: 90800 ns
[2020-09-14T16:52:53.070+0000][8540][safepoint    ] Safepoint "Cleanup", Time since last: 20006269400 ns, Reaching safepoint: 90000 ns, At safepoint: 2000 ns, Total: 92000 ns
[2020-09-14T16:53:33.082+0000][8540][safepoint    ] Safepoint "Cleanup", Time since last: 40011482100 ns, Reaching safepoint: 97300 ns, At safepoint: 6000 ns, Total: 103300 ns
[2020-09-14T16:53:44.544+0000][8540][safepoint    ] Safepoint "BulkRevokeBias", Time since last: 11462099700 ns, Reaching safepoint: 89700 ns, At safepoint: 317800 ns, Total: 407500 ns
[2020-09-14T16:53:45.545+0000][8540][safepoint    ] Safepoint "Cleanup", Time since last: 1000380700 ns, Reaching safepoint: 79300 ns, At safepoint: 1600 ns, Total: 80900 ns
[2020-09-14T16:54:17.798+0000][8540][safepoint    ] Safepoint "BulkRevokeBias", Time since last: 32253362500 ns, Reaching safepoint: 92900 ns, At safepoint: 329400 ns, Total: 422300 ns
[2020-09-14T16:54:18.802+0000][8540][safepoint    ] Safepoint "Cleanup", Time since last: 1003423800 ns, Reaching safepoint: 93800 ns, At safepoint: 1500 ns, Total: 95300 ns
[2020-09-14T16:54:44.810+0000][8540][safepoint    ] Safepoint "Cleanup", Time since last: 26007964700 ns, Reaching safepoint: 99900 ns, At safepoint: 1800 ns, Total: 101700 ns
[2020-09-14T16:55:27.255+0000][8540][safepoint    ] Safepoint "Cleanup", Time since last: 42445143700 ns, Reaching safepoint: 79200 ns, At safepoint: 1700 ns, Total: 80900 ns
[2020-09-14T16:55:29.232+0000][8540][safepoint    ] Safepoint "Cleanup", Time since last: 1976355900 ns, Reaching safepoint: 100400 ns, At safepoint: 2000 ns, Total: 102400 ns
[2020-09-14T16:55:36.234+0000][8540][safepoint    ] Safepoint "Cleanup", Time since last: 7002043000 ns, Reaching safepoint: 96800 ns, At safepoint: 1700 ns, Total: 98500 ns
[2020-09-14T16:55:38.235+0000][8540][safepoint    ] Safepoint "Cleanup", Time since last: 2000505300 ns, Reaching safepoint: 84600 ns, At safepoint: 2100 ns, Total: 86700 ns
[2020-09-14T16:55:45.237+0000][8540][safepoint    ] Safepoint "Cleanup", Time since last: 7002467400 ns, Reaching safepoint: 100900 ns, At safepoint: 2000 ns, Total: 102900 ns
[2020-09-14T16:56:25.248+0000][8540][safepoint    ] Safepoint "Cleanup", Time since last: 40011013700 ns, Reaching safepoint: 86800 ns, At safepoint: 1800 ns, Total: 88600 ns
[2020-09-14T16:56:45.254+0000][8540][safepoint    ] Safepoint "Cleanup", Time since last: 20006103800 ns, Reaching safepoint: 93400 ns, At safepoint: 2000 ns, Total: 95400 ns
[2020-09-14T16:57:11.262+0000][8540][safepoint    ] Safepoint "Cleanup", Time since last: 26007954500 ns, Reaching safepoint: 93900 ns, At safepoint: 2000 ns, Total: 95900 ns
[2020-09-14T16:57:15.263+0000][8540][safepoint    ] Safepoint "Cleanup", Time since last: 4000687800 ns, Reaching safepoint: 97600 ns, At safepoint: 1900 ns, Total: 99500 ns
[2020-09-14T16:57:24.266+0000][8540][safepoint    ] Safepoint "Cleanup", Time since last: 9002537300 ns, Reaching safepoint: 85000 ns, At safepoint: 1800 ns, Total: 86800 ns
[2020-09-14T16:57:45.272+0000][8540][safepoint    ] Safepoint "Cleanup", Time since last: 21005963300 ns, Reaching safepoint: 105500 ns, At safepoint: 2100 ns, Total: 107600 ns
[2020-09-14T16:58:15.281+0000][8540][safepoint    ] Safepoint "Cleanup", Time since last: 30008981100 ns, Reaching safepoint: 98200 ns, At safepoint: 5700 ns, Total: 103900 ns
[2020-09-14T16:58:43.289+0000][8540][safepoint    ] Safepoint "Cleanup", Time since last: 28007581800 ns, Reaching safepoint: 110800 ns, At safepoint: 6600 ns, Total: 117400 ns
[2020-09-14T16:58:44.851+0000][8540][safepoint    ] Safepoint "Cleanup", Time since last: 1562518300 ns, Reaching safepoint: 102300 ns, At safepoint: 2100 ns, Total: 104400 ns
[2020-09-14T16:59:14.886+0000][8540][safepoint    ] Safepoint "Cleanup", Time since last: 30034205900 ns, Reaching safepoint: 90800 ns, At safepoint: 5000 ns, Total: 95800 ns
[2020-09-14T16:59:22.888+0000][8540][safepoint    ] Safepoint "Cleanup", Time since last: 8002401600 ns, Reaching safepoint: 81500 ns, At safepoint: 5600 ns, Total: 87100 ns
[2020-09-14T16:59:44.895+0000][8540][safepoint    ] Safepoint "Cleanup", Time since last: 22006925600 ns, Reaching safepoint: 71000 ns, At safepoint: 1600 ns, Total: 72600 ns
[2020-09-14T17:00:56.210+0000][8540][safepoint    ] Safepoint "Cleanup", Time since last: 71315334000 ns, Reaching safepoint: 90600 ns, At safepoint: 4100 ns, Total: 94700 ns
[2020-09-14T17:00:57.214+0000][8540][safepoint    ] Safepoint "Cleanup", Time since last: 1003322000 ns, Reaching safepoint: 88700 ns, At safepoint: 5100 ns, Total: 93800 ns
[2020-09-14T17:00:59.302+0000][8540][safepoint    ] Safepoint "Cleanup", Time since last: 2088184600 ns, Reaching safepoint: 82600 ns, At safepoint: 5300 ns, Total: 87900 ns
[2020-09-14T17:01:15.309+0000][8540][safepoint    ] Safepoint "Cleanup", Time since last: 16006209300 ns, Reaching safepoint: 110400 ns, At safepoint: 1800 ns, Total: 112200 ns
[2020-09-14T17:01:28.312+0000][8540][safepoint    ] Safepoint "Cleanup", Time since last: 13003588400 ns, Reaching safepoint: 89200 ns, At safepoint: 1700 ns, Total: 90900 ns
[2020-09-14T17:01:35.314+0000][8540][safepoint    ] Safepoint "Cleanup", Time since last: 7001791400 ns, Reaching safepoint: 95000 ns, At safepoint: 1600 ns, Total: 96600 ns
[2020-09-14T17:01:37.315+0000][8540][safepoint    ] Safepoint "Cleanup", Time since last: 2000288100 ns, Reaching safepoint: 93800 ns, At safepoint: 1900 ns, Total: 95700 ns
[2020-09-14T17:01:44.910+0000][8540][safepoint    ] Safepoint "Cleanup", Time since last: 7595284500 ns, Reaching safepoint: 85700 ns, At safepoint: 5100 ns, Total: 90800 ns
[2020-09-14T17:01:45.912+0000][8540][safepoint    ] Safepoint "Cleanup", Time since last: 1001567300 ns, Reaching safepoint: 103000 ns, At safepoint: 5900 ns, Total: 108900 ns
[2020-09-14T17:01:48.618+0000][8540][safepoint    ] Safepoint "Cleanup", Time since last: 2706439600 ns, Reaching safepoint: 103500 ns, At safepoint: 5200 ns, Total: 108700 ns
[2020-09-14T17:02:14.626+0000][8540][safepoint    ] Safepoint "Cleanup", Time since last: 26008021600 ns, Reaching safepoint: 103300 ns, At safepoint: 5500 ns, Total: 108800 ns
[2020-09-14T17:02:15.627+0000][8540][safepoint    ] Safepoint "Cleanup", Time since last: 1000196600 ns, Reaching safepoint: 91700 ns, At safepoint: 2000 ns, Total: 93700 ns
[2020-09-14T17:02:28.630+0000][8540][safepoint    ] Safepoint "Cleanup", Time since last: 13003680700 ns, Reaching safepoint: 115900 ns, At safepoint: 2100 ns, Total: 118000 ns
[2020-09-14T17:02:44.635+0000][8540][safepoint    ] Safepoint "Cleanup", Time since last: 16004852900 ns, Reaching safepoint: 98600 ns, At safepoint: 2000 ns, Total: 100600 ns
[2020-09-14T17:02:47.636+0000][8540][safepoint    ] Safepoint "Cleanup", Time since last: 3000860200 ns, Reaching safepoint: 102900 ns, At safepoint: 5100 ns, Total: 108000 ns
[2020-09-14T17:03:01.640+0000][8540][safepoint    ] Safepoint "Cleanup", Time since last: 14003800700 ns, Reaching safepoint: 103700 ns, At safepoint: 2200 ns, Total: 105900 ns
[2020-09-14T17:03:20.945+0000][8540][gc,start     ] GC(12) Pause Young (Normal) (G1 Evacuation Pause)
[2020-09-14T17:03:20.945+0000][8540][gc,task      ] GC(12) Using 18 workers of 18 for evacuation
[2020-09-14T17:03:20.945+0000][8540][gc,age       ] GC(12) Desired survivor size 40370176 bytes, new threshold 15 (max threshold 15)
[2020-09-14T17:03:20.953+0000][8540][gc,age       ] GC(12) Age table with threshold 15 (max threshold 15)
[2020-09-14T17:03:20.953+0000][8540][gc,age       ] GC(12) - age   1:     455704 bytes,     455704 total
[2020-09-14T17:03:20.953+0000][8540][gc,age       ] GC(12) - age   2:   13580976 bytes,   14036680 total
[2020-09-14T17:03:20.953+0000][8540][gc,age       ] GC(12) - age   3:    9433840 bytes,   23470520 total
[2020-09-14T17:03:20.953+0000][8540][gc,phases    ] GC(12)   Pre Evacuate Collection Set: 0.1ms
[2020-09-14T17:03:20.953+0000][8540][gc,phases    ] GC(12)   Merge Heap Roots: 0.1ms
[2020-09-14T17:03:20.953+0000][8540][gc,phases    ] GC(12)   Evacuate Collection Set: 6.5ms
[2020-09-14T17:03:20.953+0000][8540][gc,phases    ] GC(12)   Post Evacuate Collection Set: 0.9ms
[2020-09-14T17:03:20.953+0000][8540][gc,phases    ] GC(12)   Other: 0.3ms
[2020-09-14T17:03:20.953+0000][8540][gc,heap      ] GC(12) Eden regions: 588->0(588)
[2020-09-14T17:03:20.953+0000][8540][gc,heap      ] GC(12) Survivor regions: 26->26(77)
[2020-09-14T17:03:20.953+0000][8540][gc,heap      ] GC(12) Old regions: 48->48
[2020-09-14T17:03:20.953+0000][8540][gc,heap      ] GC(12) Archive regions: 0->0
[2020-09-14T17:03:20.953+0000][8540][gc,heap      ] GC(12) Humongous regions: 7->7
[2020-09-14T17:03:20.953+0000][8540][gc,metaspace ] GC(12) Metaspace: 92207K(100096K)->92207K(100096K) NonClass: 79534K(84352K)->79534K(84352K) Class: 12672K(15744K)->12672K(15744K)
[2020-09-14T17:03:20.953+0000][8540][gc           ] GC(12) Pause Young (Normal) (G1 Evacuation Pause) 668M->79M(1024M) 7.885ms
[2020-09-14T17:03:20.953+0000][8540][gc,cpu       ] GC(12) User=0.30s Sys=0.00s Real=0.01s
[2020-09-14T17:03:20.953+0000][8540][safepoint    ] Safepoint "G1CollectForAllocation", Time since last: 19304987900 ns, Reaching safepoint: 93100 ns, At safepoint: 7962300 ns, Total: 8055400 ns
[2020-09-14T17:03:21.954+0000][8540][safepoint    ] Safepoint "Cleanup", Time since last: 1000350900 ns, Reaching safepoint: 113300 ns, At safepoint: 5600 ns, Total: 118900 ns
[2020-09-14T17:03:45.503+0000][8540][safepoint    ] Safepoint "Cleanup", Time since last: 23549252400 ns, Reaching safepoint: 106300 ns, At safepoint: 6600 ns, Total: 112900 ns
[2020-09-14T17:03:47.504+0000][8540][safepoint    ] Safepoint "Cleanup", Time since last: 2000495400 ns, Reaching safepoint: 98900 ns, At safepoint: 5700 ns, Total: 104600 ns
[2020-09-14T17:04:15.512+0000][8540][safepoint    ] Safepoint "Cleanup", Time since last: 28008095300 ns, Reaching safepoint: 109400 ns, At safepoint: 1700 ns, Total: 111100 ns
[2020-09-14T17:04:45.521+0000][8540][safepoint    ] Safepoint "Cleanup", Time since last: 30008664200 ns, Reaching safepoint: 111700 ns, At safepoint: 2000 ns, Total: 113700 ns
[2020-09-14T17:04:51.523+0000][8540][safepoint    ] Safepoint "Cleanup", Time since last: 6001860300 ns, Reaching safepoint: 96300 ns, At safepoint: 6000 ns, Total: 102300 ns
[2020-09-14T17:05:15.530+0000][8540][safepoint    ] Safepoint "Cleanup", Time since last: 24006946200 ns, Reaching safepoint: 101600 ns, At safepoint: 5900 ns, Total: 107500 ns
[2020-09-14T17:05:45.538+0000][8540][safepoint    ] Safepoint "Cleanup", Time since last: 30008697700 ns, Reaching safepoint: 95000 ns, At safepoint: 5800 ns, Total: 100800 ns
[2020-09-14T17:05:54.541+0000][8540][safepoint    ] Safepoint "Cleanup", Time since last: 9002713200 ns, Reaching safepoint: 120700 ns, At safepoint: 1600 ns, Total: 122300 ns
[2020-09-14T17:06:15.547+0000][8540][safepoint    ] Safepoint "Cleanup", Time since last: 21006081600 ns, Reaching safepoint: 106000 ns, At safepoint: 6000 ns, Total: 112000 ns
[2020-09-14T17:06:45.556+0000][8540][safepoint    ] Safepoint "Cleanup", Time since last: 30008826000 ns, Reaching safepoint: 100700 ns, At safepoint: 5000 ns, Total: 105700 ns
[2020-09-14T17:07:19.560+0000][8540][safepoint    ] Safepoint "Cleanup", Time since last: 34003500500 ns, Reaching safepoint: 91900 ns, At safepoint: 1800 ns, Total: 93700 ns
[2020-09-14T17:07:19.568+0000][8540][safepoint    ] Safepoint "BulkRevokeBias", Time since last: 7338500 ns, Reaching safepoint: 94100 ns, At safepoint: 426500 ns, Total: 520600 ns
[2020-09-14T17:07:19.569+0000][8540][safepoint    ] Safepoint "BulkRevokeBias", Time since last: 1061700 ns, Reaching safepoint: 77100 ns, At safepoint: 346100 ns, Total: 423200 ns
[2020-09-14T17:07:20.668+0000][8540][safepoint    ] Safepoint "Cleanup", Time since last: 1098683000 ns, Reaching safepoint: 163700 ns, At safepoint: 6400 ns, Total: 170100 ns
[2020-09-14T17:07:22.669+0000][8540][safepoint    ] Safepoint "Cleanup", Time since last: 2000451700 ns, Reaching safepoint: 121000 ns, At safepoint: 5800 ns, Total: 126800 ns
[2020-09-14T17:07:23.740+0000][8540][safepoint    ] Safepoint "Cleanup", Time since last: 1071571100 ns, Reaching safepoint: 99300 ns, At safepoint: 5600 ns, Total: 104900 ns
[2020-09-14T17:07:23.801+0000][8540][safepoint    ] Safepoint "BulkRevokeBias", Time since last: 60568400 ns, Reaching safepoint: 89300 ns, At safepoint: 425600 ns, Total: 514900 ns
[2020-09-14T17:07:24.804+0000][8540][safepoint    ] Safepoint "Cleanup", Time since last: 1002024900 ns, Reaching safepoint: 109400 ns, At safepoint: 1800 ns, Total: 111200 ns
[2020-09-14T17:07:45.810+0000][8540][safepoint    ] Safepoint "Cleanup", Time since last: 21006219900 ns, Reaching safepoint: 111900 ns, At safepoint: 2100 ns, Total: 114000 ns
[2020-09-14T17:07:55.170+0000][8540][safepoint    ] Safepoint "Cleanup", Time since last: 9360242900 ns, Reaching safepoint: 94600 ns, At safepoint: 4900 ns, Total: 99500 ns
[2020-09-14T17:07:57.171+0000][8540][safepoint    ] Safepoint "Cleanup", Time since last: 2000592200 ns, Reaching safepoint: 108600 ns, At safepoint: 2100 ns, Total: 110700 ns
[2020-09-14T17:08:19.178+0000][8540][safepoint    ] Safepoint "Cleanup", Time since last: 22006557800 ns, Reaching safepoint: 127400 ns, At safepoint: 6100 ns, Total: 133500 ns
[2020-09-14T17:08:21.168+0000][8540][safepoint    ] Safepoint "Cleanup", Time since last: 1990501700 ns, Reaching safepoint: 174700 ns, At safepoint: 5600 ns, Total: 180300 ns
[2020-09-14T17:08:46.900+0000][8540][safepoint    ] Safepoint "Cleanup", Time since last: 25731128900 ns, Reaching safepoint: 112600 ns, At safepoint: 5000 ns, Total: 117600 ns
[2020-09-14T17:08:49.307+0000][8540][safepoint    ] Safepoint "Cleanup", Time since last: 2406769700 ns, Reaching safepoint: 94300 ns, At safepoint: 1600 ns, Total: 95900 ns
[2020-09-14T17:08:50.874+0000][8540][safepoint    ] Safepoint "Cleanup", Time since last: 1567681900 ns, Reaching safepoint: 93800 ns, At safepoint: 4400 ns, Total: 98200 ns
[2020-09-14T17:08:51.939+0000][8540][safepoint    ] Safepoint "Cleanup", Time since last: 1064453300 ns, Reaching safepoint: 109900 ns, At safepoint: 5900 ns, Total: 115800 ns
[2020-09-14T17:09:42.032+0000][8540][safepoint    ] Safepoint "Cleanup", Time since last: 50092824200 ns, Reaching safepoint: 128000 ns, At safepoint: 6200 ns, Total: 134200 ns
[2020-09-14T17:09:42.975+0000][8540][safepoint    ] Safepoint "BulkRevokeBias", Time since last: 942817800 ns, Reaching safepoint: 115900 ns, At safepoint: 616100 ns, Total: 732000 ns
[2020-09-14T17:09:44.022+0000][8540][safepoint    ] Safepoint "Cleanup", Time since last: 1046110100 ns, Reaching safepoint: 121800 ns, At safepoint: 6700 ns, Total: 128500 ns
[2020-09-14T17:09:44.792+0000][8540][safepoint    ] Safepoint "BulkRevokeBias", Time since last: 769672000 ns, Reaching safepoint: 103600 ns, At safepoint: 503300 ns, Total: 606900 ns
[2020-09-14T17:10:42.812+0000][8540][safepoint    ] Safepoint "Cleanup", Time since last: 58019876200 ns, Reaching safepoint: 121400 ns, At safepoint: 2100 ns, Total: 123500 ns
[2020-09-14T17:10:44.812+0000][8540][safepoint    ] Safepoint "Cleanup", Time since last: 2000364100 ns, Reaching safepoint: 112000 ns, At safepoint: 2000 ns, Total: 114000 ns
[2020-09-14T17:10:48.620+0000][8540][safepoint    ] Safepoint "BulkRevokeBias", Time since last: 3806747000 ns, Reaching safepoint: 118300 ns, At safepoint: 533200 ns, Total: 651500 ns
[2020-09-14T17:10:48.620+0000][8540][safepoint    ] Safepoint "BulkRevokeBias", Time since last: 93300 ns, Reaching safepoint: 88100 ns, At safepoint: 282800 ns, Total: 370900 ns
[2020-09-14T17:10:49.621+0000][8540][safepoint    ] Safepoint "Cleanup", Time since last: 1000249000 ns, Reaching safepoint: 114200 ns, At safepoint: 2000 ns, Total: 116200 ns
[2020-09-14T17:10:55.308+0000][8540][safepoint    ] Safepoint "BulkRevokeBias", Time since last: 5686317100 ns, Reaching safepoint: 104100 ns, At safepoint: 565300 ns, Total: 669400 ns
[2020-09-14T17:11:08.312+0000][8540][safepoint    ] Safepoint "Cleanup", Time since last: 13003858900 ns, Reaching safepoint: 117400 ns, At safepoint: 2300 ns, Total: 119700 ns
[2020-09-14T17:12:37.338+0000][8540][safepoint    ] Safepoint "Cleanup", Time since last: 89026069100 ns, Reaching safepoint: 126100 ns, At safepoint: 2000 ns, Total: 128100 ns
[2020-09-14T17:12:44.340+0000][8540][safepoint    ] Safepoint "Cleanup", Time since last: 7001993300 ns, Reaching safepoint: 121500 ns, At safepoint: 2100 ns, Total: 123600 ns
[2020-09-14T17:12:45.340+0000][8540][safepoint    ] Safepoint "Cleanup", Time since last: 1000155100 ns, Reaching safepoint: 122300 ns, At safepoint: 6600 ns, Total: 128900 ns
[2020-09-14T17:13:57.362+0000][8540][safepoint    ] Safepoint "Cleanup", Time since last: 72022122100 ns, Reaching safepoint: 116800 ns, At safepoint: 6300 ns, Total: 123100 ns
[2020-09-14T17:14:42.376+0000][8540][safepoint    ] Safepoint "Cleanup", Time since last: 45013862500 ns, Reaching safepoint: 113100 ns, At safepoint: 8900 ns, Total: 122000 ns
[2020-09-14T17:14:44.233+0000][8540][safepoint    ] Safepoint "Cleanup", Time since last: 1856906300 ns, Reaching safepoint: 115100 ns, At safepoint: 6900 ns, Total: 122000 ns
[2020-09-14T17:15:11.446+0000][8540][gc,start     ] GC(13) Pause Young (Normal) (G1 Evacuation Pause)
[2020-09-14T17:15:11.446+0000][8540][gc,task      ] GC(13) Using 18 workers of 18 for evacuation
[2020-09-14T17:15:11.446+0000][8540][gc,age       ] GC(13) Desired survivor size 40370176 bytes, new threshold 15 (max threshold 15)
[2020-09-14T17:15:11.453+0000][8540][gc,age       ] GC(13) Age table with threshold 15 (max threshold 15)
[2020-09-14T17:15:11.453+0000][8540][gc,age       ] GC(13) - age   1:    1027416 bytes,    1027416 total
[2020-09-14T17:15:11.453+0000][8540][gc,age       ] GC(13) - age   2:     396712 bytes,    1424128 total
[2020-09-14T17:15:11.453+0000][8540][gc,age       ] GC(13) - age   3:   13498576 bytes,   14922704 total
[2020-09-14T17:15:11.453+0000][8540][gc,age       ] GC(13) - age   4:    9431784 bytes,   24354488 total
[2020-09-14T17:15:11.453+0000][8540][gc,phases    ] GC(13)   Pre Evacuate Collection Set: 0.1ms
[2020-09-14T17:15:11.453+0000][8540][gc,phases    ] GC(13)   Merge Heap Roots: 0.1ms
[2020-09-14T17:15:11.453+0000][8540][gc,phases    ] GC(13)   Evacuate Collection Set: 6.2ms
[2020-09-14T17:15:11.453+0000][8540][gc,phases    ] GC(13)   Post Evacuate Collection Set: 0.8ms
[2020-09-14T17:15:11.453+0000][8540][gc,phases    ] GC(13)   Other: 0.3ms
[2020-09-14T17:15:11.453+0000][8540][gc,heap      ] GC(13) Eden regions: 588->0(588)
[2020-09-14T17:15:11.453+0000][8540][gc,heap      ] GC(13) Survivor regions: 26->26(77)
[2020-09-14T17:15:11.453+0000][8540][gc,heap      ] GC(13) Old regions: 48->48
[2020-09-14T17:15:11.453+0000][8540][gc,heap      ] GC(13) Archive regions: 0->0
[2020-09-14T17:15:11.453+0000][8540][gc,heap      ] GC(13) Humongous regions: 7->7
[2020-09-14T17:15:11.453+0000][8540][gc,metaspace ] GC(13) Metaspace: 92688K(100736K)->92688K(100736K) NonClass: 79975K(84864K)->79975K(84864K) Class: 12712K(15872K)->12712K(15872K)
[2020-09-14T17:15:11.453+0000][8540][gc           ] GC(13) Pause Young (Normal) (G1 Evacuation Pause) 667M->79M(1024M) 7.434ms
[2020-09-14T17:15:11.453+0000][8540][gc,cpu       ] GC(13) User=0.28s Sys=0.00s Real=0.01s
[2020-09-14T17:15:11.453+0000][8540][safepoint    ] Safepoint "G1CollectForAllocation", Time since last: 27211960000 ns, Reaching safepoint: 126800 ns, At safepoint: 7505000 ns, Total: 7631800 ns
[2020-09-14T17:15:15.454+0000][8540][safepoint    ] Safepoint "Cleanup", Time since last: 4000988000 ns, Reaching safepoint: 166400 ns, At safepoint: 6500 ns, Total: 172900 ns
[2020-09-14T17:15:28.127+0000][8540][safepoint    ] Safepoint "Cleanup", Time since last: 12672928300 ns, Reaching safepoint: 133200 ns, At safepoint: 6700 ns, Total: 139900 ns
[2020-09-14T17:15:44.065+0000][8540][safepoint    ] Safepoint "Cleanup", Time since last: 15937255500 ns, Reaching safepoint: 120500 ns, At safepoint: 2200 ns, Total: 122700 ns
[2020-09-14T17:15:45.065+0000][8540][safepoint    ] Safepoint "Cleanup", Time since last: 1000189200 ns, Reaching safepoint: 117000 ns, At safepoint: 5900 ns, Total: 122900 ns
[2020-09-14T17:16:15.074+0000][8540][safepoint    ] Safepoint "Cleanup", Time since last: 30009082100 ns, Reaching safepoint: 118400 ns, At safepoint: 6100 ns, Total: 124500 ns
[2020-09-14T17:16:24.077+0000][8540][safepoint    ] Safepoint "Cleanup", Time since last: 9002786500 ns, Reaching safepoint: 131500 ns, At safepoint: 1900 ns, Total: 133400 ns
[2020-09-14T17:16:45.083+0000][8540][safepoint    ] Safepoint "Cleanup", Time since last: 21005529600 ns, Reaching safepoint: 123600 ns, At safepoint: 6600 ns, Total: 130200 ns
[2020-09-14T17:17:15.091+0000][8540][safepoint    ] Safepoint "Cleanup", Time since last: 30007978300 ns, Reaching safepoint: 109600 ns, At safepoint: 2000 ns, Total: 111600 ns
[2020-09-14T17:17:45.100+0000][8540][safepoint    ] Safepoint "Cleanup", Time since last: 30008816700 ns, Reaching safepoint: 129000 ns, At safepoint: 7100 ns, Total: 136100 ns
[2020-09-14T17:18:40.626+0000][8540][safepoint    ] Safepoint "Cleanup", Time since last: 55526650800 ns, Reaching safepoint: 119600 ns, At safepoint: 12600 ns, Total: 132200 ns
[2020-09-14T17:18:40.974+0000][8540][safepoint    ] Safepoint "BulkRevokeBias", Time since last: 346847100 ns, Reaching safepoint: 97000 ns, At safepoint: 711300 ns, Total: 808300 ns
[2020-09-14T17:18:40.976+0000][8540][safepoint    ] Safepoint "BulkRevokeBias", Time since last: 1718400 ns, Reaching safepoint: 165700 ns, At safepoint: 744700 ns, Total: 910400 ns
[2020-09-14T17:18:40.977+0000][8540][safepoint    ] Safepoint "BulkRevokeBias", Time since last: 200600 ns, Reaching safepoint: 282500 ns, At safepoint: 275200 ns, Total: 557700 ns
[2020-09-14T17:18:41.002+0000][8540][safepoint    ] Safepoint "BulkRevokeBias", Time since last: 24104700 ns, Reaching safepoint: 82000 ns, At safepoint: 374100 ns, Total: 456100 ns
[2020-09-14T17:18:41.010+0000][8540][gc,heap,exit ] Heap
[2020-09-14T17:18:41.010+0000][8540][gc,heap,exit ]  garbage-first heap   total 1048576K, used 251637K [0x00000000c0000000, 0x0000000100000000)
[2020-09-14T17:18:41.010+0000][8540][gc,heap,exit ]   region size 1024K, 193 young (197632K), 26 survivors (26624K)
[2020-09-14T17:18:41.010+0000][8540][gc,heap,exit ]  Metaspace       used 92919K, capacity 100728K, committed 100908K, reserved 1134592K
[2020-09-14T17:18:41.010+0000][8540][gc,heap,exit ]   class space    used 12744K, capacity 15844K, committed 15872K, reserved 1048576K
