[2020-08-22T20:47:21.386+0000][1580][gc,heap] Heap region size: 1M
[2020-08-22T20:47:21.386+0000][1580][gc,heap,coops] Heap address: 0x00000000c0000000, size: 1024 MB, Compressed Oops mode: 32-bit
[2020-08-22T20:47:21.581+0000][1580][gc           ] Using G1
[2020-08-22T20:47:21.599+0000][1580][gc           ] Periodic GC disabled
[2020-08-22T20:47:21.842+0000][1580][safepoint    ] Safepoint "ICBufferFull", Time since last: 257016600 ns, Reaching safepoint: 116800 ns, At safepoint: 6700 ns, Total: 123500 ns
[2020-08-22T20:47:22.271+0000][1580][safepoint    ] Safepoint "ICBufferFull", Time since last: 428842800 ns, Reaching safepoint: 108200 ns, At safepoint: 6800 ns, Total: 115000 ns
[2020-08-22T20:47:22.338+0000][1580][gc,start     ] GC(0) Pause Young (Normal) (G1 Evacuation Pause)
[2020-08-22T20:47:22.340+0000][1580][gc,task      ] GC(0) Using 18 workers of 18 for evacuation
[2020-08-22T20:47:22.340+0000][1580][gc,age       ] GC(0) Desired survivor size 3670016 bytes, new threshold 15 (max threshold 15)
[2020-08-22T20:47:22.343+0000][1580][gc,age       ] GC(0) Age table with threshold 15 (max threshold 15)
[2020-08-22T20:47:22.343+0000][1580][gc,age       ] GC(0) - age   1:    5520064 bytes,    5520064 total
[2020-08-22T20:47:22.343+0000][1580][gc,phases    ] GC(0)   Pre Evacuate Collection Set: 0.1ms
[2020-08-22T20:47:22.343+0000][1580][gc,phases    ] GC(0)   Merge Heap Roots: 0.0ms
[2020-08-22T20:47:22.343+0000][1580][gc,phases    ] GC(0)   Evacuate Collection Set: 2.7ms
[2020-08-22T20:47:22.343+0000][1580][gc,phases    ] GC(0)   Post Evacuate Collection Set: 0.3ms
[2020-08-22T20:47:22.343+0000][1580][gc,phases    ] GC(0)   Other: 2.2ms
[2020-08-22T20:47:22.343+0000][1580][gc,heap      ] GC(0) Eden regions: 51->0(55)
[2020-08-22T20:47:22.343+0000][1580][gc,heap      ] GC(0) Survivor regions: 0->6(7)
[2020-08-22T20:47:22.343+0000][1580][gc,heap      ] GC(0) Old regions: 0->0
[2020-08-22T20:47:22.343+0000][1580][gc,heap      ] GC(0) Archive regions: 0->0
[2020-08-22T20:47:22.343+0000][1580][gc,heap      ] GC(0) Humongous regions: 1->1
[2020-08-22T20:47:22.343+0000][1580][gc,metaspace ] GC(0) Metaspace: 11951K(12416K)->11951K(12416K) NonClass: 10492K(10752K)->10492K(10752K) Class: 1459K(1664K)->1459K(1664K)
[2020-08-22T20:47:22.343+0000][1580][gc           ] GC(0) Pause Young (Normal) (G1 Evacuation Pause) 52M->6M(1024M) 5.359ms
[2020-08-22T20:47:22.343+0000][1580][gc,cpu       ] GC(0) User=0.00s Sys=0.00s Real=0.00s
[2020-08-22T20:47:22.343+0000][1580][safepoint    ] Safepoint "G1CollectForAllocation", Time since last: 66299000 ns, Reaching safepoint: 51700 ns, At safepoint: 5415400 ns, Total: 5467100 ns
[2020-08-22T20:47:22.532+0000][1580][safepoint    ] Safepoint "ICBufferFull", Time since last: 189382900 ns, Reaching safepoint: 124200 ns, At safepoint: 3700 ns, Total: 127900 ns
[2020-08-22T20:47:22.658+0000][1580][gc,start     ] GC(1) Pause Young (Normal) (G1 Evacuation Pause)
[2020-08-22T20:47:22.658+0000][1580][gc,task      ] GC(1) Using 18 workers of 18 for evacuation
[2020-08-22T20:47:22.658+0000][1580][gc,age       ] GC(1) Desired survivor size 4194304 bytes, new threshold 1 (max threshold 15)
[2020-08-22T20:47:22.662+0000][1580][gc,age       ] GC(1) Age table with threshold 1 (max threshold 15)
[2020-08-22T20:47:22.662+0000][1580][gc,age       ] GC(1) - age   1:    3206624 bytes,    3206624 total
[2020-08-22T20:47:22.662+0000][1580][gc,phases    ] GC(1)   Pre Evacuate Collection Set: 0.0ms
[2020-08-22T20:47:22.662+0000][1580][gc,phases    ] GC(1)   Merge Heap Roots: 0.0ms
[2020-08-22T20:47:22.662+0000][1580][gc,phases    ] GC(1)   Evacuate Collection Set: 3.3ms
[2020-08-22T20:47:22.662+0000][1580][gc,phases    ] GC(1)   Post Evacuate Collection Set: 0.4ms
[2020-08-22T20:47:22.662+0000][1580][gc,phases    ] GC(1)   Other: 0.2ms
[2020-08-22T20:47:22.662+0000][1580][gc,heap      ] GC(1) Eden regions: 55->0(120)
[2020-08-22T20:47:22.662+0000][1580][gc,heap      ] GC(1) Survivor regions: 6->4(8)
[2020-08-22T20:47:22.662+0000][1580][gc,heap      ] GC(1) Old regions: 0->6
[2020-08-22T20:47:22.662+0000][1580][gc,heap      ] GC(1) Archive regions: 0->0
[2020-08-22T20:47:22.662+0000][1580][gc,heap      ] GC(1) Humongous regions: 1->1
[2020-08-22T20:47:22.662+0000][1580][gc,metaspace ] GC(1) Metaspace: 14361K(14976K)->14361K(14976K) NonClass: 12679K(13056K)->12679K(13056K) Class: 1681K(1920K)->1681K(1920K)
[2020-08-22T20:47:22.662+0000][1580][gc           ] GC(1) Pause Young (Normal) (G1 Evacuation Pause) 61M->9M(1024M) 4.110ms
[2020-08-22T20:47:22.662+0000][1580][gc,cpu       ] GC(1) User=0.00s Sys=0.00s Real=0.00s
[2020-08-22T20:47:22.662+0000][1580][safepoint    ] Safepoint "G1CollectForAllocation", Time since last: 125412200 ns, Reaching safepoint: 80100 ns, At safepoint: 4164500 ns, Total: 4244600 ns
[2020-08-22T20:47:22.886+0000][1580][gc,start     ] GC(2) Pause Young (Normal) (G1 Evacuation Pause)
[2020-08-22T20:47:22.886+0000][1580][gc,task      ] GC(2) Using 18 workers of 18 for evacuation
[2020-08-22T20:47:22.886+0000][1580][gc,age       ] GC(2) Desired survivor size 8388608 bytes, new threshold 15 (max threshold 15)
[2020-08-22T20:47:22.887+0000][1580][gc,age       ] GC(2) Age table with threshold 15 (max threshold 15)
[2020-08-22T20:47:22.887+0000][1580][gc,age       ] GC(2) - age   1:    2808664 bytes,    2808664 total
[2020-08-22T20:47:22.887+0000][1580][gc,age       ] GC(2) - age   2:    2199112 bytes,    5007776 total
[2020-08-22T20:47:22.887+0000][1580][gc,phases    ] GC(2)   Pre Evacuate Collection Set: 0.0ms
[2020-08-22T20:47:22.887+0000][1580][gc,phases    ] GC(2)   Merge Heap Roots: 0.0ms
[2020-08-22T20:47:22.887+0000][1580][gc,phases    ] GC(2)   Evacuate Collection Set: 1.0ms
[2020-08-22T20:47:22.887+0000][1580][gc,phases    ] GC(2)   Post Evacuate Collection Set: 0.3ms
[2020-08-22T20:47:22.887+0000][1580][gc,phases    ] GC(2)   Other: 0.2ms
[2020-08-22T20:47:22.887+0000][1580][gc,heap      ] GC(2) Eden regions: 120->0(608)
[2020-08-22T20:47:22.887+0000][1580][gc,heap      ] GC(2) Survivor regions: 4->6(16)
[2020-08-22T20:47:22.887+0000][1580][gc,heap      ] GC(2) Old regions: 6->6
[2020-08-22T20:47:22.887+0000][1580][gc,heap      ] GC(2) Archive regions: 0->0
[2020-08-22T20:47:22.887+0000][1580][gc,heap      ] GC(2) Humongous regions: 2->1
[2020-08-22T20:47:22.887+0000][1580][gc,metaspace ] GC(2) Metaspace: 17436K(18304K)->17436K(18304K) NonClass: 15324K(15872K)->15324K(15872K) Class: 2112K(2432K)->2112K(2432K)
[2020-08-22T20:47:22.888+0000][1580][gc           ] GC(2) Pause Young (Normal) (G1 Evacuation Pause) 130M->11M(1024M) 1.599ms
[2020-08-22T20:47:22.888+0000][1580][gc,cpu       ] GC(2) User=0.00s Sys=0.00s Real=0.00s
[2020-08-22T20:47:22.888+0000][1580][safepoint    ] Safepoint "G1CollectForAllocation", Time since last: 223540400 ns, Reaching safepoint: 112300 ns, At safepoint: 1654300 ns, Total: 1766600 ns
[2020-08-22T20:47:22.888+0000][1580][safepoint    ] Safepoint "BulkRevokeBias", Time since last: 95300 ns, Reaching safepoint: 43000 ns, At safepoint: 38700 ns, Total: 81700 ns
[2020-08-22T20:47:22.888+0000][1580][safepoint    ] Safepoint "BulkRevokeBias", Time since last: 242100 ns, Reaching safepoint: 34300 ns, At safepoint: 54200 ns, Total: 88500 ns
[2020-08-22T20:47:22.888+0000][1580][safepoint    ] Safepoint "BulkRevokeBias", Time since last: 52500 ns, Reaching safepoint: 26900 ns, At safepoint: 32300 ns, Total: 59200 ns
[2020-08-22T20:47:23.359+0000][1580][safepoint    ] Safepoint "ICBufferFull", Time since last: 470931800 ns, Reaching safepoint: 119500 ns, At safepoint: 6400 ns, Total: 125900 ns
[2020-08-22T20:47:23.421+0000][1580][gc,start     ] GC(3) Pause Young (Normal) (G1 Evacuation Pause)
[2020-08-22T20:47:23.421+0000][1580][gc,task      ] GC(3) Using 18 workers of 18 for evacuation
[2020-08-22T20:47:23.421+0000][1580][gc,age       ] GC(3) Desired survivor size 40370176 bytes, new threshold 15 (max threshold 15)
[2020-08-22T20:47:23.423+0000][1580][gc,age       ] GC(3) Age table with threshold 15 (max threshold 15)
[2020-08-22T20:47:23.423+0000][1580][gc,age       ] GC(3) - age   1:    6032512 bytes,    6032512 total
[2020-08-22T20:47:23.423+0000][1580][gc,age       ] GC(3) - age   2:    2742064 bytes,    8774576 total
[2020-08-22T20:47:23.423+0000][1580][gc,age       ] GC(3) - age   3:    2198984 bytes,   10973560 total
[2020-08-22T20:47:23.423+0000][1580][gc,phases    ] GC(3)   Pre Evacuate Collection Set: 0.1ms
[2020-08-22T20:47:23.423+0000][1580][gc,phases    ] GC(3)   Merge Heap Roots: 0.1ms
[2020-08-22T20:47:23.423+0000][1580][gc,phases    ] GC(3)   Evacuate Collection Set: 1.8ms
[2020-08-22T20:47:23.423+0000][1580][gc,phases    ] GC(3)   Post Evacuate Collection Set: 0.5ms
[2020-08-22T20:47:23.423+0000][1580][gc,phases    ] GC(3)   Other: 0.3ms
[2020-08-22T20:47:23.423+0000][1580][gc,heap      ] GC(3) Eden regions: 608->0(603)
[2020-08-22T20:47:23.423+0000][1580][gc,heap      ] GC(3) Survivor regions: 6->11(77)
[2020-08-22T20:47:23.423+0000][1580][gc,heap      ] GC(3) Old regions: 6->6
[2020-08-22T20:47:23.423+0000][1580][gc,heap      ] GC(3) Archive regions: 0->0
[2020-08-22T20:47:23.423+0000][1580][gc,heap      ] GC(3) Humongous regions: 1->1
[2020-08-22T20:47:23.423+0000][1580][gc,metaspace ] GC(3) Metaspace: 19683K(21248K)->19683K(21248K) NonClass: 17299K(18432K)->17299K(18432K) Class: 2384K(2816K)->2384K(2816K)
[2020-08-22T20:47:23.423+0000][1580][gc           ] GC(3) Pause Young (Normal) (G1 Evacuation Pause) 619M->17M(1024M) 2.804ms
[2020-08-22T20:47:23.423+0000][1580][gc,cpu       ] GC(3) User=0.30s Sys=0.00s Real=0.00s
[2020-08-22T20:47:23.423+0000][1580][safepoint    ] Safepoint "G1CollectForAllocation", Time since last: 61178000 ns, Reaching safepoint: 55200 ns, At safepoint: 2868100 ns, Total: 2923300 ns
[2020-08-22T20:47:23.424+0000][1580][safepoint    ] Safepoint "BulkRevokeBias", Time since last: 127800 ns, Reaching safepoint: 46800 ns, At safepoint: 46600 ns, Total: 93400 ns
[2020-08-22T20:47:23.425+0000][1580][safepoint    ] Safepoint "BulkRevokeBias", Time since last: 903900 ns, Reaching safepoint: 56000 ns, At safepoint: 36400 ns, Total: 92400 ns
[2020-08-22T20:47:23.425+0000][1580][safepoint    ] Safepoint "BulkRevokeBias", Time since last: 24500 ns, Reaching safepoint: 40600 ns, At safepoint: 25900 ns, Total: 66500 ns
[2020-08-22T20:47:23.519+0000][1580][gc,start     ] GC(4) Pause Young (Concurrent Start) (Metadata GC Threshold)
[2020-08-22T20:47:23.519+0000][1580][gc,task      ] GC(4) Using 18 workers of 18 for evacuation
[2020-08-22T20:47:23.519+0000][1580][gc,age       ] GC(4) Desired survivor size 40370176 bytes, new threshold 15 (max threshold 15)
[2020-08-22T20:47:23.521+0000][1580][gc,age       ] GC(4) Age table with threshold 15 (max threshold 15)
[2020-08-22T20:47:23.521+0000][1580][gc,age       ] GC(4) - age   1:     270040 bytes,     270040 total
[2020-08-22T20:47:23.521+0000][1580][gc,age       ] GC(4) - age   2:    5043856 bytes,    5313896 total
[2020-08-22T20:47:23.521+0000][1580][gc,age       ] GC(4) - age   3:    2742048 bytes,    8055944 total
[2020-08-22T20:47:23.521+0000][1580][gc,age       ] GC(4) - age   4:    2198984 bytes,   10254928 total
[2020-08-22T20:47:23.521+0000][1580][gc,phases    ] GC(4)   Pre Evacuate Collection Set: 0.1ms
[2020-08-22T20:47:23.521+0000][1580][gc,phases    ] GC(4)   Merge Heap Roots: 0.0ms
[2020-08-22T20:47:23.521+0000][1580][gc,phases    ] GC(4)   Evacuate Collection Set: 1.6ms
[2020-08-22T20:47:23.521+0000][1580][gc,phases    ] GC(4)   Post Evacuate Collection Set: 0.3ms
[2020-08-22T20:47:23.521+0000][1580][gc,phases    ] GC(4)   Other: 0.3ms
[2020-08-22T20:47:23.521+0000][1580][gc,heap      ] GC(4) Eden regions: 148->0(603)
[2020-08-22T20:47:23.521+0000][1580][gc,heap      ] GC(4) Survivor regions: 11->11(77)
[2020-08-22T20:47:23.521+0000][1580][gc,heap      ] GC(4) Old regions: 6->6
[2020-08-22T20:47:23.521+0000][1580][gc,heap      ] GC(4) Archive regions: 0->0
[2020-08-22T20:47:23.521+0000][1580][gc,heap      ] GC(4) Humongous regions: 1->1
[2020-08-22T20:47:23.521+0000][1580][gc,metaspace ] GC(4) Metaspace: 19824K(21248K)->19824K(21248K) NonClass: 17413K(18432K)->17413K(18432K) Class: 2410K(2816K)->2410K(2816K)
[2020-08-22T20:47:23.521+0000][1580][gc           ] GC(4) Pause Young (Concurrent Start) (Metadata GC Threshold) 164M->16M(1024M) 2.372ms
[2020-08-22T20:47:23.521+0000][1580][gc,cpu       ] GC(4) User=0.00s Sys=0.00s Real=0.00s
[2020-08-22T20:47:23.521+0000][1580][gc           ] GC(5) Concurrent Cycle
[2020-08-22T20:47:23.521+0000][1580][gc,marking   ] GC(5) Concurrent Clear Claimed Marks
[2020-08-22T20:47:23.521+0000][1580][safepoint    ] Safepoint "CollectForMetadataAllocation", Time since last: 94153700 ns, Reaching safepoint: 53900 ns, At safepoint: 2520600 ns, Total: 2574500 ns
[2020-08-22T20:47:23.521+0000][1580][gc,marking   ] GC(5) Concurrent Clear Claimed Marks 0.036ms
[2020-08-22T20:47:23.521+0000][1580][gc,marking   ] GC(5) Concurrent Scan Root Regions
[2020-08-22T20:47:23.522+0000][1580][gc,marking   ] GC(5) Concurrent Scan Root Regions 0.985ms
[2020-08-22T20:47:23.522+0000][1580][gc,marking   ] GC(5) Concurrent Mark (2.144s)
[2020-08-22T20:47:23.522+0000][1580][gc,marking   ] GC(5) Concurrent Mark From Roots
[2020-08-22T20:47:23.522+0000][1580][gc,task      ] GC(5) Using 5 workers of 5 for marking
[2020-08-22T20:47:23.525+0000][1580][gc,marking   ] GC(5) Concurrent Mark From Roots 2.146ms
[2020-08-22T20:47:23.525+0000][1580][gc,marking   ] GC(5) Concurrent Preclean
[2020-08-22T20:47:23.525+0000][1580][gc,marking   ] GC(5) Concurrent Preclean 0.084ms
[2020-08-22T20:47:23.525+0000][1580][gc,marking   ] GC(5) Concurrent Mark (2.144s, 2.147s) 2.260ms
[2020-08-22T20:47:23.525+0000][1580][gc,start     ] GC(5) Pause Remark
[2020-08-22T20:47:23.526+0000][1580][gc           ] GC(5) Pause Remark 19M->19M(1024M) 0.823ms
[2020-08-22T20:47:23.526+0000][1580][gc,cpu       ] GC(5) User=0.00s Sys=0.00s Real=0.00s
[2020-08-22T20:47:23.526+0000][1580][safepoint    ] Safepoint "G1Concurrent", Time since last: 3299400 ns, Reaching safepoint: 64200 ns, At safepoint: 864700 ns, Total: 928900 ns
[2020-08-22T20:47:23.526+0000][1580][gc,marking   ] GC(5) Concurrent Rebuild Remembered Sets
[2020-08-22T20:47:23.527+0000][1580][gc,marking   ] GC(5) Concurrent Rebuild Remembered Sets 1.252ms
[2020-08-22T20:47:23.527+0000][1580][gc,start     ] GC(5) Pause Cleanup
[2020-08-22T20:47:23.527+0000][1580][gc           ] GC(5) Pause Cleanup 21M->21M(1024M) 0.085ms
[2020-08-22T20:47:23.527+0000][1580][gc,cpu       ] GC(5) User=0.00s Sys=0.00s Real=0.00s
[2020-08-22T20:47:23.527+0000][1580][safepoint    ] Safepoint "G1Concurrent", Time since last: 1293100 ns, Reaching safepoint: 222700 ns, At safepoint: 122300 ns, Total: 345000 ns
[2020-08-22T20:47:23.527+0000][1580][gc,marking   ] GC(5) Concurrent Cleanup for Next Mark
[2020-08-22T20:47:23.528+0000][1580][gc,marking   ] GC(5) Concurrent Cleanup for Next Mark 0.586ms
[2020-08-22T20:47:23.528+0000][1580][gc           ] GC(5) Concurrent Cycle 6.567ms
[2020-08-22T20:47:23.905+0000][1580][gc,start     ] GC(6) Pause Young (Normal) (G1 Evacuation Pause)
[2020-08-22T20:47:23.905+0000][1580][gc,task      ] GC(6) Using 18 workers of 18 for evacuation
[2020-08-22T20:47:23.905+0000][1580][gc,age       ] GC(6) Desired survivor size 40370176 bytes, new threshold 15 (max threshold 15)
[2020-08-22T20:47:23.908+0000][1580][gc,age       ] GC(6) Age table with threshold 15 (max threshold 15)
[2020-08-22T20:47:23.908+0000][1580][gc,age       ] GC(6) - age   1:    2760656 bytes,    2760656 total
[2020-08-22T20:47:23.908+0000][1580][gc,age       ] GC(6) - age   2:     245424 bytes,    3006080 total
[2020-08-22T20:47:23.908+0000][1580][gc,age       ] GC(6) - age   3:    5041240 bytes,    8047320 total
[2020-08-22T20:47:23.908+0000][1580][gc,age       ] GC(6) - age   4:    2740704 bytes,   10788024 total
[2020-08-22T20:47:23.908+0000][1580][gc,age       ] GC(6) - age   5:    2198584 bytes,   12986608 total
[2020-08-22T20:47:23.908+0000][1580][gc,phases    ] GC(6)   Pre Evacuate Collection Set: 0.1ms
[2020-08-22T20:47:23.908+0000][1580][gc,phases    ] GC(6)   Merge Heap Roots: 0.1ms
[2020-08-22T20:47:23.908+0000][1580][gc,phases    ] GC(6)   Evacuate Collection Set: 1.9ms
[2020-08-22T20:47:23.908+0000][1580][gc,phases    ] GC(6)   Post Evacuate Collection Set: 0.4ms
[2020-08-22T20:47:23.908+0000][1580][gc,phases    ] GC(6)   Other: 0.2ms
[2020-08-22T20:47:23.908+0000][1580][gc,heap      ] GC(6) Eden regions: 603->0(600)
[2020-08-22T20:47:23.908+0000][1580][gc,heap      ] GC(6) Survivor regions: 11->14(77)
[2020-08-22T20:47:23.908+0000][1580][gc,heap      ] GC(6) Old regions: 6->6
[2020-08-22T20:47:23.908+0000][1580][gc,heap      ] GC(6) Archive regions: 0->0
[2020-08-22T20:47:23.908+0000][1580][gc,heap      ] GC(6) Humongous regions: 1->1
[2020-08-22T20:47:23.908+0000][1580][gc,metaspace ] GC(6) Metaspace: 20529K(22400K)->20529K(22400K) NonClass: 18006K(19456K)->18006K(19456K) Class: 2522K(2944K)->2522K(2944K)
[2020-08-22T20:47:23.908+0000][1580][gc           ] GC(6) Pause Young (Normal) (G1 Evacuation Pause) 619M->19M(1024M) 2.835ms
[2020-08-22T20:47:23.908+0000][1580][gc,cpu       ] GC(6) User=0.02s Sys=0.00s Real=0.00s
[2020-08-22T20:47:23.908+0000][1580][safepoint    ] Safepoint "G1CollectForAllocation", Time since last: 377680100 ns, Reaching safepoint: 64400 ns, At safepoint: 2894700 ns, Total: 2959100 ns
[2020-08-22T20:47:24.459+0000][1580][safepoint    ] Safepoint "ICBufferFull", Time since last: 550294700 ns, Reaching safepoint: 165800 ns, At safepoint: 8400 ns, Total: 174200 ns
[2020-08-22T20:47:24.796+0000][1580][safepoint    ] Safepoint "ICBufferFull", Time since last: 337680800 ns, Reaching safepoint: 126200 ns, At safepoint: 2000 ns, Total: 128200 ns
[2020-08-22T20:47:25.307+0000][1580][gc,start     ] GC(7) Pause Young (Concurrent Start) (Metadata GC Threshold)
[2020-08-22T20:47:25.307+0000][1580][gc,task      ] GC(7) Using 18 workers of 18 for evacuation
[2020-08-22T20:47:25.307+0000][1580][gc,age       ] GC(7) Desired survivor size 40370176 bytes, new threshold 15 (max threshold 15)
[2020-08-22T20:47:25.315+0000][1580][gc,age       ] GC(7) Age table with threshold 15 (max threshold 15)
[2020-08-22T20:47:25.315+0000][1580][gc,age       ] GC(7) - age   1:   31351712 bytes,   31351712 total
[2020-08-22T20:47:25.315+0000][1580][gc,age       ] GC(7) - age   2:    2682304 bytes,   34034016 total
[2020-08-22T20:47:25.315+0000][1580][gc,age       ] GC(7) - age   3:     241168 bytes,   34275184 total
[2020-08-22T20:47:25.315+0000][1580][gc,age       ] GC(7) - age   4:    4999632 bytes,   39274816 total
[2020-08-22T20:47:25.315+0000][1580][gc,age       ] GC(7) - age   5:    2703040 bytes,   41977856 total
[2020-08-22T20:47:25.315+0000][1580][gc,age       ] GC(7) - age   6:    2157152 bytes,   44135008 total
[2020-08-22T20:47:25.315+0000][1580][gc,phases    ] GC(7)   Pre Evacuate Collection Set: 0.1ms
[2020-08-22T20:47:25.315+0000][1580][gc,phases    ] GC(7)   Merge Heap Roots: 0.1ms
[2020-08-22T20:47:25.315+0000][1580][gc,phases    ] GC(7)   Evacuate Collection Set: 6.5ms
[2020-08-22T20:47:25.315+0000][1580][gc,phases    ] GC(7)   Post Evacuate Collection Set: 0.8ms
[2020-08-22T20:47:25.315+0000][1580][gc,phases    ] GC(7)   Other: 0.3ms
[2020-08-22T20:47:25.315+0000][1580][gc,heap      ] GC(7) Eden regions: 361->0(570)
[2020-08-22T20:47:25.315+0000][1580][gc,heap      ] GC(7) Survivor regions: 14->44(77)
[2020-08-22T20:47:25.315+0000][1580][gc,heap      ] GC(7) Old regions: 6->6
[2020-08-22T20:47:25.315+0000][1580][gc,heap      ] GC(7) Archive regions: 0->0
[2020-08-22T20:47:25.315+0000][1580][gc,heap      ] GC(7) Humongous regions: 1->1
[2020-08-22T20:47:25.315+0000][1580][gc,metaspace ] GC(7) Metaspace: 32738K(35840K)->32738K(35840K) NonClass: 28471K(30592K)->28471K(30592K) Class: 4267K(5248K)->4267K(5248K)
[2020-08-22T20:47:25.315+0000][1580][gc           ] GC(7) Pause Young (Concurrent Start) (Metadata GC Threshold) 380M->49M(1024M) 7.885ms
[2020-08-22T20:47:25.315+0000][1580][gc,cpu       ] GC(7) User=0.28s Sys=0.00s Real=0.01s
[2020-08-22T20:47:25.315+0000][1580][gc           ] GC(8) Concurrent Cycle
[2020-08-22T20:47:25.315+0000][1580][gc,marking   ] GC(8) Concurrent Clear Claimed Marks
[2020-08-22T20:47:25.315+0000][1580][safepoint    ] Safepoint "CollectForMetadataAllocation", Time since last: 511029100 ns, Reaching safepoint: 112800 ns, At safepoint: 7997100 ns, Total: 8109900 ns
[2020-08-22T20:47:25.315+0000][1580][gc,marking   ] GC(8) Concurrent Clear Claimed Marks 0.116ms
[2020-08-22T20:47:25.315+0000][1580][gc,marking   ] GC(8) Concurrent Scan Root Regions
[2020-08-22T20:47:25.320+0000][1580][gc,marking   ] GC(8) Concurrent Scan Root Regions 4.080ms
[2020-08-22T20:47:25.320+0000][1580][gc,marking   ] GC(8) Concurrent Mark (3.941s)
[2020-08-22T20:47:25.320+0000][1580][gc,marking   ] GC(8) Concurrent Mark From Roots
[2020-08-22T20:47:25.320+0000][1580][gc,task      ] GC(8) Using 5 workers of 5 for marking
[2020-08-22T20:47:25.321+0000][1580][gc,marking   ] GC(8) Concurrent Mark From Roots 1.872ms
[2020-08-22T20:47:25.321+0000][1580][gc,marking   ] GC(8) Concurrent Preclean
[2020-08-22T20:47:25.322+0000][1580][gc,marking   ] GC(8) Concurrent Preclean 0.111ms
[2020-08-22T20:47:25.322+0000][1580][gc,marking   ] GC(8) Concurrent Mark (3.941s, 3.943s) 2.053ms
[2020-08-22T20:47:25.322+0000][1580][gc,start     ] GC(8) Pause Remark
[2020-08-22T20:47:25.323+0000][1580][gc           ] GC(8) Pause Remark 50M->50M(1024M) 0.911ms
[2020-08-22T20:47:25.323+0000][1580][gc,cpu       ] GC(8) User=0.00s Sys=0.00s Real=0.00s
[2020-08-22T20:47:25.323+0000][1580][safepoint    ] Safepoint "G1Concurrent", Time since last: 6296700 ns, Reaching safepoint: 76600 ns, At safepoint: 983300 ns, Total: 1059900 ns
[2020-08-22T20:47:25.323+0000][1580][gc,marking   ] GC(8) Concurrent Rebuild Remembered Sets
[2020-08-22T20:47:25.324+0000][1580][gc,marking   ] GC(8) Concurrent Rebuild Remembered Sets 1.306ms
[2020-08-22T20:47:25.324+0000][1580][gc,start     ] GC(8) Pause Cleanup
[2020-08-22T20:47:25.324+0000][1580][gc           ] GC(8) Pause Cleanup 50M->50M(1024M) 0.073ms
[2020-08-22T20:47:25.324+0000][1580][gc,cpu       ] GC(8) User=0.00s Sys=0.00s Real=0.00s
[2020-08-22T20:47:25.324+0000][1580][safepoint    ] Safepoint "G1Concurrent", Time since last: 1351900 ns, Reaching safepoint: 275600 ns, At safepoint: 104900 ns, Total: 380500 ns
[2020-08-22T20:47:25.324+0000][1580][gc,marking   ] GC(8) Concurrent Cleanup for Next Mark
[2020-08-22T20:47:25.325+0000][1580][gc,marking   ] GC(8) Concurrent Cleanup for Next Mark 0.490ms
[2020-08-22T20:47:25.325+0000][1580][gc           ] GC(8) Concurrent Cycle 9.665ms
[2020-08-22T20:47:25.707+0000][1580][safepoint    ] Safepoint "ICBufferFull", Time since last: 381996900 ns, Reaching safepoint: 147300 ns, At safepoint: 7700 ns, Total: 155000 ns
[2020-08-22T20:47:26.124+0000][1580][safepoint    ] Safepoint "ICBufferFull", Time since last: 417400600 ns, Reaching safepoint: 122300 ns, At safepoint: 1400 ns, Total: 123700 ns
[2020-08-22T20:47:26.250+0000][1580][safepoint    ] Safepoint "BulkRevokeBias", Time since last: 125856500 ns, Reaching safepoint: 71800 ns, At safepoint: 45800 ns, Total: 117600 ns
[2020-08-22T20:47:26.257+0000][1580][safepoint    ] Safepoint "BulkRevokeBias", Time since last: 7045500 ns, Reaching safepoint: 36700 ns, At safepoint: 50500 ns, Total: 87200 ns
[2020-08-22T20:47:26.750+0000][1580][safepoint    ] Safepoint "ICBufferFull", Time since last: 492325600 ns, Reaching safepoint: 249000 ns, At safepoint: 6400 ns, Total: 255400 ns
[2020-08-22T20:47:26.797+0000][1580][gc,start     ] GC(9) Pause Young (Concurrent Start) (Metadata GC Threshold)
[2020-08-22T20:47:26.797+0000][1580][gc,task      ] GC(9) Using 18 workers of 18 for evacuation
[2020-08-22T20:47:26.797+0000][1580][gc,age       ] GC(9) Desired survivor size 40370176 bytes, new threshold 5 (max threshold 15)
[2020-08-22T20:47:26.807+0000][1580][gc,age       ] GC(9) Age table with threshold 5 (max threshold 15)
[2020-08-22T20:47:26.807+0000][1580][gc,age       ] GC(9) - age   1:   10714872 bytes,   10714872 total
[2020-08-22T20:47:26.807+0000][1580][gc,age       ] GC(9) - age   2:   30976968 bytes,   41691840 total
[2020-08-22T20:47:26.807+0000][1580][gc,age       ] GC(9) - age   3:    2664056 bytes,   44355896 total
[2020-08-22T20:47:26.807+0000][1580][gc,age       ] GC(9) - age   4:     233944 bytes,   44589840 total
[2020-08-22T20:47:26.807+0000][1580][gc,age       ] GC(9) - age   5:    4980080 bytes,   49569920 total
[2020-08-22T20:47:26.807+0000][1580][gc,phases    ] GC(9)   Pre Evacuate Collection Set: 0.2ms
[2020-08-22T20:47:26.807+0000][1580][gc,phases    ] GC(9)   Merge Heap Roots: 0.1ms
[2020-08-22T20:47:26.807+0000][1580][gc,phases    ] GC(9)   Evacuate Collection Set: 8.9ms
[2020-08-22T20:47:26.807+0000][1580][gc,phases    ] GC(9)   Post Evacuate Collection Set: 1.0ms
[2020-08-22T20:47:26.807+0000][1580][gc,phases    ] GC(9)   Other: 0.3ms
[2020-08-22T20:47:26.807+0000][1580][gc,heap      ] GC(9) Eden regions: 288->0(563)
[2020-08-22T20:47:26.807+0000][1580][gc,heap      ] GC(9) Survivor regions: 44->51(77)
[2020-08-22T20:47:26.807+0000][1580][gc,heap      ] GC(9) Old regions: 6->10
[2020-08-22T20:47:26.807+0000][1580][gc,heap      ] GC(9) Archive regions: 0->0
[2020-08-22T20:47:26.807+0000][1580][gc,heap      ] GC(9) Humongous regions: 1->1
[2020-08-22T20:47:26.807+0000][1580][gc,metaspace ] GC(9) Metaspace: 54822K(60288K)->54822K(60288K) NonClass: 47430K(50816K)->47430K(50816K) Class: 7392K(9472K)->7392K(9472K)
[2020-08-22T20:47:26.807+0000][1580][gc           ] GC(9) Pause Young (Concurrent Start) (Metadata GC Threshold) 336M->61M(1024M) 10.516ms
[2020-08-22T20:47:26.807+0000][1580][gc,cpu       ] GC(9) User=0.30s Sys=0.00s Real=0.01s
[2020-08-22T20:47:26.807+0000][1580][gc           ] GC(10) Concurrent Cycle
[2020-08-22T20:47:26.807+0000][1580][gc,marking   ] GC(10) Concurrent Clear Claimed Marks
[2020-08-22T20:47:26.807+0000][1580][safepoint    ] Safepoint "CollectForMetadataAllocation", Time since last: 46879400 ns, Reaching safepoint: 65000 ns, At safepoint: 10656300 ns, Total: 10721300 ns
[2020-08-22T20:47:26.807+0000][1580][gc,marking   ] GC(10) Concurrent Clear Claimed Marks 0.234ms
[2020-08-22T20:47:26.807+0000][1580][gc,marking   ] GC(10) Concurrent Scan Root Regions
[2020-08-22T20:47:26.810+0000][1580][safepoint    ] Safepoint "BulkRevokeBias", Time since last: 3011100 ns, Reaching safepoint: 76800 ns, At safepoint: 100700 ns, Total: 177500 ns
[2020-08-22T20:47:26.813+0000][1580][gc,marking   ] GC(10) Concurrent Scan Root Regions 5.749ms
[2020-08-22T20:47:26.813+0000][1580][gc,marking   ] GC(10) Concurrent Mark (5.435s)
[2020-08-22T20:47:26.813+0000][1580][gc,marking   ] GC(10) Concurrent Mark From Roots
[2020-08-22T20:47:26.813+0000][1580][gc,task      ] GC(10) Using 5 workers of 5 for marking
[2020-08-22T20:47:26.815+0000][1580][gc,marking   ] GC(10) Concurrent Mark From Roots 1.873ms
[2020-08-22T20:47:26.815+0000][1580][gc,marking   ] GC(10) Concurrent Preclean
[2020-08-22T20:47:26.815+0000][1580][gc,marking   ] GC(10) Concurrent Preclean 0.081ms
[2020-08-22T20:47:26.815+0000][1580][gc,marking   ] GC(10) Concurrent Mark (5.435s, 5.437s) 1.991ms
[2020-08-22T20:47:26.815+0000][1580][gc,start     ] GC(10) Pause Remark
[2020-08-22T20:47:26.816+0000][1580][gc           ] GC(10) Pause Remark 63M->63M(1024M) 1.119ms
[2020-08-22T20:47:26.816+0000][1580][gc,cpu       ] GC(10) User=0.00s Sys=0.00s Real=0.00s
[2020-08-22T20:47:26.816+0000][1580][safepoint    ] Safepoint "G1Concurrent", Time since last: 4809300 ns, Reaching safepoint: 41000 ns, At safepoint: 1162300 ns, Total: 1203300 ns
[2020-08-22T20:47:26.816+0000][1580][gc,marking   ] GC(10) Concurrent Rebuild Remembered Sets
[2020-08-22T20:47:26.818+0000][1580][gc,marking   ] GC(10) Concurrent Rebuild Remembered Sets 2.068ms
[2020-08-22T20:47:26.819+0000][1580][gc,start     ] GC(10) Pause Cleanup
[2020-08-22T20:47:26.819+0000][1580][gc           ] GC(10) Pause Cleanup 64M->64M(1024M) 0.099ms
[2020-08-22T20:47:26.819+0000][1580][gc,cpu       ] GC(10) User=0.00s Sys=0.00s Real=0.00s
[2020-08-22T20:47:26.819+0000][1580][safepoint    ] Safepoint "G1Concurrent", Time since last: 2108700 ns, Reaching safepoint: 491600 ns, At safepoint: 141200 ns, Total: 632800 ns
[2020-08-22T20:47:26.819+0000][1580][gc,marking   ] GC(10) Concurrent Cleanup for Next Mark
[2020-08-22T20:47:26.820+0000][1580][gc,marking   ] GC(10) Concurrent Cleanup for Next Mark 0.585ms
[2020-08-22T20:47:26.820+0000][1580][gc           ] GC(10) Concurrent Cycle 12.645ms
[2020-08-22T20:47:27.529+0000][1580][safepoint    ] Safepoint "ICBufferFull", Time since last: 708494800 ns, Reaching safepoint: 765400 ns, At safepoint: 9300 ns, Total: 774700 ns
[2020-08-22T20:47:27.886+0000][1580][safepoint    ] Safepoint "BulkRevokeBias", Time since last: 356832400 ns, Reaching safepoint: 115800 ns, At safepoint: 96400 ns, Total: 212200 ns
[2020-08-22T20:47:27.895+0000][1580][safepoint    ] Safepoint "BulkRevokeBias", Time since last: 9245500 ns, Reaching safepoint: 65500 ns, At safepoint: 71800 ns, Total: 137300 ns
[2020-08-22T20:47:28.125+0000][1580][safepoint    ] Safepoint "BulkRevokeBias", Time since last: 230228100 ns, Reaching safepoint: 124000 ns, At safepoint: 245600 ns, Total: 369600 ns
[2020-08-22T20:47:28.261+0000][1580][safepoint    ] Safepoint "ICBufferFull", Time since last: 135316900 ns, Reaching safepoint: 216700 ns, At safepoint: 9700 ns, Total: 226400 ns
[2020-08-22T20:47:28.437+0000][1580][safepoint    ] Safepoint "ICBufferFull", Time since last: 176027700 ns, Reaching safepoint: 175200 ns, At safepoint: 9800 ns, Total: 185000 ns
[2020-08-22T20:47:28.446+0000][1580][safepoint    ] Safepoint "BulkRevokeBias", Time since last: 8318800 ns, Reaching safepoint: 82800 ns, At safepoint: 329300 ns, Total: 412100 ns
[2020-08-22T20:47:28.458+0000][1580][safepoint    ] Safepoint "BulkRevokeBias", Time since last: 11176400 ns, Reaching safepoint: 74700 ns, At safepoint: 336300 ns, Total: 411000 ns
[2020-08-22T20:47:28.947+0000][1580][safepoint    ] Safepoint "ICBufferFull", Time since last: 489340300 ns, Reaching safepoint: 177200 ns, At safepoint: 7400 ns, Total: 184600 ns
[2020-08-22T20:47:30.142+0000][1580][safepoint    ] Safepoint "Cleanup", Time since last: 1194299400 ns, Reaching safepoint: 96000 ns, At safepoint: 8600 ns, Total: 104600 ns
[2020-08-22T20:47:32.049+0000][1580][safepoint    ] Safepoint "Cleanup", Time since last: 1906810200 ns, Reaching safepoint: 99400 ns, At safepoint: 1500 ns, Total: 100900 ns
[2020-08-22T20:47:33.049+0000][1580][safepoint    ] Safepoint "Cleanup", Time since last: 1000208500 ns, Reaching safepoint: 94800 ns, At safepoint: 5700 ns, Total: 100500 ns
[2020-08-22T20:47:35.050+0000][1580][safepoint    ] Safepoint "Cleanup", Time since last: 2000507000 ns, Reaching safepoint: 93200 ns, At safepoint: 4900 ns, Total: 98100 ns
[2020-08-22T20:47:36.050+0000][1580][safepoint    ] Safepoint "Cleanup", Time since last: 1000204700 ns, Reaching safepoint: 95200 ns, At safepoint: 5100 ns, Total: 100300 ns
[2020-08-22T20:47:39.051+0000][1580][safepoint    ] Safepoint "Cleanup", Time since last: 3000937600 ns, Reaching safepoint: 86900 ns, At safepoint: 1500 ns, Total: 88400 ns
[2020-08-22T20:47:40.051+0000][1580][safepoint    ] Safepoint "Cleanup", Time since last: 1000096700 ns, Reaching safepoint: 86800 ns, At safepoint: 1500 ns, Total: 88300 ns
[2020-08-22T20:47:41.052+0000][1580][safepoint    ] Safepoint "Cleanup", Time since last: 1000349800 ns, Reaching safepoint: 95700 ns, At safepoint: 4900 ns, Total: 100600 ns
[2020-08-22T20:47:51.055+0000][1580][safepoint    ] Safepoint "Cleanup", Time since last: 10003049900 ns, Reaching safepoint: 114900 ns, At safepoint: 1600 ns, Total: 116500 ns
[2020-08-22T20:47:52.055+0000][1580][safepoint    ] Safepoint "Cleanup", Time since last: 1000194300 ns, Reaching safepoint: 91600 ns, At safepoint: 1600 ns, Total: 93200 ns
[2020-08-22T20:47:58.057+0000][1580][safepoint    ] Safepoint "Cleanup", Time since last: 6001738300 ns, Reaching safepoint: 91000 ns, At safepoint: 1900 ns, Total: 92900 ns
[2020-08-22T20:47:59.702+0000][1580][safepoint    ] Safepoint "Cleanup", Time since last: 1645227600 ns, Reaching safepoint: 99000 ns, At safepoint: 3900 ns, Total: 102900 ns
[2020-08-22T20:48:00.293+0000][1580][safepoint    ] Safepoint "BulkRevokeBias", Time since last: 590422500 ns, Reaching safepoint: 123800 ns, At safepoint: 542900 ns, Total: 666700 ns
[2020-08-22T20:48:01.331+0000][1580][safepoint    ] Safepoint "Cleanup", Time since last: 1037622400 ns, Reaching safepoint: 101200 ns, At safepoint: 1600 ns, Total: 102800 ns
[2020-08-22T20:48:02.331+0000][1580][safepoint    ] Safepoint "Cleanup", Time since last: 1000197800 ns, Reaching safepoint: 85100 ns, At safepoint: 1600 ns, Total: 86700 ns
[2020-08-22T20:48:03.332+0000][1580][safepoint    ] Safepoint "Cleanup", Time since last: 1000217300 ns, Reaching safepoint: 99800 ns, At safepoint: 1500 ns, Total: 101300 ns
[2020-08-22T20:48:05.090+0000][1580][safepoint    ] Safepoint "Cleanup", Time since last: 1758320300 ns, Reaching safepoint: 101700 ns, At safepoint: 5100 ns, Total: 106800 ns
[2020-08-22T20:48:06.090+0000][1580][safepoint    ] Safepoint "Cleanup", Time since last: 1000193700 ns, Reaching safepoint: 104400 ns, At safepoint: 1900 ns, Total: 106300 ns
[2020-08-22T20:48:07.091+0000][1580][safepoint    ] Safepoint "Cleanup", Time since last: 1000200300 ns, Reaching safepoint: 87500 ns, At safepoint: 1600 ns, Total: 89100 ns
[2020-08-22T20:48:08.187+0000][1580][safepoint    ] Safepoint "Cleanup", Time since last: 1096296500 ns, Reaching safepoint: 91700 ns, At safepoint: 2000 ns, Total: 93700 ns
[2020-08-22T20:48:09.187+0000][1580][safepoint    ] Safepoint "Cleanup", Time since last: 1000210000 ns, Reaching safepoint: 133200 ns, At safepoint: 2000 ns, Total: 135200 ns
[2020-08-22T20:48:11.187+0000][1580][safepoint    ] Safepoint "Cleanup", Time since last: 2000049100 ns, Reaching safepoint: 92900 ns, At safepoint: 1700 ns, Total: 94600 ns
[2020-08-22T20:48:12.188+0000][1580][safepoint    ] Safepoint "Cleanup", Time since last: 1000346100 ns, Reaching safepoint: 100700 ns, At safepoint: 5100 ns, Total: 105800 ns
[2020-08-22T20:48:14.188+0000][1580][safepoint    ] Safepoint "Cleanup", Time since last: 2000370200 ns, Reaching safepoint: 82900 ns, At safepoint: 5600 ns, Total: 88500 ns
[2020-08-22T20:48:16.189+0000][1580][safepoint    ] Safepoint "Cleanup", Time since last: 2000317700 ns, Reaching safepoint: 92100 ns, At safepoint: 1600 ns, Total: 93700 ns
[2020-08-22T20:48:17.189+0000][1580][safepoint    ] Safepoint "Cleanup", Time since last: 1000100200 ns, Reaching safepoint: 98800 ns, At safepoint: 5700 ns, Total: 104500 ns
[2020-08-22T20:48:18.189+0000][1580][safepoint    ] Safepoint "Cleanup", Time since last: 1000333300 ns, Reaching safepoint: 100000 ns, At safepoint: 5700 ns, Total: 105700 ns
[2020-08-22T20:48:20.190+0000][1580][safepoint    ] Safepoint "Cleanup", Time since last: 2000419900 ns, Reaching safepoint: 96200 ns, At safepoint: 1900 ns, Total: 98100 ns
[2020-08-22T20:48:21.190+0000][1580][safepoint    ] Safepoint "Cleanup", Time since last: 1000370300 ns, Reaching safepoint: 104700 ns, At safepoint: 5500 ns, Total: 110200 ns
[2020-08-22T20:48:22.191+0000][1580][safepoint    ] Safepoint "Cleanup", Time since last: 1000034700 ns, Reaching safepoint: 116500 ns, At safepoint: 2000 ns, Total: 118500 ns
[2020-08-22T20:48:23.191+0000][1580][safepoint    ] Safepoint "Cleanup", Time since last: 1000299300 ns, Reaching safepoint: 101000 ns, At safepoint: 5500 ns, Total: 106500 ns
[2020-08-22T20:48:25.191+0000][1580][safepoint    ] Safepoint "Cleanup", Time since last: 2000364000 ns, Reaching safepoint: 100700 ns, At safepoint: 2100 ns, Total: 102800 ns
[2020-08-22T20:48:26.192+0000][1580][safepoint    ] Safepoint "Cleanup", Time since last: 1000227300 ns, Reaching safepoint: 119900 ns, At safepoint: 4900 ns, Total: 124800 ns
[2020-08-22T20:48:27.192+0000][1580][safepoint    ] Safepoint "Cleanup", Time since last: 1000171400 ns, Reaching safepoint: 93000 ns, At safepoint: 5400 ns, Total: 98400 ns
[2020-08-22T20:48:28.353+0000][1580][safepoint    ] Safepoint "Cleanup", Time since last: 1160711200 ns, Reaching safepoint: 88800 ns, At safepoint: 4000 ns, Total: 92800 ns
[2020-08-22T20:48:29.353+0000][1580][safepoint    ] Safepoint "Cleanup", Time since last: 1000080100 ns, Reaching safepoint: 85100 ns, At safepoint: 4500 ns, Total: 89600 ns
[2020-08-22T20:48:31.353+0000][1580][safepoint    ] Safepoint "Cleanup", Time since last: 2000032300 ns, Reaching safepoint: 91600 ns, At safepoint: 1700 ns, Total: 93300 ns
[2020-08-22T20:48:32.353+0000][1580][safepoint    ] Safepoint "Cleanup", Time since last: 1000166600 ns, Reaching safepoint: 86000 ns, At safepoint: 5000 ns, Total: 91000 ns
[2020-08-22T20:48:34.354+0000][1580][safepoint    ] Safepoint "Cleanup", Time since last: 2000421800 ns, Reaching safepoint: 92800 ns, At safepoint: 4800 ns, Total: 97600 ns
[2020-08-22T20:48:53.359+0000][1580][safepoint    ] Safepoint "Cleanup", Time since last: 19005367700 ns, Reaching safepoint: 101100 ns, At safepoint: 5700 ns, Total: 106800 ns
[2020-08-22T20:48:55.360+0000][1580][safepoint    ] Safepoint "Cleanup", Time since last: 2000434900 ns, Reaching safepoint: 102000 ns, At safepoint: 5000 ns, Total: 107000 ns
[2020-08-22T20:48:58.361+0000][1580][safepoint    ] Safepoint "Cleanup", Time since last: 3000811900 ns, Reaching safepoint: 78300 ns, At safepoint: 3500 ns, Total: 81800 ns
[2020-08-22T20:49:01.361+0000][1580][safepoint    ] Safepoint "Cleanup", Time since last: 3000456400 ns, Reaching safepoint: 84900 ns, At safepoint: 5200 ns, Total: 90100 ns
[2020-08-22T20:49:13.364+0000][1580][safepoint    ] Safepoint "Cleanup", Time since last: 12002439000 ns, Reaching safepoint: 95000 ns, At safepoint: 5300 ns, Total: 100300 ns
[2020-08-22T20:49:14.364+0000][1580][safepoint    ] Safepoint "Cleanup", Time since last: 1000308200 ns, Reaching safepoint: 103300 ns, At safepoint: 4700 ns, Total: 108000 ns
[2020-08-22T20:49:16.365+0000][1580][safepoint    ] Safepoint "Cleanup", Time since last: 2000268000 ns, Reaching safepoint: 95200 ns, At safepoint: 5500 ns, Total: 100700 ns
[2020-08-22T20:49:25.367+0000][1580][safepoint    ] Safepoint "Cleanup", Time since last: 9002080300 ns, Reaching safepoint: 92700 ns, At safepoint: 1900 ns, Total: 94600 ns
[2020-08-22T20:49:28.367+0000][1580][safepoint    ] Safepoint "Cleanup", Time since last: 3000423900 ns, Reaching safepoint: 78900 ns, At safepoint: 4100 ns, Total: 83000 ns
[2020-08-22T20:49:29.368+0000][1580][safepoint    ] Safepoint "Cleanup", Time since last: 1000153600 ns, Reaching safepoint: 81800 ns, At safepoint: 4400 ns, Total: 86200 ns
[2020-08-22T20:49:30.368+0000][1580][safepoint    ] Safepoint "Cleanup", Time since last: 1000251900 ns, Reaching safepoint: 93500 ns, At safepoint: 5400 ns, Total: 98900 ns
[2020-08-22T20:49:34.369+0000][1580][safepoint    ] Safepoint "Cleanup", Time since last: 4000816200 ns, Reaching safepoint: 118000 ns, At safepoint: 8400 ns, Total: 126400 ns
[2020-08-22T20:49:35.369+0000][1580][safepoint    ] Safepoint "Cleanup", Time since last: 1000360300 ns, Reaching safepoint: 99600 ns, At safepoint: 1400 ns, Total: 101000 ns
[2020-08-22T20:49:37.369+0000][1580][safepoint    ] Safepoint "Cleanup", Time since last: 1999928400 ns, Reaching safepoint: 91300 ns, At safepoint: 1500 ns, Total: 92800 ns
[2020-08-22T20:49:38.370+0000][1580][safepoint    ] Safepoint "Cleanup", Time since last: 1000078600 ns, Reaching safepoint: 90600 ns, At safepoint: 4800 ns, Total: 95400 ns
[2020-08-22T20:49:39.370+0000][1580][gc,start     ] GC(11) Pause Young (Normal) (G1 Evacuation Pause)
[2020-08-22T20:49:39.370+0000][1580][gc,task      ] GC(11) Using 18 workers of 18 for evacuation
[2020-08-22T20:49:39.370+0000][1580][gc,age       ] GC(11) Desired survivor size 40370176 bytes, new threshold 2 (max threshold 15)
[2020-08-22T20:49:39.385+0000][1580][gc,age       ] GC(11) Age table with threshold 2 (max threshold 15)
[2020-08-22T20:49:39.385+0000][1580][gc,age       ] GC(11) - age   1:   12935176 bytes,   12935176 total
[2020-08-22T20:49:39.385+0000][1580][gc,age       ] GC(11) - age   2:   10140488 bytes,   23075664 total
[2020-08-22T20:49:39.385+0000][1580][gc,phases    ] GC(11)   Pre Evacuate Collection Set: 0.1ms
[2020-08-22T20:49:39.385+0000][1580][gc,phases    ] GC(11)   Merge Heap Roots: 0.1ms
[2020-08-22T20:49:39.385+0000][1580][gc,phases    ] GC(11)   Evacuate Collection Set: 12.8ms
[2020-08-22T20:49:39.385+0000][1580][gc,phases    ] GC(11)   Post Evacuate Collection Set: 1.1ms
[2020-08-22T20:49:39.385+0000][1580][gc,phases    ] GC(11)   Other: 0.2ms
[2020-08-22T20:49:39.385+0000][1580][gc,heap      ] GC(11) Eden regions: 563->0(588)
[2020-08-22T20:49:39.385+0000][1580][gc,heap      ] GC(11) Survivor regions: 51->26(77)
[2020-08-22T20:49:39.385+0000][1580][gc,heap      ] GC(11) Old regions: 10->48
[2020-08-22T20:49:39.385+0000][1580][gc,heap      ] GC(11) Archive regions: 0->0
[2020-08-22T20:49:39.385+0000][1580][gc,heap      ] GC(11) Humongous regions: 7->7
[2020-08-22T20:49:39.385+0000][1580][gc,metaspace ] GC(11) Metaspace: 90870K(98688K)->90870K(98688K) NonClass: 78351K(83072K)->78351K(83072K) Class: 12518K(15616K)->12518K(15616K)
[2020-08-22T20:49:39.385+0000][1580][gc           ] GC(11) Pause Young (Normal) (G1 Evacuation Pause) 630M->80M(1024M) 14.438ms
[2020-08-22T20:49:39.385+0000][1580][gc,cpu       ] GC(11) User=0.28s Sys=0.00s Real=0.02s
[2020-08-22T20:49:39.385+0000][1580][safepoint    ] Safepoint "G1CollectForAllocation", Time since last: 1000971700 ns, Reaching safepoint: 88700 ns, At safepoint: 14508600 ns, Total: 14597300 ns
[2020-08-22T20:49:41.385+0000][1580][safepoint    ] Safepoint "Cleanup", Time since last: 1999723800 ns, Reaching safepoint: 112400 ns, At safepoint: 4900 ns, Total: 117300 ns
[2020-08-22T20:49:51.388+0000][1580][safepoint    ] Safepoint "Cleanup", Time since last: 10002669500 ns, Reaching safepoint: 101100 ns, At safepoint: 4700 ns, Total: 105800 ns
[2020-08-22T20:49:54.388+0000][1580][safepoint    ] Safepoint "Cleanup", Time since last: 3000520600 ns, Reaching safepoint: 88500 ns, At safepoint: 1700 ns, Total: 90200 ns
[2020-08-22T20:49:56.389+0000][1580][safepoint    ] Safepoint "Cleanup", Time since last: 2000016300 ns, Reaching safepoint: 112400 ns, At safepoint: 5900 ns, Total: 118300 ns
[2020-08-22T20:49:58.389+0000][1580][safepoint    ] Safepoint "Cleanup", Time since last: 2000771100 ns, Reaching safepoint: 87100 ns, At safepoint: 4500 ns, Total: 91600 ns
[2020-08-22T20:50:00.389+0000][1580][safepoint    ] Safepoint "Cleanup", Time since last: 1999963900 ns, Reaching safepoint: 94300 ns, At safepoint: 1800 ns, Total: 96100 ns
[2020-08-22T20:50:01.390+0000][1580][safepoint    ] Safepoint "Cleanup", Time since last: 1000358700 ns, Reaching safepoint: 91700 ns, At safepoint: 4600 ns, Total: 96300 ns
[2020-08-22T20:50:05.391+0000][1580][safepoint    ] Safepoint "Cleanup", Time since last: 4000894300 ns, Reaching safepoint: 88200 ns, At safepoint: 5000 ns, Total: 93200 ns
[2020-08-22T20:50:11.392+0000][1580][safepoint    ] Safepoint "Cleanup", Time since last: 6001423000 ns, Reaching safepoint: 87300 ns, At safepoint: 1700 ns, Total: 89000 ns
[2020-08-22T20:50:25.396+0000][1580][safepoint    ] Safepoint "Cleanup", Time since last: 14003407100 ns, Reaching safepoint: 86600 ns, At safepoint: 4900 ns, Total: 91500 ns
[2020-08-22T20:50:28.397+0000][1580][safepoint    ] Safepoint "Cleanup", Time since last: 3000505100 ns, Reaching safepoint: 131700 ns, At safepoint: 6400 ns, Total: 138100 ns
[2020-08-22T20:50:33.397+0000][1580][safepoint    ] Safepoint "Cleanup", Time since last: 5000776500 ns, Reaching safepoint: 90400 ns, At safepoint: 1500 ns, Total: 91900 ns
[2020-08-22T20:50:38.399+0000][1580][safepoint    ] Safepoint "Cleanup", Time since last: 5001402100 ns, Reaching safepoint: 96000 ns, At safepoint: 5200 ns, Total: 101200 ns
[2020-08-22T20:50:39.399+0000][1580][safepoint    ] Safepoint "Cleanup", Time since last: 1000379700 ns, Reaching safepoint: 98000 ns, At safepoint: 5000 ns, Total: 103000 ns
[2020-08-22T20:50:40.400+0000][1580][safepoint    ] Safepoint "Cleanup", Time since last: 1000139100 ns, Reaching safepoint: 93600 ns, At safepoint: 1700 ns, Total: 95300 ns
[2020-08-22T20:50:42.400+0000][1580][safepoint    ] Safepoint "Cleanup", Time since last: 2000675800 ns, Reaching safepoint: 88800 ns, At safepoint: 1400 ns, Total: 90200 ns
[2020-08-22T20:50:50.402+0000][1580][safepoint    ] Safepoint "Cleanup", Time since last: 8001410600 ns, Reaching safepoint: 89900 ns, At safepoint: 4500 ns, Total: 94400 ns
[2020-08-22T20:50:55.343+0000][1580][safepoint    ] Safepoint "Cleanup", Time since last: 4941274400 ns, Reaching safepoint: 80300 ns, At safepoint: 1400 ns, Total: 81700 ns
[2020-08-22T20:50:55.347+0000][1580][safepoint    ] Safepoint "BulkRevokeBias", Time since last: 3658900 ns, Reaching safepoint: 111900 ns, At safepoint: 360900 ns, Total: 472800 ns
[2020-08-22T20:50:56.348+0000][1580][safepoint    ] Safepoint "Cleanup", Time since last: 1000110500 ns, Reaching safepoint: 97700 ns, At safepoint: 1600 ns, Total: 99300 ns
[2020-08-22T20:50:59.349+0000][1580][safepoint    ] Safepoint "Cleanup", Time since last: 3001200800 ns, Reaching safepoint: 89300 ns, At safepoint: 1500 ns, Total: 90800 ns
[2020-08-22T20:51:01.349+0000][1580][safepoint    ] Safepoint "Cleanup", Time since last: 2000403000 ns, Reaching safepoint: 91100 ns, At safepoint: 5400 ns, Total: 96500 ns
[2020-08-22T20:51:07.428+0000][1580][safepoint    ] Safepoint "BulkRevokeBias", Time since last: 6077603100 ns, Reaching safepoint: 87100 ns, At safepoint: 445500 ns, Total: 532600 ns
[2020-08-22T20:51:16.479+0000][1580][safepoint    ] Safepoint "Cleanup", Time since last: 9051392800 ns, Reaching safepoint: 94400 ns, At safepoint: 7900 ns, Total: 102300 ns
[2020-08-22T20:51:16.596+0000][1580][safepoint    ] Safepoint "BulkRevokeBias", Time since last: 116559700 ns, Reaching safepoint: 79300 ns, At safepoint: 311800 ns, Total: 391100 ns
[2020-08-22T20:51:16.598+0000][1580][safepoint    ] Safepoint "BulkRevokeBias", Time since last: 1898500 ns, Reaching safepoint: 118200 ns, At safepoint: 281400 ns, Total: 399600 ns
[2020-08-22T20:51:16.599+0000][1580][safepoint    ] Safepoint "BulkRevokeBias", Time since last: 164400 ns, Reaching safepoint: 260800 ns, At safepoint: 235400 ns, Total: 496200 ns
[2020-08-22T20:51:16.612+0000][1580][safepoint    ] Safepoint "BulkRevokeBias", Time since last: 13107900 ns, Reaching safepoint: 41400 ns, At safepoint: 33300 ns, Total: 74700 ns
[2020-08-22T20:51:16.613+0000][1580][gc,heap,exit ] Heap
[2020-08-22T20:51:16.613+0000][1580][gc,heap,exit ]  garbage-first heap   total 1048576K, used 175501K [0x00000000c0000000, 0x0000000100000000)
[2020-08-22T20:51:16.613+0000][1580][gc,heap,exit ]   region size 1024K, 118 young (120832K), 26 survivors (26624K)
[2020-08-22T20:51:16.613+0000][1580][gc,heap,exit ]  Metaspace       used 91146K, capacity 98857K, committed 99072K, reserved 1132544K
[2020-08-22T20:51:16.613+0000][1580][gc,heap,exit ]   class space    used 12559K, capacity 15654K, committed 15744K, reserved 1048576K
