[2020-08-24T18:29:50.694+0000][18268][gc,heap] Heap region size: 1M
[2020-08-24T18:29:50.694+0000][18268][gc,heap,coops] Heap address: 0x00000000c0000000, size: 1024 MB, Compressed Oops mode: 32-bit
[2020-08-24T18:29:50.891+0000][18268][gc           ] Using G1
[2020-08-24T18:29:50.910+0000][18268][gc           ] Periodic GC disabled
[2020-08-24T18:29:51.190+0000][18268][safepoint    ] Safepoint "ICBufferFull", Time since last: 294392100 ns, Reaching safepoint: 141100 ns, At safepoint: 9000 ns, Total: 150100 ns
[2020-08-24T18:29:51.678+0000][18268][safepoint    ] Safepoint "ICBufferFull", Time since last: 487352900 ns, Reaching safepoint: 129500 ns, At safepoint: 8100 ns, Total: 137600 ns
[2020-08-24T18:29:51.756+0000][18268][gc,start     ] GC(0) Pause Young (Normal) (G1 Evacuation Pause)
[2020-08-24T18:29:51.757+0000][18268][gc,task      ] GC(0) Using 18 workers of 18 for evacuation
[2020-08-24T18:29:51.757+0000][18268][gc,age       ] GC(0) Desired survivor size 3670016 bytes, new threshold 15 (max threshold 15)
[2020-08-24T18:29:51.760+0000][18268][gc,age       ] GC(0) Age table with threshold 15 (max threshold 15)
[2020-08-24T18:29:51.760+0000][18268][gc,age       ] GC(0) - age   1:    5348328 bytes,    5348328 total
[2020-08-24T18:29:51.760+0000][18268][gc,phases    ] GC(0)   Pre Evacuate Collection Set: 0.1ms
[2020-08-24T18:29:51.760+0000][18268][gc,phases    ] GC(0)   Merge Heap Roots: 0.1ms
[2020-08-24T18:29:51.760+0000][18268][gc,phases    ] GC(0)   Evacuate Collection Set: 2.8ms
[2020-08-24T18:29:51.760+0000][18268][gc,phases    ] GC(0)   Post Evacuate Collection Set: 0.4ms
[2020-08-24T18:29:51.760+0000][18268][gc,phases    ] GC(0)   Other: 0.9ms
[2020-08-24T18:29:51.760+0000][18268][gc,heap      ] GC(0) Eden regions: 51->0(55)
[2020-08-24T18:29:51.760+0000][18268][gc,heap      ] GC(0) Survivor regions: 0->6(7)
[2020-08-24T18:29:51.760+0000][18268][gc,heap      ] GC(0) Old regions: 0->0
[2020-08-24T18:29:51.760+0000][18268][gc,heap      ] GC(0) Archive regions: 0->0
[2020-08-24T18:29:51.760+0000][18268][gc,heap      ] GC(0) Humongous regions: 1->1
[2020-08-24T18:29:51.760+0000][18268][gc,metaspace ] GC(0) Metaspace: 11821K(12416K)->11821K(12416K) NonClass: 10374K(10752K)->10374K(10752K) Class: 1447K(1664K)->1447K(1664K)
[2020-08-24T18:29:51.760+0000][18268][gc           ] GC(0) Pause Young (Normal) (G1 Evacuation Pause) 52M->6M(1024M) 4.363ms
[2020-08-24T18:29:51.760+0000][18268][gc,cpu       ] GC(0) User=0.25s Sys=0.00s Real=0.00s
[2020-08-24T18:29:51.760+0000][18268][safepoint    ] Safepoint "G1CollectForAllocation", Time since last: 78324200 ns, Reaching safepoint: 46800 ns, At safepoint: 4440300 ns, Total: 4487100 ns
[2020-08-24T18:29:52.721+0000][18268][safepoint    ] Safepoint "ICBufferFull", Time since last: 960445100 ns, Reaching safepoint: 125400 ns, At safepoint: 9200 ns, Total: 134600 ns
[2020-08-24T18:29:52.878+0000][18268][safepoint    ] Safepoint "BulkRevokeBias", Time since last: 157241000 ns, Reaching safepoint: 68300 ns, At safepoint: 58800 ns, Total: 127100 ns
[2020-08-24T18:29:52.972+0000][18268][gc,start     ] GC(1) Pause Young (Normal) (G1 Evacuation Pause)
[2020-08-24T18:29:52.972+0000][18268][gc,task      ] GC(1) Using 18 workers of 18 for evacuation
[2020-08-24T18:29:52.972+0000][18268][gc,age       ] GC(1) Desired survivor size 4194304 bytes, new threshold 1 (max threshold 15)
[2020-08-24T18:29:52.976+0000][18268][gc,age       ] GC(1) Age table with threshold 1 (max threshold 15)
[2020-08-24T18:29:52.976+0000][18268][gc,age       ] GC(1) - age   1:    3032312 bytes,    3032312 total
[2020-08-24T18:29:52.976+0000][18268][gc,phases    ] GC(1)   Pre Evacuate Collection Set: 0.0ms
[2020-08-24T18:29:52.976+0000][18268][gc,phases    ] GC(1)   Merge Heap Roots: 0.0ms
[2020-08-24T18:29:52.976+0000][18268][gc,phases    ] GC(1)   Evacuate Collection Set: 3.5ms
[2020-08-24T18:29:52.976+0000][18268][gc,phases    ] GC(1)   Post Evacuate Collection Set: 0.4ms
[2020-08-24T18:29:52.976+0000][18268][gc,phases    ] GC(1)   Other: 0.1ms
[2020-08-24T18:29:52.976+0000][18268][gc,heap      ] GC(1) Eden regions: 55->0(86)
[2020-08-24T18:29:52.976+0000][18268][gc,heap      ] GC(1) Survivor regions: 6->4(8)
[2020-08-24T18:29:52.976+0000][18268][gc,heap      ] GC(1) Old regions: 0->6
[2020-08-24T18:29:52.976+0000][18268][gc,heap      ] GC(1) Archive regions: 0->0
[2020-08-24T18:29:52.976+0000][18268][gc,heap      ] GC(1) Humongous regions: 1->1
[2020-08-24T18:29:52.976+0000][18268][gc,metaspace ] GC(1) Metaspace: 14450K(14976K)->14450K(14976K) NonClass: 12764K(13056K)->12764K(13056K) Class: 1686K(1920K)->1686K(1920K)
[2020-08-24T18:29:52.976+0000][18268][gc           ] GC(1) Pause Young (Normal) (G1 Evacuation Pause) 61M->9M(1024M) 4.377ms
[2020-08-24T18:29:52.976+0000][18268][gc,cpu       ] GC(1) User=0.00s Sys=0.00s Real=0.00s
[2020-08-24T18:29:52.976+0000][18268][safepoint    ] Safepoint "G1CollectForAllocation", Time since last: 93127400 ns, Reaching safepoint: 81600 ns, At safepoint: 4439700 ns, Total: 4521300 ns
[2020-08-24T18:29:53.373+0000][18268][gc,start     ] GC(2) Pause Young (Normal) (G1 Evacuation Pause)
[2020-08-24T18:29:53.373+0000][18268][gc,task      ] GC(2) Using 18 workers of 18 for evacuation
[2020-08-24T18:29:53.373+0000][18268][gc,age       ] GC(2) Desired survivor size 6291456 bytes, new threshold 15 (max threshold 15)
[2020-08-24T18:29:53.374+0000][18268][gc,age       ] GC(2) Age table with threshold 15 (max threshold 15)
[2020-08-24T18:29:53.374+0000][18268][gc,age       ] GC(2) - age   1:    2337104 bytes,    2337104 total
[2020-08-24T18:29:53.374+0000][18268][gc,age       ] GC(2) - age   2:    2355056 bytes,    4692160 total
[2020-08-24T18:29:53.374+0000][18268][gc,phases    ] GC(2)   Pre Evacuate Collection Set: 0.1ms
[2020-08-24T18:29:53.374+0000][18268][gc,phases    ] GC(2)   Merge Heap Roots: 0.0ms
[2020-08-24T18:29:53.374+0000][18268][gc,phases    ] GC(2)   Evacuate Collection Set: 0.9ms
[2020-08-24T18:29:53.374+0000][18268][gc,phases    ] GC(2)   Post Evacuate Collection Set: 0.3ms
[2020-08-24T18:29:53.375+0000][18268][gc,phases    ] GC(2)   Other: 0.2ms
[2020-08-24T18:29:53.375+0000][18268][gc,heap      ] GC(2) Eden regions: 86->0(609)
[2020-08-24T18:29:53.375+0000][18268][gc,heap      ] GC(2) Survivor regions: 4->5(12)
[2020-08-24T18:29:53.375+0000][18268][gc,heap      ] GC(2) Old regions: 6->6
[2020-08-24T18:29:53.375+0000][18268][gc,heap      ] GC(2) Archive regions: 0->0
[2020-08-24T18:29:53.375+0000][18268][gc,heap      ] GC(2) Humongous regions: 2->1
[2020-08-24T18:29:53.375+0000][18268][gc,metaspace ] GC(2) Metaspace: 16176K(16768K)->16176K(16768K) NonClass: 14227K(14592K)->14227K(14592K) Class: 1948K(2176K)->1948K(2176K)
[2020-08-24T18:29:53.375+0000][18268][gc           ] GC(2) Pause Young (Normal) (G1 Evacuation Pause) 96M->10M(1024M) 1.683ms
[2020-08-24T18:29:53.375+0000][18268][gc,cpu       ] GC(2) User=0.00s Sys=0.00s Real=0.00s
[2020-08-24T18:29:53.375+0000][18268][safepoint    ] Safepoint "G1CollectForAllocation", Time since last: 396581500 ns, Reaching safepoint: 92200 ns, At safepoint: 1747100 ns, Total: 1839300 ns
[2020-08-24T18:29:53.375+0000][18268][safepoint    ] Safepoint "BulkRevokeBias", Time since last: 68700 ns, Reaching safepoint: 57700 ns, At safepoint: 71900 ns, Total: 129600 ns
[2020-08-24T18:29:53.375+0000][18268][safepoint    ] Safepoint "BulkRevokeBias", Time since last: 400200 ns, Reaching safepoint: 46400 ns, At safepoint: 47300 ns, Total: 93700 ns
[2020-08-24T18:29:53.375+0000][18268][safepoint    ] Safepoint "BulkRevokeBias", Time since last: 32100 ns, Reaching safepoint: 49100 ns, At safepoint: 41200 ns, Total: 90300 ns
[2020-08-24T18:29:54.356+0000][18268][safepoint    ] Safepoint "ICBufferFull", Time since last: 981077900 ns, Reaching safepoint: 161000 ns, At safepoint: 2400 ns, Total: 163400 ns
[2020-08-24T18:29:55.508+0000][18268][gc,start     ] GC(3) Pause Young (Normal) (G1 Evacuation Pause)
[2020-08-24T18:29:55.508+0000][18268][gc,task      ] GC(3) Using 18 workers of 18 for evacuation
[2020-08-24T18:29:55.508+0000][18268][gc,age       ] GC(3) Desired survivor size 40370176 bytes, new threshold 15 (max threshold 15)
[2020-08-24T18:29:55.511+0000][18268][gc,age       ] GC(3) Age table with threshold 15 (max threshold 15)
[2020-08-24T18:29:55.511+0000][18268][gc,age       ] GC(3) - age   1:    6107944 bytes,    6107944 total
[2020-08-24T18:29:55.511+0000][18268][gc,age       ] GC(3) - age   2:    2296112 bytes,    8404056 total
[2020-08-24T18:29:55.511+0000][18268][gc,age       ] GC(3) - age   3:    2354800 bytes,   10758856 total
[2020-08-24T18:29:55.511+0000][18268][gc,phases    ] GC(3)   Pre Evacuate Collection Set: 0.1ms
[2020-08-24T18:29:55.511+0000][18268][gc,phases    ] GC(3)   Merge Heap Roots: 0.1ms
[2020-08-24T18:29:55.511+0000][18268][gc,phases    ] GC(3)   Evacuate Collection Set: 2.1ms
[2020-08-24T18:29:55.511+0000][18268][gc,phases    ] GC(3)   Post Evacuate Collection Set: 0.7ms
[2020-08-24T18:29:55.511+0000][18268][gc,phases    ] GC(3)   Other: 0.4ms
[2020-08-24T18:29:55.511+0000][18268][gc,heap      ] GC(3) Eden regions: 609->0(603)
[2020-08-24T18:29:55.511+0000][18268][gc,heap      ] GC(3) Survivor regions: 5->11(77)
[2020-08-24T18:29:55.511+0000][18268][gc,heap      ] GC(3) Old regions: 6->6
[2020-08-24T18:29:55.511+0000][18268][gc,heap      ] GC(3) Archive regions: 0->0
[2020-08-24T18:29:55.511+0000][18268][gc,heap      ] GC(3) Humongous regions: 1->1
[2020-08-24T18:29:55.511+0000][18268][gc,metaspace ] GC(3) Metaspace: 19666K(21248K)->19666K(21248K) NonClass: 17295K(18432K)->17295K(18432K) Class: 2370K(2816K)->2370K(2816K)
[2020-08-24T18:29:55.511+0000][18268][gc           ] GC(3) Pause Young (Normal) (G1 Evacuation Pause) 619M->16M(1024M) 3.510ms
[2020-08-24T18:29:55.511+0000][18268][gc,cpu       ] GC(3) User=0.28s Sys=0.00s Real=0.00s
[2020-08-24T18:29:55.511+0000][18268][safepoint    ] Safepoint "G1CollectForAllocation", Time since last: 1151123300 ns, Reaching safepoint: 88900 ns, At safepoint: 3572500 ns, Total: 3661400 ns
[2020-08-24T18:29:55.511+0000][18268][safepoint    ] Safepoint "BulkRevokeBias", Time since last: 172600 ns, Reaching safepoint: 53700 ns, At safepoint: 33400 ns, Total: 87100 ns
[2020-08-24T18:29:55.513+0000][18268][safepoint    ] Safepoint "BulkRevokeBias", Time since last: 1746300 ns, Reaching safepoint: 63100 ns, At safepoint: 43000 ns, Total: 106100 ns
[2020-08-24T18:29:55.513+0000][18268][safepoint    ] Safepoint "BulkRevokeBias", Time since last: 44400 ns, Reaching safepoint: 48400 ns, At safepoint: 31400 ns, Total: 79800 ns
[2020-08-24T18:29:55.699+0000][18268][gc,start     ] GC(4) Pause Young (Concurrent Start) (Metadata GC Threshold)
[2020-08-24T18:29:55.699+0000][18268][gc,task      ] GC(4) Using 18 workers of 18 for evacuation
[2020-08-24T18:29:55.699+0000][18268][gc,age       ] GC(4) Desired survivor size 40370176 bytes, new threshold 15 (max threshold 15)
[2020-08-24T18:29:55.701+0000][18268][gc,age       ] GC(4) Age table with threshold 15 (max threshold 15)
[2020-08-24T18:29:55.701+0000][18268][gc,age       ] GC(4) - age   1:     290504 bytes,     290504 total
[2020-08-24T18:29:55.701+0000][18268][gc,age       ] GC(4) - age   2:    5409408 bytes,    5699912 total
[2020-08-24T18:29:55.701+0000][18268][gc,age       ] GC(4) - age   3:    2296032 bytes,    7995944 total
[2020-08-24T18:29:55.701+0000][18268][gc,age       ] GC(4) - age   4:    2354800 bytes,   10350744 total
[2020-08-24T18:29:55.701+0000][18268][gc,phases    ] GC(4)   Pre Evacuate Collection Set: 0.1ms
[2020-08-24T18:29:55.701+0000][18268][gc,phases    ] GC(4)   Merge Heap Roots: 0.0ms
[2020-08-24T18:29:55.702+0000][18268][gc,phases    ] GC(4)   Evacuate Collection Set: 1.7ms
[2020-08-24T18:29:55.702+0000][18268][gc,phases    ] GC(4)   Post Evacuate Collection Set: 0.3ms
[2020-08-24T18:29:55.702+0000][18268][gc,phases    ] GC(4)   Other: 0.3ms
[2020-08-24T18:29:55.702+0000][18268][gc,heap      ] GC(4) Eden regions: 150->0(603)
[2020-08-24T18:29:55.702+0000][18268][gc,heap      ] GC(4) Survivor regions: 11->11(77)
[2020-08-24T18:29:55.702+0000][18268][gc,heap      ] GC(4) Old regions: 6->6
[2020-08-24T18:29:55.702+0000][18268][gc,heap      ] GC(4) Archive regions: 0->0
[2020-08-24T18:29:55.702+0000][18268][gc,heap      ] GC(4) Humongous regions: 1->1
[2020-08-24T18:29:55.702+0000][18268][gc,metaspace ] GC(4) Metaspace: 19825K(21248K)->19825K(21248K) NonClass: 17427K(18432K)->17427K(18432K) Class: 2398K(2816K)->2398K(2816K)
[2020-08-24T18:29:55.702+0000][18268][gc           ] GC(4) Pause Young (Concurrent Start) (Metadata GC Threshold) 166M->16M(1024M) 2.511ms
[2020-08-24T18:29:55.702+0000][18268][gc,cpu       ] GC(4) User=0.00s Sys=0.00s Real=0.00s
[2020-08-24T18:29:55.702+0000][18268][gc           ] GC(5) Concurrent Cycle
[2020-08-24T18:29:55.702+0000][18268][gc,marking   ] GC(5) Concurrent Clear Claimed Marks
[2020-08-24T18:29:55.702+0000][18268][safepoint    ] Safepoint "CollectForMetadataAllocation", Time since last: 185729500 ns, Reaching safepoint: 40900 ns, At safepoint: 2648500 ns, Total: 2689400 ns
[2020-08-24T18:29:55.702+0000][18268][gc,marking   ] GC(5) Concurrent Clear Claimed Marks 0.045ms
[2020-08-24T18:29:55.702+0000][18268][gc,marking   ] GC(5) Concurrent Scan Root Regions
[2020-08-24T18:29:55.703+0000][18268][gc,marking   ] GC(5) Concurrent Scan Root Regions 1.191ms
[2020-08-24T18:29:55.703+0000][18268][gc,marking   ] GC(5) Concurrent Mark (5.017s)
[2020-08-24T18:29:55.703+0000][18268][gc,marking   ] GC(5) Concurrent Mark From Roots
[2020-08-24T18:29:55.703+0000][18268][gc,task      ] GC(5) Using 5 workers of 5 for marking
[2020-08-24T18:29:55.706+0000][18268][gc,marking   ] GC(5) Concurrent Mark From Roots 2.685ms
[2020-08-24T18:29:55.706+0000][18268][gc,marking   ] GC(5) Concurrent Preclean
[2020-08-24T18:29:55.706+0000][18268][gc,marking   ] GC(5) Concurrent Preclean 0.091ms
[2020-08-24T18:29:55.706+0000][18268][gc,marking   ] GC(5) Concurrent Mark (5.017s, 5.020s) 2.817ms
[2020-08-24T18:29:55.706+0000][18268][gc,start     ] GC(5) Pause Remark
[2020-08-24T18:29:55.707+0000][18268][gc           ] GC(5) Pause Remark 17M->17M(1024M) 1.192ms
[2020-08-24T18:29:55.707+0000][18268][gc,cpu       ] GC(5) User=0.00s Sys=0.00s Real=0.00s
[2020-08-24T18:29:55.707+0000][18268][safepoint    ] Safepoint "G1Concurrent", Time since last: 4190200 ns, Reaching safepoint: 59600 ns, At safepoint: 1237300 ns, Total: 1296900 ns
[2020-08-24T18:29:55.707+0000][18268][gc,marking   ] GC(5) Concurrent Rebuild Remembered Sets
[2020-08-24T18:29:55.709+0000][18268][gc,marking   ] GC(5) Concurrent Rebuild Remembered Sets 1.582ms
[2020-08-24T18:29:55.709+0000][18268][gc,start     ] GC(5) Pause Cleanup
[2020-08-24T18:29:55.709+0000][18268][gc           ] GC(5) Pause Cleanup 18M->18M(1024M) 0.072ms
[2020-08-24T18:29:55.709+0000][18268][gc,cpu       ] GC(5) User=0.00s Sys=0.00s Real=0.00s
[2020-08-24T18:29:55.709+0000][18268][safepoint    ] Safepoint "G1Concurrent", Time since last: 1636600 ns, Reaching safepoint: 336500 ns, At safepoint: 107900 ns, Total: 444400 ns
[2020-08-24T18:29:55.709+0000][18268][gc,marking   ] GC(5) Concurrent Cleanup for Next Mark
[2020-08-24T18:29:55.710+0000][18268][gc,marking   ] GC(5) Concurrent Cleanup for Next Mark 0.719ms
[2020-08-24T18:29:55.710+0000][18268][gc           ] GC(5) Concurrent Cycle 8.406ms
[2020-08-24T18:29:56.710+0000][18268][safepoint    ] Safepoint "Cleanup", Time since last: 1000026600 ns, Reaching safepoint: 85400 ns, At safepoint: 6400 ns, Total: 91800 ns
[2020-08-24T18:29:57.510+0000][18268][gc,start     ] GC(6) Pause Young (Normal) (G1 Evacuation Pause)
[2020-08-24T18:29:57.510+0000][18268][gc,task      ] GC(6) Using 18 workers of 18 for evacuation
[2020-08-24T18:29:57.510+0000][18268][gc,age       ] GC(6) Desired survivor size 40370176 bytes, new threshold 15 (max threshold 15)
[2020-08-24T18:29:57.513+0000][18268][gc,age       ] GC(6) Age table with threshold 15 (max threshold 15)
[2020-08-24T18:29:57.513+0000][18268][gc,age       ] GC(6) - age   1:    3280728 bytes,    3280728 total
[2020-08-24T18:29:57.513+0000][18268][gc,age       ] GC(6) - age   2:     247504 bytes,    3528232 total
[2020-08-24T18:29:57.513+0000][18268][gc,age       ] GC(6) - age   3:    5406584 bytes,    8934816 total
[2020-08-24T18:29:57.513+0000][18268][gc,age       ] GC(6) - age   4:    2295008 bytes,   11229824 total
[2020-08-24T18:29:57.513+0000][18268][gc,age       ] GC(6) - age   5:    2354400 bytes,   13584224 total
[2020-08-24T18:29:57.513+0000][18268][gc,phases    ] GC(6)   Pre Evacuate Collection Set: 0.1ms
[2020-08-24T18:29:57.513+0000][18268][gc,phases    ] GC(6)   Merge Heap Roots: 0.1ms
[2020-08-24T18:29:57.513+0000][18268][gc,phases    ] GC(6)   Evacuate Collection Set: 2.1ms
[2020-08-24T18:29:57.513+0000][18268][gc,phases    ] GC(6)   Post Evacuate Collection Set: 0.5ms
[2020-08-24T18:29:57.513+0000][18268][gc,phases    ] GC(6)   Other: 0.3ms
[2020-08-24T18:29:57.513+0000][18268][gc,heap      ] GC(6) Eden regions: 603->0(600)
[2020-08-24T18:29:57.513+0000][18268][gc,heap      ] GC(6) Survivor regions: 11->14(77)
[2020-08-24T18:29:57.513+0000][18268][gc,heap      ] GC(6) Old regions: 6->6
[2020-08-24T18:29:57.513+0000][18268][gc,heap      ] GC(6) Archive regions: 0->0
[2020-08-24T18:29:57.513+0000][18268][gc,heap      ] GC(6) Humongous regions: 1->1
[2020-08-24T18:29:57.513+0000][18268][gc,metaspace ] GC(6) Metaspace: 20597K(22400K)->20597K(22400K) NonClass: 18075K(19456K)->18075K(19456K) Class: 2521K(2944K)->2521K(2944K)
[2020-08-24T18:29:57.513+0000][18268][gc           ] GC(6) Pause Young (Normal) (G1 Evacuation Pause) 619M->20M(1024M) 3.165ms
[2020-08-24T18:29:57.513+0000][18268][gc,cpu       ] GC(6) User=0.00s Sys=0.00s Real=0.00s
[2020-08-24T18:29:57.513+0000][18268][safepoint    ] Safepoint "G1CollectForAllocation", Time since last: 800496800 ns, Reaching safepoint: 73100 ns, At safepoint: 3227100 ns, Total: 3300200 ns
[2020-08-24T18:29:58.529+0000][18268][safepoint    ] Safepoint "Cleanup", Time since last: 1015858600 ns, Reaching safepoint: 138500 ns, At safepoint: 2100 ns, Total: 140600 ns
[2020-08-24T18:29:58.935+0000][18268][safepoint    ] Safepoint "ICBufferFull", Time since last: 404908600 ns, Reaching safepoint: 148600 ns, At safepoint: 3300 ns, Total: 151900 ns
[2020-08-24T18:29:59.396+0000][18268][safepoint    ] Safepoint "ICBufferFull", Time since last: 461143500 ns, Reaching safepoint: 137200 ns, At safepoint: 6000 ns, Total: 143200 ns
[2020-08-24T18:29:59.478+0000][18268][gc,start     ] GC(7) Pause Young (Concurrent Start) (Metadata GC Threshold)
[2020-08-24T18:29:59.478+0000][18268][gc,task      ] GC(7) Using 18 workers of 18 for evacuation
[2020-08-24T18:29:59.478+0000][18268][gc,age       ] GC(7) Desired survivor size 40370176 bytes, new threshold 15 (max threshold 15)
[2020-08-24T18:29:59.486+0000][18268][gc,age       ] GC(7) Age table with threshold 15 (max threshold 15)
[2020-08-24T18:29:59.486+0000][18268][gc,age       ] GC(7) - age   1:   31458696 bytes,   31458696 total
[2020-08-24T18:29:59.486+0000][18268][gc,age       ] GC(7) - age   2:    2601320 bytes,   34060016 total
[2020-08-24T18:29:59.486+0000][18268][gc,age       ] GC(7) - age   3:     238632 bytes,   34298648 total
[2020-08-24T18:29:59.486+0000][18268][gc,age       ] GC(7) - age   4:    5367128 bytes,   39665776 total
[2020-08-24T18:29:59.486+0000][18268][gc,age       ] GC(7) - age   5:    2261080 bytes,   41926856 total
[2020-08-24T18:29:59.486+0000][18268][gc,age       ] GC(7) - age   6:    2313088 bytes,   44239944 total
[2020-08-24T18:29:59.486+0000][18268][gc,phases    ] GC(7)   Pre Evacuate Collection Set: 0.1ms
[2020-08-24T18:29:59.486+0000][18268][gc,phases    ] GC(7)   Merge Heap Roots: 0.1ms
[2020-08-24T18:29:59.486+0000][18268][gc,phases    ] GC(7)   Evacuate Collection Set: 6.7ms
[2020-08-24T18:29:59.486+0000][18268][gc,phases    ] GC(7)   Post Evacuate Collection Set: 0.9ms
[2020-08-24T18:29:59.486+0000][18268][gc,phases    ] GC(7)   Other: 0.3ms
[2020-08-24T18:29:59.486+0000][18268][gc,heap      ] GC(7) Eden regions: 398->0(570)
[2020-08-24T18:29:59.486+0000][18268][gc,heap      ] GC(7) Survivor regions: 14->44(77)
[2020-08-24T18:29:59.486+0000][18268][gc,heap      ] GC(7) Old regions: 6->6
[2020-08-24T18:29:59.486+0000][18268][gc,heap      ] GC(7) Archive regions: 0->0
[2020-08-24T18:29:59.486+0000][18268][gc,heap      ] GC(7) Humongous regions: 1->1
[2020-08-24T18:29:59.486+0000][18268][gc,metaspace ] GC(7) Metaspace: 32744K(35840K)->32744K(35840K) NonClass: 28480K(30592K)->28480K(30592K) Class: 4263K(5248K)->4263K(5248K)
[2020-08-24T18:29:59.486+0000][18268][gc           ] GC(7) Pause Young (Concurrent Start) (Metadata GC Threshold) 418M->49M(1024M) 8.154ms
[2020-08-24T18:29:59.486+0000][18268][gc,cpu       ] GC(7) User=0.00s Sys=0.00s Real=0.01s
[2020-08-24T18:29:59.486+0000][18268][gc           ] GC(8) Concurrent Cycle
[2020-08-24T18:29:59.486+0000][18268][gc,marking   ] GC(8) Concurrent Clear Claimed Marks
[2020-08-24T18:29:59.486+0000][18268][safepoint    ] Safepoint "CollectForMetadataAllocation", Time since last: 82130800 ns, Reaching safepoint: 50300 ns, At safepoint: 8257600 ns, Total: 8307900 ns
[2020-08-24T18:29:59.486+0000][18268][gc,marking   ] GC(8) Concurrent Clear Claimed Marks 0.114ms
[2020-08-24T18:29:59.486+0000][18268][gc,marking   ] GC(8) Concurrent Scan Root Regions
[2020-08-24T18:29:59.490+0000][18268][gc,marking   ] GC(8) Concurrent Scan Root Regions 4.279ms
[2020-08-24T18:29:59.490+0000][18268][gc,marking   ] GC(8) Concurrent Mark (8.804s)
[2020-08-24T18:29:59.490+0000][18268][gc,marking   ] GC(8) Concurrent Mark From Roots
[2020-08-24T18:29:59.490+0000][18268][gc,task      ] GC(8) Using 5 workers of 5 for marking
[2020-08-24T18:29:59.492+0000][18268][gc,marking   ] GC(8) Concurrent Mark From Roots 1.732ms
[2020-08-24T18:29:59.492+0000][18268][gc,marking   ] GC(8) Concurrent Preclean
[2020-08-24T18:29:59.492+0000][18268][gc,marking   ] GC(8) Concurrent Preclean 0.082ms
[2020-08-24T18:29:59.492+0000][18268][gc,marking   ] GC(8) Concurrent Mark (8.804s, 8.806s) 1.861ms
[2020-08-24T18:29:59.492+0000][18268][gc,start     ] GC(8) Pause Remark
[2020-08-24T18:29:59.493+0000][18268][gc           ] GC(8) Pause Remark 50M->50M(1024M) 0.908ms
[2020-08-24T18:29:59.493+0000][18268][gc,cpu       ] GC(8) User=0.03s Sys=0.17s Real=0.00s
[2020-08-24T18:29:59.493+0000][18268][safepoint    ] Safepoint "G1Concurrent", Time since last: 6304300 ns, Reaching safepoint: 63100 ns, At safepoint: 948500 ns, Total: 1011600 ns
[2020-08-24T18:29:59.493+0000][18268][gc,marking   ] GC(8) Concurrent Rebuild Remembered Sets
[2020-08-24T18:29:59.494+0000][18268][gc,marking   ] GC(8) Concurrent Rebuild Remembered Sets 1.149ms
[2020-08-24T18:29:59.495+0000][18268][gc,start     ] GC(8) Pause Cleanup
[2020-08-24T18:29:59.495+0000][18268][gc           ] GC(8) Pause Cleanup 51M->51M(1024M) 0.109ms
[2020-08-24T18:29:59.495+0000][18268][gc,cpu       ] GC(8) User=0.00s Sys=0.00s Real=0.00s
[2020-08-24T18:29:59.495+0000][18268][safepoint    ] Safepoint "G1Concurrent", Time since last: 1192700 ns, Reaching safepoint: 308900 ns, At safepoint: 274300 ns, Total: 583200 ns
[2020-08-24T18:29:59.495+0000][18268][gc,marking   ] GC(8) Concurrent Cleanup for Next Mark
[2020-08-24T18:29:59.496+0000][18268][gc,marking   ] GC(8) Concurrent Cleanup for Next Mark 0.583ms
[2020-08-24T18:29:59.496+0000][18268][gc           ] GC(8) Concurrent Cycle 9.758ms
[2020-08-24T18:29:59.955+0000][18268][safepoint    ] Safepoint "ICBufferFull", Time since last: 459870900 ns, Reaching safepoint: 182400 ns, At safepoint: 8300 ns, Total: 190700 ns
[2020-08-24T18:30:00.420+0000][18268][safepoint    ] Safepoint "ICBufferFull", Time since last: 464802500 ns, Reaching safepoint: 126700 ns, At safepoint: 1600 ns, Total: 128300 ns
[2020-08-24T18:30:00.594+0000][18268][safepoint    ] Safepoint "BulkRevokeBias", Time since last: 174092800 ns, Reaching safepoint: 72400 ns, At safepoint: 60400 ns, Total: 132800 ns
[2020-08-24T18:30:00.596+0000][18268][safepoint    ] Safepoint "BulkRevokeBias", Time since last: 1282600 ns, Reaching safepoint: 49600 ns, At safepoint: 31500 ns, Total: 81100 ns
[2020-08-24T18:30:00.597+0000][18268][safepoint    ] Safepoint "BulkRevokeBias", Time since last: 986300 ns, Reaching safepoint: 34000 ns, At safepoint: 28300 ns, Total: 62300 ns
[2020-08-24T18:30:01.130+0000][18268][safepoint    ] Safepoint "ICBufferFull", Time since last: 532730600 ns, Reaching safepoint: 236300 ns, At safepoint: 6400 ns, Total: 242700 ns
[2020-08-24T18:30:01.165+0000][18268][gc,start     ] GC(9) Pause Young (Concurrent Start) (Metadata GC Threshold)
[2020-08-24T18:30:01.165+0000][18268][gc,task      ] GC(9) Using 18 workers of 18 for evacuation
[2020-08-24T18:30:01.165+0000][18268][gc,age       ] GC(9) Desired survivor size 40370176 bytes, new threshold 5 (max threshold 15)
[2020-08-24T18:30:01.178+0000][18268][gc,age       ] GC(9) Age table with threshold 5 (max threshold 15)
[2020-08-24T18:30:01.178+0000][18268][gc,age       ] GC(9) - age   1:   10094656 bytes,   10094656 total
[2020-08-24T18:30:01.178+0000][18268][gc,age       ] GC(9) - age   2:   31002168 bytes,   41096824 total
[2020-08-24T18:30:01.178+0000][18268][gc,age       ] GC(9) - age   3:    2565288 bytes,   43662112 total
[2020-08-24T18:30:01.178+0000][18268][gc,age       ] GC(9) - age   4:     221936 bytes,   43884048 total
[2020-08-24T18:30:01.178+0000][18268][gc,age       ] GC(9) - age   5:    5335008 bytes,   49219056 total
[2020-08-24T18:30:01.178+0000][18268][gc,phases    ] GC(9)   Pre Evacuate Collection Set: 0.2ms
[2020-08-24T18:30:01.178+0000][18268][gc,phases    ] GC(9)   Merge Heap Roots: 0.1ms
[2020-08-24T18:30:01.178+0000][18268][gc,phases    ] GC(9)   Evacuate Collection Set: 11.8ms
[2020-08-24T18:30:01.178+0000][18268][gc,phases    ] GC(9)   Post Evacuate Collection Set: 1.2ms
[2020-08-24T18:30:01.178+0000][18268][gc,phases    ] GC(9)   Other: 0.3ms
[2020-08-24T18:30:01.178+0000][18268][gc,heap      ] GC(9) Eden regions: 285->0(564)
[2020-08-24T18:30:01.178+0000][18268][gc,heap      ] GC(9) Survivor regions: 44->50(77)
[2020-08-24T18:30:01.178+0000][18268][gc,heap      ] GC(9) Old regions: 6->10
[2020-08-24T18:30:01.178+0000][18268][gc,heap      ] GC(9) Archive regions: 0->0
[2020-08-24T18:30:01.178+0000][18268][gc,heap      ] GC(9) Humongous regions: 1->1
[2020-08-24T18:30:01.178+0000][18268][gc,metaspace ] GC(9) Metaspace: 54871K(60288K)->54871K(60288K) NonClass: 47478K(50816K)->47478K(50816K) Class: 7393K(9472K)->7393K(9472K)
[2020-08-24T18:30:01.178+0000][18268][gc           ] GC(9) Pause Young (Concurrent Start) (Metadata GC Threshold) 334M->60M(1024M) 13.611ms
[2020-08-24T18:30:01.178+0000][18268][gc,cpu       ] GC(9) User=0.00s Sys=0.00s Real=0.01s
[2020-08-24T18:30:01.178+0000][18268][gc           ] GC(10) Concurrent Cycle
[2020-08-24T18:30:01.179+0000][18268][gc,marking   ] GC(10) Concurrent Clear Claimed Marks
[2020-08-24T18:30:01.179+0000][18268][safepoint    ] Safepoint "CollectForMetadataAllocation", Time since last: 34929500 ns, Reaching safepoint: 78700 ns, At safepoint: 13746200 ns, Total: 13824900 ns
[2020-08-24T18:30:01.179+0000][18268][gc,marking   ] GC(10) Concurrent Clear Claimed Marks 0.320ms
[2020-08-24T18:30:01.179+0000][18268][gc,marking   ] GC(10) Concurrent Scan Root Regions
[2020-08-24T18:30:01.185+0000][18268][safepoint    ] Safepoint "BulkRevokeBias", Time since last: 5830800 ns, Reaching safepoint: 82500 ns, At safepoint: 127700 ns, Total: 210200 ns
[2020-08-24T18:30:01.186+0000][18268][gc,marking   ] GC(10) Concurrent Scan Root Regions 6.650ms
[2020-08-24T18:30:01.186+0000][18268][gc,marking   ] GC(10) Concurrent Mark (10.499s)
[2020-08-24T18:30:01.186+0000][18268][gc,marking   ] GC(10) Concurrent Mark From Roots
[2020-08-24T18:30:01.186+0000][18268][gc,task      ] GC(10) Using 5 workers of 5 for marking
[2020-08-24T18:30:01.188+0000][18268][gc,marking   ] GC(10) Concurrent Mark From Roots 2.222ms
[2020-08-24T18:30:01.188+0000][18268][gc,marking   ] GC(10) Concurrent Preclean
[2020-08-24T18:30:01.188+0000][18268][gc,marking   ] GC(10) Concurrent Preclean 0.091ms
[2020-08-24T18:30:01.188+0000][18268][gc,marking   ] GC(10) Concurrent Mark (10.499s, 10.502s) 2.367ms
[2020-08-24T18:30:01.188+0000][18268][gc,start     ] GC(10) Pause Remark
[2020-08-24T18:30:01.189+0000][18268][gc           ] GC(10) Pause Remark 62M->62M(1024M) 1.363ms
[2020-08-24T18:30:01.189+0000][18268][gc,cpu       ] GC(10) User=0.00s Sys=0.00s Real=0.00s
[2020-08-24T18:30:01.189+0000][18268][safepoint    ] Safepoint "G1Concurrent", Time since last: 3348600 ns, Reaching safepoint: 52000 ns, At safepoint: 1423800 ns, Total: 1475800 ns
[2020-08-24T18:30:01.189+0000][18268][gc,marking   ] GC(10) Concurrent Rebuild Remembered Sets
[2020-08-24T18:30:01.191+0000][18268][gc,marking   ] GC(10) Concurrent Rebuild Remembered Sets 1.731ms
[2020-08-24T18:30:01.192+0000][18268][gc,start     ] GC(10) Pause Cleanup
[2020-08-24T18:30:01.192+0000][18268][gc           ] GC(10) Pause Cleanup 63M->63M(1024M) 0.116ms
[2020-08-24T18:30:01.192+0000][18268][gc,cpu       ] GC(10) User=0.00s Sys=0.00s Real=0.00s
[2020-08-24T18:30:01.192+0000][18268][safepoint    ] Safepoint "G1Concurrent", Time since last: 1790200 ns, Reaching safepoint: 632700 ns, At safepoint: 164900 ns, Total: 797600 ns
[2020-08-24T18:30:01.192+0000][18268][gc,marking   ] GC(10) Concurrent Cleanup for Next Mark
[2020-08-24T18:30:01.193+0000][18268][gc,marking   ] GC(10) Concurrent Cleanup for Next Mark 0.684ms
[2020-08-24T18:30:01.193+0000][18268][gc           ] GC(10) Concurrent Cycle 14.246ms
[2020-08-24T18:30:02.049+0000][18268][safepoint    ] Safepoint "ICBufferFull", Time since last: 855805300 ns, Reaching safepoint: 705500 ns, At safepoint: 8500 ns, Total: 714000 ns
[2020-08-24T18:30:02.524+0000][18268][safepoint    ] Safepoint "ICBufferFull", Time since last: 475609000 ns, Reaching safepoint: 207400 ns, At safepoint: 11700 ns, Total: 219100 ns
[2020-08-24T18:30:02.733+0000][18268][safepoint    ] Safepoint "BulkRevokeBias", Time since last: 208056300 ns, Reaching safepoint: 162800 ns, At safepoint: 249000 ns, Total: 411800 ns
[2020-08-24T18:30:02.747+0000][18268][safepoint    ] Safepoint "BulkRevokeBias", Time since last: 13545300 ns, Reaching safepoint: 87600 ns, At safepoint: 644200 ns, Total: 731800 ns
[2020-08-24T18:30:02.869+0000][18268][safepoint    ] Safepoint "ICBufferFull", Time since last: 121749000 ns, Reaching safepoint: 211600 ns, At safepoint: 15900 ns, Total: 227500 ns
[2020-08-24T18:30:03.057+0000][18268][safepoint    ] Safepoint "ICBufferFull", Time since last: 188015700 ns, Reaching safepoint: 206900 ns, At safepoint: 10800 ns, Total: 217700 ns
[2020-08-24T18:30:03.070+0000][18268][safepoint    ] Safepoint "BulkRevokeBias", Time since last: 12747400 ns, Reaching safepoint: 127100 ns, At safepoint: 339600 ns, Total: 466700 ns
[2020-08-24T18:30:03.075+0000][18268][safepoint    ] Safepoint "BulkRevokeBias", Time since last: 4007200 ns, Reaching safepoint: 102200 ns, At safepoint: 315100 ns, Total: 417300 ns
[2020-08-24T18:30:03.529+0000][18268][safepoint    ] Safepoint "ICBufferFull", Time since last: 453272700 ns, Reaching safepoint: 186500 ns, At safepoint: 9800 ns, Total: 196300 ns
[2020-08-24T18:30:04.755+0000][18268][safepoint    ] Safepoint "Cleanup", Time since last: 1226443900 ns, Reaching safepoint: 121700 ns, At safepoint: 8500 ns, Total: 130200 ns
[2020-08-24T18:30:06.345+0000][18268][safepoint    ] Safepoint "Cleanup", Time since last: 1589764900 ns, Reaching safepoint: 118500 ns, At safepoint: 5200 ns, Total: 123700 ns
[2020-08-24T18:30:07.345+0000][18268][safepoint    ] Safepoint "Cleanup", Time since last: 1000071900 ns, Reaching safepoint: 135000 ns, At safepoint: 2300 ns, Total: 137300 ns
[2020-08-24T18:30:08.346+0000][18268][safepoint    ] Safepoint "Cleanup", Time since last: 1000168800 ns, Reaching safepoint: 90600 ns, At safepoint: 1800 ns, Total: 92400 ns
[2020-08-24T18:30:09.346+0000][18268][safepoint    ] Safepoint "Cleanup", Time since last: 1000405900 ns, Reaching safepoint: 140300 ns, At safepoint: 5700 ns, Total: 146000 ns
[2020-08-24T18:30:10.347+0000][18268][safepoint    ] Safepoint "Cleanup", Time since last: 1000347300 ns, Reaching safepoint: 91200 ns, At safepoint: 5800 ns, Total: 97000 ns
[2020-08-24T18:30:12.347+0000][18268][safepoint    ] Safepoint "Cleanup", Time since last: 2000403100 ns, Reaching safepoint: 91200 ns, At safepoint: 5500 ns, Total: 96700 ns
[2020-08-24T18:30:13.347+0000][18268][safepoint    ] Safepoint "Cleanup", Time since last: 1000167300 ns, Reaching safepoint: 105600 ns, At safepoint: 1500 ns, Total: 107100 ns
[2020-08-24T18:30:14.349+0000][18268][safepoint    ] Safepoint "Cleanup", Time since last: 1001751100 ns, Reaching safepoint: 92300 ns, At safepoint: 5000 ns, Total: 97300 ns
[2020-08-24T18:30:25.351+0000][18268][safepoint    ] Safepoint "Cleanup", Time since last: 11001772800 ns, Reaching safepoint: 104800 ns, At safepoint: 4700 ns, Total: 109500 ns
[2020-08-24T18:30:26.351+0000][18268][safepoint    ] Safepoint "Cleanup", Time since last: 1000162200 ns, Reaching safepoint: 83800 ns, At safepoint: 1400 ns, Total: 85200 ns
[2020-08-24T18:30:32.353+0000][18268][safepoint    ] Safepoint "Cleanup", Time since last: 6001671900 ns, Reaching safepoint: 109200 ns, At safepoint: 2000 ns, Total: 111200 ns
[2020-08-24T18:30:34.344+0000][18268][safepoint    ] Safepoint "Cleanup", Time since last: 1990893100 ns, Reaching safepoint: 186300 ns, At safepoint: 7900 ns, Total: 194200 ns
[2020-08-24T18:30:35.345+0000][18268][safepoint    ] Safepoint "Cleanup", Time since last: 1000238400 ns, Reaching safepoint: 85800 ns, At safepoint: 1500 ns, Total: 87300 ns
[2020-08-24T18:30:36.345+0000][18268][safepoint    ] Safepoint "Cleanup", Time since last: 1000372500 ns, Reaching safepoint: 102800 ns, At safepoint: 1800 ns, Total: 104600 ns
[2020-08-24T18:30:37.345+0000][18268][safepoint    ] Safepoint "Cleanup", Time since last: 1000140700 ns, Reaching safepoint: 92900 ns, At safepoint: 5300 ns, Total: 98200 ns
[2020-08-24T18:30:39.346+0000][18268][safepoint    ] Safepoint "Cleanup", Time since last: 2000280500 ns, Reaching safepoint: 117000 ns, At safepoint: 5400 ns, Total: 122400 ns
[2020-08-24T18:30:41.346+0000][18268][safepoint    ] Safepoint "Cleanup", Time since last: 2000754700 ns, Reaching safepoint: 99000 ns, At safepoint: 1600 ns, Total: 100600 ns
[2020-08-24T18:30:44.347+0000][18268][safepoint    ] Safepoint "Cleanup", Time since last: 3000422800 ns, Reaching safepoint: 81400 ns, At safepoint: 1800 ns, Total: 83200 ns
[2020-08-24T18:30:49.349+0000][18268][safepoint    ] Safepoint "Cleanup", Time since last: 5001478000 ns, Reaching safepoint: 112500 ns, At safepoint: 8600 ns, Total: 121100 ns
[2020-08-24T18:30:53.350+0000][18268][safepoint    ] Safepoint "Cleanup", Time since last: 4000867900 ns, Reaching safepoint: 103000 ns, At safepoint: 5400 ns, Total: 108400 ns
[2020-08-24T18:30:57.351+0000][18268][safepoint    ] Safepoint "Cleanup", Time since last: 4000932600 ns, Reaching safepoint: 104500 ns, At safepoint: 2000 ns, Total: 106500 ns
[2020-08-24T18:30:58.351+0000][18268][safepoint    ] Safepoint "Cleanup", Time since last: 1000360200 ns, Reaching safepoint: 117500 ns, At safepoint: 1700 ns, Total: 119200 ns
[2020-08-24T18:31:00.351+0000][18268][safepoint    ] Safepoint "Cleanup", Time since last: 2000186800 ns, Reaching safepoint: 88800 ns, At safepoint: 1500 ns, Total: 90300 ns
[2020-08-24T18:31:02.352+0000][18268][safepoint    ] Safepoint "Cleanup", Time since last: 2000113500 ns, Reaching safepoint: 95200 ns, At safepoint: 1700 ns, Total: 96900 ns
[2020-08-24T18:31:03.962+0000][18268][safepoint    ] Safepoint "Cleanup", Time since last: 1609988500 ns, Reaching safepoint: 95700 ns, At safepoint: 5100 ns, Total: 100800 ns
[2020-08-24T18:31:10.963+0000][18268][safepoint    ] Safepoint "Cleanup", Time since last: 7001637000 ns, Reaching safepoint: 95600 ns, At safepoint: 1500 ns, Total: 97100 ns
[2020-08-24T18:31:23.967+0000][18268][safepoint    ] Safepoint "Cleanup", Time since last: 13003091300 ns, Reaching safepoint: 76300 ns, At safepoint: 1400 ns, Total: 77700 ns
[2020-08-24T18:31:27.967+0000][18268][safepoint    ] Safepoint "Cleanup", Time since last: 4000542100 ns, Reaching safepoint: 91700 ns, At safepoint: 4800 ns, Total: 96500 ns
[2020-08-24T18:31:30.968+0000][18268][safepoint    ] Safepoint "Cleanup", Time since last: 3000806700 ns, Reaching safepoint: 90500 ns, At safepoint: 4800 ns, Total: 95300 ns
[2020-08-24T18:31:32.969+0000][18268][safepoint    ] Safepoint "Cleanup", Time since last: 2000420600 ns, Reaching safepoint: 74300 ns, At safepoint: 1300 ns, Total: 75600 ns
[2020-08-24T18:31:40.971+0000][18268][safepoint    ] Safepoint "Cleanup", Time since last: 8001915100 ns, Reaching safepoint: 83500 ns, At safepoint: 1400 ns, Total: 84900 ns
[2020-08-24T18:31:47.973+0000][18268][safepoint    ] Safepoint "Cleanup", Time since last: 7002354600 ns, Reaching safepoint: 83300 ns, At safepoint: 1800 ns, Total: 85100 ns
[2020-08-24T18:31:50.974+0000][18268][safepoint    ] Safepoint "Cleanup", Time since last: 3000914500 ns, Reaching safepoint: 101700 ns, At safepoint: 6200 ns, Total: 107900 ns
[2020-08-24T18:31:59.977+0000][18268][safepoint    ] Safepoint "Cleanup", Time since last: 9002922800 ns, Reaching safepoint: 75100 ns, At safepoint: 1500 ns, Total: 76600 ns
[2020-08-24T18:32:02.978+0000][18268][safepoint    ] Safepoint "Cleanup", Time since last: 3000412200 ns, Reaching safepoint: 82400 ns, At safepoint: 4600 ns, Total: 87000 ns
[2020-08-24T18:32:04.978+0000][18268][safepoint    ] Safepoint "Cleanup", Time since last: 2000394900 ns, Reaching safepoint: 104400 ns, At safepoint: 4700 ns, Total: 109100 ns
[2020-08-24T18:32:05.978+0000][18268][safepoint    ] Safepoint "Cleanup", Time since last: 1000008400 ns, Reaching safepoint: 117000 ns, At safepoint: 1600 ns, Total: 118600 ns
[2020-08-24T18:32:06.979+0000][18268][safepoint    ] Safepoint "Cleanup", Time since last: 1000314000 ns, Reaching safepoint: 89300 ns, At safepoint: 5400 ns, Total: 94700 ns
[2020-08-24T18:32:08.980+0000][18268][safepoint    ] Safepoint "Cleanup", Time since last: 2000824200 ns, Reaching safepoint: 83900 ns, At safepoint: 1400 ns, Total: 85300 ns
[2020-08-24T18:32:10.980+0000][18268][safepoint    ] Safepoint "Cleanup", Time since last: 2000437000 ns, Reaching safepoint: 103800 ns, At safepoint: 5000 ns, Total: 108800 ns
[2020-08-24T18:32:12.980+0000][18268][safepoint    ] Safepoint "Cleanup", Time since last: 2000068000 ns, Reaching safepoint: 86800 ns, At safepoint: 1500 ns, Total: 88300 ns
[2020-08-24T18:32:13.980+0000][18268][safepoint    ] Safepoint "Cleanup", Time since last: 1000192300 ns, Reaching safepoint: 90600 ns, At safepoint: 4700 ns, Total: 95300 ns
[2020-08-24T18:32:18.982+0000][18268][safepoint    ] Safepoint "Cleanup", Time since last: 5001005400 ns, Reaching safepoint: 94400 ns, At safepoint: 5100 ns, Total: 99500 ns
[2020-08-24T18:32:23.078+0000][18268][safepoint    ] Safepoint "Cleanup", Time since last: 4096245100 ns, Reaching safepoint: 76200 ns, At safepoint: 1400 ns, Total: 77600 ns
[2020-08-24T18:32:23.115+0000][18268][gc,start     ] GC(11) Pause Young (Normal) (G1 Evacuation Pause)
[2020-08-24T18:32:23.115+0000][18268][gc,task      ] GC(11) Using 18 workers of 18 for evacuation
[2020-08-24T18:32:23.115+0000][18268][gc,age       ] GC(11) Desired survivor size 40370176 bytes, new threshold 2 (max threshold 15)
[2020-08-24T18:32:23.133+0000][18268][gc,age       ] GC(11) Age table with threshold 2 (max threshold 15)
[2020-08-24T18:32:23.133+0000][18268][gc,age       ] GC(11) - age   1:   13386552 bytes,   13386552 total
[2020-08-24T18:32:23.133+0000][18268][gc,age       ] GC(11) - age   2:    9482880 bytes,   22869432 total
[2020-08-24T18:32:23.133+0000][18268][gc,phases    ] GC(11)   Pre Evacuate Collection Set: 0.1ms
[2020-08-24T18:32:23.133+0000][18268][gc,phases    ] GC(11)   Merge Heap Roots: 0.1ms
[2020-08-24T18:32:23.133+0000][18268][gc,phases    ] GC(11)   Evacuate Collection Set: 16.3ms
[2020-08-24T18:32:23.133+0000][18268][gc,phases    ] GC(11)   Post Evacuate Collection Set: 1.1ms
[2020-08-24T18:32:23.133+0000][18268][gc,phases    ] GC(11)   Other: 0.2ms
[2020-08-24T18:32:23.133+0000][18268][gc,heap      ] GC(11) Eden regions: 564->0(589)
[2020-08-24T18:32:23.133+0000][18268][gc,heap      ] GC(11) Survivor regions: 50->25(77)
[2020-08-24T18:32:23.133+0000][18268][gc,heap      ] GC(11) Old regions: 10->48
[2020-08-24T18:32:23.133+0000][18268][gc,heap      ] GC(11) Archive regions: 0->0
[2020-08-24T18:32:23.133+0000][18268][gc,heap      ] GC(11) Humongous regions: 7->7
[2020-08-24T18:32:23.133+0000][18268][gc,metaspace ] GC(11) Metaspace: 89488K(97152K)->89488K(97152K) NonClass: 77178K(81792K)->77178K(81792K) Class: 12309K(15360K)->12309K(15360K)
[2020-08-24T18:32:23.133+0000][18268][gc           ] GC(11) Pause Young (Normal) (G1 Evacuation Pause) 630M->79M(1024M) 17.826ms
[2020-08-24T18:32:23.133+0000][18268][gc,cpu       ] GC(11) User=0.30s Sys=0.00s Real=0.02s
[2020-08-24T18:32:23.133+0000][18268][safepoint    ] Safepoint "G1CollectForAllocation", Time since last: 37075800 ns, Reaching safepoint: 84300 ns, At safepoint: 17907500 ns, Total: 17991800 ns
[2020-08-24T18:32:23.158+0000][18268][safepoint    ] Safepoint "BulkRevokeBias", Time since last: 24640200 ns, Reaching safepoint: 74400 ns, At safepoint: 753500 ns, Total: 827900 ns
[2020-08-24T18:32:24.199+0000][18268][safepoint    ] Safepoint "Cleanup", Time since last: 1040353100 ns, Reaching safepoint: 109600 ns, At safepoint: 1600 ns, Total: 111200 ns
[2020-08-24T18:32:33.202+0000][18268][safepoint    ] Safepoint "Cleanup", Time since last: 9002538600 ns, Reaching safepoint: 101200 ns, At safepoint: 1700 ns, Total: 102900 ns
[2020-08-24T18:32:34.202+0000][18268][safepoint    ] Safepoint "Cleanup", Time since last: 1000389400 ns, Reaching safepoint: 90900 ns, At safepoint: 5100 ns, Total: 96000 ns
[2020-08-24T18:32:36.202+0000][18268][safepoint    ] Safepoint "Cleanup", Time since last: 2000147000 ns, Reaching safepoint: 101200 ns, At safepoint: 5100 ns, Total: 106300 ns
[2020-08-24T18:32:40.204+0000][18268][safepoint    ] Safepoint "Cleanup", Time since last: 4001249800 ns, Reaching safepoint: 95400 ns, At safepoint: 5700 ns, Total: 101100 ns
[2020-08-24T18:32:56.208+0000][18268][safepoint    ] Safepoint "Cleanup", Time since last: 16004389000 ns, Reaching safepoint: 103300 ns, At safepoint: 5600 ns, Total: 108900 ns
[2020-08-24T18:32:59.209+0000][18268][safepoint    ] Safepoint "Cleanup", Time since last: 3000312900 ns, Reaching safepoint: 118000 ns, At safepoint: 5600 ns, Total: 123600 ns
[2020-08-24T18:33:01.209+0000][18268][safepoint    ] Safepoint "Cleanup", Time since last: 1999898800 ns, Reaching safepoint: 102900 ns, At safepoint: 1600 ns, Total: 104500 ns
[2020-08-24T18:33:03.209+0000][18268][safepoint    ] Safepoint "Cleanup", Time since last: 2000540800 ns, Reaching safepoint: 106500 ns, At safepoint: 1800 ns, Total: 108300 ns
[2020-08-24T18:33:04.210+0000][18268][safepoint    ] Safepoint "Cleanup", Time since last: 1000200600 ns, Reaching safepoint: 97100 ns, At safepoint: 5400 ns, Total: 102500 ns
[2020-08-24T18:33:06.210+0000][18268][safepoint    ] Safepoint "Cleanup", Time since last: 2000030700 ns, Reaching safepoint: 99200 ns, At safepoint: 5100 ns, Total: 104300 ns
[2020-08-24T18:33:09.210+0000][18268][safepoint    ] Safepoint "Cleanup", Time since last: 3000340200 ns, Reaching safepoint: 119300 ns, At safepoint: 1800 ns, Total: 121100 ns
[2020-08-24T18:33:14.212+0000][18268][safepoint    ] Safepoint "Cleanup", Time since last: 5001751900 ns, Reaching safepoint: 125900 ns, At safepoint: 2300 ns, Total: 128200 ns
[2020-08-24T18:33:16.213+0000][18268][safepoint    ] Safepoint "Cleanup", Time since last: 2000630500 ns, Reaching safepoint: 122600 ns, At safepoint: 5200 ns, Total: 127800 ns
[2020-08-24T18:33:17.213+0000][18268][safepoint    ] Safepoint "Cleanup", Time since last: 1000292200 ns, Reaching safepoint: 106000 ns, At safepoint: 1700 ns, Total: 107700 ns
[2020-08-24T18:33:27.216+0000][18268][safepoint    ] Safepoint "Cleanup", Time since last: 10002301100 ns, Reaching safepoint: 94300 ns, At safepoint: 5100 ns, Total: 99400 ns
[2020-08-24T18:33:33.217+0000][18268][safepoint    ] Safepoint "Cleanup", Time since last: 6001372800 ns, Reaching safepoint: 110100 ns, At safepoint: 4900 ns, Total: 115000 ns
[2020-08-24T18:33:35.218+0000][18268][safepoint    ] Safepoint "Cleanup", Time since last: 2000379800 ns, Reaching safepoint: 93100 ns, At safepoint: 1900 ns, Total: 95000 ns
[2020-08-24T18:34:03.224+0000][18268][safepoint    ] Safepoint "Cleanup", Time since last: 28005948300 ns, Reaching safepoint: 194100 ns, At safepoint: 14600 ns, Total: 208700 ns
[2020-08-24T18:34:11.226+0000][18268][safepoint    ] Safepoint "Cleanup", Time since last: 8002251400 ns, Reaching safepoint: 98400 ns, At safepoint: 5000 ns, Total: 103400 ns
[2020-08-24T18:34:12.227+0000][18268][safepoint    ] Safepoint "Cleanup", Time since last: 1000389600 ns, Reaching safepoint: 104400 ns, At safepoint: 5300 ns, Total: 109700 ns
[2020-08-24T18:34:36.233+0000][18268][safepoint    ] Safepoint "Cleanup", Time since last: 24006409100 ns, Reaching safepoint: 100200 ns, At safepoint: 5500 ns, Total: 105700 ns
[2020-08-24T18:34:51.238+0000][18268][safepoint    ] Safepoint "Cleanup", Time since last: 15004400000 ns, Reaching safepoint: 101400 ns, At safepoint: 1600 ns, Total: 103000 ns
[2020-08-24T18:35:15.996+0000][18268][safepoint    ] Safepoint "Cleanup", Time since last: 24757877000 ns, Reaching safepoint: 93100 ns, At safepoint: 5100 ns, Total: 98200 ns
[2020-08-24T18:35:32.999+0000][18268][safepoint    ] Safepoint "Cleanup", Time since last: 17003408600 ns, Reaching safepoint: 104900 ns, At safepoint: 1700 ns, Total: 106600 ns
[2020-08-24T18:36:33.014+0000][18268][safepoint    ] Safepoint "Cleanup", Time since last: 60014612700 ns, Reaching safepoint: 94500 ns, At safepoint: 1400 ns, Total: 95900 ns
[2020-08-24T18:36:54.019+0000][18268][safepoint    ] Safepoint "Cleanup", Time since last: 21004646400 ns, Reaching safepoint: 82500 ns, At safepoint: 1800 ns, Total: 84300 ns
[2020-08-24T18:37:08.021+0000][18268][safepoint    ] Safepoint "Cleanup", Time since last: 14002893800 ns, Reaching safepoint: 98700 ns, At safepoint: 5400 ns, Total: 104100 ns
[2020-08-24T18:37:10.022+0000][18268][safepoint    ] Safepoint "Cleanup", Time since last: 2000098200 ns, Reaching safepoint: 100400 ns, At safepoint: 4400 ns, Total: 104800 ns
[2020-08-24T18:37:14.023+0000][18268][safepoint    ] Safepoint "Cleanup", Time since last: 4000819400 ns, Reaching safepoint: 151000 ns, At safepoint: 1900 ns, Total: 152900 ns
[2020-08-24T18:37:34.028+0000][18268][safepoint    ] Safepoint "Cleanup", Time since last: 20005721600 ns, Reaching safepoint: 103800 ns, At safepoint: 1800 ns, Total: 105600 ns
[2020-08-24T18:37:43.031+0000][18268][safepoint    ] Safepoint "Cleanup", Time since last: 9002186500 ns, Reaching safepoint: 102500 ns, At safepoint: 4900 ns, Total: 107400 ns
[2020-08-24T18:38:03.037+0000][18268][safepoint    ] Safepoint "Cleanup", Time since last: 20006159300 ns, Reaching safepoint: 96700 ns, At safepoint: 1900 ns, Total: 98600 ns
[2020-08-24T18:38:33.043+0000][18268][safepoint    ] Safepoint "Cleanup", Time since last: 30005388800 ns, Reaching safepoint: 90100 ns, At safepoint: 4900 ns, Total: 95000 ns
[2020-08-24T18:38:44.045+0000][18268][safepoint    ] Safepoint "Cleanup", Time since last: 11002785200 ns, Reaching safepoint: 95200 ns, At safepoint: 1700 ns, Total: 96900 ns
[2020-08-24T18:39:33.059+0000][18268][safepoint    ] Safepoint "Cleanup", Time since last: 49013129200 ns, Reaching safepoint: 96400 ns, At safepoint: 5500 ns, Total: 101900 ns
[2020-08-24T18:39:35.059+0000][18268][safepoint    ] Safepoint "Cleanup", Time since last: 2000259700 ns, Reaching safepoint: 93500 ns, At safepoint: 5100 ns, Total: 98600 ns
[2020-08-24T18:40:03.067+0000][18268][safepoint    ] Safepoint "Cleanup", Time since last: 28008086100 ns, Reaching safepoint: 102300 ns, At safepoint: 6000 ns, Total: 108300 ns
[2020-08-24T18:40:04.344+0000][18268][safepoint    ] Safepoint "Cleanup", Time since last: 1276236100 ns, Reaching safepoint: 140100 ns, At safepoint: 28200 ns, Total: 168300 ns
[2020-08-24T18:40:33.393+0000][18268][safepoint    ] Safepoint "Cleanup", Time since last: 29049316700 ns, Reaching safepoint: 102600 ns, At safepoint: 5500 ns, Total: 108100 ns
[2020-08-24T18:41:03.400+0000][18268][safepoint    ] Safepoint "Cleanup", Time since last: 30006898100 ns, Reaching safepoint: 103900 ns, At safepoint: 1600 ns, Total: 105500 ns
[2020-08-24T18:41:05.400+0000][18268][safepoint    ] Safepoint "Cleanup", Time since last: 2000181300 ns, Reaching safepoint: 113300 ns, At safepoint: 1500 ns, Total: 114800 ns
[2020-08-24T18:41:33.409+0000][18268][safepoint    ] Safepoint "Cleanup", Time since last: 28009076000 ns, Reaching safepoint: 123400 ns, At safepoint: 1500 ns, Total: 124900 ns
[2020-08-24T18:41:45.412+0000][18268][safepoint    ] Safepoint "Cleanup", Time since last: 12002576000 ns, Reaching safepoint: 95800 ns, At safepoint: 1500 ns, Total: 97300 ns
[2020-08-24T18:42:13.418+0000][18268][safepoint    ] Safepoint "Cleanup", Time since last: 28005780400 ns, Reaching safepoint: 88200 ns, At safepoint: 5500 ns, Total: 93700 ns
[2020-08-24T18:42:26.421+0000][18268][safepoint    ] Safepoint "Cleanup", Time since last: 13002890000 ns, Reaching safepoint: 108200 ns, At safepoint: 5100 ns, Total: 113300 ns
[2020-08-24T18:42:53.428+0000][18268][safepoint    ] Safepoint "Cleanup", Time since last: 27006865400 ns, Reaching safepoint: 96600 ns, At safepoint: 5200 ns, Total: 101800 ns
[2020-08-24T18:42:55.429+0000][18268][safepoint    ] Safepoint "Cleanup", Time since last: 2000477300 ns, Reaching safepoint: 94300 ns, At safepoint: 5200 ns, Total: 99500 ns
[2020-08-24T18:43:33.440+0000][18268][safepoint    ] Safepoint "Cleanup", Time since last: 38010862700 ns, Reaching safepoint: 99000 ns, At safepoint: 5300 ns, Total: 104300 ns
[2020-08-24T18:43:46.443+0000][18268][safepoint    ] Safepoint "Cleanup", Time since last: 13003361700 ns, Reaching safepoint: 95200 ns, At safepoint: 5000 ns, Total: 100200 ns
[2020-08-24T18:43:56.446+0000][18268][safepoint    ] Safepoint "Cleanup", Time since last: 10003145400 ns, Reaching safepoint: 104200 ns, At safepoint: 2000 ns, Total: 106200 ns
[2020-08-24T18:44:02.448+0000][18268][safepoint    ] Safepoint "Cleanup", Time since last: 6001657900 ns, Reaching safepoint: 129200 ns, At safepoint: 1500 ns, Total: 130700 ns
[2020-08-24T18:44:19.453+0000][18268][safepoint    ] Safepoint "Cleanup", Time since last: 17004407700 ns, Reaching safepoint: 102300 ns, At safepoint: 1500 ns, Total: 103800 ns
[2020-08-24T18:44:20.453+0000][18268][safepoint    ] Safepoint "Cleanup", Time since last: 1000342700 ns, Reaching safepoint: 111300 ns, At safepoint: 5500 ns, Total: 116800 ns
[2020-08-24T18:44:33.457+0000][18268][safepoint    ] Safepoint "Cleanup", Time since last: 13003376900 ns, Reaching safepoint: 92300 ns, At safepoint: 1500 ns, Total: 93800 ns
[2020-08-24T18:45:03.949+0000][18268][safepoint    ] Safepoint "Cleanup", Time since last: 30492420300 ns, Reaching safepoint: 86700 ns, At safepoint: 5500 ns, Total: 92200 ns
[2020-08-24T18:45:14.953+0000][18268][safepoint    ] Safepoint "Cleanup", Time since last: 11003865800 ns, Reaching safepoint: 123900 ns, At safepoint: 5700 ns, Total: 129600 ns
[2020-08-24T18:45:16.953+0000][18268][safepoint    ] Safepoint "Cleanup", Time since last: 1999929200 ns, Reaching safepoint: 110500 ns, At safepoint: 1800 ns, Total: 112300 ns
[2020-08-24T18:45:33.957+0000][18268][safepoint    ] Safepoint "Cleanup", Time since last: 17003950100 ns, Reaching safepoint: 92800 ns, At safepoint: 5700 ns, Total: 98500 ns
[2020-08-24T18:46:03.966+0000][18268][safepoint    ] Safepoint "Cleanup", Time since last: 30008460000 ns, Reaching safepoint: 106300 ns, At safepoint: 1900 ns, Total: 108200 ns
[2020-08-24T18:46:04.042+0000][18268][gc,start     ] GC(12) Pause Young (Normal) (G1 Evacuation Pause)
[2020-08-24T18:46:04.042+0000][18268][gc,task      ] GC(12) Using 18 workers of 18 for evacuation
[2020-08-24T18:46:04.042+0000][18268][gc,age       ] GC(12) Desired survivor size 40370176 bytes, new threshold 15 (max threshold 15)
[2020-08-24T18:46:04.052+0000][18268][gc,age       ] GC(12) Age table with threshold 15 (max threshold 15)
[2020-08-24T18:46:04.052+0000][18268][gc,age       ] GC(12) - age   1:     375968 bytes,     375968 total
[2020-08-24T18:46:04.052+0000][18268][gc,age       ] GC(12) - age   2:   13118552 bytes,   13494520 total
[2020-08-24T18:46:04.052+0000][18268][gc,age       ] GC(12) - age   3:    9477208 bytes,   22971728 total
[2020-08-24T18:46:04.052+0000][18268][gc,phases    ] GC(12)   Pre Evacuate Collection Set: 0.1ms
[2020-08-24T18:46:04.052+0000][18268][gc,phases    ] GC(12)   Merge Heap Roots: 0.1ms
[2020-08-24T18:46:04.052+0000][18268][gc,phases    ] GC(12)   Evacuate Collection Set: 8.4ms
[2020-08-24T18:46:04.052+0000][18268][gc,phases    ] GC(12)   Post Evacuate Collection Set: 0.9ms
[2020-08-24T18:46:04.052+0000][18268][gc,phases    ] GC(12)   Other: 0.3ms
[2020-08-24T18:46:04.052+0000][18268][gc,heap      ] GC(12) Eden regions: 589->0(589)
[2020-08-24T18:46:04.052+0000][18268][gc,heap      ] GC(12) Survivor regions: 25->25(77)
[2020-08-24T18:46:04.052+0000][18268][gc,heap      ] GC(12) Old regions: 48->48
[2020-08-24T18:46:04.052+0000][18268][gc,heap      ] GC(12) Archive regions: 0->0
[2020-08-24T18:46:04.052+0000][18268][gc,heap      ] GC(12) Humongous regions: 7->7
[2020-08-24T18:46:04.052+0000][18268][gc,metaspace ] GC(12) Metaspace: 91152K(98944K)->91152K(98944K) NonClass: 78622K(83328K)->78622K(83328K) Class: 12529K(15616K)->12529K(15616K)
[2020-08-24T18:46:04.052+0000][18268][gc           ] GC(12) Pause Young (Normal) (G1 Evacuation Pause) 668M->78M(1024M) 9.855ms
[2020-08-24T18:46:04.052+0000][18268][gc,cpu       ] GC(12) User=0.00s Sys=0.00s Real=0.01s
[2020-08-24T18:46:04.052+0000][18268][safepoint    ] Safepoint "G1CollectForAllocation", Time since last: 76427000 ns, Reaching safepoint: 119700 ns, At safepoint: 9945200 ns, Total: 10064900 ns
[2020-08-24T18:46:11.054+0000][18268][safepoint    ] Safepoint "Cleanup", Time since last: 7001752600 ns, Reaching safepoint: 87000 ns, At safepoint: 5300 ns, Total: 92300 ns
[2020-08-24T18:46:34.061+0000][18268][safepoint    ] Safepoint "Cleanup", Time since last: 23006549000 ns, Reaching safepoint: 94200 ns, At safepoint: 1700 ns, Total: 95900 ns
[2020-08-24T18:46:40.062+0000][18268][safepoint    ] Safepoint "Cleanup", Time since last: 6001457500 ns, Reaching safepoint: 85900 ns, At safepoint: 5500 ns, Total: 91400 ns
[2020-08-24T18:47:03.068+0000][18268][safepoint    ] Safepoint "Cleanup", Time since last: 23005221200 ns, Reaching safepoint: 95100 ns, At safepoint: 1600 ns, Total: 96700 ns
[2020-08-24T18:47:20.071+0000][18268][safepoint    ] Safepoint "Cleanup", Time since last: 17003464600 ns, Reaching safepoint: 101400 ns, At safepoint: 5500 ns, Total: 106900 ns
[2020-08-24T18:47:33.074+0000][18268][safepoint    ] Safepoint "Cleanup", Time since last: 13003095000 ns, Reaching safepoint: 90500 ns, At safepoint: 1500 ns, Total: 92000 ns
[2020-08-24T18:48:34.089+0000][18268][safepoint    ] Safepoint "Cleanup", Time since last: 61014879500 ns, Reaching safepoint: 104400 ns, At safepoint: 1800 ns, Total: 106200 ns
[2020-08-24T18:48:40.091+0000][18268][safepoint    ] Safepoint "Cleanup", Time since last: 6001204300 ns, Reaching safepoint: 93500 ns, At safepoint: 5000 ns, Total: 98500 ns
[2020-08-24T18:49:15.099+0000][18268][safepoint    ] Safepoint "Cleanup", Time since last: 35008369700 ns, Reaching safepoint: 109100 ns, At safepoint: 5900 ns, Total: 115000 ns
[2020-08-24T18:49:47.105+0000][18268][safepoint    ] Safepoint "Cleanup", Time since last: 32006114700 ns, Reaching safepoint: 142300 ns, At safepoint: 2200 ns, Total: 144500 ns
[2020-08-24T18:50:33.114+0000][18268][safepoint    ] Safepoint "Cleanup", Time since last: 46008635600 ns, Reaching safepoint: 96100 ns, At safepoint: 5300 ns, Total: 101400 ns
[2020-08-24T18:51:34.130+0000][18268][safepoint    ] Safepoint "Cleanup", Time since last: 61015857800 ns, Reaching safepoint: 108200 ns, At safepoint: 1600 ns, Total: 109800 ns
[2020-08-24T18:52:03.136+0000][18268][safepoint    ] Safepoint "Cleanup", Time since last: 29005446400 ns, Reaching safepoint: 95300 ns, At safepoint: 5000 ns, Total: 100300 ns
[2020-08-24T18:52:04.136+0000][18268][safepoint    ] Safepoint "Cleanup", Time since last: 1000021400 ns, Reaching safepoint: 105000 ns, At safepoint: 5900 ns, Total: 110900 ns
[2020-08-24T18:52:15.139+0000][18268][safepoint    ] Safepoint "Cleanup", Time since last: 11002717200 ns, Reaching safepoint: 95600 ns, At safepoint: 1500 ns, Total: 97100 ns
[2020-08-24T18:52:33.143+0000][18268][safepoint    ] Safepoint "Cleanup", Time since last: 18004456200 ns, Reaching safepoint: 104400 ns, At safepoint: 5200 ns, Total: 109600 ns
[2020-08-24T18:52:43.145+0000][18268][safepoint    ] Safepoint "Cleanup", Time since last: 10001878100 ns, Reaching safepoint: 111700 ns, At safepoint: 2400 ns, Total: 114100 ns
[2020-08-24T18:54:03.164+0000][18268][safepoint    ] Safepoint "Cleanup", Time since last: 80018852400 ns, Reaching safepoint: 103100 ns, At safepoint: 6000 ns, Total: 109100 ns
[2020-08-24T18:54:04.165+0000][18268][safepoint    ] Safepoint "Cleanup", Time since last: 1000394300 ns, Reaching safepoint: 110400 ns, At safepoint: 4800 ns, Total: 115200 ns
[2020-08-24T18:54:13.167+0000][18268][safepoint    ] Safepoint "Cleanup", Time since last: 9002365200 ns, Reaching safepoint: 95100 ns, At safepoint: 1900 ns, Total: 97000 ns
[2020-08-24T18:54:34.172+0000][18268][safepoint    ] Safepoint "Cleanup", Time since last: 21004943900 ns, Reaching safepoint: 90200 ns, At safepoint: 5000 ns, Total: 95200 ns
[2020-08-24T18:56:04.195+0000][18268][safepoint    ] Safepoint "Cleanup", Time since last: 90023099800 ns, Reaching safepoint: 118400 ns, At safepoint: 6100 ns, Total: 124500 ns
[2020-08-24T18:56:39.724+0000][18268][safepoint    ] Safepoint "Cleanup", Time since last: 35528138400 ns, Reaching safepoint: 95900 ns, At safepoint: 6400 ns, Total: 102300 ns
[2020-08-24T18:56:40.729+0000][18268][safepoint    ] Safepoint "Cleanup", Time since last: 1004951000 ns, Reaching safepoint: 95400 ns, At safepoint: 2300 ns, Total: 97700 ns
[2020-08-24T18:57:12.736+0000][18268][safepoint    ] Safepoint "Cleanup", Time since last: 32007358600 ns, Reaching safepoint: 101700 ns, At safepoint: 5700 ns, Total: 107400 ns
[2020-08-24T18:58:12.752+0000][18268][safepoint    ] Safepoint "Cleanup", Time since last: 60016190500 ns, Reaching safepoint: 111100 ns, At safepoint: 1600 ns, Total: 112700 ns
[2020-08-24T18:58:44.548+0000][18268][safepoint    ] Safepoint "BulkRevokeBias", Time since last: 31795422600 ns, Reaching safepoint: 103100 ns, At safepoint: 437200 ns, Total: 540300 ns
[2020-08-24T18:58:44.550+0000][18268][safepoint    ] Safepoint "BulkRevokeBias", Time since last: 1218300 ns, Reaching safepoint: 65900 ns, At safepoint: 314600 ns, Total: 380500 ns
[2020-08-24T18:58:45.550+0000][18268][safepoint    ] Safepoint "Cleanup", Time since last: 1000484400 ns, Reaching safepoint: 99300 ns, At safepoint: 1600 ns, Total: 100900 ns
[2020-08-24T18:59:02.555+0000][18268][safepoint    ] Safepoint "Cleanup", Time since last: 17004862700 ns, Reaching safepoint: 96500 ns, At safepoint: 5900 ns, Total: 102400 ns
[2020-08-24T18:59:03.556+0000][18268][safepoint    ] Safepoint "Cleanup", Time since last: 1000121200 ns, Reaching safepoint: 102500 ns, At safepoint: 5900 ns, Total: 108400 ns
[2020-08-24T18:59:33.562+0000][18268][safepoint    ] Safepoint "Cleanup", Time since last: 30006055800 ns, Reaching safepoint: 93500 ns, At safepoint: 5600 ns, Total: 99100 ns
[2020-08-24T18:59:59.648+0000][18268][gc,start     ] GC(13) Pause Young (Normal) (G1 Evacuation Pause)
[2020-08-24T18:59:59.649+0000][18268][gc,task      ] GC(13) Using 18 workers of 18 for evacuation
[2020-08-24T18:59:59.649+0000][18268][gc,age       ] GC(13) Desired survivor size 40370176 bytes, new threshold 15 (max threshold 15)
[2020-08-24T18:59:59.655+0000][18268][gc,age       ] GC(13) Age table with threshold 15 (max threshold 15)
[2020-08-24T18:59:59.655+0000][18268][gc,age       ] GC(13) - age   1:     135448 bytes,     135448 total
[2020-08-24T18:59:59.655+0000][18268][gc,age       ] GC(13) - age   2:     351624 bytes,     487072 total
[2020-08-24T18:59:59.655+0000][18268][gc,age       ] GC(13) - age   3:   11954152 bytes,   12441224 total
[2020-08-24T18:59:59.655+0000][18268][gc,age       ] GC(13) - age   4:    8984072 bytes,   21425296 total
[2020-08-24T18:59:59.655+0000][18268][gc,phases    ] GC(13)   Pre Evacuate Collection Set: 0.1ms
[2020-08-24T18:59:59.655+0000][18268][gc,phases    ] GC(13)   Merge Heap Roots: 0.1ms
[2020-08-24T18:59:59.655+0000][18268][gc,phases    ] GC(13)   Evacuate Collection Set: 5.5ms
[2020-08-24T18:59:59.655+0000][18268][gc,phases    ] GC(13)   Post Evacuate Collection Set: 1.0ms
[2020-08-24T18:59:59.655+0000][18268][gc,phases    ] GC(13)   Other: 0.2ms
[2020-08-24T18:59:59.655+0000][18268][gc,heap      ] GC(13) Eden regions: 589->0(591)
[2020-08-24T18:59:59.655+0000][18268][gc,heap      ] GC(13) Survivor regions: 25->23(77)
[2020-08-24T18:59:59.655+0000][18268][gc,heap      ] GC(13) Old regions: 48->48
[2020-08-24T18:59:59.655+0000][18268][gc,heap      ] GC(13) Archive regions: 0->0
[2020-08-24T18:59:59.655+0000][18268][gc,heap      ] GC(13) Humongous regions: 7->7
[2020-08-24T18:59:59.655+0000][18268][gc,metaspace ] GC(13) Metaspace: 91296K(99200K)->91296K(99200K) NonClass: 78763K(83584K)->78763K(83584K) Class: 12533K(15616K)->12533K(15616K)
[2020-08-24T18:59:59.655+0000][18268][gc           ] GC(13) Pause Young (Normal) (G1 Evacuation Pause) 667M->76M(1024M) 6.932ms
[2020-08-24T18:59:59.655+0000][18268][gc,cpu       ] GC(13) User=0.28s Sys=0.00s Real=0.01s
[2020-08-24T18:59:59.655+0000][18268][safepoint    ] Safepoint "G1CollectForAllocation", Time since last: 26086439200 ns, Reaching safepoint: 97000 ns, At safepoint: 6993500 ns, Total: 7090500 ns
[2020-08-24T19:00:03.656+0000][18268][safepoint    ] Safepoint "Cleanup", Time since last: 4000150800 ns, Reaching safepoint: 100400 ns, At safepoint: 1600 ns, Total: 102000 ns
[2020-08-24T19:00:22.660+0000][18268][safepoint    ] Safepoint "Cleanup", Time since last: 19004290800 ns, Reaching safepoint: 99000 ns, At safepoint: 1700 ns, Total: 100700 ns
[2020-08-24T19:00:29.623+0000][18268][safepoint    ] Safepoint "Cleanup", Time since last: 6962637400 ns, Reaching safepoint: 82500 ns, At safepoint: 5000 ns, Total: 87500 ns
[2020-08-24T19:00:30.627+0000][18268][safepoint    ] Safepoint "Cleanup", Time since last: 1004591000 ns, Reaching safepoint: 112000 ns, At safepoint: 1700 ns, Total: 113700 ns
[2020-08-24T19:00:38.630+0000][18268][safepoint    ] Safepoint "Cleanup", Time since last: 8002013000 ns, Reaching safepoint: 107800 ns, At safepoint: 5800 ns, Total: 113600 ns
[2020-08-24T19:01:23.641+0000][18268][safepoint    ] Safepoint "Cleanup", Time since last: 45011373700 ns, Reaching safepoint: 113000 ns, At safepoint: 6300 ns, Total: 119300 ns
[2020-08-24T19:01:25.642+0000][18268][safepoint    ] Safepoint "Cleanup", Time since last: 2000396500 ns, Reaching safepoint: 110200 ns, At safepoint: 5800 ns, Total: 116000 ns
[2020-08-24T19:01:33.644+0000][18268][safepoint    ] Safepoint "Cleanup", Time since last: 8002439500 ns, Reaching safepoint: 103400 ns, At safepoint: 6000 ns, Total: 109400 ns
[2020-08-24T19:02:03.652+0000][18268][safepoint    ] Safepoint "Cleanup", Time since last: 30007290000 ns, Reaching safepoint: 123800 ns, At safepoint: 7200 ns, Total: 131000 ns
[2020-08-24T19:02:33.659+0000][18268][safepoint    ] Safepoint "Cleanup", Time since last: 30007825200 ns, Reaching safepoint: 98700 ns, At safepoint: 5300 ns, Total: 104000 ns
[2020-08-24T19:05:37.704+0000][18268][safepoint    ] Safepoint "Cleanup", Time since last: 184044502900 ns, Reaching safepoint: 218500 ns, At safepoint: 7900 ns, Total: 226400 ns
[2020-08-24T19:08:20.742+0000][18268][safepoint    ] Safepoint "Cleanup", Time since last: 163037268100 ns, Reaching safepoint: 97100 ns, At safepoint: 1800 ns, Total: 98900 ns
[2020-08-24T19:10:02.769+0000][18268][safepoint    ] Safepoint "Cleanup", Time since last: 102026863500 ns, Reaching safepoint: 92200 ns, At safepoint: 1600 ns, Total: 93800 ns
[2020-08-24T19:10:03.769+0000][18268][safepoint    ] Safepoint "Cleanup", Time since last: 1000411100 ns, Reaching safepoint: 119700 ns, At safepoint: 5500 ns, Total: 125200 ns
[2020-08-24T19:10:33.776+0000][18268][safepoint    ] Safepoint "Cleanup", Time since last: 30006847900 ns, Reaching safepoint: 100400 ns, At safepoint: 5600 ns, Total: 106000 ns
[2020-08-24T19:13:33.826+0000][18268][safepoint    ] Safepoint "Cleanup", Time since last: 180049428800 ns, Reaching safepoint: 118900 ns, At safepoint: 5700 ns, Total: 124600 ns
[2020-08-24T19:14:00.241+0000][18268][gc,start     ] GC(14) Pause Young (Normal) (G1 Evacuation Pause)
[2020-08-24T19:14:00.241+0000][18268][gc,task      ] GC(14) Using 18 workers of 18 for evacuation
[2020-08-24T19:14:00.241+0000][18268][gc,age       ] GC(14) Desired survivor size 40370176 bytes, new threshold 15 (max threshold 15)
[2020-08-24T19:14:00.249+0000][18268][gc,age       ] GC(14) Age table with threshold 15 (max threshold 15)
[2020-08-24T19:14:00.249+0000][18268][gc,age       ] GC(14) - age   1:      62520 bytes,      62520 total
[2020-08-24T19:14:00.249+0000][18268][gc,age       ] GC(14) - age   2:     124392 bytes,     186912 total
[2020-08-24T19:14:00.249+0000][18268][gc,age       ] GC(14) - age   3:     318400 bytes,     505312 total
[2020-08-24T19:14:00.249+0000][18268][gc,age       ] GC(14) - age   4:   11933080 bytes,   12438392 total
[2020-08-24T19:14:00.249+0000][18268][gc,age       ] GC(14) - age   5:    8982952 bytes,   21421344 total
[2020-08-24T19:14:00.249+0000][18268][gc,phases    ] GC(14)   Pre Evacuate Collection Set: 0.1ms
[2020-08-24T19:14:00.249+0000][18268][gc,phases    ] GC(14)   Merge Heap Roots: 0.1ms
[2020-08-24T19:14:00.249+0000][18268][gc,phases    ] GC(14)   Evacuate Collection Set: 6.3ms
[2020-08-24T19:14:00.249+0000][18268][gc,phases    ] GC(14)   Post Evacuate Collection Set: 1.0ms
[2020-08-24T19:14:00.249+0000][18268][gc,phases    ] GC(14)   Other: 0.3ms
[2020-08-24T19:14:00.249+0000][18268][gc,heap      ] GC(14) Eden regions: 591->0(591)
[2020-08-24T19:14:00.249+0000][18268][gc,heap      ] GC(14) Survivor regions: 23->23(77)
[2020-08-24T19:14:00.249+0000][18268][gc,heap      ] GC(14) Old regions: 48->48
[2020-08-24T19:14:00.249+0000][18268][gc,heap      ] GC(14) Archive regions: 0->0
[2020-08-24T19:14:00.249+0000][18268][gc,heap      ] GC(14) Humongous regions: 7->7
[2020-08-24T19:14:00.249+0000][18268][gc,metaspace ] GC(14) Metaspace: 91394K(99200K)->91394K(99200K) NonClass: 78860K(83584K)->78860K(83584K) Class: 12534K(15616K)->12534K(15616K)
[2020-08-24T19:14:00.249+0000][18268][gc           ] GC(14) Pause Young (Normal) (G1 Evacuation Pause) 667M->76M(1024M) 7.845ms
[2020-08-24T19:14:00.249+0000][18268][gc,cpu       ] GC(14) User=0.28s Sys=0.00s Real=0.01s
[2020-08-24T19:14:00.249+0000][18268][safepoint    ] Safepoint "G1CollectForAllocation", Time since last: 26415736600 ns, Reaching safepoint: 91500 ns, At safepoint: 7916000 ns, Total: 8007500 ns
[2020-08-24T19:14:36.258+0000][18268][safepoint    ] Safepoint "Cleanup", Time since last: 36008123800 ns, Reaching safepoint: 105300 ns, At safepoint: 1700 ns, Total: 107000 ns
[2020-08-24T19:14:38.258+0000][18268][safepoint    ] Safepoint "Cleanup", Time since last: 2000426500 ns, Reaching safepoint: 99800 ns, At safepoint: 7200 ns, Total: 107000 ns
[2020-08-24T19:14:41.259+0000][18268][safepoint    ] Safepoint "Cleanup", Time since last: 3001101800 ns, Reaching safepoint: 104000 ns, At safepoint: 5500 ns, Total: 109500 ns
[2020-08-24T19:14:46.260+0000][18268][safepoint    ] Safepoint "Cleanup", Time since last: 5000712000 ns, Reaching safepoint: 98100 ns, At safepoint: 2100 ns, Total: 100200 ns
[2020-08-24T19:14:50.262+0000][18268][safepoint    ] Safepoint "Cleanup", Time since last: 4001333100 ns, Reaching safepoint: 105200 ns, At safepoint: 1600 ns, Total: 106800 ns
[2020-08-24T19:15:33.273+0000][18268][safepoint    ] Safepoint "Cleanup", Time since last: 43010869900 ns, Reaching safepoint: 93500 ns, At safepoint: 1600 ns, Total: 95100 ns
[2020-08-24T19:15:35.273+0000][18268][safepoint    ] Safepoint "Cleanup", Time since last: 1999985300 ns, Reaching safepoint: 105700 ns, At safepoint: 5500 ns, Total: 111200 ns
[2020-08-24T19:16:04.279+0000][18268][safepoint    ] Safepoint "Cleanup", Time since last: 29006519600 ns, Reaching safepoint: 90000 ns, At safepoint: 2300 ns, Total: 92300 ns
[2020-08-24T19:18:03.309+0000][18268][safepoint    ] Safepoint "Cleanup", Time since last: 119029274500 ns, Reaching safepoint: 97000 ns, At safepoint: 1600 ns, Total: 98600 ns
[2020-08-24T19:18:33.316+0000][18268][safepoint    ] Safepoint "Cleanup", Time since last: 30006852700 ns, Reaching safepoint: 107900 ns, At safepoint: 6200 ns, Total: 114100 ns
[2020-08-24T19:19:56.338+0000][18268][safepoint    ] Safepoint "Cleanup", Time since last: 83022335900 ns, Reaching safepoint: 123200 ns, At safepoint: 6000 ns, Total: 129200 ns
[2020-08-24T19:23:04.390+0000][18268][safepoint    ] Safepoint "Cleanup", Time since last: 188051934900 ns, Reaching safepoint: 94900 ns, At safepoint: 1900 ns, Total: 96800 ns
[2020-08-24T19:23:31.397+0000][18268][safepoint    ] Safepoint "Cleanup", Time since last: 27006437400 ns, Reaching safepoint: 96400 ns, At safepoint: 1700 ns, Total: 98100 ns
[2020-08-24T19:24:04.404+0000][18268][safepoint    ] Safepoint "Cleanup", Time since last: 33006870300 ns, Reaching safepoint: 93600 ns, At safepoint: 1700 ns, Total: 95300 ns
[2020-08-24T19:25:03.419+0000][18268][safepoint    ] Safepoint "Cleanup", Time since last: 59015367600 ns, Reaching safepoint: 100700 ns, At safepoint: 2200 ns, Total: 102900 ns
[2020-08-24T19:25:26.424+0000][18268][safepoint    ] Safepoint "Cleanup", Time since last: 23004981000 ns, Reaching safepoint: 190700 ns, At safepoint: 2400 ns, Total: 193100 ns
[2020-08-24T19:28:00.844+0000][18268][gc,start     ] GC(15) Pause Young (Normal) (G1 Evacuation Pause)
[2020-08-24T19:28:00.844+0000][18268][gc,task      ] GC(15) Using 18 workers of 18 for evacuation
[2020-08-24T19:28:00.844+0000][18268][gc,age       ] GC(15) Desired survivor size 40370176 bytes, new threshold 15 (max threshold 15)
[2020-08-24T19:28:00.853+0000][18268][gc,age       ] GC(15) Age table with threshold 15 (max threshold 15)
[2020-08-24T19:28:00.853+0000][18268][gc,age       ] GC(15) - age   1:      13704 bytes,      13704 total
[2020-08-24T19:28:00.853+0000][18268][gc,age       ] GC(15) - age   2:      52224 bytes,      65928 total
[2020-08-24T19:28:00.853+0000][18268][gc,age       ] GC(15) - age   3:      91944 bytes,     157872 total
[2020-08-24T19:28:00.853+0000][18268][gc,age       ] GC(15) - age   4:     317824 bytes,     475696 total
[2020-08-24T19:28:00.853+0000][18268][gc,age       ] GC(15) - age   5:   11933080 bytes,   12408776 total
[2020-08-24T19:28:00.853+0000][18268][gc,age       ] GC(15) - age   6:    8982952 bytes,   21391728 total
[2020-08-24T19:28:00.853+0000][18268][gc,phases    ] GC(15)   Pre Evacuate Collection Set: 0.1ms
[2020-08-24T19:28:00.853+0000][18268][gc,phases    ] GC(15)   Merge Heap Roots: 0.1ms
[2020-08-24T19:28:00.853+0000][18268][gc,phases    ] GC(15)   Evacuate Collection Set: 7.0ms
[2020-08-24T19:28:00.853+0000][18268][gc,phases    ] GC(15)   Post Evacuate Collection Set: 1.1ms
[2020-08-24T19:28:00.853+0000][18268][gc,phases    ] GC(15)   Other: 0.3ms
[2020-08-24T19:28:00.853+0000][18268][gc,heap      ] GC(15) Eden regions: 591->0(591)
[2020-08-24T19:28:00.853+0000][18268][gc,heap      ] GC(15) Survivor regions: 23->23(77)
[2020-08-24T19:28:00.853+0000][18268][gc,heap      ] GC(15) Old regions: 48->48
[2020-08-24T19:28:00.853+0000][18268][gc,heap      ] GC(15) Archive regions: 0->0
[2020-08-24T19:28:00.853+0000][18268][gc,heap      ] GC(15) Humongous regions: 7->7
[2020-08-24T19:28:00.853+0000][18268][gc,metaspace ] GC(15) Metaspace: 91452K(99200K)->91452K(99200K) NonClass: 78918K(83584K)->78918K(83584K) Class: 12534K(15616K)->12534K(15616K)
[2020-08-24T19:28:00.853+0000][18268][gc           ] GC(15) Pause Young (Normal) (G1 Evacuation Pause) 667M->76M(1024M) 8.596ms
[2020-08-24T19:28:00.853+0000][18268][gc,cpu       ] GC(15) User=0.02s Sys=0.00s Real=0.01s
[2020-08-24T19:28:00.853+0000][18268][safepoint    ] Safepoint "G1CollectForAllocation", Time since last: 154419818300 ns, Reaching safepoint: 108100 ns, At safepoint: 8664300 ns, Total: 8772400 ns
[2020-08-24T19:31:03.895+0000][18268][safepoint    ] Safepoint "Cleanup", Time since last: 183042213700 ns, Reaching safepoint: 110800 ns, At safepoint: 5900 ns, Total: 116700 ns
[2020-08-24T19:31:33.902+0000][18268][safepoint    ] Safepoint "Cleanup", Time since last: 30007036700 ns, Reaching safepoint: 109000 ns, At safepoint: 4200 ns, Total: 113200 ns
[2020-08-24T19:33:33.935+0000][18268][safepoint    ] Safepoint "Cleanup", Time since last: 120032172500 ns, Reaching safepoint: 129200 ns, At safepoint: 5400 ns, Total: 134600 ns
[2020-08-24T19:33:43.937+0000][18268][safepoint    ] Safepoint "Cleanup", Time since last: 10002371500 ns, Reaching safepoint: 103900 ns, At safepoint: 6300 ns, Total: 110200 ns
[2020-08-24T19:34:12.944+0000][18268][safepoint    ] Safepoint "Cleanup", Time since last: 29006408200 ns, Reaching safepoint: 135900 ns, At safepoint: 3500 ns, Total: 139400 ns
[2020-08-24T19:34:33.949+0000][18268][safepoint    ] Safepoint "Cleanup", Time since last: 21004794500 ns, Reaching safepoint: 95200 ns, At safepoint: 1700 ns, Total: 96900 ns
[2020-08-24T19:35:03.957+0000][18268][safepoint    ] Safepoint "Cleanup", Time since last: 30008412100 ns, Reaching safepoint: 96000 ns, At safepoint: 5100 ns, Total: 101100 ns
[2020-08-24T19:37:03.986+0000][18268][safepoint    ] Safepoint "Cleanup", Time since last: 120028536300 ns, Reaching safepoint: 149700 ns, At safepoint: 5800 ns, Total: 155500 ns
[2020-08-24T19:41:34.055+0000][18268][safepoint    ] Safepoint "Cleanup", Time since last: 270068754200 ns, Reaching safepoint: 118800 ns, At safepoint: 2100 ns, Total: 120900 ns
[2020-08-24T19:41:52.059+0000][18268][safepoint    ] Safepoint "Cleanup", Time since last: 18003871900 ns, Reaching safepoint: 122200 ns, At safepoint: 5800 ns, Total: 128000 ns
[2020-08-24T19:42:06.443+0000][18268][gc,start     ] GC(16) Pause Young (Normal) (G1 Evacuation Pause)
[2020-08-24T19:42:06.443+0000][18268][gc,task      ] GC(16) Using 18 workers of 18 for evacuation
[2020-08-24T19:42:06.443+0000][18268][gc,age       ] GC(16) Desired survivor size 40370176 bytes, new threshold 15 (max threshold 15)
[2020-08-24T19:42:06.451+0000][18268][gc,age       ] GC(16) Age table with threshold 15 (max threshold 15)
[2020-08-24T19:42:06.451+0000][18268][gc,age       ] GC(16) - age   1:       9864 bytes,       9864 total
[2020-08-24T19:42:06.451+0000][18268][gc,age       ] GC(16) - age   2:       2648 bytes,      12512 total
[2020-08-24T19:42:06.451+0000][18268][gc,age       ] GC(16) - age   3:      35784 bytes,      48296 total
[2020-08-24T19:42:06.451+0000][18268][gc,age       ] GC(16) - age   4:      91912 bytes,     140208 total
[2020-08-24T19:42:06.451+0000][18268][gc,age       ] GC(16) - age   5:     317760 bytes,     457968 total
[2020-08-24T19:42:06.451+0000][18268][gc,age       ] GC(16) - age   6:   11908744 bytes,   12366712 total
[2020-08-24T19:42:06.451+0000][18268][gc,age       ] GC(16) - age   7:    8982952 bytes,   21349664 total
[2020-08-24T19:42:06.451+0000][18268][gc,phases    ] GC(16)   Pre Evacuate Collection Set: 0.1ms
[2020-08-24T19:42:06.451+0000][18268][gc,phases    ] GC(16)   Merge Heap Roots: 0.1ms
[2020-08-24T19:42:06.451+0000][18268][gc,phases    ] GC(16)   Evacuate Collection Set: 6.4ms
[2020-08-24T19:42:06.451+0000][18268][gc,phases    ] GC(16)   Post Evacuate Collection Set: 0.9ms
[2020-08-24T19:42:06.451+0000][18268][gc,phases    ] GC(16)   Other: 0.3ms
[2020-08-24T19:42:06.451+0000][18268][gc,heap      ] GC(16) Eden regions: 591->0(591)
[2020-08-24T19:42:06.451+0000][18268][gc,heap      ] GC(16) Survivor regions: 23->23(77)
[2020-08-24T19:42:06.451+0000][18268][gc,heap      ] GC(16) Old regions: 48->48
[2020-08-24T19:42:06.451+0000][18268][gc,heap      ] GC(16) Archive regions: 0->0
[2020-08-24T19:42:06.451+0000][18268][gc,heap      ] GC(16) Humongous regions: 7->7
[2020-08-24T19:42:06.451+0000][18268][gc,metaspace ] GC(16) Metaspace: 91577K(99456K)->91577K(99456K) NonClass: 79043K(83840K)->79043K(83840K) Class: 12534K(15616K)->12534K(15616K)
[2020-08-24T19:42:06.451+0000][18268][gc           ] GC(16) Pause Young (Normal) (G1 Evacuation Pause) 667M->76M(1024M) 7.834ms
[2020-08-24T19:42:06.451+0000][18268][gc,cpu       ] GC(16) User=0.28s Sys=0.00s Real=0.01s
[2020-08-24T19:42:06.451+0000][18268][safepoint    ] Safepoint "G1CollectForAllocation", Time since last: 14384580400 ns, Reaching safepoint: 104800 ns, At safepoint: 7906100 ns, Total: 8010900 ns
[2020-08-24T19:42:33.458+0000][18268][safepoint    ] Safepoint "Cleanup", Time since last: 27006840800 ns, Reaching safepoint: 93000 ns, At safepoint: 1600 ns, Total: 94600 ns
[2020-08-24T19:43:33.473+0000][18268][safepoint    ] Safepoint "Cleanup", Time since last: 60014315900 ns, Reaching safepoint: 82200 ns, At safepoint: 2100 ns, Total: 84300 ns
[2020-08-24T19:44:22.484+0000][18268][safepoint    ] Safepoint "Cleanup", Time since last: 49010927200 ns, Reaching safepoint: 92100 ns, At safepoint: 1500 ns, Total: 93600 ns
[2020-08-24T19:44:43.863+0000][18268][safepoint    ] Safepoint "Cleanup", Time since last: 21378900100 ns, Reaching safepoint: 171600 ns, At safepoint: 5100 ns, Total: 176700 ns
[2020-08-24T19:45:03.869+0000][18268][safepoint    ] Safepoint "Cleanup", Time since last: 20005822400 ns, Reaching safepoint: 96600 ns, At safepoint: 1800 ns, Total: 98400 ns
[2020-08-24T19:48:01.038+0000][18268][safepoint    ] Safepoint "Cleanup", Time since last: 178326906600 ns, Reaching safepoint: 131200 ns, At safepoint: 2100 ns, Total: 133300 ns
[2020-08-24T19:48:02.039+0000][18268][safepoint    ] Safepoint "Cleanup", Time since last: 1000347300 ns, Reaching safepoint: 82400 ns, At safepoint: 4500 ns, Total: 86900 ns
[2020-08-24T19:48:03.039+0000][18268][safepoint    ] Safepoint "Cleanup", Time since last: 1000406300 ns, Reaching safepoint: 92000 ns, At safepoint: 5400 ns, Total: 97400 ns
[2020-08-24T19:48:33.045+0000][18268][safepoint    ] Safepoint "Cleanup", Time since last: 30005931900 ns, Reaching safepoint: 78700 ns, At safepoint: 2000 ns, Total: 80700 ns
[2020-08-24T19:50:01.066+0000][18268][safepoint    ] Safepoint "Cleanup", Time since last: 88020409500 ns, Reaching safepoint: 95600 ns, At safepoint: 7100 ns, Total: 102700 ns
[2020-08-24T19:56:10.878+0000][18268][gc,start     ] GC(17) Pause Young (Normal) (G1 Evacuation Pause)
[2020-08-24T19:56:10.878+0000][18268][gc,task      ] GC(17) Using 18 workers of 18 for evacuation
[2020-08-24T19:56:10.878+0000][18268][gc,age       ] GC(17) Desired survivor size 40370176 bytes, new threshold 15 (max threshold 15)
[2020-08-24T19:56:10.885+0000][18268][gc,age       ] GC(17) Age table with threshold 15 (max threshold 15)
[2020-08-24T19:56:10.885+0000][18268][gc,age       ] GC(17) - age   1:      12632 bytes,      12632 total
[2020-08-24T19:56:10.885+0000][18268][gc,age       ] GC(17) - age   2:       1704 bytes,      14336 total
[2020-08-24T19:56:10.885+0000][18268][gc,age       ] GC(17) - age   3:       2648 bytes,      16984 total
[2020-08-24T19:56:10.885+0000][18268][gc,age       ] GC(17) - age   4:      35208 bytes,      52192 total
[2020-08-24T19:56:10.885+0000][18268][gc,age       ] GC(17) - age   5:      91912 bytes,     144104 total
[2020-08-24T19:56:10.885+0000][18268][gc,age       ] GC(17) - age   6:     317760 bytes,     461864 total
[2020-08-24T19:56:10.885+0000][18268][gc,age       ] GC(17) - age   7:   11908744 bytes,   12370608 total
[2020-08-24T19:56:10.885+0000][18268][gc,age       ] GC(17) - age   8:    8982952 bytes,   21353560 total
[2020-08-24T19:56:10.885+0000][18268][gc,phases    ] GC(17)   Pre Evacuate Collection Set: 0.1ms
[2020-08-24T19:56:10.885+0000][18268][gc,phases    ] GC(17)   Merge Heap Roots: 0.1ms
[2020-08-24T19:56:10.885+0000][18268][gc,phases    ] GC(17)   Evacuate Collection Set: 5.7ms
[2020-08-24T19:56:10.885+0000][18268][gc,phases    ] GC(17)   Post Evacuate Collection Set: 0.9ms
[2020-08-24T19:56:10.885+0000][18268][gc,phases    ] GC(17)   Other: 0.3ms
[2020-08-24T19:56:10.885+0000][18268][gc,heap      ] GC(17) Eden regions: 591->0(591)
[2020-08-24T19:56:10.885+0000][18268][gc,heap      ] GC(17) Survivor regions: 23->23(77)
[2020-08-24T19:56:10.885+0000][18268][gc,heap      ] GC(17) Old regions: 48->48
[2020-08-24T19:56:10.885+0000][18268][gc,heap      ] GC(17) Archive regions: 0->0
[2020-08-24T19:56:10.885+0000][18268][gc,heap      ] GC(17) Humongous regions: 7->7
[2020-08-24T19:56:10.885+0000][18268][gc,metaspace ] GC(17) Metaspace: 91579K(99456K)->91579K(99456K) NonClass: 79045K(83840K)->79045K(83840K) Class: 12534K(15616K)->12534K(15616K)
[2020-08-24T19:56:10.885+0000][18268][gc           ] GC(17) Pause Young (Normal) (G1 Evacuation Pause) 667M->76M(1024M) 7.083ms
[2020-08-24T19:56:10.885+0000][18268][gc,cpu       ] GC(17) User=0.28s Sys=0.00s Real=0.01s
[2020-08-24T19:56:10.885+0000][18268][safepoint    ] Safepoint "G1CollectForAllocation", Time since last: 369812509300 ns, Reaching safepoint: 95700 ns, At safepoint: 7146700 ns, Total: 7242400 ns
[2020-08-24T20:00:32.951+0000][18268][safepoint    ] Safepoint "Cleanup", Time since last: 262065129900 ns, Reaching safepoint: 92499 ns, At safepoint: 1601 ns, Total: 94100 ns
[2020-08-24T20:01:50.970+0000][18268][safepoint    ] Safepoint "Cleanup", Time since last: 78019414600 ns, Reaching safepoint: 89800 ns, At safepoint: 1600 ns, Total: 91400 ns
[2020-08-24T20:02:42.982+0000][18268][safepoint    ] Safepoint "Cleanup", Time since last: 52011414900 ns, Reaching safepoint: 90799 ns, At safepoint: 5801 ns, Total: 96600 ns
[2020-08-24T20:04:09.002+0000][18268][safepoint    ] Safepoint "Cleanup", Time since last: 86019927500 ns, Reaching safepoint: 88500 ns, At safepoint: 1600 ns, Total: 90100 ns
[2020-08-24T20:06:17.033+0000][18268][safepoint    ] Safepoint "Cleanup", Time since last: 128031397600 ns, Reaching safepoint: 83400 ns, At safepoint: 5300 ns, Total: 88700 ns
[2020-08-24T20:06:33.038+0000][18268][safepoint    ] Safepoint "Cleanup", Time since last: 16004387800 ns, Reaching safepoint: 87199 ns, At safepoint: 5401 ns, Total: 92600 ns
[2020-08-24T20:10:16.446+0000][18268][gc,start     ] GC(18) Pause Young (Normal) (G1 Evacuation Pause)
[2020-08-24T20:10:16.446+0000][18268][gc,task      ] GC(18) Using 18 workers of 18 for evacuation
[2020-08-24T20:10:16.446+0000][18268][gc,age       ] GC(18) Desired survivor size 40370176 bytes, new threshold 15 (max threshold 15)
[2020-08-24T20:10:16.453+0000][18268][gc,age       ] GC(18) Age table with threshold 15 (max threshold 15)
[2020-08-24T20:10:16.453+0000][18268][gc,age       ] GC(18) - age   1:      11360 bytes,      11360 total
[2020-08-24T20:10:16.453+0000][18268][gc,age       ] GC(18) - age   2:       1592 bytes,      12952 total
[2020-08-24T20:10:16.453+0000][18268][gc,age       ] GC(18) - age   3:       1416 bytes,      14368 total
[2020-08-24T20:10:16.453+0000][18268][gc,age       ] GC(18) - age   4:       2648 bytes,      17016 total
[2020-08-24T20:10:16.453+0000][18268][gc,age       ] GC(18) - age   5:      35208 bytes,      52224 total
[2020-08-24T20:10:16.453+0000][18268][gc,age       ] GC(18) - age   6:      91912 bytes,     144136 total
[2020-08-24T20:10:16.453+0000][18268][gc,age       ] GC(18) - age   7:     317760 bytes,     461896 total
[2020-08-24T20:10:16.453+0000][18268][gc,age       ] GC(18) - age   8:   11908744 bytes,   12370640 total
[2020-08-24T20:10:16.453+0000][18268][gc,age       ] GC(18) - age   9:    8982952 bytes,   21353592 total
[2020-08-24T20:10:16.453+0000][18268][gc,phases    ] GC(18)   Pre Evacuate Collection Set: 0.1ms
[2020-08-24T20:10:16.453+0000][18268][gc,phases    ] GC(18)   Merge Heap Roots: 0.1ms
[2020-08-24T20:10:16.453+0000][18268][gc,phases    ] GC(18)   Evacuate Collection Set: 5.5ms
[2020-08-24T20:10:16.453+0000][18268][gc,phases    ] GC(18)   Post Evacuate Collection Set: 0.8ms
[2020-08-24T20:10:16.453+0000][18268][gc,phases    ] GC(18)   Other: 0.3ms
[2020-08-24T20:10:16.453+0000][18268][gc,heap      ] GC(18) Eden regions: 591->0(591)
[2020-08-24T20:10:16.453+0000][18268][gc,heap      ] GC(18) Survivor regions: 23->23(77)
[2020-08-24T20:10:16.453+0000][18268][gc,heap      ] GC(18) Old regions: 48->48
[2020-08-24T20:10:16.453+0000][18268][gc,heap      ] GC(18) Archive regions: 0->0
[2020-08-24T20:10:16.453+0000][18268][gc,heap      ] GC(18) Humongous regions: 7->7
[2020-08-24T20:10:16.453+0000][18268][gc,metaspace ] GC(18) Metaspace: 91687K(99456K)->91687K(99456K) NonClass: 79153K(83840K)->79153K(83840K) Class: 12534K(15616K)->12534K(15616K)
[2020-08-24T20:10:16.453+0000][18268][gc           ] GC(18) Pause Young (Normal) (G1 Evacuation Pause) 667M->77M(1024M) 6.795ms
[2020-08-24T20:10:16.453+0000][18268][gc,cpu       ] GC(18) User=0.00s Sys=0.00s Real=0.01s
[2020-08-24T20:10:16.453+0000][18268][safepoint    ] Safepoint "G1CollectForAllocation", Time since last: 223408483700 ns, Reaching safepoint: 105500 ns, At safepoint: 6860700 ns, Total: 6966200 ns
[2020-08-24T20:13:02.496+0000][18268][safepoint    ] Safepoint "Cleanup", Time since last: 166042435500 ns, Reaching safepoint: 82599 ns, At safepoint: 5101 ns, Total: 87700 ns
[2020-08-24T20:14:33.076+0000][18268][safepoint    ] Safepoint "Cleanup", Time since last: 90580487100 ns, Reaching safepoint: 86500 ns, At safepoint: 5200 ns, Total: 91700 ns
[2020-08-24T20:15:02.081+0000][18268][safepoint    ] Safepoint "Cleanup", Time since last: 29004877700 ns, Reaching safepoint: 94300 ns, At safepoint: 5100 ns, Total: 99400 ns
[2020-08-24T20:16:01.683+0000][18268][safepoint    ] Safepoint "Cleanup", Time since last: 59601400900 ns, Reaching safepoint: 113000 ns, At safepoint: 4300 ns, Total: 117300 ns
[2020-08-24T20:18:47.722+0000][18268][safepoint    ] Safepoint "Cleanup", Time since last: 166039376599 ns, Reaching safepoint: 97801 ns, At safepoint: 5099 ns, Total: 102900 ns
[2020-08-24T20:20:32.746+0000][18268][safepoint    ] Safepoint "Cleanup", Time since last: 105023403400 ns, Reaching safepoint: 114700 ns, At safepoint: 1900 ns, Total: 116600 ns
[2020-08-24T20:22:02.771+0000][18268][safepoint    ] Safepoint "Cleanup", Time since last: 90024834400 ns, Reaching safepoint: 84000 ns, At safepoint: 5301 ns, Total: 89301 ns
[2020-08-24T20:24:22.011+0000][18268][gc,start     ] GC(19) Pause Young (Normal) (G1 Evacuation Pause)
[2020-08-24T20:24:22.011+0000][18268][gc,task      ] GC(19) Using 18 workers of 18 for evacuation
[2020-08-24T20:24:22.011+0000][18268][gc,age       ] GC(19) Desired survivor size 40370176 bytes, new threshold 15 (max threshold 15)
[2020-08-24T20:24:22.018+0000][18268][gc,age       ] GC(19) Age table with threshold 15 (max threshold 15)
[2020-08-24T20:24:22.018+0000][18268][gc,age       ] GC(19) - age   1:      11528 bytes,      11528 total
[2020-08-24T20:24:22.018+0000][18268][gc,age       ] GC(19) - age   2:       3224 bytes,      14752 total
[2020-08-24T20:24:22.018+0000][18268][gc,age       ] GC(19) - age   3:       1448 bytes,      16200 total
[2020-08-24T20:24:22.018+0000][18268][gc,age       ] GC(19) - age   4:        984 bytes,      17184 total
[2020-08-24T20:24:22.018+0000][18268][gc,age       ] GC(19) - age   5:       2648 bytes,      19832 total
[2020-08-24T20:24:22.018+0000][18268][gc,age       ] GC(19) - age   6:      35208 bytes,      55040 total
[2020-08-24T20:24:22.018+0000][18268][gc,age       ] GC(19) - age   7:      91912 bytes,     146952 total
[2020-08-24T20:24:22.018+0000][18268][gc,age       ] GC(19) - age   8:     317760 bytes,     464712 total
[2020-08-24T20:24:22.018+0000][18268][gc,age       ] GC(19) - age   9:   11908744 bytes,   12373456 total
[2020-08-24T20:24:22.018+0000][18268][gc,age       ] GC(19) - age  10:    8982952 bytes,   21356408 total
[2020-08-24T20:24:22.018+0000][18268][gc,phases    ] GC(19)   Pre Evacuate Collection Set: 0.1ms
[2020-08-24T20:24:22.018+0000][18268][gc,phases    ] GC(19)   Merge Heap Roots: 0.1ms
[2020-08-24T20:24:22.018+0000][18268][gc,phases    ] GC(19)   Evacuate Collection Set: 6.1ms
[2020-08-24T20:24:22.018+0000][18268][gc,phases    ] GC(19)   Post Evacuate Collection Set: 0.9ms
[2020-08-24T20:24:22.018+0000][18268][gc,phases    ] GC(19)   Other: 0.3ms
[2020-08-24T20:24:22.018+0000][18268][gc,heap      ] GC(19) Eden regions: 591->0(591)
[2020-08-24T20:24:22.018+0000][18268][gc,heap      ] GC(19) Survivor regions: 23->23(77)
[2020-08-24T20:24:22.018+0000][18268][gc,heap      ] GC(19) Old regions: 48->48
[2020-08-24T20:24:22.018+0000][18268][gc,heap      ] GC(19) Archive regions: 0->0
[2020-08-24T20:24:22.018+0000][18268][gc,heap      ] GC(19) Humongous regions: 7->7
[2020-08-24T20:24:22.019+0000][18268][gc,metaspace ] GC(19) Metaspace: 91697K(99456K)->91697K(99456K) NonClass: 79163K(83840K)->79163K(83840K) Class: 12534K(15616K)->12534K(15616K)
[2020-08-24T20:24:22.019+0000][18268][gc           ] GC(19) Pause Young (Normal) (G1 Evacuation Pause) 668M->76M(1024M) 7.470ms
[2020-08-24T20:24:22.019+0000][18268][gc,cpu       ] GC(19) User=0.00s Sys=0.00s Real=0.01s
[2020-08-24T20:24:22.019+0000][18268][safepoint    ] Safepoint "G1CollectForAllocation", Time since last: 139240402300 ns, Reaching safepoint: 89000 ns, At safepoint: 7534700 ns, Total: 7623700 ns
[2020-08-24T21:13:36.598+0000][18268][safepoint    ] Safepoint "Cleanup", Time since last: 2954794603600 ns, Reaching safepoint: 121400 ns, At safepoint: 5500 ns, Total: 126900 ns
[2020-08-24T21:14:26.612+0000][18268][safepoint    ] Safepoint "Cleanup", Time since last: 50013723600 ns, Reaching safepoint: 96900 ns, At safepoint: 5400 ns, Total: 102300 ns
[2020-08-24T21:14:28.612+0000][18268][safepoint    ] Safepoint "Cleanup", Time since last: 2000361100 ns, Reaching safepoint: 113400 ns, At safepoint: 5400 ns, Total: 118800 ns
[2020-08-24T21:15:02.622+0000][18268][safepoint    ] Safepoint "Cleanup", Time since last: 34009235200 ns, Reaching safepoint: 98500 ns, At safepoint: 5600 ns, Total: 104100 ns
[2020-08-24T21:15:03.622+0000][18268][safepoint    ] Safepoint "Cleanup", Time since last: 1000270700 ns, Reaching safepoint: 99500 ns, At safepoint: 5600 ns, Total: 105100 ns
[2020-08-24T21:16:05.639+0000][18268][safepoint    ] Safepoint "Cleanup", Time since last: 62017241800 ns, Reaching safepoint: 93200 ns, At safepoint: 1800 ns, Total: 95000 ns
[2020-08-24T21:16:30.834+0000][18268][safepoint    ] Safepoint "Cleanup", Time since last: 25195016400 ns, Reaching safepoint: 91600 ns, At safepoint: 1800 ns, Total: 93400 ns
[2020-08-24T21:16:31.845+0000][18268][safepoint    ] Safepoint "Cleanup", Time since last: 1010357600 ns, Reaching safepoint: 104000 ns, At safepoint: 1800 ns, Total: 105800 ns
[2020-08-24T21:17:16.854+0000][18268][safepoint    ] Safepoint "Cleanup", Time since last: 45009493000 ns, Reaching safepoint: 97000 ns, At safepoint: 1900 ns, Total: 98900 ns
[2020-08-24T21:18:05.866+0000][18268][safepoint    ] Safepoint "Cleanup", Time since last: 49011301200 ns, Reaching safepoint: 94900 ns, At safepoint: 1800 ns, Total: 96700 ns
[2020-08-24T21:19:35.890+0000][18268][safepoint    ] Safepoint "Cleanup", Time since last: 90023923000 ns, Reaching safepoint: 96500 ns, At safepoint: 5200 ns, Total: 101700 ns
[2020-08-24T21:20:35.905+0000][18268][safepoint    ] Safepoint "Cleanup", Time since last: 60014871600 ns, Reaching safepoint: 107900 ns, At safepoint: 6400 ns, Total: 114300 ns
[2020-08-24T21:24:10.728+0000][18268][safepoint    ] Safepoint "BulkRevokeBias", Time since last: 214822474500 ns, Reaching safepoint: 99600 ns, At safepoint: 389700 ns, Total: 489300 ns
[2020-08-24T21:24:10.728+0000][18268][safepoint    ] Safepoint "BulkRevokeBias", Time since last: 93500 ns, Reaching safepoint: 67200 ns, At safepoint: 349800 ns, Total: 417000 ns
[2020-08-24T21:24:11.732+0000][18268][safepoint    ] Safepoint "Cleanup", Time since last: 1003926000 ns, Reaching safepoint: 105400 ns, At safepoint: 6300 ns, Total: 111700 ns
[2020-08-24T21:25:36.593+0000][18268][safepoint    ] Safepoint "Cleanup", Time since last: 84860371300 ns, Reaching safepoint: 107800 ns, At safepoint: 2300 ns, Total: 110100 ns
[2020-08-24T21:26:06.602+0000][18268][safepoint    ] Safepoint "Cleanup", Time since last: 30009394300 ns, Reaching safepoint: 100200 ns, At safepoint: 9800 ns, Total: 110000 ns
[2020-08-24T21:26:36.161+0000][18268][gc,start     ] GC(20) Pause Young (Normal) (G1 Evacuation Pause)
[2020-08-24T21:26:36.161+0000][18268][gc,task      ] GC(20) Using 18 workers of 18 for evacuation
[2020-08-24T21:26:36.161+0000][18268][gc,age       ] GC(20) Desired survivor size 40370176 bytes, new threshold 15 (max threshold 15)
[2020-08-24T21:26:36.168+0000][18268][gc,age       ] GC(20) Age table with threshold 15 (max threshold 15)
[2020-08-24T21:26:36.168+0000][18268][gc,age       ] GC(20) - age   1:     251480 bytes,     251480 total
[2020-08-24T21:26:36.168+0000][18268][gc,age       ] GC(20) - age   2:        624 bytes,     252104 total
[2020-08-24T21:26:36.168+0000][18268][gc,age       ] GC(20) - age   3:       3080 bytes,     255184 total
[2020-08-24T21:26:36.168+0000][18268][gc,age       ] GC(20) - age   4:       1448 bytes,     256632 total
[2020-08-24T21:26:36.168+0000][18268][gc,age       ] GC(20) - age   5:        984 bytes,     257616 total
[2020-08-24T21:26:36.168+0000][18268][gc,age       ] GC(20) - age   6:       2648 bytes,     260264 total
[2020-08-24T21:26:36.168+0000][18268][gc,age       ] GC(20) - age   7:      35000 bytes,     295264 total
[2020-08-24T21:26:36.168+0000][18268][gc,age       ] GC(20) - age   8:      91480 bytes,     386744 total
[2020-08-24T21:26:36.168+0000][18268][gc,age       ] GC(20) - age   9:     317536 bytes,     704280 total
[2020-08-24T21:26:36.168+0000][18268][gc,age       ] GC(20) - age  10:   11906920 bytes,   12611200 total
[2020-08-24T21:26:36.168+0000][18268][gc,age       ] GC(20) - age  11:    8982520 bytes,   21593720 total
[2020-08-24T21:26:36.168+0000][18268][gc,phases    ] GC(20)   Pre Evacuate Collection Set: 0.1ms
[2020-08-24T21:26:36.168+0000][18268][gc,phases    ] GC(20)   Merge Heap Roots: 0.1ms
[2020-08-24T21:26:36.168+0000][18268][gc,phases    ] GC(20)   Evacuate Collection Set: 5.1ms
[2020-08-24T21:26:36.168+0000][18268][gc,phases    ] GC(20)   Post Evacuate Collection Set: 0.9ms
[2020-08-24T21:26:36.168+0000][18268][gc,phases    ] GC(20)   Other: 0.3ms
[2020-08-24T21:26:36.168+0000][18268][gc,heap      ] GC(20) Eden regions: 591->0(591)
[2020-08-24T21:26:36.168+0000][18268][gc,heap      ] GC(20) Survivor regions: 23->23(77)
[2020-08-24T21:26:36.168+0000][18268][gc,heap      ] GC(20) Old regions: 48->48
[2020-08-24T21:26:36.168+0000][18268][gc,heap      ] GC(20) Archive regions: 0->0
[2020-08-24T21:26:36.168+0000][18268][gc,heap      ] GC(20) Humongous regions: 7->7
[2020-08-24T21:26:36.168+0000][18268][gc,metaspace ] GC(20) Metaspace: 92010K(99840K)->92010K(99840K) NonClass: 79461K(84096K)->79461K(84096K) Class: 12549K(15744K)->12549K(15744K)
[2020-08-24T21:26:36.168+0000][18268][gc           ] GC(20) Pause Young (Normal) (G1 Evacuation Pause) 667M->76M(1024M) 6.483ms
[2020-08-24T21:26:36.168+0000][18268][gc,cpu       ] GC(20) User=0.28s Sys=0.00s Real=0.01s
[2020-08-24T21:26:36.168+0000][18268][safepoint    ] Safepoint "G1CollectForAllocation", Time since last: 29559129400 ns, Reaching safepoint: 95000 ns, At safepoint: 6558900 ns, Total: 6653900 ns
[2020-08-24T21:27:17.179+0000][18268][safepoint    ] Safepoint "Cleanup", Time since last: 41011003000 ns, Reaching safepoint: 100200 ns, At safepoint: 6200 ns, Total: 106400 ns
[2020-08-24T21:28:06.190+0000][18268][safepoint    ] Safepoint "Cleanup", Time since last: 49010336600 ns, Reaching safepoint: 115900 ns, At safepoint: 5800 ns, Total: 121700 ns
[2020-08-24T21:34:52.294+0000][18268][safepoint    ] Safepoint "Cleanup", Time since last: 406104047300 ns, Reaching safepoint: 110800 ns, At safepoint: 6600 ns, Total: 117400 ns
[2020-08-24T21:37:25.929+0000][18268][safepoint    ] Safepoint "Cleanup", Time since last: 153635003100 ns, Reaching safepoint: 102100 ns, At safepoint: 5200 ns, Total: 107300 ns
[2020-08-24T21:37:26.933+0000][18268][safepoint    ] Safepoint "Cleanup", Time since last: 1003669300 ns, Reaching safepoint: 101900 ns, At safepoint: 1800 ns, Total: 103700 ns
[2020-08-24T21:37:27.933+0000][18268][safepoint    ] Safepoint "Cleanup", Time since last: 1000064800 ns, Reaching safepoint: 103200 ns, At safepoint: 1800 ns, Total: 105000 ns
[2020-08-24T21:37:28.933+0000][18268][safepoint    ] Safepoint "Cleanup", Time since last: 1000095200 ns, Reaching safepoint: 99900 ns, At safepoint: 1700 ns, Total: 101600 ns
[2020-08-24T21:37:29.933+0000][18268][safepoint    ] Safepoint "Cleanup", Time since last: 1000199300 ns, Reaching safepoint: 107700 ns, At safepoint: 6400 ns, Total: 114100 ns
[2020-08-24T21:37:30.934+0000][18268][safepoint    ] Safepoint "Cleanup", Time since last: 1000315300 ns, Reaching safepoint: 114900 ns, At safepoint: 6100 ns, Total: 121000 ns
[2020-08-24T21:37:31.934+0000][18268][safepoint    ] Safepoint "Cleanup", Time since last: 1000379400 ns, Reaching safepoint: 97600 ns, At safepoint: 6000 ns, Total: 103600 ns
[2020-08-24T21:37:32.935+0000][18268][safepoint    ] Safepoint "Cleanup", Time since last: 1000386300 ns, Reaching safepoint: 94100 ns, At safepoint: 6000 ns, Total: 100100 ns
[2020-08-24T21:37:33.935+0000][18268][safepoint    ] Safepoint "Cleanup", Time since last: 1000159800 ns, Reaching safepoint: 106000 ns, At safepoint: 1900 ns, Total: 107900 ns
[2020-08-24T21:37:34.935+0000][18268][safepoint    ] Safepoint "Cleanup", Time since last: 1000134500 ns, Reaching safepoint: 112000 ns, At safepoint: 5800 ns, Total: 117800 ns
[2020-08-24T21:37:36.935+0000][18268][safepoint    ] Safepoint "Cleanup", Time since last: 1999885200 ns, Reaching safepoint: 122700 ns, At safepoint: 6200 ns, Total: 128900 ns
[2020-08-24T21:37:37.936+0000][18268][safepoint    ] Safepoint "Cleanup", Time since last: 1000374400 ns, Reaching safepoint: 110100 ns, At safepoint: 1700 ns, Total: 111800 ns
[2020-08-24T21:37:39.936+0000][18268][safepoint    ] Safepoint "Cleanup", Time since last: 2000361600 ns, Reaching safepoint: 114200 ns, At safepoint: 6200 ns, Total: 120400 ns
[2020-08-24T21:37:40.937+0000][18268][safepoint    ] Safepoint "Cleanup", Time since last: 1000156700 ns, Reaching safepoint: 140500 ns, At safepoint: 2100 ns, Total: 142600 ns
[2020-08-24T21:37:42.937+0000][18268][safepoint    ] Safepoint "Cleanup", Time since last: 2000111200 ns, Reaching safepoint: 109600 ns, At safepoint: 1700 ns, Total: 111300 ns
[2020-08-24T21:37:44.937+0000][18268][safepoint    ] Safepoint "Cleanup", Time since last: 2000384800 ns, Reaching safepoint: 99800 ns, At safepoint: 6200 ns, Total: 106000 ns
[2020-08-24T21:37:45.938+0000][18268][safepoint    ] Safepoint "Cleanup", Time since last: 1000163300 ns, Reaching safepoint: 105300 ns, At safepoint: 1700 ns, Total: 107000 ns
[2020-08-24T21:37:46.938+0000][18268][safepoint    ] Safepoint "Cleanup", Time since last: 1000117700 ns, Reaching safepoint: 153000 ns, At safepoint: 7200 ns, Total: 160200 ns
[2020-08-24T21:37:47.938+0000][18268][safepoint    ] Safepoint "Cleanup", Time since last: 1000096900 ns, Reaching safepoint: 96100 ns, At safepoint: 1700 ns, Total: 97800 ns
[2020-08-24T21:37:48.938+0000][18268][safepoint    ] Safepoint "Cleanup", Time since last: 1000149300 ns, Reaching safepoint: 98900 ns, At safepoint: 1800 ns, Total: 100700 ns
[2020-08-24T21:37:50.939+0000][18268][safepoint    ] Safepoint "Cleanup", Time since last: 2000387000 ns, Reaching safepoint: 108500 ns, At safepoint: 6300 ns, Total: 114800 ns
[2020-08-24T21:37:52.939+0000][18268][safepoint    ] Safepoint "Cleanup", Time since last: 2000396900 ns, Reaching safepoint: 100900 ns, At safepoint: 6000 ns, Total: 106900 ns
[2020-08-24T21:37:54.940+0000][18268][safepoint    ] Safepoint "Cleanup", Time since last: 2000391100 ns, Reaching safepoint: 102900 ns, At safepoint: 1700 ns, Total: 104600 ns
[2020-08-24T21:37:55.940+0000][18268][safepoint    ] Safepoint "Cleanup", Time since last: 1000290000 ns, Reaching safepoint: 93500 ns, At safepoint: 6300 ns, Total: 99800 ns
[2020-08-24T21:37:56.940+0000][18268][safepoint    ] Safepoint "Cleanup", Time since last: 1000147300 ns, Reaching safepoint: 103900 ns, At safepoint: 2000 ns, Total: 105900 ns
[2020-08-24T21:37:57.941+0000][18268][safepoint    ] Safepoint "Cleanup", Time since last: 1000146500 ns, Reaching safepoint: 113500 ns, At safepoint: 6800 ns, Total: 120300 ns
[2020-08-24T21:37:59.941+0000][18268][safepoint    ] Safepoint "Cleanup", Time since last: 2000249700 ns, Reaching safepoint: 112600 ns, At safepoint: 2000 ns, Total: 114600 ns
[2020-08-24T21:38:00.941+0000][18268][safepoint    ] Safepoint "Cleanup", Time since last: 1000121400 ns, Reaching safepoint: 124200 ns, At safepoint: 6900 ns, Total: 131100 ns
[2020-08-24T21:38:01.942+0000][18268][safepoint    ] Safepoint "Cleanup", Time since last: 1000176400 ns, Reaching safepoint: 100900 ns, At safepoint: 2100 ns, Total: 103000 ns
[2020-08-24T21:38:02.942+0000][18268][safepoint    ] Safepoint "Cleanup", Time since last: 1000357300 ns, Reaching safepoint: 101400 ns, At safepoint: 1700 ns, Total: 103100 ns
[2020-08-24T21:38:03.942+0000][18268][safepoint    ] Safepoint "Cleanup", Time since last: 1000008500 ns, Reaching safepoint: 100300 ns, At safepoint: 1800 ns, Total: 102100 ns
[2020-08-24T21:38:04.942+0000][18268][safepoint    ] Safepoint "Cleanup", Time since last: 1000047000 ns, Reaching safepoint: 105100 ns, At safepoint: 5900 ns, Total: 111000 ns
[2020-08-24T21:38:05.943+0000][18268][safepoint    ] Safepoint "Cleanup", Time since last: 1000357400 ns, Reaching safepoint: 98500 ns, At safepoint: 1700 ns, Total: 100200 ns
[2020-08-24T21:38:07.943+0000][18268][safepoint    ] Safepoint "Cleanup", Time since last: 2000276400 ns, Reaching safepoint: 120200 ns, At safepoint: 6400 ns, Total: 126600 ns
[2020-08-24T21:38:09.944+0000][18268][safepoint    ] Safepoint "Cleanup", Time since last: 2000498900 ns, Reaching safepoint: 106000 ns, At safepoint: 1900 ns, Total: 107900 ns
[2020-08-24T21:38:10.944+0000][18268][safepoint    ] Safepoint "Cleanup", Time since last: 1000395900 ns, Reaching safepoint: 112900 ns, At safepoint: 6400 ns, Total: 119300 ns
[2020-08-24T21:38:11.945+0000][18268][safepoint    ] Safepoint "Cleanup", Time since last: 1000386100 ns, Reaching safepoint: 101300 ns, At safepoint: 6100 ns, Total: 107400 ns
[2020-08-24T21:38:13.945+0000][18268][safepoint    ] Safepoint "Cleanup", Time since last: 2000387500 ns, Reaching safepoint: 107200 ns, At safepoint: 5900 ns, Total: 113100 ns
[2020-08-24T21:38:14.946+0000][18268][safepoint    ] Safepoint "Cleanup", Time since last: 1000105200 ns, Reaching safepoint: 108600 ns, At safepoint: 2300 ns, Total: 110900 ns
[2020-08-24T21:38:15.946+0000][18268][safepoint    ] Safepoint "Cleanup", Time since last: 1000170200 ns, Reaching safepoint: 98100 ns, At safepoint: 1900 ns, Total: 100000 ns
[2020-08-24T21:38:17.946+0000][18268][safepoint    ] Safepoint "Cleanup", Time since last: 2000396100 ns, Reaching safepoint: 99700 ns, At safepoint: 6500 ns, Total: 106200 ns
[2020-08-24T21:38:18.947+0000][18268][safepoint    ] Safepoint "Cleanup", Time since last: 1000391200 ns, Reaching safepoint: 113900 ns, At safepoint: 2000 ns, Total: 115900 ns
[2020-08-24T21:38:20.947+0000][18268][safepoint    ] Safepoint "Cleanup", Time since last: 1999976900 ns, Reaching safepoint: 99700 ns, At safepoint: 6100 ns, Total: 105800 ns
[2020-08-24T21:38:21.947+0000][18268][safepoint    ] Safepoint "Cleanup", Time since last: 1000299600 ns, Reaching safepoint: 101700 ns, At safepoint: 6100 ns, Total: 107800 ns
[2020-08-24T21:38:22.948+0000][18268][safepoint    ] Safepoint "Cleanup", Time since last: 1000374500 ns, Reaching safepoint: 96400 ns, At safepoint: 6000 ns, Total: 102400 ns
[2020-08-24T21:38:24.948+0000][18268][safepoint    ] Safepoint "Cleanup", Time since last: 2000305200 ns, Reaching safepoint: 96100 ns, At safepoint: 6200 ns, Total: 102300 ns
[2020-08-24T21:38:26.948+0000][18268][safepoint    ] Safepoint "Cleanup", Time since last: 2000079300 ns, Reaching safepoint: 100000 ns, At safepoint: 1700 ns, Total: 101700 ns
[2020-08-24T21:38:27.949+0000][18268][safepoint    ] Safepoint "Cleanup", Time since last: 1000333500 ns, Reaching safepoint: 100600 ns, At safepoint: 6300 ns, Total: 106900 ns
[2020-08-24T21:38:28.949+0000][18268][safepoint    ] Safepoint "Cleanup", Time since last: 1000134500 ns, Reaching safepoint: 111700 ns, At safepoint: 5900 ns, Total: 117600 ns
[2020-08-24T21:38:29.949+0000][18268][safepoint    ] Safepoint "Cleanup", Time since last: 1000140100 ns, Reaching safepoint: 104800 ns, At safepoint: 6300 ns, Total: 111100 ns
[2020-08-24T21:38:30.950+0000][18268][safepoint    ] Safepoint "Cleanup", Time since last: 1000336800 ns, Reaching safepoint: 110200 ns, At safepoint: 1800 ns, Total: 112000 ns
[2020-08-24T21:38:32.950+0000][18268][safepoint    ] Safepoint "Cleanup", Time since last: 2000445100 ns, Reaching safepoint: 104100 ns, At safepoint: 6300 ns, Total: 110400 ns
[2020-08-24T21:38:33.951+0000][18268][safepoint    ] Safepoint "Cleanup", Time since last: 1000191500 ns, Reaching safepoint: 103800 ns, At safepoint: 1700 ns, Total: 105500 ns
[2020-08-24T21:38:34.951+0000][18268][safepoint    ] Safepoint "Cleanup", Time since last: 1000087300 ns, Reaching safepoint: 106800 ns, At safepoint: 1700 ns, Total: 108500 ns
[2020-08-24T21:38:35.951+0000][18268][safepoint    ] Safepoint "Cleanup", Time since last: 1000378400 ns, Reaching safepoint: 109300 ns, At safepoint: 1800 ns, Total: 111100 ns
[2020-08-24T21:38:37.952+0000][18268][safepoint    ] Safepoint "Cleanup", Time since last: 2000382000 ns, Reaching safepoint: 97500 ns, At safepoint: 5900 ns, Total: 103400 ns
[2020-08-24T21:38:39.952+0000][18268][safepoint    ] Safepoint "Cleanup", Time since last: 2000339800 ns, Reaching safepoint: 110200 ns, At safepoint: 6000 ns, Total: 116200 ns
[2020-08-24T21:38:41.953+0000][18268][safepoint    ] Safepoint "Cleanup", Time since last: 2000459100 ns, Reaching safepoint: 101100 ns, At safepoint: 1700 ns, Total: 102800 ns
[2020-08-24T21:38:42.953+0000][18268][safepoint    ] Safepoint "Cleanup", Time since last: 1000401100 ns, Reaching safepoint: 111200 ns, At safepoint: 2500 ns, Total: 113700 ns
[2020-08-24T21:38:43.954+0000][18268][safepoint    ] Safepoint "Cleanup", Time since last: 1000151300 ns, Reaching safepoint: 115800 ns, At safepoint: 6100 ns, Total: 121900 ns
[2020-08-24T21:38:44.954+0000][18268][safepoint    ] Safepoint "Cleanup", Time since last: 1000110100 ns, Reaching safepoint: 89900 ns, At safepoint: 1700 ns, Total: 91600 ns
[2020-08-24T21:38:46.954+0000][18268][safepoint    ] Safepoint "Cleanup", Time since last: 2000118100 ns, Reaching safepoint: 130200 ns, At safepoint: 6400 ns, Total: 136600 ns
[2020-08-24T21:38:47.954+0000][18268][safepoint    ] Safepoint "Cleanup", Time since last: 1000152100 ns, Reaching safepoint: 93000 ns, At safepoint: 1800 ns, Total: 94800 ns
[2020-08-24T21:38:48.954+0000][18268][safepoint    ] Safepoint "Cleanup", Time since last: 1000062200 ns, Reaching safepoint: 106300 ns, At safepoint: 1800 ns, Total: 108100 ns
[2020-08-24T21:38:49.955+0000][18268][safepoint    ] Safepoint "Cleanup", Time since last: 1000198500 ns, Reaching safepoint: 119500 ns, At safepoint: 5700 ns, Total: 125200 ns
[2020-08-24T21:38:51.955+0000][18268][safepoint    ] Safepoint "Cleanup", Time since last: 2000407700 ns, Reaching safepoint: 97000 ns, At safepoint: 6000 ns, Total: 103000 ns
[2020-08-24T21:38:52.956+0000][18268][safepoint    ] Safepoint "Cleanup", Time since last: 1000348400 ns, Reaching safepoint: 94600 ns, At safepoint: 1700 ns, Total: 96300 ns
[2020-08-24T21:38:54.956+0000][18268][safepoint    ] Safepoint "Cleanup", Time since last: 2000456700 ns, Reaching safepoint: 96000 ns, At safepoint: 1800 ns, Total: 97800 ns
[2020-08-24T21:38:56.957+0000][18268][safepoint    ] Safepoint "Cleanup", Time since last: 2000400700 ns, Reaching safepoint: 99400 ns, At safepoint: 1700 ns, Total: 101100 ns
[2020-08-24T21:38:58.957+0000][18268][safepoint    ] Safepoint "Cleanup", Time since last: 2000409300 ns, Reaching safepoint: 110800 ns, At safepoint: 5900 ns, Total: 116700 ns
[2020-08-24T21:38:59.958+0000][18268][safepoint    ] Safepoint "Cleanup", Time since last: 1000351200 ns, Reaching safepoint: 119200 ns, At safepoint: 2000 ns, Total: 121200 ns
[2020-08-24T21:39:01.958+0000][18268][safepoint    ] Safepoint "Cleanup", Time since last: 1999926000 ns, Reaching safepoint: 121700 ns, At safepoint: 1900 ns, Total: 123600 ns
[2020-08-24T21:39:03.958+0000][18268][safepoint    ] Safepoint "Cleanup", Time since last: 2000355300 ns, Reaching safepoint: 109300 ns, At safepoint: 5800 ns, Total: 115100 ns
[2020-08-24T21:39:04.959+0000][18268][safepoint    ] Safepoint "Cleanup", Time since last: 1000355700 ns, Reaching safepoint: 99400 ns, At safepoint: 1800 ns, Total: 101200 ns
[2020-08-24T21:39:06.959+0000][18268][safepoint    ] Safepoint "Cleanup", Time since last: 1999921800 ns, Reaching safepoint: 97900 ns, At safepoint: 6100 ns, Total: 104000 ns
[2020-08-24T21:39:07.959+0000][18268][safepoint    ] Safepoint "Cleanup", Time since last: 1000174200 ns, Reaching safepoint: 105700 ns, At safepoint: 1900 ns, Total: 107600 ns
[2020-08-24T21:39:08.959+0000][18268][safepoint    ] Safepoint "Cleanup", Time since last: 1000115200 ns, Reaching safepoint: 96600 ns, At safepoint: 5500 ns, Total: 102100 ns
[2020-08-24T21:39:09.960+0000][18268][safepoint    ] Safepoint "Cleanup", Time since last: 1000400800 ns, Reaching safepoint: 96900 ns, At safepoint: 1800 ns, Total: 98700 ns
[2020-08-24T21:39:11.960+0000][18268][safepoint    ] Safepoint "Cleanup", Time since last: 1999919300 ns, Reaching safepoint: 102900 ns, At safepoint: 5700 ns, Total: 108600 ns
[2020-08-24T21:39:12.960+0000][18268][safepoint    ] Safepoint "Cleanup", Time since last: 1000374700 ns, Reaching safepoint: 99500 ns, At safepoint: 6300 ns, Total: 105800 ns
[2020-08-24T21:39:14.960+0000][18268][safepoint    ] Safepoint "Cleanup", Time since last: 1999894100 ns, Reaching safepoint: 109800 ns, At safepoint: 1700 ns, Total: 111500 ns
[2020-08-24T21:39:15.961+0000][18268][safepoint    ] Safepoint "Cleanup", Time since last: 1000381500 ns, Reaching safepoint: 100200 ns, At safepoint: 2200 ns, Total: 102400 ns
[2020-08-24T21:39:17.961+0000][18268][safepoint    ] Safepoint "Cleanup", Time since last: 1999953400 ns, Reaching safepoint: 107500 ns, At safepoint: 1700 ns, Total: 109200 ns
[2020-08-24T21:39:18.961+0000][18268][safepoint    ] Safepoint "Cleanup", Time since last: 1000345500 ns, Reaching safepoint: 101200 ns, At safepoint: 1900 ns, Total: 103100 ns
[2020-08-24T21:39:20.962+0000][18268][safepoint    ] Safepoint "Cleanup", Time since last: 2000138100 ns, Reaching safepoint: 95400 ns, At safepoint: 1700 ns, Total: 97100 ns
[2020-08-24T21:39:21.962+0000][18268][safepoint    ] Safepoint "Cleanup", Time since last: 1000216000 ns, Reaching safepoint: 91600 ns, At safepoint: 2500 ns, Total: 94100 ns
[2020-08-24T21:39:22.962+0000][18268][safepoint    ] Safepoint "Cleanup", Time since last: 1000369300 ns, Reaching safepoint: 104600 ns, At safepoint: 6700 ns, Total: 111300 ns
[2020-08-24T21:39:23.963+0000][18268][safepoint    ] Safepoint "Cleanup", Time since last: 1000368200 ns, Reaching safepoint: 103700 ns, At safepoint: 7400 ns, Total: 111100 ns
[2020-08-24T21:39:24.963+0000][18268][safepoint    ] Safepoint "Cleanup", Time since last: 1000087500 ns, Reaching safepoint: 95600 ns, At safepoint: 2000 ns, Total: 97600 ns
[2020-08-24T21:39:26.964+0000][18268][safepoint    ] Safepoint "Cleanup", Time since last: 2000423200 ns, Reaching safepoint: 100000 ns, At safepoint: 1700 ns, Total: 101700 ns
[2020-08-24T21:39:27.964+0000][18268][safepoint    ] Safepoint "Cleanup", Time since last: 1000362800 ns, Reaching safepoint: 126200 ns, At safepoint: 1800 ns, Total: 128000 ns
[2020-08-24T21:39:28.965+0000][18268][safepoint    ] Safepoint "Cleanup", Time since last: 1000365200 ns, Reaching safepoint: 113500 ns, At safepoint: 6200 ns, Total: 119700 ns
[2020-08-24T21:39:29.965+0000][18268][safepoint    ] Safepoint "Cleanup", Time since last: 1000207300 ns, Reaching safepoint: 120700 ns, At safepoint: 1800 ns, Total: 122500 ns
[2020-08-24T21:39:31.965+0000][18268][safepoint    ] Safepoint "Cleanup", Time since last: 2000355500 ns, Reaching safepoint: 116400 ns, At safepoint: 6100 ns, Total: 122500 ns
[2020-08-24T21:39:33.966+0000][18268][safepoint    ] Safepoint "Cleanup", Time since last: 2000400500 ns, Reaching safepoint: 96000 ns, At safepoint: 1700 ns, Total: 97700 ns
[2020-08-24T21:39:35.675+0000][18268][safepoint    ] Safepoint "Cleanup", Time since last: 1709488600 ns, Reaching safepoint: 93400 ns, At safepoint: 5400 ns, Total: 98800 ns
[2020-08-24T21:39:37.676+0000][18268][safepoint    ] Safepoint "Cleanup", Time since last: 2000314000 ns, Reaching safepoint: 101600 ns, At safepoint: 2100 ns, Total: 103700 ns
[2020-08-24T21:39:38.676+0000][18268][safepoint    ] Safepoint "Cleanup", Time since last: 1000408100 ns, Reaching safepoint: 118100 ns, At safepoint: 5800 ns, Total: 123900 ns
[2020-08-24T21:39:39.677+0000][18268][safepoint    ] Safepoint "Cleanup", Time since last: 1000356800 ns, Reaching safepoint: 94200 ns, At safepoint: 1700 ns, Total: 95900 ns
[2020-08-24T21:39:40.677+0000][18268][safepoint    ] Safepoint "Cleanup", Time since last: 1000134400 ns, Reaching safepoint: 102300 ns, At safepoint: 1700 ns, Total: 104000 ns
[2020-08-24T21:39:41.678+0000][18268][safepoint    ] Safepoint "Cleanup", Time since last: 1000382900 ns, Reaching safepoint: 100800 ns, At safepoint: 5500 ns, Total: 106300 ns
[2020-08-24T21:39:42.678+0000][18268][safepoint    ] Safepoint "Cleanup", Time since last: 1000177600 ns, Reaching safepoint: 100100 ns, At safepoint: 2100 ns, Total: 102200 ns
[2020-08-24T21:39:44.678+0000][18268][safepoint    ] Safepoint "Cleanup", Time since last: 2000377400 ns, Reaching safepoint: 109900 ns, At safepoint: 5900 ns, Total: 115800 ns
[2020-08-24T21:39:46.679+0000][18268][safepoint    ] Safepoint "Cleanup", Time since last: 2000408500 ns, Reaching safepoint: 125300 ns, At safepoint: 5700 ns, Total: 131000 ns
[2020-08-24T21:39:48.679+0000][18268][safepoint    ] Safepoint "Cleanup", Time since last: 2000367300 ns, Reaching safepoint: 92100 ns, At safepoint: 5300 ns, Total: 97400 ns
[2020-08-24T21:39:49.679+0000][18268][safepoint    ] Safepoint "Cleanup", Time since last: 1000039300 ns, Reaching safepoint: 98500 ns, At safepoint: 1800 ns, Total: 100300 ns
[2020-08-24T21:39:50.680+0000][18268][safepoint    ] Safepoint "Cleanup", Time since last: 1000250400 ns, Reaching safepoint: 96500 ns, At safepoint: 1700 ns, Total: 98200 ns
[2020-08-24T21:39:52.680+0000][18268][safepoint    ] Safepoint "Cleanup", Time since last: 2000409800 ns, Reaching safepoint: 94800 ns, At safepoint: 1800 ns, Total: 96600 ns
[2020-08-24T21:39:53.681+0000][18268][safepoint    ] Safepoint "Cleanup", Time since last: 1000402900 ns, Reaching safepoint: 89600 ns, At safepoint: 5600 ns, Total: 95200 ns
[2020-08-24T21:39:55.681+0000][18268][safepoint    ] Safepoint "Cleanup", Time since last: 2000410100 ns, Reaching safepoint: 92200 ns, At safepoint: 1800 ns, Total: 94000 ns
[2020-08-24T21:39:56.682+0000][18268][safepoint    ] Safepoint "Cleanup", Time since last: 1000402300 ns, Reaching safepoint: 102900 ns, At safepoint: 1700 ns, Total: 104600 ns
[2020-08-24T21:39:58.682+0000][18268][safepoint    ] Safepoint "Cleanup", Time since last: 2000401700 ns, Reaching safepoint: 102100 ns, At safepoint: 6500 ns, Total: 108600 ns
[2020-08-24T21:39:59.683+0000][18268][safepoint    ] Safepoint "Cleanup", Time since last: 1000386500 ns, Reaching safepoint: 96300 ns, At safepoint: 2100 ns, Total: 98400 ns
[2020-08-24T21:40:01.683+0000][18268][safepoint    ] Safepoint "Cleanup", Time since last: 2000426400 ns, Reaching safepoint: 101800 ns, At safepoint: 1700 ns, Total: 103500 ns
[2020-08-24T21:40:02.684+0000][18268][safepoint    ] Safepoint "Cleanup", Time since last: 1000375200 ns, Reaching safepoint: 105100 ns, At safepoint: 6500 ns, Total: 111600 ns
[2020-08-24T21:40:04.684+0000][18268][safepoint    ] Safepoint "Cleanup", Time since last: 2000381000 ns, Reaching safepoint: 102700 ns, At safepoint: 5900 ns, Total: 108600 ns
[2020-08-24T21:40:05.685+0000][18268][safepoint    ] Safepoint "Cleanup", Time since last: 1000389600 ns, Reaching safepoint: 96300 ns, At safepoint: 1800 ns, Total: 98100 ns
[2020-08-24T21:40:07.685+0000][18268][safepoint    ] Safepoint "Cleanup", Time since last: 1999981100 ns, Reaching safepoint: 100700 ns, At safepoint: 1700 ns, Total: 102400 ns
[2020-08-24T21:40:08.685+0000][18268][safepoint    ] Safepoint "Cleanup", Time since last: 1000326800 ns, Reaching safepoint: 92400 ns, At safepoint: 6900 ns, Total: 99300 ns
[2020-08-24T21:40:09.686+0000][18268][safepoint    ] Safepoint "Cleanup", Time since last: 1000394300 ns, Reaching safepoint: 100900 ns, At safepoint: 2000 ns, Total: 102900 ns
[2020-08-24T21:40:10.686+0000][18268][safepoint    ] Safepoint "Cleanup", Time since last: 1000239900 ns, Reaching safepoint: 104600 ns, At safepoint: 1800 ns, Total: 106400 ns
[2020-08-24T21:40:11.686+0000][18268][safepoint    ] Safepoint "Cleanup", Time since last: 1000055200 ns, Reaching safepoint: 92500 ns, At safepoint: 5700 ns, Total: 98200 ns
[2020-08-24T21:40:12.687+0000][18268][safepoint    ] Safepoint "Cleanup", Time since last: 1000164800 ns, Reaching safepoint: 105200 ns, At safepoint: 2100 ns, Total: 107300 ns
[2020-08-24T21:40:13.687+0000][18268][safepoint    ] Safepoint "Cleanup", Time since last: 1000138000 ns, Reaching safepoint: 108800 ns, At safepoint: 5900 ns, Total: 114700 ns
[2020-08-24T21:40:14.687+0000][18268][safepoint    ] Safepoint "Cleanup", Time since last: 1000374800 ns, Reaching safepoint: 149600 ns, At safepoint: 6300 ns, Total: 155900 ns
[2020-08-24T21:40:16.688+0000][18268][safepoint    ] Safepoint "Cleanup", Time since last: 2000340900 ns, Reaching safepoint: 100600 ns, At safepoint: 2100 ns, Total: 102700 ns
[2020-08-24T21:40:17.688+0000][18268][safepoint    ] Safepoint "Cleanup", Time since last: 1000048600 ns, Reaching safepoint: 120100 ns, At safepoint: 2100 ns, Total: 122200 ns
[2020-08-24T21:40:18.688+0000][18268][safepoint    ] Safepoint "Cleanup", Time since last: 1000234300 ns, Reaching safepoint: 104900 ns, At safepoint: 5500 ns, Total: 110400 ns
[2020-08-24T21:40:19.689+0000][18268][safepoint    ] Safepoint "Cleanup", Time since last: 1000388100 ns, Reaching safepoint: 126400 ns, At safepoint: 5600 ns, Total: 132000 ns
[2020-08-24T21:40:20.689+0000][18268][safepoint    ] Safepoint "Cleanup", Time since last: 1000363700 ns, Reaching safepoint: 99500 ns, At safepoint: 1800 ns, Total: 101300 ns
[2020-08-24T21:40:22.690+0000][18268][safepoint    ] Safepoint "Cleanup", Time since last: 2000402400 ns, Reaching safepoint: 98000 ns, At safepoint: 1700 ns, Total: 99700 ns
[2020-08-24T21:40:23.690+0000][18268][safepoint    ] Safepoint "Cleanup", Time since last: 1000136000 ns, Reaching safepoint: 95300 ns, At safepoint: 6100 ns, Total: 101400 ns
[2020-08-24T21:40:24.690+0000][18268][safepoint    ] Safepoint "Cleanup", Time since last: 1000211400 ns, Reaching safepoint: 111600 ns, At safepoint: 7100 ns, Total: 118700 ns
[2020-08-24T21:40:25.691+0000][18268][safepoint    ] Safepoint "Cleanup", Time since last: 1000355600 ns, Reaching safepoint: 110800 ns, At safepoint: 5800 ns, Total: 116600 ns
[2020-08-24T21:40:26.691+0000][18268][safepoint    ] Safepoint "Cleanup", Time since last: 1000334200 ns, Reaching safepoint: 105200 ns, At safepoint: 6400 ns, Total: 111600 ns
[2020-08-24T21:40:27.692+0000][18268][safepoint    ] Safepoint "Cleanup", Time since last: 1000195600 ns, Reaching safepoint: 100400 ns, At safepoint: 7000 ns, Total: 107400 ns
[2020-08-24T21:40:28.692+0000][18268][safepoint    ] Safepoint "Cleanup", Time since last: 1000117500 ns, Reaching safepoint: 95600 ns, At safepoint: 2000 ns, Total: 97600 ns
[2020-08-24T21:40:30.692+0000][18268][safepoint    ] Safepoint "Cleanup", Time since last: 2000009400 ns, Reaching safepoint: 112000 ns, At safepoint: 6000 ns, Total: 118000 ns
[2020-08-24T21:40:31.692+0000][18268][safepoint    ] Safepoint "Cleanup", Time since last: 1000270300 ns, Reaching safepoint: 96100 ns, At safepoint: 5600 ns, Total: 101700 ns
[2020-08-24T21:40:32.693+0000][18268][safepoint    ] Safepoint "Cleanup", Time since last: 1000233900 ns, Reaching safepoint: 104000 ns, At safepoint: 1800 ns, Total: 105800 ns
[2020-08-24T21:40:34.693+0000][18268][safepoint    ] Safepoint "Cleanup", Time since last: 2000234300 ns, Reaching safepoint: 107100 ns, At safepoint: 2700 ns, Total: 109800 ns
[2020-08-24T21:40:35.693+0000][18268][safepoint    ] Safepoint "Cleanup", Time since last: 1000172100 ns, Reaching safepoint: 92800 ns, At safepoint: 5500 ns, Total: 98300 ns
[2020-08-24T21:40:36.694+0000][18268][safepoint    ] Safepoint "Cleanup", Time since last: 1000213900 ns, Reaching safepoint: 107200 ns, At safepoint: 1800 ns, Total: 109000 ns
[2020-08-24T21:40:37.694+0000][18268][safepoint    ] Safepoint "Cleanup", Time since last: 1000163500 ns, Reaching safepoint: 118800 ns, At safepoint: 2100 ns, Total: 120900 ns
[2020-08-24T21:40:38.694+0000][18268][safepoint    ] Safepoint "Cleanup", Time since last: 1000340900 ns, Reaching safepoint: 98800 ns, At safepoint: 1900 ns, Total: 100700 ns
[2020-08-24T21:40:39.695+0000][18268][safepoint    ] Safepoint "Cleanup", Time since last: 1000396200 ns, Reaching safepoint: 104400 ns, At safepoint: 1700 ns, Total: 106100 ns
[2020-08-24T21:40:40.695+0000][18268][safepoint    ] Safepoint "Cleanup", Time since last: 1000138400 ns, Reaching safepoint: 95300 ns, At safepoint: 2200 ns, Total: 97500 ns
[2020-08-24T21:40:41.695+0000][18268][safepoint    ] Safepoint "Cleanup", Time since last: 1000209300 ns, Reaching safepoint: 104700 ns, At safepoint: 5700 ns, Total: 110400 ns
[2020-08-24T21:40:41.735+0000][18268][gc,start     ] GC(21) Pause Young (Normal) (G1 Evacuation Pause)
[2020-08-24T21:40:41.735+0000][18268][gc,task      ] GC(21) Using 18 workers of 18 for evacuation
[2020-08-24T21:40:41.735+0000][18268][gc,age       ] GC(21) Desired survivor size 40370176 bytes, new threshold 15 (max threshold 15)
[2020-08-24T21:40:41.743+0000][18268][gc,age       ] GC(21) Age table with threshold 15 (max threshold 15)
[2020-08-24T21:40:41.743+0000][18268][gc,age       ] GC(21) - age   1:      58280 bytes,      58280 total
[2020-08-24T21:40:41.743+0000][18268][gc,age       ] GC(21) - age   2:     168736 bytes,     227016 total
[2020-08-24T21:40:41.743+0000][18268][gc,age       ] GC(21) - age   3:        480 bytes,     227496 total
[2020-08-24T21:40:41.743+0000][18268][gc,age       ] GC(21) - age   4:       2792 bytes,     230288 total
[2020-08-24T21:40:41.743+0000][18268][gc,age       ] GC(21) - age   5:       1448 bytes,     231736 total
[2020-08-24T21:40:41.743+0000][18268][gc,age       ] GC(21) - age   6:        984 bytes,     232720 total
[2020-08-24T21:40:41.743+0000][18268][gc,age       ] GC(21) - age   7:       2648 bytes,     235368 total
[2020-08-24T21:40:41.743+0000][18268][gc,age       ] GC(21) - age   8:      35000 bytes,     270368 total
[2020-08-24T21:40:41.743+0000][18268][gc,age       ] GC(21) - age   9:      91480 bytes,     361848 total
[2020-08-24T21:40:41.743+0000][18268][gc,age       ] GC(21) - age  10:     317536 bytes,     679384 total
[2020-08-24T21:40:41.743+0000][18268][gc,age       ] GC(21) - age  11:   11906864 bytes,   12586248 total
[2020-08-24T21:40:41.743+0000][18268][gc,age       ] GC(21) - age  12:    8982504 bytes,   21568752 total
[2020-08-24T21:40:41.743+0000][18268][gc,phases    ] GC(21)   Pre Evacuate Collection Set: 0.1ms
[2020-08-24T21:40:41.743+0000][18268][gc,phases    ] GC(21)   Merge Heap Roots: 0.1ms
[2020-08-24T21:40:41.743+0000][18268][gc,phases    ] GC(21)   Evacuate Collection Set: 6.0ms
[2020-08-24T21:40:41.743+0000][18268][gc,phases    ] GC(21)   Post Evacuate Collection Set: 0.9ms
[2020-08-24T21:40:41.743+0000][18268][gc,phases    ] GC(21)   Other: 0.3ms
[2020-08-24T21:40:41.743+0000][18268][gc,heap      ] GC(21) Eden regions: 591->0(591)
[2020-08-24T21:40:41.743+0000][18268][gc,heap      ] GC(21) Survivor regions: 23->23(77)
[2020-08-24T21:40:41.743+0000][18268][gc,heap      ] GC(21) Old regions: 48->48
[2020-08-24T21:40:41.743+0000][18268][gc,heap      ] GC(21) Archive regions: 0->0
[2020-08-24T21:40:41.743+0000][18268][gc,heap      ] GC(21) Humongous regions: 7->7
[2020-08-24T21:40:41.743+0000][18268][gc,metaspace ] GC(21) Metaspace: 92016K(99840K)->92016K(99840K) NonClass: 79467K(84096K)->79467K(84096K) Class: 12549K(15744K)->12549K(15744K)
[2020-08-24T21:40:41.743+0000][18268][gc           ] GC(21) Pause Young (Normal) (G1 Evacuation Pause) 667M->76M(1024M) 7.514ms
[2020-08-24T21:40:41.743+0000][18268][gc,cpu       ] GC(21) User=0.08s Sys=0.00s Real=0.01s
[2020-08-24T21:40:41.743+0000][18268][safepoint    ] Safepoint "G1CollectForAllocation", Time since last: 40096800 ns, Reaching safepoint: 99500 ns, At safepoint: 7587300 ns, Total: 7686800 ns
[2020-08-24T21:40:43.744+0000][18268][safepoint    ] Safepoint "Cleanup", Time since last: 2000256300 ns, Reaching safepoint: 114100 ns, At safepoint: 1800 ns, Total: 115900 ns
[2020-08-24T21:40:44.744+0000][18268][safepoint    ] Safepoint "Cleanup", Time since last: 1000186300 ns, Reaching safepoint: 104500 ns, At safepoint: 6600 ns, Total: 111100 ns
[2020-08-24T21:40:46.744+0000][18268][safepoint    ] Safepoint "Cleanup", Time since last: 2000334800 ns, Reaching safepoint: 117000 ns, At safepoint: 2300 ns, Total: 119300 ns
[2020-08-24T21:40:48.744+0000][18268][safepoint    ] Safepoint "Cleanup", Time since last: 1999934900 ns, Reaching safepoint: 103200 ns, At safepoint: 1800 ns, Total: 105000 ns
[2020-08-24T21:40:49.745+0000][18268][safepoint    ] Safepoint "Cleanup", Time since last: 1000379100 ns, Reaching safepoint: 91800 ns, At safepoint: 1600 ns, Total: 93400 ns
[2020-08-24T21:40:51.745+0000][18268][safepoint    ] Safepoint "Cleanup", Time since last: 2000422200 ns, Reaching safepoint: 113500 ns, At safepoint: 6100 ns, Total: 119600 ns
[2020-08-24T21:40:52.746+0000][18268][safepoint    ] Safepoint "Cleanup", Time since last: 1000376100 ns, Reaching safepoint: 87200 ns, At safepoint: 1700 ns, Total: 88900 ns
[2020-08-24T21:40:54.746+0000][18268][safepoint    ] Safepoint "Cleanup", Time since last: 2000408300 ns, Reaching safepoint: 127400 ns, At safepoint: 5800 ns, Total: 133200 ns
[2020-08-24T21:40:55.747+0000][18268][safepoint    ] Safepoint "Cleanup", Time since last: 1000235300 ns, Reaching safepoint: 96700 ns, At safepoint: 5400 ns, Total: 102100 ns
[2020-08-24T21:40:56.747+0000][18268][safepoint    ] Safepoint "Cleanup", Time since last: 1000112300 ns, Reaching safepoint: 113100 ns, At safepoint: 6600 ns, Total: 119700 ns
[2020-08-24T21:40:57.747+0000][18268][safepoint    ] Safepoint "Cleanup", Time since last: 1000178700 ns, Reaching safepoint: 129500 ns, At safepoint: 2300 ns, Total: 131800 ns
[2020-08-24T21:40:58.748+0000][18268][safepoint    ] Safepoint "Cleanup", Time since last: 1000174400 ns, Reaching safepoint: 106800 ns, At safepoint: 1700 ns, Total: 108500 ns
[2020-08-24T21:40:59.748+0000][18268][safepoint    ] Safepoint "Cleanup", Time since last: 1000195700 ns, Reaching safepoint: 139700 ns, At safepoint: 5800 ns, Total: 145500 ns
[2020-08-24T21:41:00.748+0000][18268][safepoint    ] Safepoint "Cleanup", Time since last: 1000158500 ns, Reaching safepoint: 111300 ns, At safepoint: 5700 ns, Total: 117000 ns
[2020-08-24T21:41:01.748+0000][18268][safepoint    ] Safepoint "Cleanup", Time since last: 1000185400 ns, Reaching safepoint: 103500 ns, At safepoint: 5900 ns, Total: 109400 ns
[2020-08-24T21:41:02.749+0000][18268][safepoint    ] Safepoint "Cleanup", Time since last: 1000388500 ns, Reaching safepoint: 135700 ns, At safepoint: 2100 ns, Total: 137800 ns
[2020-08-24T21:41:03.749+0000][18268][safepoint    ] Safepoint "Cleanup", Time since last: 1000237200 ns, Reaching safepoint: 104800 ns, At safepoint: 2000 ns, Total: 106800 ns
[2020-08-24T21:41:05.660+0000][18268][safepoint    ] Safepoint "Cleanup", Time since last: 1910097500 ns, Reaching safepoint: 117600 ns, At safepoint: 8500 ns, Total: 126100 ns
[2020-08-24T21:41:06.660+0000][18268][safepoint    ] Safepoint "Cleanup", Time since last: 1000178500 ns, Reaching safepoint: 92900 ns, At safepoint: 2100 ns, Total: 95000 ns
[2020-08-24T21:41:08.660+0000][18268][safepoint    ] Safepoint "Cleanup", Time since last: 2000429300 ns, Reaching safepoint: 115600 ns, At safepoint: 1700 ns, Total: 117300 ns
[2020-08-24T21:41:10.661+0000][18268][safepoint    ] Safepoint "Cleanup", Time since last: 2000369300 ns, Reaching safepoint: 105000 ns, At safepoint: 1900 ns, Total: 106900 ns
[2020-08-24T21:41:12.661+0000][18268][safepoint    ] Safepoint "Cleanup", Time since last: 2000151100 ns, Reaching safepoint: 93600 ns, At safepoint: 1700 ns, Total: 95300 ns
[2020-08-24T21:41:13.661+0000][18268][safepoint    ] Safepoint "Cleanup", Time since last: 1000155800 ns, Reaching safepoint: 96100 ns, At safepoint: 5600 ns, Total: 101700 ns
[2020-08-24T21:41:14.662+0000][18268][safepoint    ] Safepoint "Cleanup", Time since last: 1000359500 ns, Reaching safepoint: 89300 ns, At safepoint: 1900 ns, Total: 91200 ns
[2020-08-24T21:41:16.662+0000][18268][safepoint    ] Safepoint "Cleanup", Time since last: 1999950300 ns, Reaching safepoint: 118400 ns, At safepoint: 5500 ns, Total: 123900 ns
[2020-08-24T21:41:17.662+0000][18268][safepoint    ] Safepoint "Cleanup", Time since last: 1000370400 ns, Reaching safepoint: 111800 ns, At safepoint: 6500 ns, Total: 118300 ns
[2020-08-24T21:41:18.663+0000][18268][safepoint    ] Safepoint "Cleanup", Time since last: 1000366100 ns, Reaching safepoint: 93000 ns, At safepoint: 1600 ns, Total: 94600 ns
[2020-08-24T21:41:19.663+0000][18268][safepoint    ] Safepoint "Cleanup", Time since last: 1000402000 ns, Reaching safepoint: 101900 ns, At safepoint: 5700 ns, Total: 107600 ns
[2020-08-24T21:41:21.664+0000][18268][safepoint    ] Safepoint "Cleanup", Time since last: 2000410900 ns, Reaching safepoint: 113200 ns, At safepoint: 1700 ns, Total: 114900 ns
[2020-08-24T21:41:23.664+0000][18268][safepoint    ] Safepoint "Cleanup", Time since last: 1999894000 ns, Reaching safepoint: 97100 ns, At safepoint: 6000 ns, Total: 103100 ns
[2020-08-24T21:41:25.664+0000][18268][safepoint    ] Safepoint "Cleanup", Time since last: 2000405600 ns, Reaching safepoint: 103200 ns, At safepoint: 2200 ns, Total: 105400 ns
[2020-08-24T21:41:26.665+0000][18268][safepoint    ] Safepoint "Cleanup", Time since last: 1000384000 ns, Reaching safepoint: 102000 ns, At safepoint: 2100 ns, Total: 104100 ns
[2020-08-24T21:41:27.665+0000][18268][safepoint    ] Safepoint "Cleanup", Time since last: 1000405400 ns, Reaching safepoint: 97600 ns, At safepoint: 6100 ns, Total: 103700 ns
[2020-08-24T21:41:28.666+0000][18268][safepoint    ] Safepoint "Cleanup", Time since last: 1000347400 ns, Reaching safepoint: 103300 ns, At safepoint: 5700 ns, Total: 109000 ns
[2020-08-24T21:41:30.666+0000][18268][safepoint    ] Safepoint "Cleanup", Time since last: 2000433200 ns, Reaching safepoint: 93800 ns, At safepoint: 1900 ns, Total: 95700 ns
[2020-08-24T21:41:32.667+0000][18268][safepoint    ] Safepoint "Cleanup", Time since last: 2000210500 ns, Reaching safepoint: 100600 ns, At safepoint: 6100 ns, Total: 106700 ns
[2020-08-24T21:41:33.667+0000][18268][safepoint    ] Safepoint "Cleanup", Time since last: 1000079800 ns, Reaching safepoint: 107400 ns, At safepoint: 1700 ns, Total: 109100 ns
[2020-08-24T21:41:35.667+0000][18268][safepoint    ] Safepoint "Cleanup", Time since last: 1999900500 ns, Reaching safepoint: 102600 ns, At safepoint: 2000 ns, Total: 104600 ns
[2020-08-24T21:41:37.667+0000][18268][safepoint    ] Safepoint "Cleanup", Time since last: 2000391400 ns, Reaching safepoint: 109100 ns, At safepoint: 1900 ns, Total: 111000 ns
[2020-08-24T21:41:38.668+0000][18268][safepoint    ] Safepoint "Cleanup", Time since last: 1000365100 ns, Reaching safepoint: 101800 ns, At safepoint: 1900 ns, Total: 103700 ns
[2020-08-24T21:41:40.668+0000][18268][safepoint    ] Safepoint "Cleanup", Time since last: 2000400100 ns, Reaching safepoint: 100200 ns, At safepoint: 1600 ns, Total: 101800 ns
[2020-08-24T21:41:42.668+0000][18268][safepoint    ] Safepoint "Cleanup", Time since last: 1999991100 ns, Reaching safepoint: 127100 ns, At safepoint: 1700 ns, Total: 128800 ns
[2020-08-24T21:41:43.669+0000][18268][safepoint    ] Safepoint "Cleanup", Time since last: 1000335800 ns, Reaching safepoint: 97000 ns, At safepoint: 1800 ns, Total: 98800 ns
[2020-08-24T21:41:44.669+0000][18268][safepoint    ] Safepoint "Cleanup", Time since last: 1000364200 ns, Reaching safepoint: 100200 ns, At safepoint: 6000 ns, Total: 106200 ns
[2020-08-24T21:41:46.669+0000][18268][safepoint    ] Safepoint "Cleanup", Time since last: 1999897300 ns, Reaching safepoint: 92800 ns, At safepoint: 1700 ns, Total: 94500 ns
[2020-08-24T21:41:47.670+0000][18268][safepoint    ] Safepoint "Cleanup", Time since last: 1000400700 ns, Reaching safepoint: 99300 ns, At safepoint: 1700 ns, Total: 101000 ns
[2020-08-24T21:41:48.670+0000][18268][safepoint    ] Safepoint "Cleanup", Time since last: 1000392300 ns, Reaching safepoint: 114700 ns, At safepoint: 1800 ns, Total: 116500 ns
[2020-08-24T21:41:49.671+0000][18268][safepoint    ] Safepoint "Cleanup", Time since last: 1000375600 ns, Reaching safepoint: 109100 ns, At safepoint: 6100 ns, Total: 115200 ns
[2020-08-24T21:41:50.671+0000][18268][safepoint    ] Safepoint "Cleanup", Time since last: 1000351600 ns, Reaching safepoint: 101400 ns, At safepoint: 6600 ns, Total: 108000 ns
[2020-08-24T21:41:52.671+0000][18268][safepoint    ] Safepoint "Cleanup", Time since last: 1999935900 ns, Reaching safepoint: 98500 ns, At safepoint: 6100 ns, Total: 104600 ns
[2020-08-24T21:41:54.672+0000][18268][safepoint    ] Safepoint "Cleanup", Time since last: 2000396600 ns, Reaching safepoint: 101200 ns, At safepoint: 1800 ns, Total: 103000 ns
[2020-08-24T21:41:56.672+0000][18268][safepoint    ] Safepoint "Cleanup", Time since last: 2000160000 ns, Reaching safepoint: 100800 ns, At safepoint: 1800 ns, Total: 102600 ns
[2020-08-24T21:41:57.672+0000][18268][safepoint    ] Safepoint "Cleanup", Time since last: 1000151000 ns, Reaching safepoint: 97500 ns, At safepoint: 5300 ns, Total: 102800 ns
[2020-08-24T21:41:58.673+0000][18268][safepoint    ] Safepoint "Cleanup", Time since last: 1000363300 ns, Reaching safepoint: 119300 ns, At safepoint: 2100 ns, Total: 121400 ns
[2020-08-24T21:42:00.673+0000][18268][safepoint    ] Safepoint "Cleanup", Time since last: 1999944100 ns, Reaching safepoint: 99900 ns, At safepoint: 2500 ns, Total: 102400 ns
[2020-08-24T21:42:01.673+0000][18268][safepoint    ] Safepoint "Cleanup", Time since last: 1000357000 ns, Reaching safepoint: 111300 ns, At safepoint: 1700 ns, Total: 113000 ns
[2020-08-24T21:42:02.674+0000][18268][safepoint    ] Safepoint "Cleanup", Time since last: 1000135000 ns, Reaching safepoint: 103000 ns, At safepoint: 6500 ns, Total: 109500 ns
[2020-08-24T21:42:03.674+0000][18268][safepoint    ] Safepoint "Cleanup", Time since last: 1000131900 ns, Reaching safepoint: 107800 ns, At safepoint: 1700 ns, Total: 109500 ns
[2020-08-24T21:42:04.674+0000][18268][safepoint    ] Safepoint "Cleanup", Time since last: 1000398300 ns, Reaching safepoint: 102500 ns, At safepoint: 1900 ns, Total: 104400 ns
[2020-08-24T21:42:05.675+0000][18268][safepoint    ] Safepoint "Cleanup", Time since last: 1000390600 ns, Reaching safepoint: 93300 ns, At safepoint: 5800 ns, Total: 99100 ns
[2020-08-24T21:42:07.675+0000][18268][safepoint    ] Safepoint "Cleanup", Time since last: 1999914400 ns, Reaching safepoint: 97300 ns, At safepoint: 1700 ns, Total: 99000 ns
[2020-08-24T21:42:08.675+0000][18268][safepoint    ] Safepoint "Cleanup", Time since last: 1000346300 ns, Reaching safepoint: 103500 ns, At safepoint: 1900 ns, Total: 105400 ns
[2020-08-24T21:42:10.675+0000][18268][safepoint    ] Safepoint "Cleanup", Time since last: 1999912300 ns, Reaching safepoint: 127700 ns, At safepoint: 6000 ns, Total: 133700 ns
[2020-08-24T21:42:12.676+0000][18268][safepoint    ] Safepoint "Cleanup", Time since last: 2000141200 ns, Reaching safepoint: 140700 ns, At safepoint: 1800 ns, Total: 142500 ns
[2020-08-24T21:42:13.676+0000][18268][safepoint    ] Safepoint "Cleanup", Time since last: 1000138100 ns, Reaching safepoint: 103800 ns, At safepoint: 6100 ns, Total: 109900 ns
[2020-08-24T21:42:14.676+0000][18268][safepoint    ] Safepoint "Cleanup", Time since last: 1000360500 ns, Reaching safepoint: 97500 ns, At safepoint: 6000 ns, Total: 103500 ns
[2020-08-24T21:42:16.676+0000][18268][safepoint    ] Safepoint "Cleanup", Time since last: 1999958700 ns, Reaching safepoint: 110400 ns, At safepoint: 2000 ns, Total: 112400 ns
[2020-08-24T21:42:17.677+0000][18268][safepoint    ] Safepoint "Cleanup", Time since last: 1000134900 ns, Reaching safepoint: 100800 ns, At safepoint: 6500 ns, Total: 107300 ns
[2020-08-24T21:42:18.677+0000][18268][safepoint    ] Safepoint "Cleanup", Time since last: 1000079200 ns, Reaching safepoint: 117800 ns, At safepoint: 6800 ns, Total: 124600 ns
[2020-08-24T21:42:20.677+0000][18268][safepoint    ] Safepoint "Cleanup", Time since last: 2000372100 ns, Reaching safepoint: 102900 ns, At safepoint: 6000 ns, Total: 108900 ns
[2020-08-24T21:42:22.677+0000][18268][safepoint    ] Safepoint "Cleanup", Time since last: 1999908100 ns, Reaching safepoint: 105900 ns, At safepoint: 1900 ns, Total: 107800 ns
[2020-08-24T21:42:23.678+0000][18268][safepoint    ] Safepoint "Cleanup", Time since last: 1000386600 ns, Reaching safepoint: 111600 ns, At safepoint: 1900 ns, Total: 113500 ns
[2020-08-24T21:42:25.678+0000][18268][safepoint    ] Safepoint "Cleanup", Time since last: 2000396600 ns, Reaching safepoint: 110400 ns, At safepoint: 6300 ns, Total: 116700 ns
[2020-08-24T21:42:26.679+0000][18268][safepoint    ] Safepoint "Cleanup", Time since last: 1000363700 ns, Reaching safepoint: 98900 ns, At safepoint: 1600 ns, Total: 100500 ns
[2020-08-24T21:42:28.679+0000][18268][safepoint    ] Safepoint "Cleanup", Time since last: 2000403100 ns, Reaching safepoint: 98700 ns, At safepoint: 6000 ns, Total: 104700 ns
[2020-08-24T21:42:30.680+0000][18268][safepoint    ] Safepoint "Cleanup", Time since last: 2000121300 ns, Reaching safepoint: 101800 ns, At safepoint: 1700 ns, Total: 103500 ns
[2020-08-24T21:42:31.680+0000][18268][safepoint    ] Safepoint "Cleanup", Time since last: 1000162500 ns, Reaching safepoint: 139300 ns, At safepoint: 1700 ns, Total: 141000 ns
[2020-08-24T21:42:32.680+0000][18268][safepoint    ] Safepoint "Cleanup", Time since last: 1000337900 ns, Reaching safepoint: 125900 ns, At safepoint: 6400 ns, Total: 132300 ns
[2020-08-24T21:42:33.681+0000][18268][safepoint    ] Safepoint "Cleanup", Time since last: 1000175900 ns, Reaching safepoint: 105000 ns, At safepoint: 6400 ns, Total: 111400 ns
[2020-08-24T21:42:35.681+0000][18268][safepoint    ] Safepoint "Cleanup", Time since last: 2000121900 ns, Reaching safepoint: 108300 ns, At safepoint: 7000 ns, Total: 115300 ns
[2020-08-24T21:42:37.441+0000][18268][safepoint    ] Safepoint "Cleanup", Time since last: 1760373800 ns, Reaching safepoint: 108300 ns, At safepoint: 6600 ns, Total: 114900 ns
[2020-08-24T21:42:38.442+0000][18268][safepoint    ] Safepoint "Cleanup", Time since last: 1000380100 ns, Reaching safepoint: 103000 ns, At safepoint: 2400 ns, Total: 105400 ns
[2020-08-24T21:42:40.442+0000][18268][safepoint    ] Safepoint "Cleanup", Time since last: 2000378000 ns, Reaching safepoint: 106300 ns, At safepoint: 6700 ns, Total: 113000 ns
[2020-08-24T21:42:41.443+0000][18268][safepoint    ] Safepoint "Cleanup", Time since last: 1000390300 ns, Reaching safepoint: 112700 ns, At safepoint: 2000 ns, Total: 114700 ns
[2020-08-24T21:42:42.443+0000][18268][safepoint    ] Safepoint "Cleanup", Time since last: 1000174600 ns, Reaching safepoint: 105800 ns, At safepoint: 6300 ns, Total: 112100 ns
[2020-08-24T21:42:43.443+0000][18268][safepoint    ] Safepoint "Cleanup", Time since last: 1000014400 ns, Reaching safepoint: 106000 ns, At safepoint: 1700 ns, Total: 107700 ns
[2020-08-24T21:42:44.444+0000][18268][safepoint    ] Safepoint "Cleanup", Time since last: 1000375100 ns, Reaching safepoint: 92700 ns, At safepoint: 1600 ns, Total: 94300 ns
[2020-08-24T21:42:45.444+0000][18268][safepoint    ] Safepoint "Cleanup", Time since last: 1000027600 ns, Reaching safepoint: 109800 ns, At safepoint: 2000 ns, Total: 111800 ns
[2020-08-24T21:42:46.444+0000][18268][safepoint    ] Safepoint "Cleanup", Time since last: 1000380600 ns, Reaching safepoint: 105500 ns, At safepoint: 6000 ns, Total: 111500 ns
[2020-08-24T21:42:47.445+0000][18268][safepoint    ] Safepoint "Cleanup", Time since last: 1000389800 ns, Reaching safepoint: 101300 ns, At safepoint: 6200 ns, Total: 107500 ns
[2020-08-24T21:42:49.445+0000][18268][safepoint    ] Safepoint "Cleanup", Time since last: 2000058900 ns, Reaching safepoint: 99200 ns, At safepoint: 1800 ns, Total: 101000 ns
[2020-08-24T21:42:50.445+0000][18268][safepoint    ] Safepoint "Cleanup", Time since last: 1000312400 ns, Reaching safepoint: 147600 ns, At safepoint: 5900 ns, Total: 153500 ns
[2020-08-24T21:42:51.446+0000][18268][safepoint    ] Safepoint "Cleanup", Time since last: 1000266700 ns, Reaching safepoint: 96800 ns, At safepoint: 2100 ns, Total: 98900 ns
[2020-08-24T21:42:53.446+0000][18268][safepoint    ] Safepoint "Cleanup", Time since last: 1999908600 ns, Reaching safepoint: 109500 ns, At safepoint: 6100 ns, Total: 115600 ns
[2020-08-24T21:42:54.446+0000][18268][safepoint    ] Safepoint "Cleanup", Time since last: 1000376800 ns, Reaching safepoint: 104300 ns, At safepoint: 1800 ns, Total: 106100 ns
[2020-08-24T21:42:56.446+0000][18268][safepoint    ] Safepoint "Cleanup", Time since last: 1999918000 ns, Reaching safepoint: 114200 ns, At safepoint: 6600 ns, Total: 120800 ns
[2020-08-24T21:42:57.447+0000][18268][safepoint    ] Safepoint "Cleanup", Time since last: 1000360500 ns, Reaching safepoint: 116800 ns, At safepoint: 1800 ns, Total: 118600 ns
[2020-08-24T21:42:58.447+0000][18268][safepoint    ] Safepoint "Cleanup", Time since last: 1000386100 ns, Reaching safepoint: 117500 ns, At safepoint: 6200 ns, Total: 123700 ns
[2020-08-24T21:43:00.448+0000][18268][safepoint    ] Safepoint "Cleanup", Time since last: 2000372500 ns, Reaching safepoint: 118100 ns, At safepoint: 7200 ns, Total: 125300 ns
[2020-08-24T21:43:01.448+0000][18268][safepoint    ] Safepoint "Cleanup", Time since last: 1000371800 ns, Reaching safepoint: 105100 ns, At safepoint: 6500 ns, Total: 111600 ns
[2020-08-24T21:43:03.448+0000][18268][safepoint    ] Safepoint "Cleanup", Time since last: 1999902500 ns, Reaching safepoint: 131600 ns, At safepoint: 2100 ns, Total: 133700 ns
[2020-08-24T21:43:04.449+0000][18268][safepoint    ] Safepoint "Cleanup", Time since last: 1000356700 ns, Reaching safepoint: 102600 ns, At safepoint: 6300 ns, Total: 108900 ns
[2020-08-24T21:43:05.449+0000][18268][safepoint    ] Safepoint "Cleanup", Time since last: 1000370800 ns, Reaching safepoint: 119900 ns, At safepoint: 6200 ns, Total: 126100 ns
[2020-08-24T21:43:07.449+0000][18268][safepoint    ] Safepoint "Cleanup", Time since last: 1999909500 ns, Reaching safepoint: 107100 ns, At safepoint: 1900 ns, Total: 109000 ns
[2020-08-24T21:43:08.450+0000][18268][safepoint    ] Safepoint "Cleanup", Time since last: 1000384400 ns, Reaching safepoint: 107800 ns, At safepoint: 2100 ns, Total: 109900 ns
[2020-08-24T21:43:09.450+0000][18268][safepoint    ] Safepoint "Cleanup", Time since last: 1000375200 ns, Reaching safepoint: 111100 ns, At safepoint: 7200 ns, Total: 118300 ns
[2020-08-24T21:43:10.451+0000][18268][safepoint    ] Safepoint "Cleanup", Time since last: 1000377400 ns, Reaching safepoint: 111100 ns, At safepoint: 2000 ns, Total: 113100 ns
[2020-08-24T21:43:12.451+0000][18268][safepoint    ] Safepoint "Cleanup", Time since last: 2000149500 ns, Reaching safepoint: 97900 ns, At safepoint: 2000 ns, Total: 99900 ns
[2020-08-24T21:43:13.451+0000][18268][safepoint    ] Safepoint "Cleanup", Time since last: 1000210500 ns, Reaching safepoint: 99200 ns, At safepoint: 6000 ns, Total: 105200 ns
[2020-08-24T21:43:14.452+0000][18268][safepoint    ] Safepoint "Cleanup", Time since last: 1000327200 ns, Reaching safepoint: 97800 ns, At safepoint: 2100 ns, Total: 99900 ns
[2020-08-24T21:43:16.452+0000][18268][safepoint    ] Safepoint "Cleanup", Time since last: 2000408100 ns, Reaching safepoint: 93300 ns, At safepoint: 6200 ns, Total: 99500 ns
[2020-08-24T21:43:18.453+0000][18268][safepoint    ] Safepoint "Cleanup", Time since last: 2000394700 ns, Reaching safepoint: 133200 ns, At safepoint: 6300 ns, Total: 139500 ns
[2020-08-24T21:43:19.453+0000][18268][safepoint    ] Safepoint "Cleanup", Time since last: 1000249800 ns, Reaching safepoint: 110400 ns, At safepoint: 1800 ns, Total: 112200 ns
[2020-08-24T21:43:20.453+0000][18268][safepoint    ] Safepoint "Cleanup", Time since last: 1000002700 ns, Reaching safepoint: 116600 ns, At safepoint: 6900 ns, Total: 123500 ns
[2020-08-24T21:43:21.454+0000][18268][safepoint    ] Safepoint "Cleanup", Time since last: 1000342200 ns, Reaching safepoint: 98200 ns, At safepoint: 1700 ns, Total: 99900 ns
[2020-08-24T21:43:22.454+0000][18268][safepoint    ] Safepoint "Cleanup", Time since last: 1000398900 ns, Reaching safepoint: 102600 ns, At safepoint: 5200 ns, Total: 107800 ns
[2020-08-24T21:43:23.455+0000][18268][safepoint    ] Safepoint "Cleanup", Time since last: 1000347700 ns, Reaching safepoint: 115200 ns, At safepoint: 5900 ns, Total: 121100 ns
[2020-08-24T21:43:25.455+0000][18268][safepoint    ] Safepoint "Cleanup", Time since last: 2000338900 ns, Reaching safepoint: 101000 ns, At safepoint: 1700 ns, Total: 102700 ns
[2020-08-24T21:43:26.455+0000][18268][safepoint    ] Safepoint "Cleanup", Time since last: 1000014800 ns, Reaching safepoint: 113800 ns, At safepoint: 6300 ns, Total: 120100 ns
[2020-08-24T21:43:27.456+0000][18268][safepoint    ] Safepoint "Cleanup", Time since last: 1000390400 ns, Reaching safepoint: 109500 ns, At safepoint: 1800 ns, Total: 111300 ns
[2020-08-24T21:43:28.456+0000][18268][safepoint    ] Safepoint "Cleanup", Time since last: 1000324300 ns, Reaching safepoint: 120800 ns, At safepoint: 2000 ns, Total: 122800 ns
[2020-08-24T21:43:29.456+0000][18268][safepoint    ] Safepoint "Cleanup", Time since last: 1000015600 ns, Reaching safepoint: 96900 ns, At safepoint: 6700 ns, Total: 103600 ns
[2020-08-24T21:43:30.457+0000][18268][safepoint    ] Safepoint "Cleanup", Time since last: 1000122900 ns, Reaching safepoint: 100900 ns, At safepoint: 2000 ns, Total: 102900 ns
[2020-08-24T21:43:31.756+0000][18268][safepoint    ] Safepoint "Cleanup", Time since last: 1299081500 ns, Reaching safepoint: 102200 ns, At safepoint: 1800 ns, Total: 104000 ns
[2020-08-24T21:43:32.756+0000][18268][safepoint    ] Safepoint "Cleanup", Time since last: 1000393000 ns, Reaching safepoint: 106000 ns, At safepoint: 6200 ns, Total: 112200 ns
[2020-08-24T21:43:33.757+0000][18268][safepoint    ] Safepoint "Cleanup", Time since last: 1000387900 ns, Reaching safepoint: 106200 ns, At safepoint: 1800 ns, Total: 108000 ns
[2020-08-24T21:43:35.757+0000][18268][safepoint    ] Safepoint "Cleanup", Time since last: 2000398500 ns, Reaching safepoint: 107000 ns, At safepoint: 5500 ns, Total: 112500 ns
[2020-08-24T21:43:36.758+0000][18268][safepoint    ] Safepoint "Cleanup", Time since last: 1000368800 ns, Reaching safepoint: 101700 ns, At safepoint: 1600 ns, Total: 103300 ns
[2020-08-24T21:43:38.758+0000][18268][safepoint    ] Safepoint "Cleanup", Time since last: 1999952900 ns, Reaching safepoint: 101400 ns, At safepoint: 1900 ns, Total: 103300 ns
[2020-08-24T21:43:39.758+0000][18268][safepoint    ] Safepoint "Cleanup", Time since last: 1000260400 ns, Reaching safepoint: 101900 ns, At safepoint: 7300 ns, Total: 109200 ns
[2020-08-24T21:43:41.758+0000][18268][safepoint    ] Safepoint "Cleanup", Time since last: 2000016400 ns, Reaching safepoint: 106500 ns, At safepoint: 6500 ns, Total: 113000 ns
[2020-08-24T21:43:42.759+0000][18268][safepoint    ] Safepoint "Cleanup", Time since last: 1000352900 ns, Reaching safepoint: 97400 ns, At safepoint: 6000 ns, Total: 103400 ns
[2020-08-24T21:43:44.759+0000][18268][safepoint    ] Safepoint "Cleanup", Time since last: 2000216900 ns, Reaching safepoint: 120400 ns, At safepoint: 6600 ns, Total: 127000 ns
[2020-08-24T21:43:45.760+0000][18268][safepoint    ] Safepoint "Cleanup", Time since last: 1000359400 ns, Reaching safepoint: 97300 ns, At safepoint: 5700 ns, Total: 103000 ns
[2020-08-24T21:43:46.760+0000][18268][safepoint    ] Safepoint "Cleanup", Time since last: 1000034900 ns, Reaching safepoint: 124200 ns, At safepoint: 1800 ns, Total: 126000 ns
[2020-08-24T21:43:47.760+0000][18268][safepoint    ] Safepoint "Cleanup", Time since last: 1000074000 ns, Reaching safepoint: 112500 ns, At safepoint: 6400 ns, Total: 118900 ns
[2020-08-24T21:43:48.760+0000][18268][safepoint    ] Safepoint "Cleanup", Time since last: 1000245800 ns, Reaching safepoint: 133100 ns, At safepoint: 6200 ns, Total: 139300 ns
[2020-08-24T21:43:49.761+0000][18268][safepoint    ] Safepoint "Cleanup", Time since last: 1000351100 ns, Reaching safepoint: 123400 ns, At safepoint: 1800 ns, Total: 125200 ns
[2020-08-24T21:43:50.761+0000][18268][safepoint    ] Safepoint "Cleanup", Time since last: 1000358600 ns, Reaching safepoint: 104600 ns, At safepoint: 6300 ns, Total: 110900 ns
[2020-08-24T21:43:51.762+0000][18268][safepoint    ] Safepoint "Cleanup", Time since last: 1000262600 ns, Reaching safepoint: 95000 ns, At safepoint: 6500 ns, Total: 101500 ns
[2020-08-24T21:43:52.762+0000][18268][safepoint    ] Safepoint "Cleanup", Time since last: 1000058000 ns, Reaching safepoint: 102800 ns, At safepoint: 6100 ns, Total: 108900 ns
[2020-08-24T21:43:53.762+0000][18268][safepoint    ] Safepoint "Cleanup", Time since last: 1000377500 ns, Reaching safepoint: 93800 ns, At safepoint: 1800 ns, Total: 95600 ns
[2020-08-24T21:43:55.762+0000][18268][safepoint    ] Safepoint "Cleanup", Time since last: 1999906600 ns, Reaching safepoint: 95800 ns, At safepoint: 1700 ns, Total: 97500 ns
[2020-08-24T21:43:56.763+0000][18268][safepoint    ] Safepoint "Cleanup", Time since last: 1000404200 ns, Reaching safepoint: 104500 ns, At safepoint: 1900 ns, Total: 106400 ns
[2020-08-24T21:43:57.763+0000][18268][safepoint    ] Safepoint "Cleanup", Time since last: 1000391900 ns, Reaching safepoint: 124900 ns, At safepoint: 6400 ns, Total: 131300 ns
[2020-08-24T21:43:58.764+0000][18268][safepoint    ] Safepoint "Cleanup", Time since last: 1000075700 ns, Reaching safepoint: 113600 ns, At safepoint: 6300 ns, Total: 119900 ns
[2020-08-24T21:43:59.764+0000][18268][safepoint    ] Safepoint "Cleanup", Time since last: 1000370000 ns, Reaching safepoint: 120200 ns, At safepoint: 1900 ns, Total: 122100 ns
[2020-08-24T21:44:00.764+0000][18268][safepoint    ] Safepoint "Cleanup", Time since last: 1000122900 ns, Reaching safepoint: 97400 ns, At safepoint: 1800 ns, Total: 99200 ns
[2020-08-24T21:44:02.764+0000][18268][safepoint    ] Safepoint "Cleanup", Time since last: 1999985300 ns, Reaching safepoint: 125100 ns, At safepoint: 6700 ns, Total: 131800 ns
[2020-08-24T21:44:03.765+0000][18268][safepoint    ] Safepoint "Cleanup", Time since last: 1000331700 ns, Reaching safepoint: 102300 ns, At safepoint: 1800 ns, Total: 104100 ns
[2020-08-24T21:44:05.765+0000][18268][safepoint    ] Safepoint "Cleanup", Time since last: 2000383700 ns, Reaching safepoint: 141400 ns, At safepoint: 2200 ns, Total: 143600 ns
[2020-08-24T21:44:06.766+0000][18268][safepoint    ] Safepoint "Cleanup", Time since last: 1000206500 ns, Reaching safepoint: 106200 ns, At safepoint: 1900 ns, Total: 108100 ns
[2020-08-24T21:44:07.766+0000][18268][safepoint    ] Safepoint "Cleanup", Time since last: 1000196800 ns, Reaching safepoint: 98900 ns, At safepoint: 1800 ns, Total: 100700 ns
[2020-08-24T21:44:08.766+0000][18268][safepoint    ] Safepoint "Cleanup", Time since last: 1000270100 ns, Reaching safepoint: 99000 ns, At safepoint: 6100 ns, Total: 105100 ns
[2020-08-24T21:44:09.767+0000][18268][safepoint    ] Safepoint "Cleanup", Time since last: 1000387300 ns, Reaching safepoint: 108300 ns, At safepoint: 1700 ns, Total: 110000 ns
[2020-08-24T21:44:11.767+0000][18268][safepoint    ] Safepoint "Cleanup", Time since last: 2000390900 ns, Reaching safepoint: 120700 ns, At safepoint: 6600 ns, Total: 127300 ns
[2020-08-24T21:44:13.768+0000][18268][safepoint    ] Safepoint "Cleanup", Time since last: 2000348100 ns, Reaching safepoint: 112700 ns, At safepoint: 6000 ns, Total: 118700 ns
[2020-08-24T21:44:14.768+0000][18268][safepoint    ] Safepoint "Cleanup", Time since last: 1000186100 ns, Reaching safepoint: 105000 ns, At safepoint: 6900 ns, Total: 111900 ns
[2020-08-24T21:44:15.768+0000][18268][safepoint    ] Safepoint "Cleanup", Time since last: 1000096200 ns, Reaching safepoint: 106900 ns, At safepoint: 5900 ns, Total: 112800 ns
[2020-08-24T21:44:17.768+0000][18268][safepoint    ] Safepoint "Cleanup", Time since last: 1999894900 ns, Reaching safepoint: 108400 ns, At safepoint: 6500 ns, Total: 114900 ns
[2020-08-24T21:44:18.769+0000][18268][safepoint    ] Safepoint "Cleanup", Time since last: 1000373700 ns, Reaching safepoint: 120900 ns, At safepoint: 6600 ns, Total: 127500 ns
[2020-08-24T21:44:19.769+0000][18268][safepoint    ] Safepoint "Cleanup", Time since last: 1000115700 ns, Reaching safepoint: 132600 ns, At safepoint: 2100 ns, Total: 134700 ns
[2020-08-24T21:44:20.769+0000][18268][safepoint    ] Safepoint "Cleanup", Time since last: 1000173300 ns, Reaching safepoint: 104400 ns, At safepoint: 2200 ns, Total: 106600 ns
[2020-08-24T21:44:21.770+0000][18268][safepoint    ] Safepoint "Cleanup", Time since last: 1000195000 ns, Reaching safepoint: 112500 ns, At safepoint: 6700 ns, Total: 119200 ns
[2020-08-24T21:44:22.770+0000][18268][safepoint    ] Safepoint "Cleanup", Time since last: 1000046700 ns, Reaching safepoint: 92300 ns, At safepoint: 2000 ns, Total: 94300 ns
[2020-08-24T21:44:23.770+0000][18268][safepoint    ] Safepoint "Cleanup", Time since last: 1000401300 ns, Reaching safepoint: 112000 ns, At safepoint: 6400 ns, Total: 118400 ns
[2020-08-24T21:44:25.770+0000][18268][safepoint    ] Safepoint "Cleanup", Time since last: 1999892300 ns, Reaching safepoint: 110700 ns, At safepoint: 6000 ns, Total: 116700 ns
[2020-08-24T21:44:26.771+0000][18268][safepoint    ] Safepoint "Cleanup", Time since last: 1000132800 ns, Reaching safepoint: 103900 ns, At safepoint: 1700 ns, Total: 105600 ns
[2020-08-24T21:44:27.771+0000][18268][safepoint    ] Safepoint "Cleanup", Time since last: 1000208200 ns, Reaching safepoint: 113600 ns, At safepoint: 6300 ns, Total: 119900 ns
[2020-08-24T21:44:28.771+0000][18268][safepoint    ] Safepoint "Cleanup", Time since last: 1000308200 ns, Reaching safepoint: 102300 ns, At safepoint: 2000 ns, Total: 104300 ns
[2020-08-24T21:44:29.772+0000][18268][safepoint    ] Safepoint "Cleanup", Time since last: 1000381200 ns, Reaching safepoint: 103000 ns, At safepoint: 6100 ns, Total: 109100 ns
[2020-08-24T21:44:31.772+0000][18268][safepoint    ] Safepoint "Cleanup", Time since last: 1999955600 ns, Reaching safepoint: 109100 ns, At safepoint: 2000 ns, Total: 111100 ns
[2020-08-24T21:44:32.772+0000][18268][safepoint    ] Safepoint "Cleanup", Time since last: 1000262100 ns, Reaching safepoint: 116400 ns, At safepoint: 6300 ns, Total: 122700 ns
[2020-08-24T21:44:34.773+0000][18268][safepoint    ] Safepoint "Cleanup", Time since last: 2000315000 ns, Reaching safepoint: 97100 ns, At safepoint: 1900 ns, Total: 99000 ns
[2020-08-24T21:44:35.773+0000][18268][safepoint    ] Safepoint "Cleanup", Time since last: 1000039100 ns, Reaching safepoint: 92300 ns, At safepoint: 2000 ns, Total: 94300 ns
[2020-08-24T21:44:36.773+0000][18268][safepoint    ] Safepoint "Cleanup", Time since last: 1000392700 ns, Reaching safepoint: 97900 ns, At safepoint: 5400 ns, Total: 103300 ns
[2020-08-24T21:44:38.773+0000][18268][safepoint    ] Safepoint "Cleanup", Time since last: 2000002700 ns, Reaching safepoint: 118000 ns, At safepoint: 6300 ns, Total: 124300 ns
[2020-08-24T21:44:39.774+0000][18268][safepoint    ] Safepoint "Cleanup", Time since last: 1000284200 ns, Reaching safepoint: 106500 ns, At safepoint: 2200 ns, Total: 108700 ns
[2020-08-24T21:44:40.774+0000][18268][safepoint    ] Safepoint "Cleanup", Time since last: 1000209500 ns, Reaching safepoint: 123800 ns, At safepoint: 1800 ns, Total: 125600 ns
[2020-08-24T21:44:41.775+0000][18268][safepoint    ] Safepoint "Cleanup", Time since last: 1000310000 ns, Reaching safepoint: 115500 ns, At safepoint: 6500 ns, Total: 122000 ns
[2020-08-24T21:44:42.775+0000][18268][safepoint    ] Safepoint "Cleanup", Time since last: 1000128600 ns, Reaching safepoint: 123000 ns, At safepoint: 2000 ns, Total: 125000 ns
[2020-08-24T21:44:43.775+0000][18268][safepoint    ] Safepoint "Cleanup", Time since last: 1000344100 ns, Reaching safepoint: 111100 ns, At safepoint: 6400 ns, Total: 117500 ns
[2020-08-24T21:44:44.776+0000][18268][safepoint    ] Safepoint "Cleanup", Time since last: 1000185600 ns, Reaching safepoint: 102900 ns, At safepoint: 2000 ns, Total: 104900 ns
[2020-08-24T21:44:46.776+0000][18268][safepoint    ] Safepoint "Cleanup", Time since last: 2000115100 ns, Reaching safepoint: 115600 ns, At safepoint: 6800 ns, Total: 122400 ns
[2020-08-24T21:44:47.776+0000][18268][safepoint    ] Safepoint "Cleanup", Time since last: 1000135000 ns, Reaching safepoint: 113300 ns, At safepoint: 6500 ns, Total: 119800 ns
[2020-08-24T21:44:48.776+0000][18268][safepoint    ] Safepoint "Cleanup", Time since last: 1000124400 ns, Reaching safepoint: 120500 ns, At safepoint: 2100 ns, Total: 122600 ns
[2020-08-24T21:44:50.776+0000][18268][safepoint    ] Safepoint "Cleanup", Time since last: 1999934100 ns, Reaching safepoint: 117400 ns, At safepoint: 6300 ns, Total: 123700 ns
[2020-08-24T21:44:51.777+0000][18268][safepoint    ] Safepoint "Cleanup", Time since last: 1000333700 ns, Reaching safepoint: 112000 ns, At safepoint: 1800 ns, Total: 113800 ns
[2020-08-24T21:44:52.777+0000][18268][safepoint    ] Safepoint "Cleanup", Time since last: 1000364700 ns, Reaching safepoint: 91600 ns, At safepoint: 1800 ns, Total: 93400 ns
[2020-08-24T21:44:53.778+0000][18268][safepoint    ] Safepoint "Cleanup", Time since last: 1000172900 ns, Reaching safepoint: 118300 ns, At safepoint: 6600 ns, Total: 124900 ns
[2020-08-24T21:44:54.778+0000][18268][safepoint    ] Safepoint "Cleanup", Time since last: 1000119400 ns, Reaching safepoint: 103400 ns, At safepoint: 1900 ns, Total: 105300 ns
[2020-08-24T21:44:56.778+0000][18268][safepoint    ] Safepoint "Cleanup", Time since last: 2000394900 ns, Reaching safepoint: 111900 ns, At safepoint: 2300 ns, Total: 114200 ns
[2020-08-24T21:44:58.779+0000][18268][safepoint    ] Safepoint "Cleanup", Time since last: 2000382100 ns, Reaching safepoint: 138200 ns, At safepoint: 1700 ns, Total: 139900 ns
[2020-08-24T21:45:00.779+0000][18268][safepoint    ] Safepoint "Cleanup", Time since last: 2000370700 ns, Reaching safepoint: 103700 ns, At safepoint: 6700 ns, Total: 110400 ns
[2020-08-24T21:45:01.780+0000][18268][safepoint    ] Safepoint "Cleanup", Time since last: 1000151700 ns, Reaching safepoint: 98900 ns, At safepoint: 1700 ns, Total: 100600 ns
[2020-08-24T21:45:02.780+0000][18268][safepoint    ] Safepoint "Cleanup", Time since last: 1000208900 ns, Reaching safepoint: 107300 ns, At safepoint: 6300 ns, Total: 113600 ns
[2020-08-24T21:45:03.780+0000][18268][safepoint    ] Safepoint "Cleanup", Time since last: 1000191700 ns, Reaching safepoint: 105200 ns, At safepoint: 1900 ns, Total: 107100 ns
[2020-08-24T21:45:05.781+0000][18268][safepoint    ] Safepoint "Cleanup", Time since last: 2000369400 ns, Reaching safepoint: 101200 ns, At safepoint: 2100 ns, Total: 103300 ns
[2020-08-24T21:45:06.781+0000][18268][safepoint    ] Safepoint "Cleanup", Time since last: 1000030700 ns, Reaching safepoint: 97900 ns, At safepoint: 1700 ns, Total: 99600 ns
[2020-08-24T21:45:08.781+0000][18268][safepoint    ] Safepoint "Cleanup", Time since last: 2000410000 ns, Reaching safepoint: 115800 ns, At safepoint: 1800 ns, Total: 117600 ns
[2020-08-24T21:45:09.782+0000][18268][safepoint    ] Safepoint "Cleanup", Time since last: 1000381400 ns, Reaching safepoint: 117600 ns, At safepoint: 6200 ns, Total: 123800 ns
[2020-08-24T21:45:11.782+0000][18268][safepoint    ] Safepoint "Cleanup", Time since last: 2000126900 ns, Reaching safepoint: 113100 ns, At safepoint: 1900 ns, Total: 115000 ns
[2020-08-24T21:45:12.782+0000][18268][safepoint    ] Safepoint "Cleanup", Time since last: 1000208000 ns, Reaching safepoint: 116000 ns, At safepoint: 7100 ns, Total: 123100 ns
[2020-08-24T21:45:13.783+0000][18268][safepoint    ] Safepoint "Cleanup", Time since last: 1000300600 ns, Reaching safepoint: 114700 ns, At safepoint: 6500 ns, Total: 121200 ns
[2020-08-24T21:45:15.783+0000][18268][safepoint    ] Safepoint "Cleanup", Time since last: 2000165600 ns, Reaching safepoint: 98300 ns, At safepoint: 1700 ns, Total: 100000 ns
[2020-08-24T21:45:16.783+0000][18268][safepoint    ] Safepoint "Cleanup", Time since last: 1000064200 ns, Reaching safepoint: 105700 ns, At safepoint: 6300 ns, Total: 112000 ns
[2020-08-24T21:45:18.783+0000][18268][safepoint    ] Safepoint "Cleanup", Time since last: 2000000400 ns, Reaching safepoint: 110100 ns, At safepoint: 6300 ns, Total: 116400 ns
[2020-08-24T21:45:19.784+0000][18268][safepoint    ] Safepoint "Cleanup", Time since last: 1000061500 ns, Reaching safepoint: 104600 ns, At safepoint: 6000 ns, Total: 110600 ns
[2020-08-24T21:45:21.784+0000][18268][safepoint    ] Safepoint "Cleanup", Time since last: 2000144100 ns, Reaching safepoint: 109500 ns, At safepoint: 1700 ns, Total: 111200 ns
[2020-08-24T21:45:23.784+0000][18268][safepoint    ] Safepoint "Cleanup", Time since last: 2000389000 ns, Reaching safepoint: 96500 ns, At safepoint: 6100 ns, Total: 102600 ns
[2020-08-24T21:45:24.785+0000][18268][safepoint    ] Safepoint "Cleanup", Time since last: 1000395600 ns, Reaching safepoint: 103100 ns, At safepoint: 1800 ns, Total: 104900 ns
[2020-08-24T21:45:25.785+0000][18268][safepoint    ] Safepoint "Cleanup", Time since last: 1000398500 ns, Reaching safepoint: 105300 ns, At safepoint: 6000 ns, Total: 111300 ns
[2020-08-24T21:45:27.786+0000][18268][safepoint    ] Safepoint "Cleanup", Time since last: 2000384100 ns, Reaching safepoint: 105800 ns, At safepoint: 1800 ns, Total: 107600 ns
[2020-08-24T21:45:29.786+0000][18268][safepoint    ] Safepoint "Cleanup", Time since last: 2000395100 ns, Reaching safepoint: 100900 ns, At safepoint: 2000 ns, Total: 102900 ns
[2020-08-24T21:45:31.787+0000][18268][safepoint    ] Safepoint "Cleanup", Time since last: 2000240100 ns, Reaching safepoint: 95300 ns, At safepoint: 1700 ns, Total: 97000 ns
[2020-08-24T21:45:32.787+0000][18268][safepoint    ] Safepoint "Cleanup", Time since last: 1000060300 ns, Reaching safepoint: 104400 ns, At safepoint: 1800 ns, Total: 106200 ns
[2020-08-24T21:45:34.787+0000][18268][safepoint    ] Safepoint "Cleanup", Time since last: 2000400400 ns, Reaching safepoint: 99900 ns, At safepoint: 2100 ns, Total: 102000 ns
[2020-08-24T21:45:35.788+0000][18268][safepoint    ] Safepoint "Cleanup", Time since last: 1000326300 ns, Reaching safepoint: 87500 ns, At safepoint: 6000 ns, Total: 93500 ns
[2020-08-24T21:45:37.788+0000][18268][safepoint    ] Safepoint "Cleanup", Time since last: 1999977800 ns, Reaching safepoint: 128500 ns, At safepoint: 6800 ns, Total: 135300 ns
[2020-08-24T21:45:39.788+0000][18268][safepoint    ] Safepoint "Cleanup", Time since last: 1999888200 ns, Reaching safepoint: 106600 ns, At safepoint: 1800 ns, Total: 108400 ns
[2020-08-24T21:45:41.788+0000][18268][safepoint    ] Safepoint "Cleanup", Time since last: 2000072600 ns, Reaching safepoint: 134400 ns, At safepoint: 6000 ns, Total: 140400 ns
[2020-08-24T21:45:42.788+0000][18268][safepoint    ] Safepoint "Cleanup", Time since last: 1000275000 ns, Reaching safepoint: 113300 ns, At safepoint: 6500 ns, Total: 119800 ns
[2020-08-24T21:45:44.789+0000][18268][safepoint    ] Safepoint "Cleanup", Time since last: 2000255600 ns, Reaching safepoint: 109000 ns, At safepoint: 5800 ns, Total: 114800 ns
[2020-08-24T21:45:46.789+0000][18268][safepoint    ] Safepoint "Cleanup", Time since last: 2000385800 ns, Reaching safepoint: 99100 ns, At safepoint: 5900 ns, Total: 105000 ns
[2020-08-24T21:45:47.789+0000][18268][safepoint    ] Safepoint "Cleanup", Time since last: 1000064400 ns, Reaching safepoint: 115500 ns, At safepoint: 2000 ns, Total: 117500 ns
[2020-08-24T21:45:48.790+0000][18268][safepoint    ] Safepoint "Cleanup", Time since last: 1000185100 ns, Reaching safepoint: 100300 ns, At safepoint: 6400 ns, Total: 106700 ns
[2020-08-24T21:45:49.790+0000][18268][safepoint    ] Safepoint "Cleanup", Time since last: 1000186000 ns, Reaching safepoint: 113700 ns, At safepoint: 2000 ns, Total: 115700 ns
[2020-08-24T21:45:50.790+0000][18268][safepoint    ] Safepoint "Cleanup", Time since last: 1000210500 ns, Reaching safepoint: 107700 ns, At safepoint: 2100 ns, Total: 109800 ns
[2020-08-24T21:45:51.791+0000][18268][safepoint    ] Safepoint "Cleanup", Time since last: 1000061600 ns, Reaching safepoint: 99200 ns, At safepoint: 5900 ns, Total: 105100 ns
[2020-08-24T21:45:52.791+0000][18268][safepoint    ] Safepoint "Cleanup", Time since last: 1000176500 ns, Reaching safepoint: 101400 ns, At safepoint: 1800 ns, Total: 103200 ns
[2020-08-24T21:45:53.791+0000][18268][safepoint    ] Safepoint "Cleanup", Time since last: 1000361700 ns, Reaching safepoint: 110300 ns, At safepoint: 6500 ns, Total: 116800 ns
[2020-08-24T21:45:55.792+0000][18268][safepoint    ] Safepoint "Cleanup", Time since last: 2000385400 ns, Reaching safepoint: 101900 ns, At safepoint: 1800 ns, Total: 103700 ns
[2020-08-24T21:45:56.792+0000][18268][safepoint    ] Safepoint "Cleanup", Time since last: 1000169100 ns, Reaching safepoint: 107700 ns, At safepoint: 6500 ns, Total: 114200 ns
[2020-08-24T21:45:57.792+0000][18268][safepoint    ] Safepoint "Cleanup", Time since last: 1000185300 ns, Reaching safepoint: 123900 ns, At safepoint: 6100 ns, Total: 130000 ns
[2020-08-24T21:45:58.793+0000][18268][safepoint    ] Safepoint "Cleanup", Time since last: 1000175400 ns, Reaching safepoint: 111100 ns, At safepoint: 6300 ns, Total: 117400 ns
[2020-08-24T21:46:00.793+0000][18268][safepoint    ] Safepoint "Cleanup", Time since last: 2000006000 ns, Reaching safepoint: 111300 ns, At safepoint: 6500 ns, Total: 117800 ns
[2020-08-24T21:46:01.793+0000][18268][safepoint    ] Safepoint "Cleanup", Time since last: 1000118400 ns, Reaching safepoint: 112300 ns, At safepoint: 6800 ns, Total: 119100 ns
[2020-08-24T21:46:02.793+0000][18268][safepoint    ] Safepoint "Cleanup", Time since last: 1000178700 ns, Reaching safepoint: 111600 ns, At safepoint: 2200 ns, Total: 113800 ns
[2020-08-24T21:46:03.794+0000][18268][safepoint    ] Safepoint "Cleanup", Time since last: 1000356300 ns, Reaching safepoint: 103800 ns, At safepoint: 6500 ns, Total: 110300 ns
[2020-08-24T21:46:04.794+0000][18268][safepoint    ] Safepoint "Cleanup", Time since last: 1000380500 ns, Reaching safepoint: 107700 ns, At safepoint: 6400 ns, Total: 114100 ns
[2020-08-24T21:46:06.691+0000][18268][safepoint    ] Safepoint "Cleanup", Time since last: 1896881900 ns, Reaching safepoint: 112700 ns, At safepoint: 6000 ns, Total: 118700 ns
[2020-08-24T21:46:07.692+0000][18268][safepoint    ] Safepoint "Cleanup", Time since last: 1000377700 ns, Reaching safepoint: 98300 ns, At safepoint: 1700 ns, Total: 100000 ns
[2020-08-24T21:46:09.692+0000][18268][safepoint    ] Safepoint "Cleanup", Time since last: 2000399400 ns, Reaching safepoint: 99800 ns, At safepoint: 6400 ns, Total: 106200 ns
[2020-08-24T21:46:10.693+0000][18268][safepoint    ] Safepoint "Cleanup", Time since last: 1000227000 ns, Reaching safepoint: 112500 ns, At safepoint: 2100 ns, Total: 114600 ns
[2020-08-24T21:46:11.693+0000][18268][safepoint    ] Safepoint "Cleanup", Time since last: 1000068300 ns, Reaching safepoint: 108600 ns, At safepoint: 1700 ns, Total: 110300 ns
[2020-08-24T21:46:13.693+0000][18268][safepoint    ] Safepoint "Cleanup", Time since last: 1999950900 ns, Reaching safepoint: 107100 ns, At safepoint: 2000 ns, Total: 109100 ns
[2020-08-24T21:46:15.693+0000][18268][safepoint    ] Safepoint "Cleanup", Time since last: 2000212900 ns, Reaching safepoint: 99500 ns, At safepoint: 6100 ns, Total: 105600 ns
[2020-08-24T21:46:17.693+0000][18268][safepoint    ] Safepoint "Cleanup", Time since last: 1999996000 ns, Reaching safepoint: 107400 ns, At safepoint: 1900 ns, Total: 109300 ns
[2020-08-24T21:46:18.694+0000][18268][safepoint    ] Safepoint "Cleanup", Time since last: 1000139700 ns, Reaching safepoint: 93000 ns, At safepoint: 1800 ns, Total: 94800 ns
[2020-08-24T21:46:19.694+0000][18268][safepoint    ] Safepoint "Cleanup", Time since last: 1000152700 ns, Reaching safepoint: 100100 ns, At safepoint: 6100 ns, Total: 106200 ns
[2020-08-24T21:46:21.694+0000][18268][safepoint    ] Safepoint "Cleanup", Time since last: 1999904100 ns, Reaching safepoint: 119100 ns, At safepoint: 6800 ns, Total: 125900 ns
[2020-08-24T21:46:22.694+0000][18268][safepoint    ] Safepoint "Cleanup", Time since last: 1000373600 ns, Reaching safepoint: 103500 ns, At safepoint: 6400 ns, Total: 109900 ns
[2020-08-24T21:46:24.695+0000][18268][safepoint    ] Safepoint "Cleanup", Time since last: 2000166800 ns, Reaching safepoint: 108000 ns, At safepoint: 2000 ns, Total: 110000 ns
[2020-08-24T21:46:25.695+0000][18268][safepoint    ] Safepoint "Cleanup", Time since last: 1000111000 ns, Reaching safepoint: 107100 ns, At safepoint: 1900 ns, Total: 109000 ns
[2020-08-24T21:46:27.695+0000][18268][safepoint    ] Safepoint "Cleanup", Time since last: 2000385500 ns, Reaching safepoint: 109600 ns, At safepoint: 6700 ns, Total: 116300 ns
[2020-08-24T21:46:28.696+0000][18268][safepoint    ] Safepoint "Cleanup", Time since last: 1000284600 ns, Reaching safepoint: 107600 ns, At safepoint: 6300 ns, Total: 113900 ns
[2020-08-24T21:46:30.696+0000][18268][safepoint    ] Safepoint "Cleanup", Time since last: 2000005700 ns, Reaching safepoint: 121200 ns, At safepoint: 5800 ns, Total: 127000 ns
[2020-08-24T21:46:31.696+0000][18268][safepoint    ] Safepoint "Cleanup", Time since last: 1000358400 ns, Reaching safepoint: 109300 ns, At safepoint: 1800 ns, Total: 111100 ns
[2020-08-24T21:46:32.697+0000][18268][safepoint    ] Safepoint "Cleanup", Time since last: 1000383000 ns, Reaching safepoint: 100800 ns, At safepoint: 6600 ns, Total: 107400 ns
[2020-08-24T21:46:33.697+0000][18268][safepoint    ] Safepoint "Cleanup", Time since last: 1000329000 ns, Reaching safepoint: 103300 ns, At safepoint: 2100 ns, Total: 105400 ns
[2020-08-24T21:46:35.697+0000][18268][safepoint    ] Safepoint "Cleanup", Time since last: 1999966100 ns, Reaching safepoint: 95800 ns, At safepoint: 1800 ns, Total: 97600 ns
[2020-08-24T21:46:36.698+0000][18268][safepoint    ] Safepoint "Cleanup", Time since last: 1000170300 ns, Reaching safepoint: 122500 ns, At safepoint: 6300 ns, Total: 128800 ns
[2020-08-24T21:46:37.698+0000][18268][safepoint    ] Safepoint "Cleanup", Time since last: 1000098900 ns, Reaching safepoint: 112200 ns, At safepoint: 6000 ns, Total: 118200 ns
[2020-08-24T21:46:38.698+0000][18268][safepoint    ] Safepoint "Cleanup", Time since last: 1000378600 ns, Reaching safepoint: 108800 ns, At safepoint: 6200 ns, Total: 115000 ns
[2020-08-24T21:46:40.699+0000][18268][safepoint    ] Safepoint "Cleanup", Time since last: 2000216200 ns, Reaching safepoint: 108400 ns, At safepoint: 2000 ns, Total: 110400 ns
[2020-08-24T21:46:41.699+0000][18268][safepoint    ] Safepoint "Cleanup", Time since last: 1000065100 ns, Reaching safepoint: 104000 ns, At safepoint: 6200 ns, Total: 110200 ns
[2020-08-24T21:46:42.699+0000][18268][safepoint    ] Safepoint "Cleanup", Time since last: 1000387500 ns, Reaching safepoint: 115100 ns, At safepoint: 2600 ns, Total: 117700 ns
[2020-08-24T21:46:43.700+0000][18268][safepoint    ] Safepoint "Cleanup", Time since last: 1000374000 ns, Reaching safepoint: 104900 ns, At safepoint: 2000 ns, Total: 106900 ns
[2020-08-24T21:46:44.700+0000][18268][safepoint    ] Safepoint "Cleanup", Time since last: 1000332400 ns, Reaching safepoint: 120400 ns, At safepoint: 6900 ns, Total: 127300 ns
[2020-08-24T21:46:46.701+0000][18268][safepoint    ] Safepoint "Cleanup", Time since last: 2000195100 ns, Reaching safepoint: 112000 ns, At safepoint: 6300 ns, Total: 118300 ns
[2020-08-24T21:46:47.701+0000][18268][safepoint    ] Safepoint "Cleanup", Time since last: 1000217300 ns, Reaching safepoint: 106600 ns, At safepoint: 6400 ns, Total: 113000 ns
[2020-08-24T21:46:48.701+0000][18268][safepoint    ] Safepoint "Cleanup", Time since last: 1000307500 ns, Reaching safepoint: 103200 ns, At safepoint: 6200 ns, Total: 109400 ns
[2020-08-24T21:46:49.702+0000][18268][safepoint    ] Safepoint "Cleanup", Time since last: 1000370000 ns, Reaching safepoint: 109300 ns, At safepoint: 1800 ns, Total: 111100 ns
[2020-08-24T21:46:51.702+0000][18268][safepoint    ] Safepoint "Cleanup", Time since last: 1999912300 ns, Reaching safepoint: 101500 ns, At safepoint: 1800 ns, Total: 103300 ns
[2020-08-24T21:46:52.702+0000][18268][safepoint    ] Safepoint "Cleanup", Time since last: 1000322000 ns, Reaching safepoint: 125400 ns, At safepoint: 6200 ns, Total: 131600 ns
[2020-08-24T21:46:54.702+0000][18268][safepoint    ] Safepoint "Cleanup", Time since last: 1999932200 ns, Reaching safepoint: 99900 ns, At safepoint: 2000 ns, Total: 101900 ns
[2020-08-24T21:46:56.702+0000][18268][safepoint    ] Safepoint "Cleanup", Time since last: 1999909300 ns, Reaching safepoint: 97600 ns, At safepoint: 1700 ns, Total: 99300 ns
[2020-08-24T21:46:58.703+0000][18268][safepoint    ] Safepoint "Cleanup", Time since last: 2000384300 ns, Reaching safepoint: 103500 ns, At safepoint: 2000 ns, Total: 105500 ns
[2020-08-24T21:47:00.703+0000][18268][safepoint    ] Safepoint "Cleanup", Time since last: 2000148100 ns, Reaching safepoint: 126600 ns, At safepoint: 6600 ns, Total: 133200 ns
[2020-08-24T21:47:01.703+0000][18268][safepoint    ] Safepoint "Cleanup", Time since last: 1000116000 ns, Reaching safepoint: 100300 ns, At safepoint: 6000 ns, Total: 106300 ns
[2020-08-24T21:47:03.703+0000][18268][safepoint    ] Safepoint "Cleanup", Time since last: 1999905200 ns, Reaching safepoint: 103300 ns, At safepoint: 1800 ns, Total: 105100 ns
[2020-08-24T21:47:04.704+0000][18268][safepoint    ] Safepoint "Cleanup", Time since last: 1000103200 ns, Reaching safepoint: 105000 ns, At safepoint: 1800 ns, Total: 106800 ns
[2020-08-24T21:47:05.704+0000][18268][safepoint    ] Safepoint "Cleanup", Time since last: 1000196100 ns, Reaching safepoint: 95000 ns, At safepoint: 2000 ns, Total: 97000 ns
[2020-08-24T21:47:06.704+0000][18268][safepoint    ] Safepoint "Cleanup", Time since last: 1000139200 ns, Reaching safepoint: 111900 ns, At safepoint: 2100 ns, Total: 114000 ns
[2020-08-24T21:47:07.704+0000][18268][safepoint    ] Safepoint "Cleanup", Time since last: 1000039300 ns, Reaching safepoint: 122000 ns, At safepoint: 6400 ns, Total: 128400 ns
[2020-08-24T21:47:08.704+0000][18268][safepoint    ] Safepoint "Cleanup", Time since last: 1000005200 ns, Reaching safepoint: 134500 ns, At safepoint: 4600 ns, Total: 139100 ns
[2020-08-24T21:47:09.705+0000][18268][safepoint    ] Safepoint "Cleanup", Time since last: 1000309900 ns, Reaching safepoint: 109900 ns, At safepoint: 1800 ns, Total: 111700 ns
[2020-08-24T21:47:11.705+0000][18268][safepoint    ] Safepoint "Cleanup", Time since last: 2000373700 ns, Reaching safepoint: 116300 ns, At safepoint: 6100 ns, Total: 122400 ns
[2020-08-24T21:47:13.706+0000][18268][safepoint    ] Safepoint "Cleanup", Time since last: 2000365200 ns, Reaching safepoint: 115200 ns, At safepoint: 6000 ns, Total: 121200 ns
[2020-08-24T21:47:15.706+0000][18268][safepoint    ] Safepoint "Cleanup", Time since last: 1999915000 ns, Reaching safepoint: 111500 ns, At safepoint: 1800 ns, Total: 113300 ns
[2020-08-24T21:47:16.706+0000][18268][safepoint    ] Safepoint "Cleanup", Time since last: 1000380800 ns, Reaching safepoint: 112400 ns, At safepoint: 7800 ns, Total: 120200 ns
[2020-08-24T21:47:17.707+0000][18268][safepoint    ] Safepoint "Cleanup", Time since last: 1000352700 ns, Reaching safepoint: 115200 ns, At safepoint: 6100 ns, Total: 121300 ns
[2020-08-24T21:47:19.707+0000][18268][safepoint    ] Safepoint "Cleanup", Time since last: 2000413300 ns, Reaching safepoint: 121200 ns, At safepoint: 5900 ns, Total: 127100 ns
[2020-08-24T21:47:20.707+0000][18268][safepoint    ] Safepoint "Cleanup", Time since last: 1000004000 ns, Reaching safepoint: 103100 ns, At safepoint: 1800 ns, Total: 104900 ns
[2020-08-24T21:47:21.708+0000][18268][safepoint    ] Safepoint "Cleanup", Time since last: 1000260200 ns, Reaching safepoint: 110800 ns, At safepoint: 1900 ns, Total: 112700 ns
[2020-08-24T21:47:22.708+0000][18268][safepoint    ] Safepoint "Cleanup", Time since last: 1000086700 ns, Reaching safepoint: 101900 ns, At safepoint: 1700 ns, Total: 103600 ns
[2020-08-24T21:47:23.708+0000][18268][safepoint    ] Safepoint "Cleanup", Time since last: 1000187300 ns, Reaching safepoint: 115700 ns, At safepoint: 1700 ns, Total: 117400 ns
[2020-08-24T21:47:25.709+0000][18268][safepoint    ] Safepoint "Cleanup", Time since last: 2000386600 ns, Reaching safepoint: 117700 ns, At safepoint: 2100 ns, Total: 119800 ns
[2020-08-24T21:47:27.709+0000][18268][safepoint    ] Safepoint "Cleanup", Time since last: 1999881400 ns, Reaching safepoint: 105300 ns, At safepoint: 7500 ns, Total: 112800 ns
[2020-08-24T21:47:28.709+0000][18268][safepoint    ] Safepoint "Cleanup", Time since last: 1000386900 ns, Reaching safepoint: 106900 ns, At safepoint: 6100 ns, Total: 113000 ns
[2020-08-24T21:47:30.710+0000][18268][safepoint    ] Safepoint "Cleanup", Time since last: 2000384000 ns, Reaching safepoint: 96600 ns, At safepoint: 6100 ns, Total: 102700 ns
[2020-08-24T21:47:32.710+0000][18268][safepoint    ] Safepoint "Cleanup", Time since last: 2000024700 ns, Reaching safepoint: 123100 ns, At safepoint: 2000 ns, Total: 125100 ns
[2020-08-24T21:47:33.710+0000][18268][safepoint    ] Safepoint "Cleanup", Time since last: 1000251900 ns, Reaching safepoint: 159700 ns, At safepoint: 6000 ns, Total: 165700 ns
[2020-08-24T21:47:35.663+0000][18268][safepoint    ] Safepoint "Cleanup", Time since last: 1952864700 ns, Reaching safepoint: 114100 ns, At safepoint: 9200 ns, Total: 123300 ns
[2020-08-24T21:47:36.664+0000][18268][safepoint    ] Safepoint "Cleanup", Time since last: 1000346000 ns, Reaching safepoint: 113900 ns, At safepoint: 6400 ns, Total: 120300 ns
[2020-08-24T21:47:38.664+0000][18268][safepoint    ] Safepoint "Cleanup", Time since last: 2000379000 ns, Reaching safepoint: 116500 ns, At safepoint: 2000 ns, Total: 118500 ns
[2020-08-24T21:47:39.665+0000][18268][safepoint    ] Safepoint "Cleanup", Time since last: 1000361400 ns, Reaching safepoint: 114000 ns, At safepoint: 2100 ns, Total: 116100 ns
[2020-08-24T21:47:40.665+0000][18268][safepoint    ] Safepoint "Cleanup", Time since last: 1000384600 ns, Reaching safepoint: 88300 ns, At safepoint: 1800 ns, Total: 90100 ns
[2020-08-24T21:47:42.666+0000][18268][safepoint    ] Safepoint "Cleanup", Time since last: 2000329100 ns, Reaching safepoint: 102800 ns, At safepoint: 5900 ns, Total: 108700 ns
[2020-08-24T21:47:43.666+0000][18268][safepoint    ] Safepoint "Cleanup", Time since last: 1000377500 ns, Reaching safepoint: 104900 ns, At safepoint: 1800 ns, Total: 106700 ns
[2020-08-24T21:47:45.666+0000][18268][safepoint    ] Safepoint "Cleanup", Time since last: 2000011900 ns, Reaching safepoint: 92000 ns, At safepoint: 6300 ns, Total: 98300 ns
[2020-08-24T21:47:46.666+0000][18268][safepoint    ] Safepoint "Cleanup", Time since last: 1000050100 ns, Reaching safepoint: 99000 ns, At safepoint: 6700 ns, Total: 105700 ns
[2020-08-24T21:47:47.667+0000][18268][safepoint    ] Safepoint "Cleanup", Time since last: 1000254000 ns, Reaching safepoint: 93100 ns, At safepoint: 1700 ns, Total: 94800 ns
[2020-08-24T21:47:48.667+0000][18268][safepoint    ] Safepoint "Cleanup", Time since last: 1000196300 ns, Reaching safepoint: 106700 ns, At safepoint: 1800 ns, Total: 108500 ns
[2020-08-24T21:47:49.667+0000][18268][safepoint    ] Safepoint "Cleanup", Time since last: 1000196200 ns, Reaching safepoint: 110900 ns, At safepoint: 2100 ns, Total: 113000 ns
[2020-08-24T21:47:50.668+0000][18268][safepoint    ] Safepoint "Cleanup", Time since last: 1000196700 ns, Reaching safepoint: 112800 ns, At safepoint: 6800 ns, Total: 119600 ns
[2020-08-24T21:47:51.668+0000][18268][safepoint    ] Safepoint "Cleanup", Time since last: 1000031400 ns, Reaching safepoint: 108200 ns, At safepoint: 6500 ns, Total: 114700 ns
[2020-08-24T21:47:52.668+0000][18268][safepoint    ] Safepoint "Cleanup", Time since last: 1000316700 ns, Reaching safepoint: 100000 ns, At safepoint: 6000 ns, Total: 106000 ns
[2020-08-24T21:47:54.668+0000][18268][safepoint    ] Safepoint "Cleanup", Time since last: 1999937400 ns, Reaching safepoint: 113300 ns, At safepoint: 2500 ns, Total: 115800 ns
[2020-08-24T21:47:56.669+0000][18268][safepoint    ] Safepoint "Cleanup", Time since last: 2000309000 ns, Reaching safepoint: 101900 ns, At safepoint: 1700 ns, Total: 103600 ns
[2020-08-24T21:47:58.669+0000][18268][safepoint    ] Safepoint "Cleanup", Time since last: 2000186100 ns, Reaching safepoint: 107700 ns, At safepoint: 6800 ns, Total: 114500 ns
[2020-08-24T21:48:00.669+0000][18268][safepoint    ] Safepoint "Cleanup", Time since last: 2000149000 ns, Reaching safepoint: 100000 ns, At safepoint: 1700 ns, Total: 101700 ns
[2020-08-24T21:48:01.670+0000][18268][safepoint    ] Safepoint "Cleanup", Time since last: 1000385400 ns, Reaching safepoint: 99100 ns, At safepoint: 1800 ns, Total: 100900 ns
[2020-08-24T21:48:02.670+0000][18268][safepoint    ] Safepoint "Cleanup", Time since last: 1000394900 ns, Reaching safepoint: 117200 ns, At safepoint: 6300 ns, Total: 123500 ns
[2020-08-24T21:48:04.671+0000][18268][safepoint    ] Safepoint "Cleanup", Time since last: 2000290300 ns, Reaching safepoint: 128000 ns, At safepoint: 6800 ns, Total: 134800 ns
[2020-08-24T21:48:06.671+0000][18268][safepoint    ] Safepoint "Cleanup", Time since last: 2000431300 ns, Reaching safepoint: 106500 ns, At safepoint: 6500 ns, Total: 113000 ns
[2020-08-24T21:48:08.672+0000][18268][safepoint    ] Safepoint "Cleanup", Time since last: 2000421500 ns, Reaching safepoint: 104300 ns, At safepoint: 6200 ns, Total: 110500 ns
[2020-08-24T21:48:09.672+0000][18268][safepoint    ] Safepoint "Cleanup", Time since last: 1000367100 ns, Reaching safepoint: 101800 ns, At safepoint: 1700 ns, Total: 103500 ns
[2020-08-24T21:48:11.672+0000][18268][safepoint    ] Safepoint "Cleanup", Time since last: 1999908200 ns, Reaching safepoint: 97100 ns, At safepoint: 1800 ns, Total: 98900 ns
[2020-08-24T21:48:12.673+0000][18268][safepoint    ] Safepoint "Cleanup", Time since last: 1000397100 ns, Reaching safepoint: 101200 ns, At safepoint: 1800 ns, Total: 103000 ns
[2020-08-24T21:48:14.673+0000][18268][safepoint    ] Safepoint "Cleanup", Time since last: 1999893400 ns, Reaching safepoint: 120500 ns, At safepoint: 6000 ns, Total: 126500 ns
[2020-08-24T21:48:16.673+0000][18268][safepoint    ] Safepoint "Cleanup", Time since last: 2000374500 ns, Reaching safepoint: 96800 ns, At safepoint: 6200 ns, Total: 103000 ns
[2020-08-24T21:48:18.674+0000][18268][safepoint    ] Safepoint "Cleanup", Time since last: 2000150200 ns, Reaching safepoint: 112600 ns, At safepoint: 1800 ns, Total: 114400 ns
[2020-08-24T21:48:19.674+0000][18268][safepoint    ] Safepoint "Cleanup", Time since last: 1000127400 ns, Reaching safepoint: 149900 ns, At safepoint: 6400 ns, Total: 156300 ns
[2020-08-24T21:48:20.674+0000][18268][safepoint    ] Safepoint "Cleanup", Time since last: 1000338500 ns, Reaching safepoint: 112100 ns, At safepoint: 1900 ns, Total: 114000 ns
[2020-08-24T21:48:22.675+0000][18268][safepoint    ] Safepoint "Cleanup", Time since last: 2000396300 ns, Reaching safepoint: 117600 ns, At safepoint: 2200 ns, Total: 119800 ns
[2020-08-24T21:48:24.675+0000][18268][safepoint    ] Safepoint "Cleanup", Time since last: 1999905400 ns, Reaching safepoint: 94800 ns, At safepoint: 1800 ns, Total: 96600 ns
[2020-08-24T21:48:25.675+0000][18268][safepoint    ] Safepoint "Cleanup", Time since last: 1000376900 ns, Reaching safepoint: 112500 ns, At safepoint: 1700 ns, Total: 114200 ns
[2020-08-24T21:48:27.675+0000][18268][safepoint    ] Safepoint "Cleanup", Time since last: 1999944900 ns, Reaching safepoint: 101100 ns, At safepoint: 1600 ns, Total: 102700 ns
[2020-08-24T21:48:28.676+0000][18268][safepoint    ] Safepoint "Cleanup", Time since last: 1000198400 ns, Reaching safepoint: 106400 ns, At safepoint: 6600 ns, Total: 113000 ns
[2020-08-24T21:48:29.676+0000][18268][safepoint    ] Safepoint "Cleanup", Time since last: 1000032400 ns, Reaching safepoint: 111700 ns, At safepoint: 6200 ns, Total: 117900 ns
[2020-08-24T21:48:30.676+0000][18268][safepoint    ] Safepoint "Cleanup", Time since last: 1000345500 ns, Reaching safepoint: 101000 ns, At safepoint: 1800 ns, Total: 102800 ns
[2020-08-24T21:48:32.677+0000][18268][safepoint    ] Safepoint "Cleanup", Time since last: 2000371500 ns, Reaching safepoint: 116900 ns, At safepoint: 2000 ns, Total: 118900 ns
[2020-08-24T21:48:34.677+0000][18268][safepoint    ] Safepoint "Cleanup", Time since last: 2000420200 ns, Reaching safepoint: 96800 ns, At safepoint: 1800 ns, Total: 98600 ns
[2020-08-24T21:48:36.677+0000][18268][safepoint    ] Safepoint "Cleanup", Time since last: 1999946000 ns, Reaching safepoint: 109700 ns, At safepoint: 1800 ns, Total: 111500 ns
[2020-08-24T21:48:37.678+0000][18268][safepoint    ] Safepoint "Cleanup", Time since last: 1000373200 ns, Reaching safepoint: 109600 ns, At safepoint: 1700 ns, Total: 111300 ns
[2020-08-24T21:48:38.678+0000][18268][safepoint    ] Safepoint "Cleanup", Time since last: 1000332900 ns, Reaching safepoint: 104100 ns, At safepoint: 2000 ns, Total: 106100 ns
[2020-08-24T21:48:40.679+0000][18268][safepoint    ] Safepoint "Cleanup", Time since last: 2000432400 ns, Reaching safepoint: 119300 ns, At safepoint: 6600 ns, Total: 125900 ns
[2020-08-24T21:48:42.679+0000][18268][safepoint    ] Safepoint "Cleanup", Time since last: 1999900100 ns, Reaching safepoint: 106900 ns, At safepoint: 6700 ns, Total: 113600 ns
[2020-08-24T21:48:43.679+0000][18268][safepoint    ] Safepoint "Cleanup", Time since last: 1000357900 ns, Reaching safepoint: 113900 ns, At safepoint: 1700 ns, Total: 115600 ns
[2020-08-24T21:48:45.680+0000][18268][safepoint    ] Safepoint "Cleanup", Time since last: 2000229400 ns, Reaching safepoint: 106500 ns, At safepoint: 1700 ns, Total: 108200 ns
[2020-08-24T21:48:46.680+0000][18268][safepoint    ] Safepoint "Cleanup", Time since last: 1000054300 ns, Reaching safepoint: 105400 ns, At safepoint: 6000 ns, Total: 111400 ns
[2020-08-24T21:48:47.680+0000][18268][safepoint    ] Safepoint "Cleanup", Time since last: 1000386600 ns, Reaching safepoint: 122800 ns, At safepoint: 7300 ns, Total: 130100 ns
[2020-08-24T21:48:48.681+0000][18268][safepoint    ] Safepoint "Cleanup", Time since last: 1000371100 ns, Reaching safepoint: 112200 ns, At safepoint: 5600 ns, Total: 117800 ns
[2020-08-24T21:48:49.681+0000][18268][safepoint    ] Safepoint "Cleanup", Time since last: 1000363500 ns, Reaching safepoint: 115600 ns, At safepoint: 6900 ns, Total: 122500 ns
[2020-08-24T21:48:51.682+0000][18268][safepoint    ] Safepoint "Cleanup", Time since last: 2000399600 ns, Reaching safepoint: 103000 ns, At safepoint: 1900 ns, Total: 104900 ns
[2020-08-24T21:48:52.682+0000][18268][safepoint    ] Safepoint "Cleanup", Time since last: 1000388900 ns, Reaching safepoint: 98200 ns, At safepoint: 6400 ns, Total: 104600 ns
[2020-08-24T21:48:54.683+0000][18268][safepoint    ] Safepoint "Cleanup", Time since last: 2000397800 ns, Reaching safepoint: 103200 ns, At safepoint: 1800 ns, Total: 105000 ns
[2020-08-24T21:48:56.683+0000][18268][safepoint    ] Safepoint "Cleanup", Time since last: 1999904400 ns, Reaching safepoint: 109700 ns, At safepoint: 6900 ns, Total: 116600 ns
[2020-08-24T21:48:58.683+0000][18268][safepoint    ] Safepoint "Cleanup", Time since last: 2000133600 ns, Reaching safepoint: 102600 ns, At safepoint: 1800 ns, Total: 104400 ns
[2020-08-24T21:48:59.683+0000][18268][safepoint    ] Safepoint "Cleanup", Time since last: 1000137400 ns, Reaching safepoint: 112900 ns, At safepoint: 1800 ns, Total: 114700 ns
[2020-08-24T21:49:01.683+0000][18268][safepoint    ] Safepoint "Cleanup", Time since last: 1999897900 ns, Reaching safepoint: 116700 ns, At safepoint: 6200 ns, Total: 122900 ns
[2020-08-24T21:49:02.684+0000][18268][safepoint    ] Safepoint "Cleanup", Time since last: 1000369200 ns, Reaching safepoint: 105800 ns, At safepoint: 1900 ns, Total: 107700 ns
[2020-08-24T21:49:03.684+0000][18268][safepoint    ] Safepoint "Cleanup", Time since last: 1000389700 ns, Reaching safepoint: 101900 ns, At safepoint: 6600 ns, Total: 108500 ns
[2020-08-24T21:49:05.685+0000][18268][safepoint    ] Safepoint "Cleanup", Time since last: 2000385200 ns, Reaching safepoint: 115800 ns, At safepoint: 5900 ns, Total: 121700 ns
[2020-08-24T21:49:07.685+0000][18268][safepoint    ] Safepoint "Cleanup", Time since last: 1999916900 ns, Reaching safepoint: 106000 ns, At safepoint: 2100 ns, Total: 108100 ns
[2020-08-24T21:49:08.685+0000][18268][safepoint    ] Safepoint "Cleanup", Time since last: 1000371800 ns, Reaching safepoint: 107100 ns, At safepoint: 5900 ns, Total: 113000 ns
[2020-08-24T21:49:09.686+0000][18268][safepoint    ] Safepoint "Cleanup", Time since last: 1000381100 ns, Reaching safepoint: 105700 ns, At safepoint: 6500 ns, Total: 112200 ns
[2020-08-24T21:49:10.686+0000][18268][safepoint    ] Safepoint "Cleanup", Time since last: 1000100700 ns, Reaching safepoint: 113000 ns, At safepoint: 5900 ns, Total: 118900 ns
[2020-08-24T21:49:11.686+0000][18268][safepoint    ] Safepoint "Cleanup", Time since last: 1000046300 ns, Reaching safepoint: 128500 ns, At safepoint: 1800 ns, Total: 130300 ns
[2020-08-24T21:49:12.686+0000][18268][safepoint    ] Safepoint "Cleanup", Time since last: 1000010900 ns, Reaching safepoint: 103700 ns, At safepoint: 1600 ns, Total: 105300 ns
[2020-08-24T21:49:13.687+0000][18268][safepoint    ] Safepoint "Cleanup", Time since last: 1000394000 ns, Reaching safepoint: 105600 ns, At safepoint: 5900 ns, Total: 111500 ns
[2020-08-24T21:49:14.687+0000][18268][safepoint    ] Safepoint "Cleanup", Time since last: 1000359100 ns, Reaching safepoint: 106700 ns, At safepoint: 6400 ns, Total: 113100 ns
[2020-08-24T21:49:16.687+0000][18268][safepoint    ] Safepoint "Cleanup", Time since last: 1999893600 ns, Reaching safepoint: 161600 ns, At safepoint: 2200 ns, Total: 163800 ns
[2020-08-24T21:49:17.688+0000][18268][safepoint    ] Safepoint "Cleanup", Time since last: 1000328200 ns, Reaching safepoint: 121900 ns, At safepoint: 2000 ns, Total: 123900 ns
[2020-08-24T21:49:18.688+0000][18268][safepoint    ] Safepoint "Cleanup", Time since last: 1000356900 ns, Reaching safepoint: 100000 ns, At safepoint: 1800 ns, Total: 101800 ns
[2020-08-24T21:49:19.988+0000][18268][safepoint    ] Safepoint "Cleanup", Time since last: 1299951700 ns, Reaching safepoint: 103700 ns, At safepoint: 8800 ns, Total: 112500 ns
[2020-08-24T21:49:21.989+0000][18268][safepoint    ] Safepoint "Cleanup", Time since last: 2000372600 ns, Reaching safepoint: 110300 ns, At safepoint: 1800 ns, Total: 112100 ns
[2020-08-24T21:49:23.989+0000][18268][safepoint    ] Safepoint "Cleanup", Time since last: 2000368200 ns, Reaching safepoint: 108500 ns, At safepoint: 2000 ns, Total: 110500 ns
[2020-08-24T21:49:24.990+0000][18268][safepoint    ] Safepoint "Cleanup", Time since last: 1000370300 ns, Reaching safepoint: 101300 ns, At safepoint: 1700 ns, Total: 103000 ns
[2020-08-24T21:49:26.990+0000][18268][safepoint    ] Safepoint "Cleanup", Time since last: 1999923500 ns, Reaching safepoint: 101000 ns, At safepoint: 6200 ns, Total: 107200 ns
[2020-08-24T21:49:28.990+0000][18268][safepoint    ] Safepoint "Cleanup", Time since last: 2000387500 ns, Reaching safepoint: 109100 ns, At safepoint: 1700 ns, Total: 110800 ns
[2020-08-24T21:49:30.990+0000][18268][safepoint    ] Safepoint "Cleanup", Time since last: 2000032800 ns, Reaching safepoint: 115700 ns, At safepoint: 2500 ns, Total: 118200 ns
[2020-08-24T21:49:32.991+0000][18268][safepoint    ] Safepoint "Cleanup", Time since last: 2000429800 ns, Reaching safepoint: 130700 ns, At safepoint: 5400 ns, Total: 136100 ns
[2020-08-24T21:49:33.991+0000][18268][safepoint    ] Safepoint "Cleanup", Time since last: 1000181900 ns, Reaching safepoint: 109000 ns, At safepoint: 5600 ns, Total: 114600 ns
[2020-08-24T21:49:34.992+0000][18268][safepoint    ] Safepoint "Cleanup", Time since last: 1000312600 ns, Reaching safepoint: 99500 ns, At safepoint: 6200 ns, Total: 105700 ns
[2020-08-24T21:49:36.992+0000][18268][safepoint    ] Safepoint "Cleanup", Time since last: 2000428500 ns, Reaching safepoint: 94100 ns, At safepoint: 5500 ns, Total: 99600 ns
[2020-08-24T21:49:38.992+0000][18268][safepoint    ] Safepoint "Cleanup", Time since last: 1999930800 ns, Reaching safepoint: 95100 ns, At safepoint: 1900 ns, Total: 97000 ns
[2020-08-24T21:49:39.993+0000][18268][safepoint    ] Safepoint "Cleanup", Time since last: 1000404600 ns, Reaching safepoint: 130900 ns, At safepoint: 2000 ns, Total: 132900 ns
[2020-08-24T21:49:41.993+0000][18268][safepoint    ] Safepoint "Cleanup", Time since last: 2000347600 ns, Reaching safepoint: 135100 ns, At safepoint: 1800 ns, Total: 136900 ns
[2020-08-24T21:49:43.993+0000][18268][safepoint    ] Safepoint "Cleanup", Time since last: 1999956000 ns, Reaching safepoint: 107900 ns, At safepoint: 6300 ns, Total: 114200 ns
[2020-08-24T21:49:44.994+0000][18268][safepoint    ] Safepoint "Cleanup", Time since last: 1000308700 ns, Reaching safepoint: 106300 ns, At safepoint: 2100 ns, Total: 108400 ns
[2020-08-24T21:49:46.994+0000][18268][safepoint    ] Safepoint "Cleanup", Time since last: 2000380300 ns, Reaching safepoint: 106500 ns, At safepoint: 6300 ns, Total: 112800 ns
[2020-08-24T21:49:47.996+0000][18268][safepoint    ] Safepoint "Cleanup", Time since last: 1001404700 ns, Reaching safepoint: 103600 ns, At safepoint: 6400 ns, Total: 110000 ns
[2020-08-24T21:49:48.996+0000][18268][safepoint    ] Safepoint "Cleanup", Time since last: 1000386500 ns, Reaching safepoint: 103800 ns, At safepoint: 5800 ns, Total: 109600 ns
[2020-08-24T21:49:50.997+0000][18268][safepoint    ] Safepoint "Cleanup", Time since last: 2000245500 ns, Reaching safepoint: 140500 ns, At safepoint: 1800 ns, Total: 142300 ns
[2020-08-24T21:49:51.997+0000][18268][safepoint    ] Safepoint "Cleanup", Time since last: 1000009800 ns, Reaching safepoint: 115500 ns, At safepoint: 1700 ns, Total: 117200 ns
[2020-08-24T21:49:52.997+0000][18268][safepoint    ] Safepoint "Cleanup", Time since last: 1000381000 ns, Reaching safepoint: 108700 ns, At safepoint: 2300 ns, Total: 111000 ns
[2020-08-24T21:49:53.998+0000][18268][safepoint    ] Safepoint "Cleanup", Time since last: 1000382300 ns, Reaching safepoint: 103500 ns, At safepoint: 6500 ns, Total: 110000 ns
[2020-08-24T21:49:54.998+0000][18268][safepoint    ] Safepoint "Cleanup", Time since last: 1000401200 ns, Reaching safepoint: 104600 ns, At safepoint: 6200 ns, Total: 110800 ns
[2020-08-24T21:49:55.999+0000][18268][safepoint    ] Safepoint "Cleanup", Time since last: 1000348100 ns, Reaching safepoint: 100800 ns, At safepoint: 6300 ns, Total: 107100 ns
[2020-08-24T21:49:57.999+0000][18268][safepoint    ] Safepoint "Cleanup", Time since last: 2000192700 ns, Reaching safepoint: 107000 ns, At safepoint: 1800 ns, Total: 108800 ns
[2020-08-24T21:49:59.000+0000][18268][safepoint    ] Safepoint "Cleanup", Time since last: 1000298000 ns, Reaching safepoint: 104300 ns, At safepoint: 2200 ns, Total: 106500 ns
[2020-08-24T21:50:00.000+0000][18268][safepoint    ] Safepoint "Cleanup", Time since last: 1000390200 ns, Reaching safepoint: 118600 ns, At safepoint: 6800 ns, Total: 125400 ns
[2020-08-24T21:50:01.000+0000][18268][safepoint    ] Safepoint "Cleanup", Time since last: 1000137800 ns, Reaching safepoint: 104100 ns, At safepoint: 1900 ns, Total: 106000 ns
[2020-08-24T21:50:02.001+0000][18268][safepoint    ] Safepoint "Cleanup", Time since last: 1000214300 ns, Reaching safepoint: 106700 ns, At safepoint: 1800 ns, Total: 108500 ns
[2020-08-24T21:50:03.001+0000][18268][safepoint    ] Safepoint "Cleanup", Time since last: 1000138300 ns, Reaching safepoint: 109900 ns, At safepoint: 1900 ns, Total: 111800 ns
[2020-08-24T21:50:05.001+0000][18268][safepoint    ] Safepoint "Cleanup", Time since last: 2000360500 ns, Reaching safepoint: 123200 ns, At safepoint: 6200 ns, Total: 129400 ns
[2020-08-24T21:50:07.001+0000][18268][safepoint    ] Safepoint "Cleanup", Time since last: 1999894200 ns, Reaching safepoint: 103700 ns, At safepoint: 2000 ns, Total: 105700 ns
[2020-08-24T21:50:09.002+0000][18268][safepoint    ] Safepoint "Cleanup", Time since last: 2000142600 ns, Reaching safepoint: 128300 ns, At safepoint: 6200 ns, Total: 134500 ns
[2020-08-24T21:50:10.002+0000][18268][safepoint    ] Safepoint "Cleanup", Time since last: 1000178800 ns, Reaching safepoint: 109900 ns, At safepoint: 6600 ns, Total: 116500 ns
[2020-08-24T21:50:11.002+0000][18268][safepoint    ] Safepoint "Cleanup", Time since last: 1000333100 ns, Reaching safepoint: 109800 ns, At safepoint: 1700 ns, Total: 111500 ns
[2020-08-24T21:50:12.003+0000][18268][safepoint    ] Safepoint "Cleanup", Time since last: 1000382800 ns, Reaching safepoint: 105300 ns, At safepoint: 2000 ns, Total: 107300 ns
[2020-08-24T21:50:13.003+0000][18268][safepoint    ] Safepoint "Cleanup", Time since last: 1000387200 ns, Reaching safepoint: 121900 ns, At safepoint: 6400 ns, Total: 128300 ns
[2020-08-24T21:50:15.004+0000][18268][safepoint    ] Safepoint "Cleanup", Time since last: 2000348500 ns, Reaching safepoint: 122100 ns, At safepoint: 2000 ns, Total: 124100 ns
[2020-08-24T21:50:17.004+0000][18268][safepoint    ] Safepoint "Cleanup", Time since last: 2000184500 ns, Reaching safepoint: 111700 ns, At safepoint: 1800 ns, Total: 113500 ns
[2020-08-24T21:50:18.004+0000][18268][safepoint    ] Safepoint "Cleanup", Time since last: 1000106100 ns, Reaching safepoint: 118300 ns, At safepoint: 1700 ns, Total: 120000 ns
[2020-08-24T21:50:20.005+0000][18268][safepoint    ] Safepoint "Cleanup", Time since last: 2000351600 ns, Reaching safepoint: 130900 ns, At safepoint: 2000 ns, Total: 132900 ns
[2020-08-24T21:50:21.005+0000][18268][safepoint    ] Safepoint "Cleanup", Time since last: 1000319000 ns, Reaching safepoint: 111500 ns, At safepoint: 2000 ns, Total: 113500 ns
[2020-08-24T21:50:23.006+0000][18268][safepoint    ] Safepoint "Cleanup", Time since last: 2000458500 ns, Reaching safepoint: 113800 ns, At safepoint: 2000 ns, Total: 115800 ns
[2020-08-24T21:50:25.006+0000][18268][safepoint    ] Safepoint "Cleanup", Time since last: 1999898400 ns, Reaching safepoint: 118800 ns, At safepoint: 1700 ns, Total: 120500 ns
[2020-08-24T21:50:26.006+0000][18268][safepoint    ] Safepoint "Cleanup", Time since last: 1000291300 ns, Reaching safepoint: 106000 ns, At safepoint: 6000 ns, Total: 112000 ns
[2020-08-24T21:50:28.006+0000][18268][safepoint    ] Safepoint "Cleanup", Time since last: 1999968100 ns, Reaching safepoint: 109400 ns, At safepoint: 6500 ns, Total: 115900 ns
[2020-08-24T21:50:30.007+0000][18268][safepoint    ] Safepoint "Cleanup", Time since last: 2000368200 ns, Reaching safepoint: 121200 ns, At safepoint: 6900 ns, Total: 128100 ns
[2020-08-24T21:50:31.007+0000][18268][safepoint    ] Safepoint "Cleanup", Time since last: 1000110200 ns, Reaching safepoint: 98000 ns, At safepoint: 1800 ns, Total: 99800 ns
[2020-08-24T21:50:32.007+0000][18268][safepoint    ] Safepoint "Cleanup", Time since last: 1000169700 ns, Reaching safepoint: 101000 ns, At safepoint: 6500 ns, Total: 107500 ns
[2020-08-24T21:50:34.008+0000][18268][safepoint    ] Safepoint "Cleanup", Time since last: 2000405000 ns, Reaching safepoint: 111200 ns, At safepoint: 6200 ns, Total: 117400 ns
[2020-08-24T21:50:35.008+0000][18268][safepoint    ] Safepoint "Cleanup", Time since last: 1000369200 ns, Reaching safepoint: 112300 ns, At safepoint: 6100 ns, Total: 118400 ns
[2020-08-24T21:50:37.008+0000][18268][safepoint    ] Safepoint "Cleanup", Time since last: 1999900200 ns, Reaching safepoint: 103800 ns, At safepoint: 6200 ns, Total: 110000 ns
[2020-08-24T21:50:38.009+0000][18268][safepoint    ] Safepoint "Cleanup", Time since last: 1000373400 ns, Reaching safepoint: 97200 ns, At safepoint: 2100 ns, Total: 99300 ns
[2020-08-24T21:50:39.009+0000][18268][safepoint    ] Safepoint "Cleanup", Time since last: 1000089900 ns, Reaching safepoint: 95800 ns, At safepoint: 6100 ns, Total: 101900 ns
[2020-08-24T21:50:40.009+0000][18268][safepoint    ] Safepoint "Cleanup", Time since last: 1000188100 ns, Reaching safepoint: 117000 ns, At safepoint: 1800 ns, Total: 118800 ns
[2020-08-24T21:50:42.010+0000][18268][safepoint    ] Safepoint "Cleanup", Time since last: 2000401100 ns, Reaching safepoint: 104000 ns, At safepoint: 2100 ns, Total: 106100 ns
[2020-08-24T21:50:43.010+0000][18268][safepoint    ] Safepoint "Cleanup", Time since last: 1000402800 ns, Reaching safepoint: 98000 ns, At safepoint: 1900 ns, Total: 99900 ns
[2020-08-24T21:50:45.011+0000][18268][safepoint    ] Safepoint "Cleanup", Time since last: 2000393000 ns, Reaching safepoint: 101300 ns, At safepoint: 1800 ns, Total: 103100 ns
[2020-08-24T21:50:46.011+0000][18268][safepoint    ] Safepoint "Cleanup", Time since last: 1000406900 ns, Reaching safepoint: 116500 ns, At safepoint: 6200 ns, Total: 122700 ns
[2020-08-24T21:50:48.011+0000][18268][safepoint    ] Safepoint "Cleanup", Time since last: 1999960400 ns, Reaching safepoint: 103700 ns, At safepoint: 6800 ns, Total: 110500 ns
[2020-08-24T21:50:49.012+0000][18268][safepoint    ] Safepoint "Cleanup", Time since last: 1000305300 ns, Reaching safepoint: 113600 ns, At safepoint: 5600 ns, Total: 119200 ns
[2020-08-24T21:50:50.012+0000][18268][safepoint    ] Safepoint "Cleanup", Time since last: 1000371100 ns, Reaching safepoint: 104800 ns, At safepoint: 6200 ns, Total: 111000 ns
[2020-08-24T21:50:52.012+0000][18268][safepoint    ] Safepoint "Cleanup", Time since last: 1999902000 ns, Reaching safepoint: 111000 ns, At safepoint: 1900 ns, Total: 112900 ns
[2020-08-24T21:50:54.013+0000][18268][safepoint    ] Safepoint "Cleanup", Time since last: 2000383900 ns, Reaching safepoint: 114200 ns, At safepoint: 5900 ns, Total: 120100 ns
[2020-08-24T21:50:55.013+0000][18268][safepoint    ] Safepoint "Cleanup", Time since last: 1000372100 ns, Reaching safepoint: 108600 ns, At safepoint: 6400 ns, Total: 115000 ns
[2020-08-24T21:50:57.013+0000][18268][safepoint    ] Safepoint "Cleanup", Time since last: 1999907400 ns, Reaching safepoint: 97100 ns, At safepoint: 1800 ns, Total: 98900 ns
[2020-08-24T21:50:58.014+0000][18268][safepoint    ] Safepoint "Cleanup", Time since last: 1000377500 ns, Reaching safepoint: 99400 ns, At safepoint: 1900 ns, Total: 101300 ns
[2020-08-24T21:50:59.014+0000][18268][safepoint    ] Safepoint "Cleanup", Time since last: 1000401900 ns, Reaching safepoint: 108900 ns, At safepoint: 6600 ns, Total: 115500 ns
[2020-08-24T21:51:01.015+0000][18268][safepoint    ] Safepoint "Cleanup", Time since last: 2000384400 ns, Reaching safepoint: 117300 ns, At safepoint: 6100 ns, Total: 123400 ns
[2020-08-24T21:51:02.015+0000][18268][safepoint    ] Safepoint "Cleanup", Time since last: 1000373200 ns, Reaching safepoint: 101700 ns, At safepoint: 6800 ns, Total: 108500 ns
[2020-08-24T21:51:03.016+0000][18268][safepoint    ] Safepoint "Cleanup", Time since last: 1000360900 ns, Reaching safepoint: 105200 ns, At safepoint: 6600 ns, Total: 111800 ns
[2020-08-24T21:51:05.016+0000][18268][safepoint    ] Safepoint "Cleanup", Time since last: 1999996400 ns, Reaching safepoint: 126500 ns, At safepoint: 6400 ns, Total: 132900 ns
[2020-08-24T21:51:06.016+0000][18268][safepoint    ] Safepoint "Cleanup", Time since last: 1000292000 ns, Reaching safepoint: 95400 ns, At safepoint: 2100 ns, Total: 97500 ns
[2020-08-24T21:51:07.017+0000][18268][safepoint    ] Safepoint "Cleanup", Time since last: 1000398200 ns, Reaching safepoint: 112200 ns, At safepoint: 2000 ns, Total: 114200 ns
[2020-08-24T21:51:08.017+0000][18268][safepoint    ] Safepoint "Cleanup", Time since last: 1000180700 ns, Reaching safepoint: 103300 ns, At safepoint: 5800 ns, Total: 109100 ns
[2020-08-24T21:51:09.017+0000][18268][safepoint    ] Safepoint "Cleanup", Time since last: 1000102400 ns, Reaching safepoint: 95900 ns, At safepoint: 6300 ns, Total: 102200 ns
[2020-08-24T21:51:11.018+0000][18268][safepoint    ] Safepoint "Cleanup", Time since last: 2000388200 ns, Reaching safepoint: 115700 ns, At safepoint: 2200 ns, Total: 117900 ns
[2020-08-24T21:51:13.018+0000][18268][safepoint    ] Safepoint "Cleanup", Time since last: 1999891400 ns, Reaching safepoint: 95800 ns, At safepoint: 1800 ns, Total: 97600 ns
[2020-08-24T21:51:15.018+0000][18268][safepoint    ] Safepoint "Cleanup", Time since last: 2000347300 ns, Reaching safepoint: 117000 ns, At safepoint: 9500 ns, Total: 126500 ns
[2020-08-24T21:51:17.018+0000][18268][safepoint    ] Safepoint "Cleanup", Time since last: 1999952700 ns, Reaching safepoint: 108700 ns, At safepoint: 6300 ns, Total: 115000 ns
[2020-08-24T21:51:18.019+0000][18268][safepoint    ] Safepoint "Cleanup", Time since last: 1000316700 ns, Reaching safepoint: 109400 ns, At safepoint: 6300 ns, Total: 115700 ns
[2020-08-24T21:51:20.019+0000][18268][safepoint    ] Safepoint "Cleanup", Time since last: 2000392900 ns, Reaching safepoint: 128400 ns, At safepoint: 1800 ns, Total: 130200 ns
[2020-08-24T21:51:21.019+0000][18268][safepoint    ] Safepoint "Cleanup", Time since last: 1000016200 ns, Reaching safepoint: 102500 ns, At safepoint: 1800 ns, Total: 104300 ns
[2020-08-24T21:51:22.020+0000][18268][safepoint    ] Safepoint "Cleanup", Time since last: 1000346200 ns, Reaching safepoint: 98300 ns, At safepoint: 2000 ns, Total: 100300 ns
[2020-08-24T21:51:24.020+0000][18268][safepoint    ] Safepoint "Cleanup", Time since last: 2000333800 ns, Reaching safepoint: 104600 ns, At safepoint: 1800 ns, Total: 106400 ns
[2020-08-24T21:51:25.021+0000][18268][safepoint    ] Safepoint "Cleanup", Time since last: 1000401700 ns, Reaching safepoint: 144000 ns, At safepoint: 7100 ns, Total: 151100 ns
[2020-08-24T21:51:27.021+0000][18268][safepoint    ] Safepoint "Cleanup", Time since last: 2000348300 ns, Reaching safepoint: 110800 ns, At safepoint: 6200 ns, Total: 117000 ns
[2020-08-24T21:51:28.022+0000][18268][safepoint    ] Safepoint "Cleanup", Time since last: 1000092000 ns, Reaching safepoint: 102800 ns, At safepoint: 2100 ns, Total: 104900 ns
[2020-08-24T21:51:29.022+0000][18268][safepoint    ] Safepoint "Cleanup", Time since last: 1000201600 ns, Reaching safepoint: 121000 ns, At safepoint: 2400 ns, Total: 123400 ns
[2020-08-24T21:51:30.022+0000][18268][safepoint    ] Safepoint "Cleanup", Time since last: 1000183300 ns, Reaching safepoint: 103900 ns, At safepoint: 2200 ns, Total: 106100 ns
[2020-08-24T21:51:31.022+0000][18268][safepoint    ] Safepoint "Cleanup", Time since last: 1000074000 ns, Reaching safepoint: 114800 ns, At safepoint: 6400 ns, Total: 121200 ns
[2020-08-24T21:51:32.023+0000][18268][safepoint    ] Safepoint "Cleanup", Time since last: 1000135100 ns, Reaching safepoint: 106900 ns, At safepoint: 6100 ns, Total: 113000 ns
[2020-08-24T21:51:33.023+0000][18268][safepoint    ] Safepoint "Cleanup", Time since last: 1000124500 ns, Reaching safepoint: 107200 ns, At safepoint: 1800 ns, Total: 109000 ns
[2020-08-24T21:51:34.023+0000][18268][safepoint    ] Safepoint "Cleanup", Time since last: 1000396800 ns, Reaching safepoint: 100100 ns, At safepoint: 6400 ns, Total: 106500 ns
[2020-08-24T21:51:35.024+0000][18268][safepoint    ] Safepoint "Cleanup", Time since last: 1000387500 ns, Reaching safepoint: 137400 ns, At safepoint: 6000 ns, Total: 143400 ns
[2020-08-24T21:51:37.024+0000][18268][safepoint    ] Safepoint "Cleanup", Time since last: 2000163000 ns, Reaching safepoint: 128000 ns, At safepoint: 6300 ns, Total: 134300 ns
[2020-08-24T21:51:38.024+0000][18268][safepoint    ] Safepoint "Cleanup", Time since last: 1000013200 ns, Reaching safepoint: 124900 ns, At safepoint: 6200 ns, Total: 131100 ns
[2020-08-24T21:51:40.025+0000][18268][safepoint    ] Safepoint "Cleanup", Time since last: 2000366200 ns, Reaching safepoint: 96200 ns, At safepoint: 1800 ns, Total: 98000 ns
[2020-08-24T21:51:42.025+0000][18268][safepoint    ] Safepoint "Cleanup", Time since last: 2000343200 ns, Reaching safepoint: 114700 ns, At safepoint: 6400 ns, Total: 121100 ns
[2020-08-24T21:51:44.025+0000][18268][safepoint    ] Safepoint "Cleanup", Time since last: 2000007400 ns, Reaching safepoint: 126600 ns, At safepoint: 6700 ns, Total: 133300 ns
[2020-08-24T21:51:46.026+0000][18268][safepoint    ] Safepoint "Cleanup", Time since last: 2000355200 ns, Reaching safepoint: 107600 ns, At safepoint: 6500 ns, Total: 114100 ns
[2020-08-24T21:51:48.026+0000][18268][safepoint    ] Safepoint "Cleanup", Time since last: 2000375000 ns, Reaching safepoint: 116300 ns, At safepoint: 6500 ns, Total: 122800 ns
[2020-08-24T21:51:49.027+0000][18268][safepoint    ] Safepoint "Cleanup", Time since last: 1000379800 ns, Reaching safepoint: 114200 ns, At safepoint: 6500 ns, Total: 120700 ns
[2020-08-24T21:51:51.027+0000][18268][safepoint    ] Safepoint "Cleanup", Time since last: 1999947400 ns, Reaching safepoint: 111900 ns, At safepoint: 1700 ns, Total: 113600 ns
[2020-08-24T21:51:52.027+0000][18268][safepoint    ] Safepoint "Cleanup", Time since last: 1000097400 ns, Reaching safepoint: 97600 ns, At safepoint: 1700 ns, Total: 99300 ns
[2020-08-24T21:51:53.203+0000][18268][safepoint    ] Safepoint "Cleanup", Time since last: 1175983700 ns, Reaching safepoint: 98600 ns, At safepoint: 8600 ns, Total: 107200 ns
[2020-08-24T21:51:54.205+0000][18268][safepoint    ] Safepoint "Cleanup", Time since last: 1001528300 ns, Reaching safepoint: 119900 ns, At safepoint: 1900 ns, Total: 121800 ns
[2020-08-24T21:51:56.205+0000][18268][safepoint    ] Safepoint "Cleanup", Time since last: 1999893600 ns, Reaching safepoint: 101100 ns, At safepoint: 2100 ns, Total: 103200 ns
[2020-08-24T21:51:57.205+0000][18268][safepoint    ] Safepoint "Cleanup", Time since last: 1000383000 ns, Reaching safepoint: 108300 ns, At safepoint: 5800 ns, Total: 114100 ns
[2020-08-24T21:51:58.206+0000][18268][safepoint    ] Safepoint "Cleanup", Time since last: 1000130100 ns, Reaching safepoint: 105800 ns, At safepoint: 2100 ns, Total: 107900 ns
[2020-08-24T21:51:59.206+0000][18268][safepoint    ] Safepoint "Cleanup", Time since last: 1000148100 ns, Reaching safepoint: 97600 ns, At safepoint: 1900 ns, Total: 99500 ns
[2020-08-24T21:52:00.206+0000][18268][safepoint    ] Safepoint "Cleanup", Time since last: 1000386700 ns, Reaching safepoint: 111100 ns, At safepoint: 6800 ns, Total: 117900 ns
[2020-08-24T21:52:02.206+0000][18268][safepoint    ] Safepoint "Cleanup", Time since last: 1999959900 ns, Reaching safepoint: 105100 ns, At safepoint: 2000 ns, Total: 107100 ns
[2020-08-24T21:52:03.207+0000][18268][safepoint    ] Safepoint "Cleanup", Time since last: 1000219500 ns, Reaching safepoint: 100800 ns, At safepoint: 6100 ns, Total: 106900 ns
[2020-08-24T21:52:05.207+0000][18268][safepoint    ] Safepoint "Cleanup", Time since last: 2000004900 ns, Reaching safepoint: 100400 ns, At safepoint: 1900 ns, Total: 102300 ns
[2020-08-24T21:52:07.207+0000][18268][safepoint    ] Safepoint "Cleanup", Time since last: 2000126500 ns, Reaching safepoint: 112400 ns, At safepoint: 5600 ns, Total: 118000 ns
[2020-08-24T21:52:08.207+0000][18268][safepoint    ] Safepoint "Cleanup", Time since last: 1000163500 ns, Reaching safepoint: 114400 ns, At safepoint: 2200 ns, Total: 116600 ns
[2020-08-24T21:52:09.208+0000][18268][safepoint    ] Safepoint "Cleanup", Time since last: 1000372400 ns, Reaching safepoint: 114500 ns, At safepoint: 6500 ns, Total: 121000 ns
[2020-08-24T21:52:11.208+0000][18268][safepoint    ] Safepoint "Cleanup", Time since last: 2000377300 ns, Reaching safepoint: 112600 ns, At safepoint: 2400 ns, Total: 115000 ns
[2020-08-24T21:52:13.208+0000][18268][safepoint    ] Safepoint "Cleanup", Time since last: 1999906000 ns, Reaching safepoint: 106300 ns, At safepoint: 1900 ns, Total: 108200 ns
[2020-08-24T21:52:14.209+0000][18268][safepoint    ] Safepoint "Cleanup", Time since last: 1000369400 ns, Reaching safepoint: 113300 ns, At safepoint: 2100 ns, Total: 115400 ns
[2020-08-24T21:52:15.209+0000][18268][safepoint    ] Safepoint "Cleanup", Time since last: 1000338200 ns, Reaching safepoint: 99900 ns, At safepoint: 6600 ns, Total: 106500 ns
[2020-08-24T21:52:17.210+0000][18268][safepoint    ] Safepoint "Cleanup", Time since last: 2000443300 ns, Reaching safepoint: 99400 ns, At safepoint: 6300 ns, Total: 105700 ns
[2020-08-24T21:52:19.210+0000][18268][safepoint    ] Safepoint "Cleanup", Time since last: 2000388500 ns, Reaching safepoint: 106100 ns, At safepoint: 1700 ns, Total: 107800 ns
[2020-08-24T21:52:21.211+0000][18268][safepoint    ] Safepoint "Cleanup", Time since last: 2000139400 ns, Reaching safepoint: 102400 ns, At safepoint: 6600 ns, Total: 109000 ns
[2020-08-24T21:52:22.211+0000][18268][safepoint    ] Safepoint "Cleanup", Time since last: 1000145000 ns, Reaching safepoint: 97900 ns, At safepoint: 1800 ns, Total: 99700 ns
[2020-08-24T21:52:24.211+0000][18268][safepoint    ] Safepoint "Cleanup", Time since last: 2000398500 ns, Reaching safepoint: 97700 ns, At safepoint: 6200 ns, Total: 103900 ns
[2020-08-24T21:52:26.212+0000][18268][safepoint    ] Safepoint "Cleanup", Time since last: 2000389000 ns, Reaching safepoint: 141800 ns, At safepoint: 2100 ns, Total: 143900 ns
[2020-08-24T21:52:28.212+0000][18268][safepoint    ] Safepoint "Cleanup", Time since last: 2000355400 ns, Reaching safepoint: 109600 ns, At safepoint: 1900 ns, Total: 111500 ns
[2020-08-24T21:52:30.213+0000][18268][safepoint    ] Safepoint "Cleanup", Time since last: 2000381900 ns, Reaching safepoint: 124700 ns, At safepoint: 1900 ns, Total: 126600 ns
[2020-08-24T21:52:32.213+0000][18268][safepoint    ] Safepoint "Cleanup", Time since last: 2000392600 ns, Reaching safepoint: 112300 ns, At safepoint: 6500 ns, Total: 118800 ns
[2020-08-24T21:52:34.214+0000][18268][safepoint    ] Safepoint "Cleanup", Time since last: 2000378300 ns, Reaching safepoint: 113900 ns, At safepoint: 1900 ns, Total: 115800 ns
[2020-08-24T21:52:35.214+0000][18268][safepoint    ] Safepoint "Cleanup", Time since last: 1000119900 ns, Reaching safepoint: 138800 ns, At safepoint: 7000 ns, Total: 145800 ns
[2020-08-24T21:52:37.214+0000][18268][safepoint    ] Safepoint "Cleanup", Time since last: 1999908900 ns, Reaching safepoint: 106800 ns, At safepoint: 6400 ns, Total: 113200 ns
[2020-08-24T21:52:38.214+0000][18268][safepoint    ] Safepoint "Cleanup", Time since last: 1000182900 ns, Reaching safepoint: 101100 ns, At safepoint: 6500 ns, Total: 107600 ns
[2020-08-24T21:52:39.215+0000][18268][safepoint    ] Safepoint "Cleanup", Time since last: 1000287800 ns, Reaching safepoint: 112700 ns, At safepoint: 2400 ns, Total: 115100 ns
[2020-08-24T21:52:41.215+0000][18268][safepoint    ] Safepoint "Cleanup", Time since last: 2000278800 ns, Reaching safepoint: 112600 ns, At safepoint: 1900 ns, Total: 114500 ns
[2020-08-24T21:52:42.216+0000][18268][safepoint    ] Safepoint "Cleanup", Time since last: 1000276600 ns, Reaching safepoint: 102600 ns, At safepoint: 7000 ns, Total: 109600 ns
[2020-08-24T21:52:43.216+0000][18268][safepoint    ] Safepoint "Cleanup", Time since last: 1000126900 ns, Reaching safepoint: 107000 ns, At safepoint: 1800 ns, Total: 108800 ns
[2020-08-24T21:52:44.216+0000][18268][safepoint    ] Safepoint "Cleanup", Time since last: 1000389400 ns, Reaching safepoint: 106900 ns, At safepoint: 2100 ns, Total: 109000 ns
[2020-08-24T21:52:45.217+0000][18268][safepoint    ] Safepoint "Cleanup", Time since last: 1000244500 ns, Reaching safepoint: 100600 ns, At safepoint: 2000 ns, Total: 102600 ns
[2020-08-24T21:52:46.217+0000][18268][safepoint    ] Safepoint "Cleanup", Time since last: 1000115700 ns, Reaching safepoint: 107200 ns, At safepoint: 6300 ns, Total: 113500 ns
[2020-08-24T21:52:47.217+0000][18268][safepoint    ] Safepoint "Cleanup", Time since last: 1000194600 ns, Reaching safepoint: 123800 ns, At safepoint: 5400 ns, Total: 129200 ns
[2020-08-24T21:52:49.217+0000][18268][safepoint    ] Safepoint "Cleanup", Time since last: 1999987700 ns, Reaching safepoint: 99900 ns, At safepoint: 6600 ns, Total: 106500 ns
[2020-08-24T21:52:50.218+0000][18268][safepoint    ] Safepoint "Cleanup", Time since last: 1000398100 ns, Reaching safepoint: 115000 ns, At safepoint: 6000 ns, Total: 121000 ns
[2020-08-24T21:52:52.218+0000][18268][safepoint    ] Safepoint "Cleanup", Time since last: 1999900300 ns, Reaching safepoint: 102100 ns, At safepoint: 6400 ns, Total: 108500 ns
[2020-08-24T21:52:53.218+0000][18268][safepoint    ] Safepoint "Cleanup", Time since last: 1000365200 ns, Reaching safepoint: 99900 ns, At safepoint: 5800 ns, Total: 105700 ns
[2020-08-24T21:52:55.219+0000][18268][safepoint    ] Safepoint "Cleanup", Time since last: 2000122600 ns, Reaching safepoint: 102000 ns, At safepoint: 1800 ns, Total: 103800 ns
[2020-08-24T21:52:56.219+0000][18268][safepoint    ] Safepoint "Cleanup", Time since last: 1000173800 ns, Reaching safepoint: 105900 ns, At safepoint: 5800 ns, Total: 111700 ns
[2020-08-24T21:52:58.219+0000][18268][safepoint    ] Safepoint "Cleanup", Time since last: 2000334600 ns, Reaching safepoint: 115100 ns, At safepoint: 6500 ns, Total: 121600 ns
[2020-08-24T21:53:00.220+0000][18268][safepoint    ] Safepoint "Cleanup", Time since last: 2000427100 ns, Reaching safepoint: 100900 ns, At safepoint: 1900 ns, Total: 102800 ns
[2020-08-24T21:53:01.220+0000][18268][safepoint    ] Safepoint "Cleanup", Time since last: 1000403700 ns, Reaching safepoint: 100700 ns, At safepoint: 5900 ns, Total: 106600 ns
[2020-08-24T21:53:03.221+0000][18268][safepoint    ] Safepoint "Cleanup", Time since last: 2000389900 ns, Reaching safepoint: 109800 ns, At safepoint: 6500 ns, Total: 116300 ns
[2020-08-24T21:53:05.221+0000][18268][safepoint    ] Safepoint "Cleanup", Time since last: 1999887300 ns, Reaching safepoint: 100800 ns, At safepoint: 5900 ns, Total: 106700 ns
[2020-08-24T21:53:06.221+0000][18268][safepoint    ] Safepoint "Cleanup", Time since last: 1000175000 ns, Reaching safepoint: 107600 ns, At safepoint: 6700 ns, Total: 114300 ns
[2020-08-24T21:53:08.221+0000][18268][safepoint    ] Safepoint "Cleanup", Time since last: 2000206900 ns, Reaching safepoint: 102300 ns, At safepoint: 6400 ns, Total: 108700 ns
[2020-08-24T21:53:09.222+0000][18268][safepoint    ] Safepoint "Cleanup", Time since last: 1000189900 ns, Reaching safepoint: 102900 ns, At safepoint: 5800 ns, Total: 108700 ns
[2020-08-24T21:53:10.222+0000][18268][safepoint    ] Safepoint "Cleanup", Time since last: 1000199200 ns, Reaching safepoint: 121500 ns, At safepoint: 1900 ns, Total: 123400 ns
[2020-08-24T21:53:11.222+0000][18268][safepoint    ] Safepoint "Cleanup", Time since last: 1000183800 ns, Reaching safepoint: 105800 ns, At safepoint: 1900 ns, Total: 107700 ns
[2020-08-24T21:53:12.223+0000][18268][safepoint    ] Safepoint "Cleanup", Time since last: 1000381800 ns, Reaching safepoint: 124300 ns, At safepoint: 6700 ns, Total: 131000 ns
[2020-08-24T21:53:13.223+0000][18268][safepoint    ] Safepoint "Cleanup", Time since last: 1000360300 ns, Reaching safepoint: 103700 ns, At safepoint: 6800 ns, Total: 110500 ns
[2020-08-24T21:53:14.224+0000][18268][safepoint    ] Safepoint "Cleanup", Time since last: 1000324700 ns, Reaching safepoint: 113300 ns, At safepoint: 2100 ns, Total: 115400 ns
[2020-08-24T21:53:16.224+0000][18268][safepoint    ] Safepoint "Cleanup", Time since last: 1999942800 ns, Reaching safepoint: 144900 ns, At safepoint: 7100 ns, Total: 152000 ns
[2020-08-24T21:53:18.224+0000][18268][safepoint    ] Safepoint "Cleanup", Time since last: 2000360100 ns, Reaching safepoint: 102500 ns, At safepoint: 5900 ns, Total: 108400 ns
[2020-08-24T21:53:20.225+0000][18268][safepoint    ] Safepoint "Cleanup", Time since last: 2000382100 ns, Reaching safepoint: 112100 ns, At safepoint: 7300 ns, Total: 119400 ns
[2020-08-24T21:53:22.225+0000][18268][safepoint    ] Safepoint "Cleanup", Time since last: 1999908800 ns, Reaching safepoint: 119000 ns, At safepoint: 7100 ns, Total: 126100 ns
[2020-08-24T21:53:24.225+0000][18268][safepoint    ] Safepoint "Cleanup", Time since last: 2000349200 ns, Reaching safepoint: 99800 ns, At safepoint: 6600 ns, Total: 106400 ns
[2020-08-24T21:53:26.226+0000][18268][safepoint    ] Safepoint "Cleanup", Time since last: 2000410800 ns, Reaching safepoint: 112000 ns, At safepoint: 1800 ns, Total: 113800 ns
[2020-08-24T21:53:27.226+0000][18268][safepoint    ] Safepoint "Cleanup", Time since last: 1000108300 ns, Reaching safepoint: 139600 ns, At safepoint: 1900 ns, Total: 141500 ns
[2020-08-24T21:53:28.226+0000][18268][safepoint    ] Safepoint "Cleanup", Time since last: 1000034400 ns, Reaching safepoint: 116800 ns, At safepoint: 6300 ns, Total: 123100 ns
[2020-08-24T21:53:30.226+0000][18268][safepoint    ] Safepoint "Cleanup", Time since last: 2000039900 ns, Reaching safepoint: 114700 ns, At safepoint: 1900 ns, Total: 116600 ns
[2020-08-24T21:53:31.227+0000][18268][safepoint    ] Safepoint "Cleanup", Time since last: 1000299600 ns, Reaching safepoint: 103600 ns, At safepoint: 6100 ns, Total: 109700 ns
[2020-08-24T21:53:33.227+0000][18268][safepoint    ] Safepoint "Cleanup", Time since last: 2000177300 ns, Reaching safepoint: 102600 ns, At safepoint: 2000 ns, Total: 104600 ns
[2020-08-24T21:53:34.227+0000][18268][safepoint    ] Safepoint "Cleanup", Time since last: 1000115800 ns, Reaching safepoint: 108300 ns, At safepoint: 2000 ns, Total: 110300 ns
[2020-08-24T21:53:35.228+0000][18268][safepoint    ] Safepoint "Cleanup", Time since last: 1000289700 ns, Reaching safepoint: 151800 ns, At safepoint: 6400 ns, Total: 158200 ns
[2020-08-24T21:53:36.707+0000][18268][safepoint    ] Safepoint "Cleanup", Time since last: 1478947700 ns, Reaching safepoint: 124200 ns, At safepoint: 6300 ns, Total: 130500 ns
[2020-08-24T21:53:38.707+0000][18268][safepoint    ] Safepoint "Cleanup", Time since last: 2000373100 ns, Reaching safepoint: 98500 ns, At safepoint: 6200 ns, Total: 104700 ns
[2020-08-24T21:53:39.708+0000][18268][safepoint    ] Safepoint "Cleanup", Time since last: 1000388400 ns, Reaching safepoint: 98400 ns, At safepoint: 2000 ns, Total: 100400 ns
[2020-08-24T21:53:40.708+0000][18268][safepoint    ] Safepoint "Cleanup", Time since last: 1000371200 ns, Reaching safepoint: 102100 ns, At safepoint: 2100 ns, Total: 104200 ns
[2020-08-24T21:53:41.709+0000][18268][safepoint    ] Safepoint "Cleanup", Time since last: 1000185800 ns, Reaching safepoint: 97600 ns, At safepoint: 6500 ns, Total: 104100 ns
[2020-08-24T21:53:42.709+0000][18268][safepoint    ] Safepoint "Cleanup", Time since last: 1000149000 ns, Reaching safepoint: 99500 ns, At safepoint: 6300 ns, Total: 105800 ns
[2020-08-24T21:53:43.709+0000][18268][safepoint    ] Safepoint "Cleanup", Time since last: 1000384700 ns, Reaching safepoint: 106400 ns, At safepoint: 6700 ns, Total: 113100 ns
[2020-08-24T21:53:45.710+0000][18268][safepoint    ] Safepoint "Cleanup", Time since last: 2000382300 ns, Reaching safepoint: 162600 ns, At safepoint: 2100 ns, Total: 164700 ns
[2020-08-24T21:53:47.710+0000][18268][safepoint    ] Safepoint "Cleanup", Time since last: 2000063600 ns, Reaching safepoint: 114600 ns, At safepoint: 2100 ns, Total: 116700 ns
[2020-08-24T21:53:48.710+0000][18268][safepoint    ] Safepoint "Cleanup", Time since last: 1000156800 ns, Reaching safepoint: 103300 ns, At safepoint: 2200 ns, Total: 105500 ns
[2020-08-24T21:53:49.710+0000][18268][safepoint    ] Safepoint "Cleanup", Time since last: 1000046800 ns, Reaching safepoint: 108900 ns, At safepoint: 6400 ns, Total: 115300 ns
[2020-08-24T21:53:50.711+0000][18268][safepoint    ] Safepoint "Cleanup", Time since last: 1000233400 ns, Reaching safepoint: 122800 ns, At safepoint: 6500 ns, Total: 129300 ns
[2020-08-24T21:53:52.711+0000][18268][safepoint    ] Safepoint "Cleanup", Time since last: 2000366800 ns, Reaching safepoint: 125000 ns, At safepoint: 6700 ns, Total: 131700 ns
[2020-08-24T21:53:54.712+0000][18268][safepoint    ] Safepoint "Cleanup", Time since last: 2000368500 ns, Reaching safepoint: 95900 ns, At safepoint: 6200 ns, Total: 102100 ns
[2020-08-24T21:53:55.712+0000][18268][safepoint    ] Safepoint "Cleanup", Time since last: 1000397400 ns, Reaching safepoint: 119400 ns, At safepoint: 6500 ns, Total: 125900 ns
[2020-08-24T21:53:57.713+0000][18268][safepoint    ] Safepoint "Cleanup", Time since last: 2000377800 ns, Reaching safepoint: 120200 ns, At safepoint: 6100 ns, Total: 126300 ns
[2020-08-24T21:53:58.713+0000][18268][safepoint    ] Safepoint "Cleanup", Time since last: 1000069900 ns, Reaching safepoint: 123200 ns, At safepoint: 7000 ns, Total: 130200 ns
[2020-08-24T21:53:59.713+0000][18268][safepoint    ] Safepoint "Cleanup", Time since last: 1000180300 ns, Reaching safepoint: 140900 ns, At safepoint: 7400 ns, Total: 148300 ns
[2020-08-24T21:54:00.714+0000][18268][safepoint    ] Safepoint "Cleanup", Time since last: 1000167600 ns, Reaching safepoint: 125500 ns, At safepoint: 2000 ns, Total: 127500 ns
[2020-08-24T21:54:01.714+0000][18268][safepoint    ] Safepoint "Cleanup", Time since last: 1000176700 ns, Reaching safepoint: 111600 ns, At safepoint: 1800 ns, Total: 113400 ns
[2020-08-24T21:54:02.714+0000][18268][safepoint    ] Safepoint "Cleanup", Time since last: 1000186300 ns, Reaching safepoint: 99300 ns, At safepoint: 1900 ns, Total: 101200 ns
[2020-08-24T21:54:03.715+0000][18268][safepoint    ] Safepoint "Cleanup", Time since last: 1000206600 ns, Reaching safepoint: 97800 ns, At safepoint: 6900 ns, Total: 104700 ns
[2020-08-24T21:54:04.715+0000][18268][safepoint    ] Safepoint "Cleanup", Time since last: 1000154500 ns, Reaching safepoint: 110900 ns, At safepoint: 6400 ns, Total: 117300 ns
[2020-08-24T21:54:05.715+0000][18268][safepoint    ] Safepoint "Cleanup", Time since last: 1000132600 ns, Reaching safepoint: 107100 ns, At safepoint: 5700 ns, Total: 112800 ns
[2020-08-24T21:54:06.715+0000][18268][safepoint    ] Safepoint "Cleanup", Time since last: 1000133300 ns, Reaching safepoint: 110300 ns, At safepoint: 6700 ns, Total: 117000 ns
[2020-08-24T21:54:07.716+0000][18268][safepoint    ] Safepoint "Cleanup", Time since last: 1000383900 ns, Reaching safepoint: 118300 ns, At safepoint: 2500 ns, Total: 120800 ns
[2020-08-24T21:54:09.716+0000][18268][safepoint    ] Safepoint "Cleanup", Time since last: 2000185400 ns, Reaching safepoint: 115900 ns, At safepoint: 1900 ns, Total: 117800 ns
[2020-08-24T21:54:10.716+0000][18268][safepoint    ] Safepoint "Cleanup", Time since last: 1000191700 ns, Reaching safepoint: 116000 ns, At safepoint: 6600 ns, Total: 122600 ns
[2020-08-24T21:54:11.717+0000][18268][safepoint    ] Safepoint "Cleanup", Time since last: 1000265700 ns, Reaching safepoint: 108600 ns, At safepoint: 2100 ns, Total: 110700 ns
[2020-08-24T21:54:12.717+0000][18268][safepoint    ] Safepoint "Cleanup", Time since last: 1000390400 ns, Reaching safepoint: 104800 ns, At safepoint: 2400 ns, Total: 107200 ns
[2020-08-24T21:54:13.718+0000][18268][safepoint    ] Safepoint "Cleanup", Time since last: 1000394300 ns, Reaching safepoint: 122300 ns, At safepoint: 7100 ns, Total: 129400 ns
[2020-08-24T21:54:15.718+0000][18268][safepoint    ] Safepoint "Cleanup", Time since last: 1999883600 ns, Reaching safepoint: 100800 ns, At safepoint: 1800 ns, Total: 102600 ns
[2020-08-24T21:54:16.718+0000][18268][safepoint    ] Safepoint "Cleanup", Time since last: 1000382200 ns, Reaching safepoint: 116100 ns, At safepoint: 2200 ns, Total: 118300 ns
[2020-08-24T21:54:17.719+0000][18268][safepoint    ] Safepoint "Cleanup", Time since last: 1000380200 ns, Reaching safepoint: 103400 ns, At safepoint: 1800 ns, Total: 105200 ns
[2020-08-24T21:54:18.719+0000][18268][safepoint    ] Safepoint "Cleanup", Time since last: 1000043600 ns, Reaching safepoint: 111600 ns, At safepoint: 1800 ns, Total: 113400 ns
[2020-08-24T21:54:19.719+0000][18268][safepoint    ] Safepoint "Cleanup", Time since last: 1000249000 ns, Reaching safepoint: 118600 ns, At safepoint: 7400 ns, Total: 126000 ns
[2020-08-24T21:54:20.720+0000][18268][safepoint    ] Safepoint "Cleanup", Time since last: 1000179100 ns, Reaching safepoint: 133000 ns, At safepoint: 6400 ns, Total: 139400 ns
[2020-08-24T21:54:21.720+0000][18268][safepoint    ] Safepoint "Cleanup", Time since last: 1000166500 ns, Reaching safepoint: 115000 ns, At safepoint: 6200 ns, Total: 121200 ns
[2020-08-24T21:54:22.720+0000][18268][safepoint    ] Safepoint "Cleanup", Time since last: 1000251300 ns, Reaching safepoint: 134300 ns, At safepoint: 6300 ns, Total: 140600 ns
[2020-08-24T21:54:24.720+0000][18268][safepoint    ] Safepoint "Cleanup", Time since last: 1999878500 ns, Reaching safepoint: 110100 ns, At safepoint: 6200 ns, Total: 116300 ns
[2020-08-24T21:54:26.721+0000][18268][safepoint    ] Safepoint "Cleanup", Time since last: 2000383600 ns, Reaching safepoint: 124800 ns, At safepoint: 6300 ns, Total: 131100 ns
[2020-08-24T21:54:27.721+0000][18268][safepoint    ] Safepoint "Cleanup", Time since last: 1000352300 ns, Reaching safepoint: 101900 ns, At safepoint: 6400 ns, Total: 108300 ns
[2020-08-24T21:54:29.722+0000][18268][safepoint    ] Safepoint "Cleanup", Time since last: 2000064900 ns, Reaching safepoint: 139100 ns, At safepoint: 1700 ns, Total: 140800 ns
[2020-08-24T21:54:30.722+0000][18268][safepoint    ] Safepoint "Cleanup", Time since last: 1000188000 ns, Reaching safepoint: 116300 ns, At safepoint: 1900 ns, Total: 118200 ns
[2020-08-24T21:54:32.722+0000][18268][safepoint    ] Safepoint "Cleanup", Time since last: 1999905300 ns, Reaching safepoint: 108400 ns, At safepoint: 6500 ns, Total: 114900 ns
[2020-08-24T21:54:33.722+0000][18268][safepoint    ] Safepoint "Cleanup", Time since last: 1000346800 ns, Reaching safepoint: 123900 ns, At safepoint: 6300 ns, Total: 130200 ns
[2020-08-24T21:54:35.723+0000][18268][safepoint    ] Safepoint "Cleanup", Time since last: 2000381600 ns, Reaching safepoint: 115200 ns, At safepoint: 2000 ns, Total: 117200 ns
[2020-08-24T21:54:36.723+0000][18268][safepoint    ] Safepoint "Cleanup", Time since last: 1000381300 ns, Reaching safepoint: 107600 ns, At safepoint: 5900 ns, Total: 113500 ns
[2020-08-24T21:54:37.724+0000][18268][safepoint    ] Safepoint "Cleanup", Time since last: 1000387900 ns, Reaching safepoint: 124000 ns, At safepoint: 6200 ns, Total: 130200 ns
[2020-08-24T21:54:39.724+0000][18268][safepoint    ] Safepoint "Cleanup", Time since last: 2000278200 ns, Reaching safepoint: 104400 ns, At safepoint: 6300 ns, Total: 110700 ns
[2020-08-24T21:54:40.725+0000][18268][safepoint    ] Safepoint "Cleanup", Time since last: 1000365300 ns, Reaching safepoint: 117200 ns, At safepoint: 1900 ns, Total: 119100 ns
[2020-08-24T21:54:41.725+0000][18268][safepoint    ] Safepoint "Cleanup", Time since last: 1000009800 ns, Reaching safepoint: 106100 ns, At safepoint: 2000 ns, Total: 108100 ns
[2020-08-24T21:54:42.309+0000][18268][gc,start     ] GC(22) Pause Young (Normal) (G1 Evacuation Pause)
[2020-08-24T21:54:42.309+0000][18268][gc,task      ] GC(22) Using 18 workers of 18 for evacuation
[2020-08-24T21:54:42.309+0000][18268][gc,age       ] GC(22) Desired survivor size 40370176 bytes, new threshold 15 (max threshold 15)
[2020-08-24T21:54:42.316+0000][18268][gc,age       ] GC(22) Age table with threshold 15 (max threshold 15)
[2020-08-24T21:54:42.316+0000][18268][gc,age       ] GC(22) - age   1:     106264 bytes,     106264 total
[2020-08-24T21:54:42.316+0000][18268][gc,age       ] GC(22) - age   2:      47432 bytes,     153696 total
[2020-08-24T21:54:42.316+0000][18268][gc,age       ] GC(22) - age   3:     168592 bytes,     322288 total
[2020-08-24T21:54:42.316+0000][18268][gc,age       ] GC(22) - age   4:        336 bytes,     322624 total
[2020-08-24T21:54:42.316+0000][18268][gc,age       ] GC(22) - age   5:       2648 bytes,     325272 total
[2020-08-24T21:54:42.316+0000][18268][gc,age       ] GC(22) - age   6:       1448 bytes,     326720 total
[2020-08-24T21:54:42.316+0000][18268][gc,age       ] GC(22) - age   7:        984 bytes,     327704 total
[2020-08-24T21:54:42.316+0000][18268][gc,age       ] GC(22) - age   8:       2648 bytes,     330352 total
[2020-08-24T21:54:42.316+0000][18268][gc,age       ] GC(22) - age   9:      35000 bytes,     365352 total
[2020-08-24T21:54:42.316+0000][18268][gc,age       ] GC(22) - age  10:      91480 bytes,     456832 total
[2020-08-24T21:54:42.316+0000][18268][gc,age       ] GC(22) - age  11:     317536 bytes,     774368 total
[2020-08-24T21:54:42.316+0000][18268][gc,age       ] GC(22) - age  12:   11906672 bytes,   12681040 total
[2020-08-24T21:54:42.316+0000][18268][gc,age       ] GC(22) - age  13:    8982488 bytes,   21663528 total
[2020-08-24T21:54:42.316+0000][18268][gc,phases    ] GC(22)   Pre Evacuate Collection Set: 0.1ms
[2020-08-24T21:54:42.316+0000][18268][gc,phases    ] GC(22)   Merge Heap Roots: 0.1ms
[2020-08-24T21:54:42.316+0000][18268][gc,phases    ] GC(22)   Evacuate Collection Set: 5.7ms
[2020-08-24T21:54:42.316+0000][18268][gc,phases    ] GC(22)   Post Evacuate Collection Set: 0.9ms
[2020-08-24T21:54:42.316+0000][18268][gc,phases    ] GC(22)   Other: 0.3ms
[2020-08-24T21:54:42.316+0000][18268][gc,heap      ] GC(22) Eden regions: 591->0(591)
[2020-08-24T21:54:42.316+0000][18268][gc,heap      ] GC(22) Survivor regions: 23->23(77)
[2020-08-24T21:54:42.316+0000][18268][gc,heap      ] GC(22) Old regions: 48->48
[2020-08-24T21:54:42.316+0000][18268][gc,heap      ] GC(22) Archive regions: 0->0
[2020-08-24T21:54:42.316+0000][18268][gc,heap      ] GC(22) Humongous regions: 7->7
[2020-08-24T21:54:42.316+0000][18268][gc,metaspace ] GC(22) Metaspace: 92026K(99840K)->92026K(99840K) NonClass: 79476K(84096K)->79476K(84096K) Class: 12549K(15744K)->12549K(15744K)
[2020-08-24T21:54:42.316+0000][18268][gc           ] GC(22) Pause Young (Normal) (G1 Evacuation Pause) 667M->76M(1024M) 7.053ms
[2020-08-24T21:54:42.316+0000][18268][gc,cpu       ] GC(22) User=0.00s Sys=0.00s Real=0.01s
[2020-08-24T21:54:42.316+0000][18268][safepoint    ] Safepoint "G1CollectForAllocation", Time since last: 584125500 ns, Reaching safepoint: 92800 ns, At safepoint: 7119200 ns, Total: 7212000 ns
[2020-08-24T21:54:43.316+0000][18268][safepoint    ] Safepoint "Cleanup", Time since last: 1000045100 ns, Reaching safepoint: 105100 ns, At safepoint: 1900 ns, Total: 107000 ns
[2020-08-24T21:54:45.316+0000][18268][safepoint    ] Safepoint "Cleanup", Time since last: 1999902600 ns, Reaching safepoint: 109400 ns, At safepoint: 1800 ns, Total: 111200 ns
[2020-08-24T21:54:46.317+0000][18268][safepoint    ] Safepoint "Cleanup", Time since last: 1000389400 ns, Reaching safepoint: 157200 ns, At safepoint: 6300 ns, Total: 163500 ns
[2020-08-24T21:54:47.317+0000][18268][safepoint    ] Safepoint "Cleanup", Time since last: 1000339800 ns, Reaching safepoint: 102100 ns, At safepoint: 7100 ns, Total: 109200 ns
[2020-08-24T21:54:49.318+0000][18268][safepoint    ] Safepoint "Cleanup", Time since last: 2000374300 ns, Reaching safepoint: 112400 ns, At safepoint: 1800 ns, Total: 114200 ns
[2020-08-24T21:54:50.318+0000][18268][safepoint    ] Safepoint "Cleanup", Time since last: 1000052200 ns, Reaching safepoint: 104000 ns, At safepoint: 2100 ns, Total: 106100 ns
[2020-08-24T21:54:51.318+0000][18268][safepoint    ] Safepoint "Cleanup", Time since last: 1000209600 ns, Reaching safepoint: 122200 ns, At safepoint: 2400 ns, Total: 124600 ns
[2020-08-24T21:54:53.319+0000][18268][safepoint    ] Safepoint "Cleanup", Time since last: 2000405200 ns, Reaching safepoint: 104400 ns, At safepoint: 6800 ns, Total: 111200 ns
[2020-08-24T21:54:54.319+0000][18268][safepoint    ] Safepoint "Cleanup", Time since last: 1000379200 ns, Reaching safepoint: 126100 ns, At safepoint: 6700 ns, Total: 132800 ns
[2020-08-24T21:54:55.320+0000][18268][safepoint    ] Safepoint "Cleanup", Time since last: 1000326100 ns, Reaching safepoint: 114200 ns, At safepoint: 1900 ns, Total: 116100 ns
[2020-08-24T21:54:57.320+0000][18268][safepoint    ] Safepoint "Cleanup", Time since last: 1999930600 ns, Reaching safepoint: 98200 ns, At safepoint: 2200 ns, Total: 100400 ns
[2020-08-24T21:54:58.320+0000][18268][safepoint    ] Safepoint "Cleanup", Time since last: 1000394100 ns, Reaching safepoint: 120900 ns, At safepoint: 1900 ns, Total: 122800 ns
[2020-08-24T21:55:00.321+0000][18268][safepoint    ] Safepoint "Cleanup", Time since last: 2000374500 ns, Reaching safepoint: 135600 ns, At safepoint: 1900 ns, Total: 137500 ns
[2020-08-24T21:55:01.321+0000][18268][safepoint    ] Safepoint "Cleanup", Time since last: 1000360000 ns, Reaching safepoint: 100700 ns, At safepoint: 6500 ns, Total: 107200 ns
[2020-08-24T21:55:03.322+0000][18268][safepoint    ] Safepoint "Cleanup", Time since last: 2000408300 ns, Reaching safepoint: 118400 ns, At safepoint: 6800 ns, Total: 125200 ns
[2020-08-24T21:55:04.322+0000][18268][safepoint    ] Safepoint "Cleanup", Time since last: 1000088200 ns, Reaching safepoint: 102400 ns, At safepoint: 6100 ns, Total: 108500 ns
[2020-08-24T21:55:06.322+0000][18268][safepoint    ] Safepoint "Cleanup", Time since last: 2000184200 ns, Reaching safepoint: 129800 ns, At safepoint: 2100 ns, Total: 131900 ns
[2020-08-24T21:55:07.323+0000][18268][safepoint    ] Safepoint "Cleanup", Time since last: 1000359100 ns, Reaching safepoint: 107400 ns, At safepoint: 6600 ns, Total: 114000 ns
[2020-08-24T21:55:08.323+0000][18268][safepoint    ] Safepoint "Cleanup", Time since last: 1000380000 ns, Reaching safepoint: 112800 ns, At safepoint: 6700 ns, Total: 119500 ns
[2020-08-24T21:55:09.324+0000][18268][safepoint    ] Safepoint "Cleanup", Time since last: 1000373500 ns, Reaching safepoint: 149400 ns, At safepoint: 2100 ns, Total: 151500 ns
[2020-08-24T21:55:11.324+0000][18268][safepoint    ] Safepoint "Cleanup", Time since last: 1999858000 ns, Reaching safepoint: 107700 ns, At safepoint: 1900 ns, Total: 109600 ns
[2020-08-24T21:55:12.324+0000][18268][safepoint    ] Safepoint "Cleanup", Time since last: 1000386200 ns, Reaching safepoint: 110900 ns, At safepoint: 1900 ns, Total: 112800 ns
[2020-08-24T21:55:13.325+0000][18268][safepoint    ] Safepoint "Cleanup", Time since last: 1000116500 ns, Reaching safepoint: 102700 ns, At safepoint: 1800 ns, Total: 104500 ns
[2020-08-24T21:55:14.325+0000][18268][safepoint    ] Safepoint "Cleanup", Time since last: 1000201500 ns, Reaching safepoint: 116500 ns, At safepoint: 6400 ns, Total: 122900 ns
[2020-08-24T21:55:15.325+0000][18268][safepoint    ] Safepoint "Cleanup", Time since last: 1000181900 ns, Reaching safepoint: 112900 ns, At safepoint: 1900 ns, Total: 114800 ns
[2020-08-24T21:55:16.325+0000][18268][safepoint    ] Safepoint "Cleanup", Time since last: 1000185500 ns, Reaching safepoint: 114700 ns, At safepoint: 6700 ns, Total: 121400 ns
[2020-08-24T21:55:17.326+0000][18268][safepoint    ] Safepoint "Cleanup", Time since last: 1000319000 ns, Reaching safepoint: 118400 ns, At safepoint: 1900 ns, Total: 120300 ns
[2020-08-24T21:55:18.326+0000][18268][safepoint    ] Safepoint "Cleanup", Time since last: 1000293100 ns, Reaching safepoint: 96600 ns, At safepoint: 1800 ns, Total: 98400 ns
[2020-08-24T21:55:19.327+0000][18268][safepoint    ] Safepoint "Cleanup", Time since last: 1000389500 ns, Reaching safepoint: 101600 ns, At safepoint: 6500 ns, Total: 108100 ns
[2020-08-24T21:55:21.327+0000][18268][safepoint    ] Safepoint "Cleanup", Time since last: 1999906200 ns, Reaching safepoint: 113300 ns, At safepoint: 2200 ns, Total: 115500 ns
[2020-08-24T21:55:23.327+0000][18268][safepoint    ] Safepoint "Cleanup", Time since last: 2000081900 ns, Reaching safepoint: 108000 ns, At safepoint: 1800 ns, Total: 109800 ns
[2020-08-24T21:55:24.327+0000][18268][safepoint    ] Safepoint "Cleanup", Time since last: 1000189200 ns, Reaching safepoint: 121900 ns, At safepoint: 6300 ns, Total: 128200 ns
[2020-08-24T21:55:26.328+0000][18268][safepoint    ] Safepoint "Cleanup", Time since last: 2000377100 ns, Reaching safepoint: 114000 ns, At safepoint: 1800 ns, Total: 115800 ns
[2020-08-24T21:55:28.328+0000][18268][safepoint    ] Safepoint "Cleanup", Time since last: 2000243100 ns, Reaching safepoint: 143500 ns, At safepoint: 6800 ns, Total: 150300 ns
[2020-08-24T21:55:29.328+0000][18268][safepoint    ] Safepoint "Cleanup", Time since last: 1000026200 ns, Reaching safepoint: 113100 ns, At safepoint: 6100 ns, Total: 119200 ns
[2020-08-24T21:55:30.329+0000][18268][safepoint    ] Safepoint "Cleanup", Time since last: 1000349900 ns, Reaching safepoint: 109000 ns, At safepoint: 2000 ns, Total: 111000 ns
[2020-08-24T21:55:32.329+0000][18268][safepoint    ] Safepoint "Cleanup", Time since last: 1999894200 ns, Reaching safepoint: 101400 ns, At safepoint: 2100 ns, Total: 103500 ns
[2020-08-24T21:55:34.329+0000][18268][safepoint    ] Safepoint "Cleanup", Time since last: 2000331000 ns, Reaching safepoint: 108800 ns, At safepoint: 1900 ns, Total: 110700 ns
[2020-08-24T21:55:35.330+0000][18268][safepoint    ] Safepoint "Cleanup", Time since last: 1000195200 ns, Reaching safepoint: 106000 ns, At safepoint: 2000 ns, Total: 108000 ns
[2020-08-24T21:55:36.330+0000][18268][safepoint    ] Safepoint "Cleanup", Time since last: 1000099400 ns, Reaching safepoint: 107800 ns, At safepoint: 6000 ns, Total: 113800 ns
[2020-08-24T21:55:38.330+0000][18268][safepoint    ] Safepoint "Cleanup", Time since last: 2000203100 ns, Reaching safepoint: 117000 ns, At safepoint: 6600 ns, Total: 123600 ns
[2020-08-24T21:55:39.330+0000][18268][safepoint    ] Safepoint "Cleanup", Time since last: 1000108800 ns, Reaching safepoint: 97600 ns, At safepoint: 2200 ns, Total: 99800 ns
[2020-08-24T21:55:40.330+0000][18268][safepoint    ] Safepoint "Cleanup", Time since last: 1000051300 ns, Reaching safepoint: 106300 ns, At safepoint: 1800 ns, Total: 108100 ns
[2020-08-24T21:55:41.331+0000][18268][safepoint    ] Safepoint "Cleanup", Time since last: 1000231200 ns, Reaching safepoint: 115900 ns, At safepoint: 6000 ns, Total: 121900 ns
[2020-08-24T21:55:43.331+0000][18268][safepoint    ] Safepoint "Cleanup", Time since last: 2000384400 ns, Reaching safepoint: 110600 ns, At safepoint: 6000 ns, Total: 116600 ns
[2020-08-24T21:55:44.332+0000][18268][safepoint    ] Safepoint "Cleanup", Time since last: 1000373800 ns, Reaching safepoint: 106800 ns, At safepoint: 6700 ns, Total: 113500 ns
[2020-08-24T21:55:45.332+0000][18268][safepoint    ] Safepoint "Cleanup", Time since last: 1000009900 ns, Reaching safepoint: 115000 ns, At safepoint: 2100 ns, Total: 117100 ns
[2020-08-24T21:55:46.332+0000][18268][safepoint    ] Safepoint "Cleanup", Time since last: 1000265500 ns, Reaching safepoint: 101000 ns, At safepoint: 6500 ns, Total: 107500 ns
[2020-08-24T21:55:48.333+0000][18268][safepoint    ] Safepoint "Cleanup", Time since last: 2000390700 ns, Reaching safepoint: 105400 ns, At safepoint: 6900 ns, Total: 112300 ns
[2020-08-24T21:55:49.333+0000][18268][safepoint    ] Safepoint "Cleanup", Time since last: 1000377300 ns, Reaching safepoint: 107800 ns, At safepoint: 5900 ns, Total: 113700 ns
[2020-08-24T21:55:51.334+0000][18268][safepoint    ] Safepoint "Cleanup", Time since last: 2000303000 ns, Reaching safepoint: 112200 ns, At safepoint: 2000 ns, Total: 114200 ns
[2020-08-24T21:55:52.334+0000][18268][safepoint    ] Safepoint "Cleanup", Time since last: 1000232500 ns, Reaching safepoint: 101100 ns, At safepoint: 1800 ns, Total: 102900 ns
[2020-08-24T21:55:53.334+0000][18268][safepoint    ] Safepoint "Cleanup", Time since last: 1000065600 ns, Reaching safepoint: 123600 ns, At safepoint: 2000 ns, Total: 125600 ns
[2020-08-24T21:55:54.334+0000][18268][safepoint    ] Safepoint "Cleanup", Time since last: 1000085100 ns, Reaching safepoint: 126100 ns, At safepoint: 6400 ns, Total: 132500 ns
[2020-08-24T21:55:55.335+0000][18268][safepoint    ] Safepoint "Cleanup", Time since last: 1000160900 ns, Reaching safepoint: 105000 ns, At safepoint: 6400 ns, Total: 111400 ns
[2020-08-24T21:55:57.335+0000][18268][safepoint    ] Safepoint "Cleanup", Time since last: 1999967500 ns, Reaching safepoint: 110500 ns, At safepoint: 2100 ns, Total: 112600 ns
[2020-08-24T21:55:58.335+0000][18268][safepoint    ] Safepoint "Cleanup", Time since last: 1000391000 ns, Reaching safepoint: 104300 ns, At safepoint: 1900 ns, Total: 106200 ns
[2020-08-24T21:55:59.336+0000][18268][safepoint    ] Safepoint "Cleanup", Time since last: 1000390000 ns, Reaching safepoint: 110500 ns, At safepoint: 7200 ns, Total: 117700 ns
[2020-08-24T21:56:01.336+0000][18268][safepoint    ] Safepoint "Cleanup", Time since last: 1999880100 ns, Reaching safepoint: 124300 ns, At safepoint: 6200 ns, Total: 130500 ns
[2020-08-24T21:56:02.336+0000][18268][safepoint    ] Safepoint "Cleanup", Time since last: 1000371300 ns, Reaching safepoint: 120500 ns, At safepoint: 7400 ns, Total: 127900 ns
[2020-08-24T21:56:03.337+0000][18268][safepoint    ] Safepoint "Cleanup", Time since last: 1000355400 ns, Reaching safepoint: 115900 ns, At safepoint: 1800 ns, Total: 117700 ns
[2020-08-24T21:56:05.337+0000][18268][safepoint    ] Safepoint "Cleanup", Time since last: 2000311100 ns, Reaching safepoint: 106700 ns, At safepoint: 1900 ns, Total: 108600 ns
[2020-08-24T21:56:06.337+0000][18268][safepoint    ] Safepoint "Cleanup", Time since last: 1000010600 ns, Reaching safepoint: 112800 ns, At safepoint: 2300 ns, Total: 115100 ns
[2020-08-24T21:56:07.338+0000][18268][safepoint    ] Safepoint "Cleanup", Time since last: 1000200000 ns, Reaching safepoint: 127600 ns, At safepoint: 2500 ns, Total: 130100 ns
[2020-08-24T21:56:08.338+0000][18268][safepoint    ] Safepoint "Cleanup", Time since last: 1000322400 ns, Reaching safepoint: 125500 ns, At safepoint: 2000 ns, Total: 127500 ns
[2020-08-24T21:56:09.338+0000][18268][safepoint    ] Safepoint "Cleanup", Time since last: 1000073600 ns, Reaching safepoint: 107200 ns, At safepoint: 2300 ns, Total: 109500 ns
[2020-08-24T21:56:11.338+0000][18268][safepoint    ] Safepoint "Cleanup", Time since last: 1999954900 ns, Reaching safepoint: 97900 ns, At safepoint: 1900 ns, Total: 99800 ns
[2020-08-24T21:56:12.339+0000][18268][safepoint    ] Safepoint "Cleanup", Time since last: 1000298600 ns, Reaching safepoint: 132400 ns, At safepoint: 6500 ns, Total: 138900 ns
[2020-08-24T21:56:14.339+0000][18268][safepoint    ] Safepoint "Cleanup", Time since last: 2000400900 ns, Reaching safepoint: 118700 ns, At safepoint: 2000 ns, Total: 120700 ns
[2020-08-24T21:56:16.339+0000][18268][safepoint    ] Safepoint "Cleanup", Time since last: 1999996900 ns, Reaching safepoint: 98900 ns, At safepoint: 2000 ns, Total: 100900 ns
[2020-08-24T21:56:17.340+0000][18268][safepoint    ] Safepoint "Cleanup", Time since last: 1000280900 ns, Reaching safepoint: 99500 ns, At safepoint: 1800 ns, Total: 101300 ns
[2020-08-24T21:56:18.340+0000][18268][safepoint    ] Safepoint "Cleanup", Time since last: 1000067100 ns, Reaching safepoint: 116600 ns, At safepoint: 1800 ns, Total: 118400 ns
[2020-08-24T21:56:19.340+0000][18268][safepoint    ] Safepoint "Cleanup", Time since last: 1000351200 ns, Reaching safepoint: 111600 ns, At safepoint: 1900 ns, Total: 113500 ns
[2020-08-24T21:56:20.341+0000][18268][safepoint    ] Safepoint "Cleanup", Time since last: 1000231500 ns, Reaching safepoint: 105500 ns, At safepoint: 1900 ns, Total: 107400 ns
[2020-08-24T21:56:22.341+0000][18268][safepoint    ] Safepoint "Cleanup", Time since last: 2000350300 ns, Reaching safepoint: 141000 ns, At safepoint: 2000 ns, Total: 143000 ns
[2020-08-24T21:56:23.342+0000][18268][safepoint    ] Safepoint "Cleanup", Time since last: 1000164700 ns, Reaching safepoint: 111100 ns, At safepoint: 6800 ns, Total: 117900 ns
[2020-08-24T21:56:24.342+0000][18268][safepoint    ] Safepoint "Cleanup", Time since last: 1000169300 ns, Reaching safepoint: 115700 ns, At safepoint: 1800 ns, Total: 117500 ns
[2020-08-24T21:56:25.342+0000][18268][safepoint    ] Safepoint "Cleanup", Time since last: 1000350500 ns, Reaching safepoint: 101300 ns, At safepoint: 2100 ns, Total: 103400 ns
[2020-08-24T21:56:26.343+0000][18268][safepoint    ] Safepoint "Cleanup", Time since last: 1000387300 ns, Reaching safepoint: 100700 ns, At safepoint: 1800 ns, Total: 102500 ns
[2020-08-24T21:56:28.343+0000][18268][safepoint    ] Safepoint "Cleanup", Time since last: 1999903700 ns, Reaching safepoint: 152700 ns, At safepoint: 1800 ns, Total: 154500 ns
[2020-08-24T21:56:29.343+0000][18268][safepoint    ] Safepoint "Cleanup", Time since last: 1000273600 ns, Reaching safepoint: 105400 ns, At safepoint: 1800 ns, Total: 107200 ns
[2020-08-24T21:56:31.344+0000][18268][safepoint    ] Safepoint "Cleanup", Time since last: 2000218900 ns, Reaching safepoint: 112200 ns, At safepoint: 2200 ns, Total: 114400 ns
[2020-08-24T21:56:32.344+0000][18268][safepoint    ] Safepoint "Cleanup", Time since last: 1000112500 ns, Reaching safepoint: 119800 ns, At safepoint: 6100 ns, Total: 125900 ns
[2020-08-24T21:56:34.344+0000][18268][safepoint    ] Safepoint "Cleanup", Time since last: 2000321900 ns, Reaching safepoint: 93200 ns, At safepoint: 2300 ns, Total: 95500 ns
[2020-08-24T21:56:36.344+0000][18268][safepoint    ] Safepoint "Cleanup", Time since last: 1999984100 ns, Reaching safepoint: 127200 ns, At safepoint: 6400 ns, Total: 133600 ns
[2020-08-24T21:56:38.345+0000][18268][safepoint    ] Safepoint "Cleanup", Time since last: 2000432800 ns, Reaching safepoint: 117000 ns, At safepoint: 6400 ns, Total: 123400 ns
[2020-08-24T21:56:39.345+0000][18268][safepoint    ] Safepoint "Cleanup", Time since last: 1000117500 ns, Reaching safepoint: 104800 ns, At safepoint: 2000 ns, Total: 106800 ns
[2020-08-24T21:56:40.346+0000][18268][safepoint    ] Safepoint "Cleanup", Time since last: 1000273500 ns, Reaching safepoint: 143800 ns, At safepoint: 1800 ns, Total: 145600 ns
[2020-08-24T21:56:42.346+0000][18268][safepoint    ] Safepoint "Cleanup", Time since last: 2000223200 ns, Reaching safepoint: 111500 ns, At safepoint: 6700 ns, Total: 118200 ns
[2020-08-24T21:56:43.346+0000][18268][safepoint    ] Safepoint "Cleanup", Time since last: 1000020300 ns, Reaching safepoint: 115200 ns, At safepoint: 1800 ns, Total: 117000 ns
[2020-08-24T21:56:44.346+0000][18268][safepoint    ] Safepoint "Cleanup", Time since last: 1000182500 ns, Reaching safepoint: 95900 ns, At safepoint: 5500 ns, Total: 101400 ns
[2020-08-24T21:56:45.347+0000][18268][safepoint    ] Safepoint "Cleanup", Time since last: 1000397000 ns, Reaching safepoint: 161500 ns, At safepoint: 6800 ns, Total: 168300 ns
[2020-08-24T21:56:46.347+0000][18268][safepoint    ] Safepoint "Cleanup", Time since last: 1000328100 ns, Reaching safepoint: 98000 ns, At safepoint: 6000 ns, Total: 104000 ns
[2020-08-24T21:56:47.348+0000][18268][safepoint    ] Safepoint "Cleanup", Time since last: 1000371300 ns, Reaching safepoint: 122700 ns, At safepoint: 2600 ns, Total: 125300 ns
[2020-08-24T21:56:48.348+0000][18268][safepoint    ] Safepoint "Cleanup", Time since last: 1000181900 ns, Reaching safepoint: 100100 ns, At safepoint: 6200 ns, Total: 106300 ns
[2020-08-24T21:56:49.349+0000][18268][safepoint    ] Safepoint "Cleanup", Time since last: 1000336600 ns, Reaching safepoint: 152400 ns, At safepoint: 2000 ns, Total: 154400 ns
[2020-08-24T21:56:50.349+0000][18268][safepoint    ] Safepoint "Cleanup", Time since last: 1000002700 ns, Reaching safepoint: 110900 ns, At safepoint: 2000 ns, Total: 112900 ns
[2020-08-24T21:56:51.349+0000][18268][safepoint    ] Safepoint "Cleanup", Time since last: 1000137600 ns, Reaching safepoint: 121200 ns, At safepoint: 6300 ns, Total: 127500 ns
[2020-08-24T21:56:52.349+0000][18268][safepoint    ] Safepoint "Cleanup", Time since last: 1000344900 ns, Reaching safepoint: 94200 ns, At safepoint: 2100 ns, Total: 96300 ns
[2020-08-24T21:56:53.350+0000][18268][safepoint    ] Safepoint "Cleanup", Time since last: 1000314900 ns, Reaching safepoint: 112800 ns, At safepoint: 2000 ns, Total: 114800 ns
[2020-08-24T21:56:54.350+0000][18268][safepoint    ] Safepoint "Cleanup", Time since last: 1000373200 ns, Reaching safepoint: 105600 ns, At safepoint: 7200 ns, Total: 112800 ns
[2020-08-24T21:56:56.351+0000][18268][safepoint    ] Safepoint "Cleanup", Time since last: 2000380400 ns, Reaching safepoint: 107700 ns, At safepoint: 1900 ns, Total: 109600 ns
[2020-08-24T21:56:57.351+0000][18268][safepoint    ] Safepoint "Cleanup", Time since last: 1000009800 ns, Reaching safepoint: 108400 ns, At safepoint: 2100 ns, Total: 110500 ns
[2020-08-24T21:56:58.351+0000][18268][safepoint    ] Safepoint "Cleanup", Time since last: 1000267700 ns, Reaching safepoint: 115700 ns, At safepoint: 1800 ns, Total: 117500 ns
[2020-08-24T21:57:00.351+0000][18268][safepoint    ] Safepoint "Cleanup", Time since last: 1999892800 ns, Reaching safepoint: 99200 ns, At safepoint: 1900 ns, Total: 101100 ns
[2020-08-24T21:57:01.352+0000][18268][safepoint    ] Safepoint "Cleanup", Time since last: 1000280600 ns, Reaching safepoint: 105200 ns, At safepoint: 2200 ns, Total: 107400 ns
[2020-08-24T21:57:02.352+0000][18268][safepoint    ] Safepoint "Cleanup", Time since last: 1000197600 ns, Reaching safepoint: 110900 ns, At safepoint: 1900 ns, Total: 112800 ns
[2020-08-24T21:57:03.352+0000][18268][safepoint    ] Safepoint "Cleanup", Time since last: 1000192300 ns, Reaching safepoint: 96000 ns, At safepoint: 6700 ns, Total: 102700 ns
[2020-08-24T21:57:05.353+0000][18268][safepoint    ] Safepoint "Cleanup", Time since last: 2000272200 ns, Reaching safepoint: 109300 ns, At safepoint: 6600 ns, Total: 115900 ns
[2020-08-24T21:57:06.353+0000][18268][safepoint    ] Safepoint "Cleanup", Time since last: 1000090500 ns, Reaching safepoint: 93700 ns, At safepoint: 1900 ns, Total: 95600 ns
[2020-08-24T21:57:07.353+0000][18268][safepoint    ] Safepoint "Cleanup", Time since last: 1000298600 ns, Reaching safepoint: 108800 ns, At safepoint: 7100 ns, Total: 115900 ns
[2020-08-24T21:57:09.354+0000][18268][safepoint    ] Safepoint "Cleanup", Time since last: 2000110600 ns, Reaching safepoint: 121900 ns, At safepoint: 6700 ns, Total: 128600 ns
[2020-08-24T21:57:10.354+0000][18268][safepoint    ] Safepoint "Cleanup", Time since last: 1000181200 ns, Reaching safepoint: 114100 ns, At safepoint: 6200 ns, Total: 120300 ns
[2020-08-24T21:57:11.354+0000][18268][safepoint    ] Safepoint "Cleanup", Time since last: 1000369200 ns, Reaching safepoint: 106700 ns, At safepoint: 6600 ns, Total: 113300 ns
[2020-08-24T21:57:13.354+0000][18268][safepoint    ] Safepoint "Cleanup", Time since last: 1999888600 ns, Reaching safepoint: 148600 ns, At safepoint: 1900 ns, Total: 150500 ns
[2020-08-24T21:57:14.355+0000][18268][safepoint    ] Safepoint "Cleanup", Time since last: 1000318300 ns, Reaching safepoint: 100800 ns, At safepoint: 6400 ns, Total: 107200 ns
[2020-08-24T21:57:16.355+0000][18268][safepoint    ] Safepoint "Cleanup", Time since last: 1999924100 ns, Reaching safepoint: 100300 ns, At safepoint: 1800 ns, Total: 102100 ns
[2020-08-24T21:57:18.355+0000][18268][safepoint    ] Safepoint "Cleanup", Time since last: 2000393000 ns, Reaching safepoint: 117100 ns, At safepoint: 2000 ns, Total: 119100 ns
[2020-08-24T21:57:19.356+0000][18268][safepoint    ] Safepoint "Cleanup", Time since last: 1000380900 ns, Reaching safepoint: 111200 ns, At safepoint: 6700 ns, Total: 117900 ns
[2020-08-24T21:57:20.356+0000][18268][safepoint    ] Safepoint "Cleanup", Time since last: 1000357500 ns, Reaching safepoint: 106600 ns, At safepoint: 6400 ns, Total: 113000 ns
[2020-08-24T21:57:21.357+0000][18268][safepoint    ] Safepoint "Cleanup", Time since last: 1000166900 ns, Reaching safepoint: 98700 ns, At safepoint: 1800 ns, Total: 100500 ns
[2020-08-24T21:57:22.357+0000][18268][safepoint    ] Safepoint "Cleanup", Time since last: 1000122700 ns, Reaching safepoint: 117400 ns, At safepoint: 6400 ns, Total: 123800 ns
[2020-08-24T21:57:24.357+0000][18268][safepoint    ] Safepoint "Cleanup", Time since last: 2000268200 ns, Reaching safepoint: 144900 ns, At safepoint: 2100 ns, Total: 147000 ns
[2020-08-24T21:57:26.357+0000][18268][safepoint    ] Safepoint "Cleanup", Time since last: 2000006700 ns, Reaching safepoint: 113800 ns, At safepoint: 1900 ns, Total: 115700 ns
[2020-08-24T21:57:28.358+0000][18268][safepoint    ] Safepoint "Cleanup", Time since last: 2000367000 ns, Reaching safepoint: 125900 ns, At safepoint: 6300 ns, Total: 132200 ns
[2020-08-24T21:57:29.358+0000][18268][safepoint    ] Safepoint "Cleanup", Time since last: 1000342500 ns, Reaching safepoint: 131100 ns, At safepoint: 5900 ns, Total: 137000 ns
[2020-08-24T21:57:31.358+0000][18268][safepoint    ] Safepoint "Cleanup", Time since last: 1999889500 ns, Reaching safepoint: 94800 ns, At safepoint: 5900 ns, Total: 100700 ns
[2020-08-24T21:57:33.359+0000][18268][safepoint    ] Safepoint "Cleanup", Time since last: 2000412200 ns, Reaching safepoint: 101000 ns, At safepoint: 6100 ns, Total: 107100 ns
[2020-08-24T21:57:34.359+0000][18268][safepoint    ] Safepoint "Cleanup", Time since last: 1000371500 ns, Reaching safepoint: 138900 ns, At safepoint: 6100 ns, Total: 145000 ns
[2020-08-24T21:57:36.360+0000][18268][safepoint    ] Safepoint "Cleanup", Time since last: 2000362100 ns, Reaching safepoint: 104400 ns, At safepoint: 6300 ns, Total: 110700 ns
[2020-08-24T21:57:37.728+0000][18268][safepoint    ] Safepoint "Cleanup", Time since last: 1368387600 ns, Reaching safepoint: 114500 ns, At safepoint: 2300 ns, Total: 116800 ns
[2020-08-24T21:57:38.729+0000][18268][safepoint    ] Safepoint "Cleanup", Time since last: 1000386500 ns, Reaching safepoint: 115500 ns, At safepoint: 7000 ns, Total: 122500 ns
[2020-08-24T21:57:40.729+0000][18268][safepoint    ] Safepoint "Cleanup", Time since last: 2000372500 ns, Reaching safepoint: 115600 ns, At safepoint: 7200 ns, Total: 122800 ns
[2020-08-24T21:57:41.730+0000][18268][safepoint    ] Safepoint "Cleanup", Time since last: 1000321600 ns, Reaching safepoint: 115000 ns, At safepoint: 3300 ns, Total: 118300 ns
[2020-08-24T21:57:43.730+0000][18268][safepoint    ] Safepoint "Cleanup", Time since last: 2000426900 ns, Reaching safepoint: 109300 ns, At safepoint: 6300 ns, Total: 115600 ns
[2020-08-24T21:57:45.731+0000][18268][safepoint    ] Safepoint "Cleanup", Time since last: 2000416500 ns, Reaching safepoint: 113800 ns, At safepoint: 6900 ns, Total: 120700 ns
[2020-08-24T21:57:46.731+0000][18268][safepoint    ] Safepoint "Cleanup", Time since last: 1000369000 ns, Reaching safepoint: 98300 ns, At safepoint: 1900 ns, Total: 100200 ns
[2020-08-24T21:57:48.732+0000][18268][safepoint    ] Safepoint "Cleanup", Time since last: 2000096400 ns, Reaching safepoint: 105700 ns, At safepoint: 2000 ns, Total: 107700 ns
[2020-08-24T21:57:49.732+0000][18268][safepoint    ] Safepoint "Cleanup", Time since last: 1000117900 ns, Reaching safepoint: 112400 ns, At safepoint: 2000 ns, Total: 114400 ns
[2020-08-24T21:57:50.732+0000][18268][safepoint    ] Safepoint "Cleanup", Time since last: 1000351700 ns, Reaching safepoint: 115500 ns, At safepoint: 6500 ns, Total: 122000 ns
[2020-08-24T21:57:51.733+0000][18268][safepoint    ] Safepoint "Cleanup", Time since last: 1000167300 ns, Reaching safepoint: 108800 ns, At safepoint: 6000 ns, Total: 114800 ns
[2020-08-24T21:57:52.733+0000][18268][safepoint    ] Safepoint "Cleanup", Time since last: 1000292600 ns, Reaching safepoint: 104000 ns, At safepoint: 2100 ns, Total: 106100 ns
[2020-08-24T21:57:53.733+0000][18268][safepoint    ] Safepoint "Cleanup", Time since last: 1000310400 ns, Reaching safepoint: 124700 ns, At safepoint: 1900 ns, Total: 126600 ns
[2020-08-24T21:57:54.734+0000][18268][safepoint    ] Safepoint "Cleanup", Time since last: 1000046200 ns, Reaching safepoint: 100800 ns, At safepoint: 7400 ns, Total: 108200 ns
[2020-08-24T21:57:55.734+0000][18268][safepoint    ] Safepoint "Cleanup", Time since last: 1000219800 ns, Reaching safepoint: 122900 ns, At safepoint: 1900 ns, Total: 124800 ns
[2020-08-24T21:57:56.734+0000][18268][safepoint    ] Safepoint "Cleanup", Time since last: 1000382900 ns, Reaching safepoint: 109300 ns, At safepoint: 6300 ns, Total: 115600 ns
[2020-08-24T21:57:57.735+0000][18268][safepoint    ] Safepoint "Cleanup", Time since last: 1000172200 ns, Reaching safepoint: 125100 ns, At safepoint: 1700 ns, Total: 126800 ns
[2020-08-24T21:57:58.735+0000][18268][safepoint    ] Safepoint "Cleanup", Time since last: 1000324300 ns, Reaching safepoint: 137600 ns, At safepoint: 6700 ns, Total: 144300 ns
[2020-08-24T21:57:59.735+0000][18268][safepoint    ] Safepoint "Cleanup", Time since last: 1000158800 ns, Reaching safepoint: 106900 ns, At safepoint: 1800 ns, Total: 108700 ns
[2020-08-24T21:58:00.736+0000][18268][safepoint    ] Safepoint "Cleanup", Time since last: 1000353100 ns, Reaching safepoint: 114500 ns, At safepoint: 1800 ns, Total: 116300 ns
[2020-08-24T21:58:01.736+0000][18268][safepoint    ] Safepoint "Cleanup", Time since last: 1000140200 ns, Reaching safepoint: 119800 ns, At safepoint: 1900 ns, Total: 121700 ns
[2020-08-24T21:58:02.736+0000][18268][safepoint    ] Safepoint "Cleanup", Time since last: 1000113100 ns, Reaching safepoint: 133900 ns, At safepoint: 7000 ns, Total: 140900 ns
[2020-08-24T21:58:03.737+0000][18268][safepoint    ] Safepoint "Cleanup", Time since last: 1000346100 ns, Reaching safepoint: 112900 ns, At safepoint: 2100 ns, Total: 115000 ns
[2020-08-24T21:58:04.737+0000][18268][safepoint    ] Safepoint "Cleanup", Time since last: 1000387700 ns, Reaching safepoint: 123500 ns, At safepoint: 6100 ns, Total: 129600 ns
[2020-08-24T21:58:06.648+0000][18268][safepoint    ] Safepoint "Cleanup", Time since last: 1910601700 ns, Reaching safepoint: 138200 ns, At safepoint: 1900 ns, Total: 140100 ns
[2020-08-24T21:58:07.648+0000][18268][safepoint    ] Safepoint "Cleanup", Time since last: 1000123600 ns, Reaching safepoint: 118000 ns, At safepoint: 6800 ns, Total: 124800 ns
[2020-08-24T21:58:09.649+0000][18268][safepoint    ] Safepoint "Cleanup", Time since last: 2000149100 ns, Reaching safepoint: 126500 ns, At safepoint: 6900 ns, Total: 133400 ns
[2020-08-24T21:58:10.649+0000][18268][safepoint    ] Safepoint "Cleanup", Time since last: 1000355600 ns, Reaching safepoint: 120900 ns, At safepoint: 2300 ns, Total: 123200 ns
[2020-08-24T21:58:11.649+0000][18268][safepoint    ] Safepoint "Cleanup", Time since last: 1000116100 ns, Reaching safepoint: 108800 ns, At safepoint: 1900 ns, Total: 110700 ns
[2020-08-24T21:58:12.650+0000][18268][safepoint    ] Safepoint "Cleanup", Time since last: 1000387600 ns, Reaching safepoint: 113000 ns, At safepoint: 6800 ns, Total: 119800 ns
[2020-08-24T21:58:14.650+0000][18268][safepoint    ] Safepoint "Cleanup", Time since last: 1999896100 ns, Reaching safepoint: 109000 ns, At safepoint: 1900 ns, Total: 110900 ns
[2020-08-24T21:58:15.650+0000][18268][safepoint    ] Safepoint "Cleanup", Time since last: 1000375800 ns, Reaching safepoint: 109600 ns, At safepoint: 6300 ns, Total: 115900 ns
[2020-08-24T21:58:17.651+0000][18268][safepoint    ] Safepoint "Cleanup", Time since last: 2000351000 ns, Reaching safepoint: 117700 ns, At safepoint: 6000 ns, Total: 123700 ns
[2020-08-24T21:58:18.651+0000][18268][safepoint    ] Safepoint "Cleanup", Time since last: 1000106400 ns, Reaching safepoint: 115600 ns, At safepoint: 2000 ns, Total: 117600 ns
[2020-08-24T21:58:19.651+0000][18268][safepoint    ] Safepoint "Cleanup", Time since last: 1000182400 ns, Reaching safepoint: 115200 ns, At safepoint: 6600 ns, Total: 121800 ns
[2020-08-24T21:58:20.651+0000][18268][safepoint    ] Safepoint "Cleanup", Time since last: 1000038900 ns, Reaching safepoint: 102700 ns, At safepoint: 1900 ns, Total: 104600 ns
[2020-08-24T21:58:22.652+0000][18268][safepoint    ] Safepoint "Cleanup", Time since last: 2000240300 ns, Reaching safepoint: 115300 ns, At safepoint: 1900 ns, Total: 117200 ns
[2020-08-24T21:58:23.652+0000][18268][safepoint    ] Safepoint "Cleanup", Time since last: 1000381700 ns, Reaching safepoint: 156500 ns, At safepoint: 7300 ns, Total: 163800 ns
[2020-08-24T21:58:25.653+0000][18268][safepoint    ] Safepoint "Cleanup", Time since last: 2000095700 ns, Reaching safepoint: 145100 ns, At safepoint: 6400 ns, Total: 151500 ns
[2020-08-24T21:58:26.653+0000][18268][safepoint    ] Safepoint "Cleanup", Time since last: 1000086600 ns, Reaching safepoint: 98000 ns, At safepoint: 1800 ns, Total: 99800 ns
[2020-08-24T21:58:28.653+0000][18268][safepoint    ] Safepoint "Cleanup", Time since last: 1999962800 ns, Reaching safepoint: 127500 ns, At safepoint: 7000 ns, Total: 134500 ns
[2020-08-24T21:58:29.653+0000][18268][safepoint    ] Safepoint "Cleanup", Time since last: 1000058800 ns, Reaching safepoint: 116300 ns, At safepoint: 7100 ns, Total: 123400 ns
[2020-08-24T21:58:30.653+0000][18268][safepoint    ] Safepoint "Cleanup", Time since last: 1000182000 ns, Reaching safepoint: 113800 ns, At safepoint: 2700 ns, Total: 116500 ns
[2020-08-24T21:58:31.654+0000][18268][safepoint    ] Safepoint "Cleanup", Time since last: 1000284800 ns, Reaching safepoint: 120700 ns, At safepoint: 2100 ns, Total: 122800 ns
[2020-08-24T21:58:32.654+0000][18268][safepoint    ] Safepoint "Cleanup", Time since last: 1000144000 ns, Reaching safepoint: 104900 ns, At safepoint: 6800 ns, Total: 111700 ns
[2020-08-24T21:58:33.654+0000][18268][safepoint    ] Safepoint "Cleanup", Time since last: 1000169100 ns, Reaching safepoint: 107700 ns, At safepoint: 1900 ns, Total: 109600 ns
[2020-08-24T21:58:34.655+0000][18268][safepoint    ] Safepoint "Cleanup", Time since last: 1000368000 ns, Reaching safepoint: 125200 ns, At safepoint: 2100 ns, Total: 127300 ns
[2020-08-24T21:58:36.655+0000][18268][safepoint    ] Safepoint "Cleanup", Time since last: 1999905400 ns, Reaching safepoint: 107700 ns, At safepoint: 1800 ns, Total: 109500 ns
[2020-08-24T21:58:37.655+0000][18268][safepoint    ] Safepoint "Cleanup", Time since last: 1000368100 ns, Reaching safepoint: 105500 ns, At safepoint: 6500 ns, Total: 112000 ns
[2020-08-24T21:58:39.656+0000][18268][safepoint    ] Safepoint "Cleanup", Time since last: 2000385700 ns, Reaching safepoint: 104400 ns, At safepoint: 6400 ns, Total: 110800 ns
[2020-08-24T21:58:41.656+0000][18268][safepoint    ] Safepoint "Cleanup", Time since last: 2000142800 ns, Reaching safepoint: 125400 ns, At safepoint: 6400 ns, Total: 131800 ns
[2020-08-24T21:58:42.656+0000][18268][safepoint    ] Safepoint "Cleanup", Time since last: 1000143100 ns, Reaching safepoint: 112900 ns, At safepoint: 1900 ns, Total: 114800 ns
[2020-08-24T21:58:43.657+0000][18268][safepoint    ] Safepoint "Cleanup", Time since last: 1000352100 ns, Reaching safepoint: 123300 ns, At safepoint: 2100 ns, Total: 125400 ns
[2020-08-24T21:58:45.657+0000][18268][safepoint    ] Safepoint "Cleanup", Time since last: 2000378400 ns, Reaching safepoint: 112800 ns, At safepoint: 7000 ns, Total: 119800 ns
[2020-08-24T21:58:47.658+0000][18268][safepoint    ] Safepoint "Cleanup", Time since last: 2000384300 ns, Reaching safepoint: 120900 ns, At safepoint: 2000 ns, Total: 122900 ns
[2020-08-24T21:58:48.658+0000][18268][safepoint    ] Safepoint "Cleanup", Time since last: 1000373000 ns, Reaching safepoint: 109100 ns, At safepoint: 1800 ns, Total: 110900 ns
[2020-08-24T21:58:50.658+0000][18268][safepoint    ] Safepoint "Cleanup", Time since last: 1999902300 ns, Reaching safepoint: 104500 ns, At safepoint: 1700 ns, Total: 106200 ns
[2020-08-24T21:58:51.659+0000][18268][safepoint    ] Safepoint "Cleanup", Time since last: 1000363600 ns, Reaching safepoint: 112000 ns, At safepoint: 6800 ns, Total: 118800 ns
[2020-08-24T21:58:53.659+0000][18268][safepoint    ] Safepoint "Cleanup", Time since last: 2000374100 ns, Reaching safepoint: 119200 ns, At safepoint: 6700 ns, Total: 125900 ns
[2020-08-24T21:58:55.659+0000][18268][safepoint    ] Safepoint "Cleanup", Time since last: 1999934700 ns, Reaching safepoint: 143200 ns, At safepoint: 1800 ns, Total: 145000 ns
[2020-08-24T21:58:56.660+0000][18268][safepoint    ] Safepoint "Cleanup", Time since last: 1000149000 ns, Reaching safepoint: 117300 ns, At safepoint: 6700 ns, Total: 124000 ns
[2020-08-24T21:58:57.660+0000][18268][safepoint    ] Safepoint "Cleanup", Time since last: 1000071900 ns, Reaching safepoint: 129000 ns, At safepoint: 1800 ns, Total: 130800 ns
[2020-08-24T21:58:59.660+0000][18268][safepoint    ] Safepoint "Cleanup", Time since last: 2000317800 ns, Reaching safepoint: 101500 ns, At safepoint: 2000 ns, Total: 103500 ns
[2020-08-24T21:59:01.661+0000][18268][safepoint    ] Safepoint "Cleanup", Time since last: 2000424200 ns, Reaching safepoint: 117900 ns, At safepoint: 7100 ns, Total: 125000 ns
[2020-08-24T21:59:02.661+0000][18268][safepoint    ] Safepoint "Cleanup", Time since last: 1000206300 ns, Reaching safepoint: 112100 ns, At safepoint: 6600 ns, Total: 118700 ns
[2020-08-24T21:59:03.661+0000][18268][safepoint    ] Safepoint "Cleanup", Time since last: 1000005700 ns, Reaching safepoint: 110200 ns, At safepoint: 6600 ns, Total: 116800 ns
[2020-08-24T21:59:05.662+0000][18268][safepoint    ] Safepoint "Cleanup", Time since last: 2000424100 ns, Reaching safepoint: 108700 ns, At safepoint: 1900 ns, Total: 110600 ns
[2020-08-24T21:59:06.662+0000][18268][safepoint    ] Safepoint "Cleanup", Time since last: 1000295300 ns, Reaching safepoint: 127200 ns, At safepoint: 2000 ns, Total: 129200 ns
[2020-08-24T21:59:07.663+0000][18268][safepoint    ] Safepoint "Cleanup", Time since last: 1000181500 ns, Reaching safepoint: 116200 ns, At safepoint: 6700 ns, Total: 122900 ns
[2020-08-24T21:59:08.663+0000][18268][safepoint    ] Safepoint "Cleanup", Time since last: 1000167800 ns, Reaching safepoint: 117200 ns, At safepoint: 6600 ns, Total: 123800 ns
[2020-08-24T21:59:09.663+0000][18268][safepoint    ] Safepoint "Cleanup", Time since last: 1000370800 ns, Reaching safepoint: 120400 ns, At safepoint: 6900 ns, Total: 127300 ns
[2020-08-24T21:59:11.664+0000][18268][safepoint    ] Safepoint "Cleanup", Time since last: 2000380700 ns, Reaching safepoint: 110500 ns, At safepoint: 6600 ns, Total: 117100 ns
[2020-08-24T21:59:12.664+0000][18268][safepoint    ] Safepoint "Cleanup", Time since last: 1000379100 ns, Reaching safepoint: 111000 ns, At safepoint: 6900 ns, Total: 117900 ns
[2020-08-24T21:59:14.664+0000][18268][safepoint    ] Safepoint "Cleanup", Time since last: 1999888200 ns, Reaching safepoint: 98800 ns, At safepoint: 2000 ns, Total: 100800 ns
[2020-08-24T21:59:15.665+0000][18268][safepoint    ] Safepoint "Cleanup", Time since last: 1000382600 ns, Reaching safepoint: 120700 ns, At safepoint: 2100 ns, Total: 122800 ns
[2020-08-24T21:59:17.665+0000][18268][safepoint    ] Safepoint "Cleanup", Time since last: 1999894400 ns, Reaching safepoint: 119500 ns, At safepoint: 1900 ns, Total: 121400 ns
[2020-08-24T21:59:18.665+0000][18268][safepoint    ] Safepoint "Cleanup", Time since last: 1000367000 ns, Reaching safepoint: 120900 ns, At safepoint: 6400 ns, Total: 127300 ns
[2020-08-24T21:59:20.666+0000][18268][safepoint    ] Safepoint "Cleanup", Time since last: 2000375100 ns, Reaching safepoint: 114800 ns, At safepoint: 1800 ns, Total: 116600 ns
[2020-08-24T21:59:21.666+0000][18268][safepoint    ] Safepoint "Cleanup", Time since last: 1000388000 ns, Reaching safepoint: 109400 ns, At safepoint: 6800 ns, Total: 116200 ns
[2020-08-24T21:59:23.667+0000][18268][safepoint    ] Safepoint "Cleanup", Time since last: 2000371500 ns, Reaching safepoint: 104400 ns, At safepoint: 6800 ns, Total: 111200 ns
[2020-08-24T21:59:24.667+0000][18268][safepoint    ] Safepoint "Cleanup", Time since last: 1000334100 ns, Reaching safepoint: 98200 ns, At safepoint: 6300 ns, Total: 104500 ns
[2020-08-24T21:59:26.667+0000][18268][safepoint    ] Safepoint "Cleanup", Time since last: 1999979200 ns, Reaching safepoint: 105200 ns, At safepoint: 1700 ns, Total: 106900 ns
[2020-08-24T21:59:27.668+0000][18268][safepoint    ] Safepoint "Cleanup", Time since last: 1000389500 ns, Reaching safepoint: 99000 ns, At safepoint: 1900 ns, Total: 100900 ns
[2020-08-24T21:59:28.668+0000][18268][safepoint    ] Safepoint "Cleanup", Time since last: 1000363100 ns, Reaching safepoint: 98200 ns, At safepoint: 1800 ns, Total: 100000 ns
[2020-08-24T21:59:29.669+0000][18268][safepoint    ] Safepoint "Cleanup", Time since last: 1000323300 ns, Reaching safepoint: 123600 ns, At safepoint: 2000 ns, Total: 125600 ns
[2020-08-24T21:59:31.669+0000][18268][safepoint    ] Safepoint "Cleanup", Time since last: 2000463300 ns, Reaching safepoint: 112900 ns, At safepoint: 2000 ns, Total: 114900 ns
[2020-08-24T21:59:33.669+0000][18268][safepoint    ] Safepoint "Cleanup", Time since last: 1999893000 ns, Reaching safepoint: 106700 ns, At safepoint: 6300 ns, Total: 113000 ns
[2020-08-24T21:59:35.669+0000][18268][safepoint    ] Safepoint "Cleanup", Time since last: 2000031100 ns, Reaching safepoint: 103300 ns, At safepoint: 1900 ns, Total: 105200 ns
[2020-08-24T21:59:36.670+0000][18268][safepoint    ] Safepoint "Cleanup", Time since last: 1000197200 ns, Reaching safepoint: 133500 ns, At safepoint: 6500 ns, Total: 140000 ns
[2020-08-24T21:59:37.670+0000][18268][safepoint    ] Safepoint "Cleanup", Time since last: 1000165800 ns, Reaching safepoint: 114400 ns, At safepoint: 6300 ns, Total: 120700 ns
[2020-08-24T21:59:38.670+0000][18268][safepoint    ] Safepoint "Cleanup", Time since last: 1000113100 ns, Reaching safepoint: 109000 ns, At safepoint: 6600 ns, Total: 115600 ns
[2020-08-24T21:59:40.671+0000][18268][safepoint    ] Safepoint "Cleanup", Time since last: 2000376600 ns, Reaching safepoint: 111700 ns, At safepoint: 6200 ns, Total: 117900 ns
[2020-08-24T21:59:42.671+0000][18268][safepoint    ] Safepoint "Cleanup", Time since last: 1999900500 ns, Reaching safepoint: 105400 ns, At safepoint: 7300 ns, Total: 112700 ns
[2020-08-24T21:59:44.671+0000][18268][safepoint    ] Safepoint "Cleanup", Time since last: 2000298100 ns, Reaching safepoint: 112600 ns, At safepoint: 6100 ns, Total: 118700 ns
[2020-08-24T21:59:46.671+0000][18268][safepoint    ] Safepoint "Cleanup", Time since last: 1999974500 ns, Reaching safepoint: 109600 ns, At safepoint: 1800 ns, Total: 111400 ns
[2020-08-24T21:59:47.672+0000][18268][safepoint    ] Safepoint "Cleanup", Time since last: 1000373900 ns, Reaching safepoint: 115100 ns, At safepoint: 6500 ns, Total: 121600 ns
[2020-08-24T21:59:49.672+0000][18268][safepoint    ] Safepoint "Cleanup", Time since last: 1999921200 ns, Reaching safepoint: 115500 ns, At safepoint: 6900 ns, Total: 122400 ns
[2020-08-24T21:59:50.672+0000][18268][safepoint    ] Safepoint "Cleanup", Time since last: 1000346900 ns, Reaching safepoint: 112300 ns, At safepoint: 6500 ns, Total: 118800 ns
[2020-08-24T21:59:51.673+0000][18268][safepoint    ] Safepoint "Cleanup", Time since last: 1000267000 ns, Reaching safepoint: 119700 ns, At safepoint: 7000 ns, Total: 126700 ns
[2020-08-24T21:59:53.673+0000][18268][safepoint    ] Safepoint "Cleanup", Time since last: 2000314500 ns, Reaching safepoint: 111600 ns, At safepoint: 2100 ns, Total: 113700 ns
[2020-08-24T21:59:54.673+0000][18268][safepoint    ] Safepoint "Cleanup", Time since last: 1000071200 ns, Reaching safepoint: 106800 ns, At safepoint: 1800 ns, Total: 108600 ns
[2020-08-24T21:59:55.674+0000][18268][safepoint    ] Safepoint "Cleanup", Time since last: 1000378300 ns, Reaching safepoint: 100400 ns, At safepoint: 1800 ns, Total: 102200 ns
[2020-08-24T21:59:56.674+0000][18268][safepoint    ] Safepoint "Cleanup", Time since last: 1000395000 ns, Reaching safepoint: 108100 ns, At safepoint: 6700 ns, Total: 114800 ns
[2020-08-24T21:59:57.675+0000][18268][safepoint    ] Safepoint "Cleanup", Time since last: 1000377400 ns, Reaching safepoint: 103300 ns, At safepoint: 1800 ns, Total: 105100 ns
[2020-08-24T21:59:58.675+0000][18268][safepoint    ] Safepoint "Cleanup", Time since last: 1000219900 ns, Reaching safepoint: 131100 ns, At safepoint: 2100 ns, Total: 133200 ns
[2020-08-24T21:59:59.675+0000][18268][safepoint    ] Safepoint "Cleanup", Time since last: 1000054900 ns, Reaching safepoint: 113900 ns, At safepoint: 1800 ns, Total: 115700 ns
[2020-08-24T22:00:00.676+0000][18268][safepoint    ] Safepoint "Cleanup", Time since last: 1000384700 ns, Reaching safepoint: 143000 ns, At safepoint: 6700 ns, Total: 149700 ns
[2020-08-24T22:00:02.676+0000][18268][safepoint    ] Safepoint "Cleanup", Time since last: 2000258400 ns, Reaching safepoint: 143200 ns, At safepoint: 2200 ns, Total: 145400 ns
[2020-08-24T22:00:03.677+0000][18268][safepoint    ] Safepoint "Cleanup", Time since last: 1000164000 ns, Reaching safepoint: 119000 ns, At safepoint: 2000 ns, Total: 121000 ns
[2020-08-24T22:00:04.677+0000][18268][safepoint    ] Safepoint "Cleanup", Time since last: 1000182600 ns, Reaching safepoint: 110400 ns, At safepoint: 1900 ns, Total: 112300 ns
[2020-08-24T22:00:05.677+0000][18268][safepoint    ] Safepoint "Cleanup", Time since last: 1000371100 ns, Reaching safepoint: 112100 ns, At safepoint: 6600 ns, Total: 118700 ns
[2020-08-24T22:00:06.678+0000][18268][safepoint    ] Safepoint "Cleanup", Time since last: 1000372600 ns, Reaching safepoint: 121100 ns, At safepoint: 6800 ns, Total: 127900 ns
[2020-08-24T22:00:08.678+0000][18268][safepoint    ] Safepoint "Cleanup", Time since last: 2000412900 ns, Reaching safepoint: 105900 ns, At safepoint: 1800 ns, Total: 107700 ns
[2020-08-24T22:00:09.679+0000][18268][safepoint    ] Safepoint "Cleanup", Time since last: 1000143500 ns, Reaching safepoint: 115700 ns, At safepoint: 7000 ns, Total: 122700 ns
[2020-08-24T22:00:11.679+0000][18268][safepoint    ] Safepoint "Cleanup", Time since last: 2000086200 ns, Reaching safepoint: 120600 ns, At safepoint: 1900 ns, Total: 122500 ns
[2020-08-24T22:00:12.679+0000][18268][safepoint    ] Safepoint "Cleanup", Time since last: 1000374600 ns, Reaching safepoint: 113000 ns, At safepoint: 6600 ns, Total: 119600 ns
[2020-08-24T22:00:14.680+0000][18268][safepoint    ] Safepoint "Cleanup", Time since last: 2000139500 ns, Reaching safepoint: 120700 ns, At safepoint: 2000 ns, Total: 122700 ns
[2020-08-24T22:00:15.680+0000][18268][safepoint    ] Safepoint "Cleanup", Time since last: 1000112000 ns, Reaching safepoint: 110400 ns, At safepoint: 2500 ns, Total: 112900 ns
[2020-08-24T22:00:17.680+0000][18268][safepoint    ] Safepoint "Cleanup", Time since last: 2000392100 ns, Reaching safepoint: 129900 ns, At safepoint: 2100 ns, Total: 132000 ns
[2020-08-24T22:00:19.681+0000][18268][safepoint    ] Safepoint "Cleanup", Time since last: 2000365100 ns, Reaching safepoint: 106500 ns, At safepoint: 6800 ns, Total: 113300 ns
[2020-08-24T22:00:21.681+0000][18268][safepoint    ] Safepoint "Cleanup", Time since last: 2000399000 ns, Reaching safepoint: 108100 ns, At safepoint: 6700 ns, Total: 114800 ns
[2020-08-24T22:00:22.682+0000][18268][safepoint    ] Safepoint "Cleanup", Time since last: 1000173200 ns, Reaching safepoint: 104700 ns, At safepoint: 2000 ns, Total: 106700 ns
[2020-08-24T22:00:23.682+0000][18268][safepoint    ] Safepoint "Cleanup", Time since last: 1000109600 ns, Reaching safepoint: 107200 ns, At safepoint: 1900 ns, Total: 109100 ns
[2020-08-24T22:00:24.682+0000][18268][safepoint    ] Safepoint "Cleanup", Time since last: 1000359400 ns, Reaching safepoint: 108600 ns, At safepoint: 6200 ns, Total: 114800 ns
[2020-08-24T22:00:26.682+0000][18268][safepoint    ] Safepoint "Cleanup", Time since last: 1999909200 ns, Reaching safepoint: 122400 ns, At safepoint: 2000 ns, Total: 124400 ns
[2020-08-24T22:00:27.683+0000][18268][safepoint    ] Safepoint "Cleanup", Time since last: 1000375600 ns, Reaching safepoint: 122000 ns, At safepoint: 1700 ns, Total: 123700 ns
[2020-08-24T22:00:29.683+0000][18268][safepoint    ] Safepoint "Cleanup", Time since last: 2000376200 ns, Reaching safepoint: 109500 ns, At safepoint: 6500 ns, Total: 116000 ns
[2020-08-24T22:00:30.684+0000][18268][safepoint    ] Safepoint "Cleanup", Time since last: 1000378900 ns, Reaching safepoint: 101100 ns, At safepoint: 2000 ns, Total: 103100 ns
[2020-08-24T22:00:32.684+0000][18268][safepoint    ] Safepoint "Cleanup", Time since last: 2000394000 ns, Reaching safepoint: 108400 ns, At safepoint: 6400 ns, Total: 114800 ns
[2020-08-24T22:00:34.685+0000][18268][safepoint    ] Safepoint "Cleanup", Time since last: 2000151600 ns, Reaching safepoint: 99100 ns, At safepoint: 6200 ns, Total: 105300 ns
[2020-08-24T22:00:35.685+0000][18268][safepoint    ] Safepoint "Cleanup", Time since last: 1000132200 ns, Reaching safepoint: 99400 ns, At safepoint: 5600 ns, Total: 105000 ns
[2020-08-24T22:00:37.685+0000][18268][safepoint    ] Safepoint "Cleanup", Time since last: 2000396500 ns, Reaching safepoint: 107800 ns, At safepoint: 6500 ns, Total: 114300 ns
[2020-08-24T22:00:39.685+0000][18268][safepoint    ] Safepoint "Cleanup", Time since last: 2000004100 ns, Reaching safepoint: 117900 ns, At safepoint: 2100 ns, Total: 120000 ns
[2020-08-24T22:00:40.686+0000][18268][safepoint    ] Safepoint "Cleanup", Time since last: 1000257900 ns, Reaching safepoint: 103100 ns, At safepoint: 2200 ns, Total: 105300 ns
[2020-08-24T22:00:41.686+0000][18268][safepoint    ] Safepoint "Cleanup", Time since last: 1000396600 ns, Reaching safepoint: 106800 ns, At safepoint: 6700 ns, Total: 113500 ns
[2020-08-24T22:00:43.687+0000][18268][safepoint    ] Safepoint "Cleanup", Time since last: 2000394300 ns, Reaching safepoint: 117600 ns, At safepoint: 1800 ns, Total: 119400 ns
[2020-08-24T22:00:45.687+0000][18268][safepoint    ] Safepoint "Cleanup", Time since last: 2000378000 ns, Reaching safepoint: 110500 ns, At safepoint: 6400 ns, Total: 116900 ns
[2020-08-24T22:00:46.688+0000][18268][safepoint    ] Safepoint "Cleanup", Time since last: 1000393100 ns, Reaching safepoint: 130700 ns, At safepoint: 6500 ns, Total: 137200 ns
[2020-08-24T22:00:47.688+0000][18268][safepoint    ] Safepoint "Cleanup", Time since last: 1000321600 ns, Reaching safepoint: 130400 ns, At safepoint: 6900 ns, Total: 137300 ns
[2020-08-24T22:00:49.689+0000][18268][safepoint    ] Safepoint "Cleanup", Time since last: 2000390600 ns, Reaching safepoint: 133200 ns, At safepoint: 6900 ns, Total: 140100 ns
[2020-08-24T22:00:51.689+0000][18268][safepoint    ] Safepoint "Cleanup", Time since last: 1999922000 ns, Reaching safepoint: 115000 ns, At safepoint: 2000 ns, Total: 117000 ns
[2020-08-24T22:00:52.689+0000][18268][safepoint    ] Safepoint "Cleanup", Time since last: 1000362000 ns, Reaching safepoint: 111900 ns, At safepoint: 7000 ns, Total: 118900 ns
[2020-08-24T22:00:53.690+0000][18268][safepoint    ] Safepoint "Cleanup", Time since last: 1000329800 ns, Reaching safepoint: 109400 ns, At safepoint: 1900 ns, Total: 111300 ns
[2020-08-24T22:00:55.690+0000][18268][safepoint    ] Safepoint "Cleanup", Time since last: 1999901600 ns, Reaching safepoint: 119300 ns, At safepoint: 1800 ns, Total: 121100 ns
[2020-08-24T22:00:57.690+0000][18268][safepoint    ] Safepoint "Cleanup", Time since last: 2000374000 ns, Reaching safepoint: 111300 ns, At safepoint: 2000 ns, Total: 113300 ns
[2020-08-24T22:00:59.690+0000][18268][safepoint    ] Safepoint "Cleanup", Time since last: 1999924900 ns, Reaching safepoint: 108700 ns, At safepoint: 6900 ns, Total: 115600 ns
[2020-08-24T22:01:00.691+0000][18268][safepoint    ] Safepoint "Cleanup", Time since last: 1000357200 ns, Reaching safepoint: 115400 ns, At safepoint: 1800 ns, Total: 117200 ns
[2020-08-24T22:01:02.691+0000][18268][safepoint    ] Safepoint "Cleanup", Time since last: 2000231700 ns, Reaching safepoint: 103700 ns, At safepoint: 1900 ns, Total: 105600 ns
[2020-08-24T22:01:03.691+0000][18268][safepoint    ] Safepoint "Cleanup", Time since last: 1000034400 ns, Reaching safepoint: 113600 ns, At safepoint: 7300 ns, Total: 120900 ns
[2020-08-24T22:01:05.692+0000][18268][safepoint    ] Safepoint "Cleanup", Time since last: 2000207300 ns, Reaching safepoint: 111800 ns, At safepoint: 6900 ns, Total: 118700 ns
[2020-08-24T22:01:06.692+0000][18268][safepoint    ] Safepoint "Cleanup", Time since last: 1000188300 ns, Reaching safepoint: 112000 ns, At safepoint: 7400 ns, Total: 119400 ns
[2020-08-24T22:01:07.692+0000][18268][safepoint    ] Safepoint "Cleanup", Time since last: 1000183400 ns, Reaching safepoint: 124400 ns, At safepoint: 6700 ns, Total: 131100 ns
[2020-08-24T22:01:08.692+0000][18268][safepoint    ] Safepoint "Cleanup", Time since last: 1000102100 ns, Reaching safepoint: 111700 ns, At safepoint: 6600 ns, Total: 118300 ns
[2020-08-24T22:01:09.693+0000][18268][safepoint    ] Safepoint "Cleanup", Time since last: 1000212700 ns, Reaching safepoint: 122400 ns, At safepoint: 2000 ns, Total: 124400 ns
[2020-08-24T22:01:10.693+0000][18268][safepoint    ] Safepoint "Cleanup", Time since last: 1000321900 ns, Reaching safepoint: 109700 ns, At safepoint: 1800 ns, Total: 111500 ns
[2020-08-24T22:01:12.693+0000][18268][safepoint    ] Safepoint "Cleanup", Time since last: 2000028500 ns, Reaching safepoint: 117600 ns, At safepoint: 6500 ns, Total: 124100 ns
[2020-08-24T22:01:14.694+0000][18268][safepoint    ] Safepoint "Cleanup", Time since last: 2000282700 ns, Reaching safepoint: 113800 ns, At safepoint: 1800 ns, Total: 115600 ns
[2020-08-24T22:01:15.694+0000][18268][safepoint    ] Safepoint "Cleanup", Time since last: 1000209800 ns, Reaching safepoint: 107400 ns, At safepoint: 2000 ns, Total: 109400 ns
[2020-08-24T22:01:16.695+0000][18268][safepoint    ] Safepoint "Cleanup", Time since last: 1000318700 ns, Reaching safepoint: 129600 ns, At safepoint: 6700 ns, Total: 136300 ns
[2020-08-24T22:01:17.695+0000][18268][safepoint    ] Safepoint "Cleanup", Time since last: 1000113700 ns, Reaching safepoint: 104200 ns, At safepoint: 1800 ns, Total: 106000 ns
[2020-08-24T22:01:18.695+0000][18268][safepoint    ] Safepoint "Cleanup", Time since last: 1000015400 ns, Reaching safepoint: 105300 ns, At safepoint: 6600 ns, Total: 111900 ns
[2020-08-24T22:01:19.695+0000][18268][safepoint    ] Safepoint "Cleanup", Time since last: 1000381100 ns, Reaching safepoint: 103700 ns, At safepoint: 6700 ns, Total: 110400 ns
[2020-08-24T22:01:20.696+0000][18268][safepoint    ] Safepoint "Cleanup", Time since last: 1000284600 ns, Reaching safepoint: 105700 ns, At safepoint: 1900 ns, Total: 107600 ns
[2020-08-24T22:01:21.696+0000][18268][safepoint    ] Safepoint "Cleanup", Time since last: 1000234900 ns, Reaching safepoint: 117700 ns, At safepoint: 2100 ns, Total: 119800 ns
[2020-08-24T22:01:22.696+0000][18268][safepoint    ] Safepoint "Cleanup", Time since last: 1000100500 ns, Reaching safepoint: 120000 ns, At safepoint: 2000 ns, Total: 122000 ns
[2020-08-24T22:01:23.697+0000][18268][safepoint    ] Safepoint "Cleanup", Time since last: 1000151800 ns, Reaching safepoint: 106600 ns, At safepoint: 2200 ns, Total: 108800 ns
[2020-08-24T22:01:24.697+0000][18268][safepoint    ] Safepoint "Cleanup", Time since last: 1000303200 ns, Reaching safepoint: 107000 ns, At safepoint: 6700 ns, Total: 113700 ns
[2020-08-24T22:01:25.698+0000][18268][safepoint    ] Safepoint "Cleanup", Time since last: 1000325700 ns, Reaching safepoint: 121000 ns, At safepoint: 6800 ns, Total: 127800 ns
[2020-08-24T22:01:26.698+0000][18268][safepoint    ] Safepoint "Cleanup", Time since last: 1000181100 ns, Reaching safepoint: 104600 ns, At safepoint: 1800 ns, Total: 106400 ns
[2020-08-24T22:01:27.698+0000][18268][safepoint    ] Safepoint "Cleanup", Time since last: 1000389000 ns, Reaching safepoint: 114100 ns, At safepoint: 2600 ns, Total: 116700 ns
[2020-08-24T22:01:28.699+0000][18268][safepoint    ] Safepoint "Cleanup", Time since last: 1000386700 ns, Reaching safepoint: 102300 ns, At safepoint: 2000 ns, Total: 104300 ns
[2020-08-24T22:01:30.699+0000][18268][safepoint    ] Safepoint "Cleanup", Time since last: 1999907000 ns, Reaching safepoint: 105400 ns, At safepoint: 1800 ns, Total: 107200 ns
[2020-08-24T22:01:31.699+0000][18268][safepoint    ] Safepoint "Cleanup", Time since last: 1000376400 ns, Reaching safepoint: 105700 ns, At safepoint: 6700 ns, Total: 112400 ns
[2020-08-24T22:01:33.700+0000][18268][safepoint    ] Safepoint "Cleanup", Time since last: 2000389100 ns, Reaching safepoint: 104600 ns, At safepoint: 1800 ns, Total: 106400 ns
[2020-08-24T22:01:35.700+0000][18268][safepoint    ] Safepoint "Cleanup", Time since last: 2000392800 ns, Reaching safepoint: 128800 ns, At safepoint: 6200 ns, Total: 135000 ns
[2020-08-24T22:01:36.750+0000][18268][safepoint    ] Safepoint "Cleanup", Time since last: 1049619800 ns, Reaching safepoint: 97900 ns, At safepoint: 1900 ns, Total: 99800 ns
[2020-08-24T22:01:37.751+0000][18268][safepoint    ] Safepoint "Cleanup", Time since last: 1000585800 ns, Reaching safepoint: 115800 ns, At safepoint: 2100 ns, Total: 117900 ns
[2020-08-24T22:01:39.751+0000][18268][safepoint    ] Safepoint "Cleanup", Time since last: 2000451000 ns, Reaching safepoint: 115300 ns, At safepoint: 6200 ns, Total: 121500 ns
[2020-08-24T22:01:41.752+0000][18268][safepoint    ] Safepoint "Cleanup", Time since last: 2000370500 ns, Reaching safepoint: 108700 ns, At safepoint: 6300 ns, Total: 115000 ns
[2020-08-24T22:01:42.752+0000][18268][safepoint    ] Safepoint "Cleanup", Time since last: 1000356700 ns, Reaching safepoint: 105200 ns, At safepoint: 6500 ns, Total: 111700 ns
[2020-08-24T22:01:43.753+0000][18268][safepoint    ] Safepoint "Cleanup", Time since last: 1000396300 ns, Reaching safepoint: 118100 ns, At safepoint: 1800 ns, Total: 119900 ns
[2020-08-24T22:01:45.753+0000][18268][safepoint    ] Safepoint "Cleanup", Time since last: 1999910400 ns, Reaching safepoint: 134900 ns, At safepoint: 2300 ns, Total: 137200 ns
[2020-08-24T22:01:46.753+0000][18268][safepoint    ] Safepoint "Cleanup", Time since last: 1000326200 ns, Reaching safepoint: 114400 ns, At safepoint: 6400 ns, Total: 120800 ns
[2020-08-24T22:01:48.754+0000][18268][safepoint    ] Safepoint "Cleanup", Time since last: 2000162200 ns, Reaching safepoint: 108100 ns, At safepoint: 6800 ns, Total: 114900 ns
[2020-08-24T22:01:49.754+0000][18268][safepoint    ] Safepoint "Cleanup", Time since last: 1000128900 ns, Reaching safepoint: 116400 ns, At safepoint: 7300 ns, Total: 123700 ns
[2020-08-24T22:01:51.754+0000][18268][safepoint    ] Safepoint "Cleanup", Time since last: 1999885300 ns, Reaching safepoint: 122300 ns, At safepoint: 6300 ns, Total: 128600 ns
[2020-08-24T22:01:52.754+0000][18268][safepoint    ] Safepoint "Cleanup", Time since last: 1000373700 ns, Reaching safepoint: 112900 ns, At safepoint: 5900 ns, Total: 118800 ns
[2020-08-24T22:01:54.755+0000][18268][safepoint    ] Safepoint "Cleanup", Time since last: 2000122300 ns, Reaching safepoint: 123100 ns, At safepoint: 7400 ns, Total: 130500 ns
[2020-08-24T22:01:55.755+0000][18268][safepoint    ] Safepoint "Cleanup", Time since last: 1000117500 ns, Reaching safepoint: 107300 ns, At safepoint: 2100 ns, Total: 109400 ns
[2020-08-24T22:01:56.755+0000][18268][safepoint    ] Safepoint "Cleanup", Time since last: 1000084100 ns, Reaching safepoint: 132400 ns, At safepoint: 2200 ns, Total: 134600 ns
[2020-08-24T22:01:58.755+0000][18268][safepoint    ] Safepoint "Cleanup", Time since last: 1999928600 ns, Reaching safepoint: 123800 ns, At safepoint: 6000 ns, Total: 129800 ns
[2020-08-24T22:01:59.755+0000][18268][safepoint    ] Safepoint "Cleanup", Time since last: 1000139900 ns, Reaching safepoint: 136800 ns, At safepoint: 6400 ns, Total: 143200 ns
[2020-08-24T22:02:00.756+0000][18268][safepoint    ] Safepoint "Cleanup", Time since last: 1000345100 ns, Reaching safepoint: 99800 ns, At safepoint: 6500 ns, Total: 106300 ns
[2020-08-24T22:02:01.756+0000][18268][safepoint    ] Safepoint "Cleanup", Time since last: 1000384700 ns, Reaching safepoint: 104800 ns, At safepoint: 6500 ns, Total: 111300 ns
[2020-08-24T22:02:02.757+0000][18268][safepoint    ] Safepoint "Cleanup", Time since last: 1000279000 ns, Reaching safepoint: 118000 ns, At safepoint: 6600 ns, Total: 124600 ns
[2020-08-24T22:02:04.757+0000][18268][safepoint    ] Safepoint "Cleanup", Time since last: 1999981400 ns, Reaching safepoint: 143400 ns, At safepoint: 6700 ns, Total: 150100 ns
[2020-08-24T22:02:06.757+0000][18268][safepoint    ] Safepoint "Cleanup", Time since last: 2000352200 ns, Reaching safepoint: 109200 ns, At safepoint: 7300 ns, Total: 116500 ns
[2020-08-24T22:02:08.758+0000][18268][safepoint    ] Safepoint "Cleanup", Time since last: 2000069400 ns, Reaching safepoint: 107400 ns, At safepoint: 1800 ns, Total: 109200 ns
[2020-08-24T22:02:09.758+0000][18268][safepoint    ] Safepoint "Cleanup", Time since last: 1000211300 ns, Reaching safepoint: 114600 ns, At safepoint: 6400 ns, Total: 121000 ns
[2020-08-24T22:02:11.758+0000][18268][safepoint    ] Safepoint "Cleanup", Time since last: 2000388500 ns, Reaching safepoint: 108300 ns, At safepoint: 6500 ns, Total: 114800 ns
[2020-08-24T22:02:12.759+0000][18268][safepoint    ] Safepoint "Cleanup", Time since last: 1000313400 ns, Reaching safepoint: 112000 ns, At safepoint: 1800 ns, Total: 113800 ns
[2020-08-24T22:02:14.759+0000][18268][safepoint    ] Safepoint "Cleanup", Time since last: 2000272600 ns, Reaching safepoint: 117500 ns, At safepoint: 6400 ns, Total: 123900 ns
[2020-08-24T22:02:15.759+0000][18268][safepoint    ] Safepoint "Cleanup", Time since last: 1000020000 ns, Reaching safepoint: 119600 ns, At safepoint: 6500 ns, Total: 126100 ns
[2020-08-24T22:02:17.760+0000][18268][safepoint    ] Safepoint "Cleanup", Time since last: 2000385900 ns, Reaching safepoint: 117100 ns, At safepoint: 6200 ns, Total: 123300 ns
[2020-08-24T22:02:18.760+0000][18268][safepoint    ] Safepoint "Cleanup", Time since last: 1000300800 ns, Reaching safepoint: 110200 ns, At safepoint: 2100 ns, Total: 112300 ns
[2020-08-24T22:02:19.761+0000][18268][safepoint    ] Safepoint "Cleanup", Time since last: 1000304900 ns, Reaching safepoint: 112300 ns, At safepoint: 2100 ns, Total: 114400 ns
[2020-08-24T22:02:20.761+0000][18268][safepoint    ] Safepoint "Cleanup", Time since last: 1000074400 ns, Reaching safepoint: 100300 ns, At safepoint: 1900 ns, Total: 102200 ns
[2020-08-24T22:02:21.761+0000][18268][safepoint    ] Safepoint "Cleanup", Time since last: 1000358100 ns, Reaching safepoint: 98400 ns, At safepoint: 2000 ns, Total: 100400 ns
[2020-08-24T22:02:23.761+0000][18268][safepoint    ] Safepoint "Cleanup", Time since last: 1999925900 ns, Reaching safepoint: 115300 ns, At safepoint: 6500 ns, Total: 121800 ns
[2020-08-24T22:02:24.762+0000][18268][safepoint    ] Safepoint "Cleanup", Time since last: 1000170000 ns, Reaching safepoint: 109200 ns, At safepoint: 6200 ns, Total: 115400 ns
[2020-08-24T22:02:25.762+0000][18268][safepoint    ] Safepoint "Cleanup", Time since last: 1000078700 ns, Reaching safepoint: 104300 ns, At safepoint: 1900 ns, Total: 106200 ns
[2020-08-24T22:02:26.762+0000][18268][safepoint    ] Safepoint "Cleanup", Time since last: 1000380300 ns, Reaching safepoint: 127900 ns, At safepoint: 7700 ns, Total: 135600 ns
[2020-08-24T22:02:27.763+0000][18268][safepoint    ] Safepoint "Cleanup", Time since last: 1000069800 ns, Reaching safepoint: 102500 ns, At safepoint: 1800 ns, Total: 104300 ns
[2020-08-24T22:02:28.763+0000][18268][safepoint    ] Safepoint "Cleanup", Time since last: 1000220300 ns, Reaching safepoint: 104100 ns, At safepoint: 2000 ns, Total: 106100 ns
[2020-08-24T22:02:29.763+0000][18268][safepoint    ] Safepoint "Cleanup", Time since last: 1000261900 ns, Reaching safepoint: 106500 ns, At safepoint: 2000 ns, Total: 108500 ns
[2020-08-24T22:02:30.763+0000][18268][safepoint    ] Safepoint "Cleanup", Time since last: 1000017100 ns, Reaching safepoint: 113600 ns, At safepoint: 2200 ns, Total: 115800 ns
[2020-08-24T22:02:31.764+0000][18268][safepoint    ] Safepoint "Cleanup", Time since last: 1000385000 ns, Reaching safepoint: 115800 ns, At safepoint: 2100 ns, Total: 117900 ns
[2020-08-24T22:02:32.764+0000][18268][safepoint    ] Safepoint "Cleanup", Time since last: 1000364700 ns, Reaching safepoint: 142000 ns, At safepoint: 6500 ns, Total: 148500 ns
[2020-08-24T22:02:34.764+0000][18268][safepoint    ] Safepoint "Cleanup", Time since last: 1999867500 ns, Reaching safepoint: 107500 ns, At safepoint: 2000 ns, Total: 109500 ns
[2020-08-24T22:02:35.765+0000][18268][safepoint    ] Safepoint "Cleanup", Time since last: 1000150100 ns, Reaching safepoint: 104200 ns, At safepoint: 5200 ns, Total: 109400 ns
[2020-08-24T22:02:36.765+0000][18268][safepoint    ] Safepoint "Cleanup", Time since last: 1000140000 ns, Reaching safepoint: 106000 ns, At safepoint: 2200 ns, Total: 108200 ns
[2020-08-24T22:02:37.765+0000][18268][safepoint    ] Safepoint "Cleanup", Time since last: 1000361400 ns, Reaching safepoint: 103200 ns, At safepoint: 6500 ns, Total: 109700 ns
[2020-08-24T22:02:39.765+0000][18268][safepoint    ] Safepoint "Cleanup", Time since last: 1999907600 ns, Reaching safepoint: 99900 ns, At safepoint: 6500 ns, Total: 106400 ns
[2020-08-24T22:02:41.766+0000][18268][safepoint    ] Safepoint "Cleanup", Time since last: 2000394500 ns, Reaching safepoint: 138100 ns, At safepoint: 6700 ns, Total: 144800 ns
[2020-08-24T22:02:42.766+0000][18268][safepoint    ] Safepoint "Cleanup", Time since last: 1000353300 ns, Reaching safepoint: 112600 ns, At safepoint: 1800 ns, Total: 114400 ns
[2020-08-24T22:02:43.767+0000][18268][safepoint    ] Safepoint "Cleanup", Time since last: 1000371800 ns, Reaching safepoint: 100700 ns, At safepoint: 6400 ns, Total: 107100 ns
[2020-08-24T22:02:45.767+0000][18268][safepoint    ] Safepoint "Cleanup", Time since last: 1999948300 ns, Reaching safepoint: 108100 ns, At safepoint: 1900 ns, Total: 110000 ns
[2020-08-24T22:02:46.767+0000][18268][safepoint    ] Safepoint "Cleanup", Time since last: 1000349100 ns, Reaching safepoint: 104700 ns, At safepoint: 2100 ns, Total: 106800 ns
[2020-08-24T22:02:47.768+0000][18268][safepoint    ] Safepoint "Cleanup", Time since last: 1000379900 ns, Reaching safepoint: 108400 ns, At safepoint: 6800 ns, Total: 115200 ns
[2020-08-24T22:02:49.768+0000][18268][safepoint    ] Safepoint "Cleanup", Time since last: 2000381700 ns, Reaching safepoint: 110700 ns, At safepoint: 6800 ns, Total: 117500 ns
[2020-08-24T22:02:51.768+0000][18268][safepoint    ] Safepoint "Cleanup", Time since last: 1999902500 ns, Reaching safepoint: 104400 ns, At safepoint: 1900 ns, Total: 106300 ns
[2020-08-24T22:02:52.769+0000][18268][safepoint    ] Safepoint "Cleanup", Time since last: 1000114300 ns, Reaching safepoint: 110300 ns, At safepoint: 1800 ns, Total: 112100 ns
[2020-08-24T22:02:53.769+0000][18268][safepoint    ] Safepoint "Cleanup", Time since last: 1000151000 ns, Reaching safepoint: 115500 ns, At safepoint: 6200 ns, Total: 121700 ns
[2020-08-24T22:02:55.769+0000][18268][safepoint    ] Safepoint "Cleanup", Time since last: 1999904600 ns, Reaching safepoint: 111800 ns, At safepoint: 6300 ns, Total: 118100 ns
[2020-08-24T22:02:56.769+0000][18268][safepoint    ] Safepoint "Cleanup", Time since last: 1000003700 ns, Reaching safepoint: 120500 ns, At safepoint: 5400 ns, Total: 125900 ns
[2020-08-24T22:02:57.769+0000][18268][safepoint    ] Safepoint "Cleanup", Time since last: 1000224800 ns, Reaching safepoint: 114700 ns, At safepoint: 1900 ns, Total: 116600 ns
[2020-08-24T22:02:59.769+0000][18268][safepoint    ] Safepoint "Cleanup", Time since last: 1999907000 ns, Reaching safepoint: 106000 ns, At safepoint: 2000 ns, Total: 108000 ns
[2020-08-24T22:03:00.770+0000][18268][safepoint    ] Safepoint "Cleanup", Time since last: 1000389200 ns, Reaching safepoint: 132200 ns, At safepoint: 7000 ns, Total: 139200 ns
[2020-08-24T22:03:01.770+0000][18268][safepoint    ] Safepoint "Cleanup", Time since last: 1000336600 ns, Reaching safepoint: 104300 ns, At safepoint: 6500 ns, Total: 110800 ns
[2020-08-24T22:03:02.771+0000][18268][safepoint    ] Safepoint "Cleanup", Time since last: 1000376000 ns, Reaching safepoint: 127700 ns, At safepoint: 6400 ns, Total: 134100 ns
[2020-08-24T22:03:04.771+0000][18268][safepoint    ] Safepoint "Cleanup", Time since last: 1999900200 ns, Reaching safepoint: 126700 ns, At safepoint: 2300 ns, Total: 129000 ns
[2020-08-24T22:03:05.771+0000][18268][safepoint    ] Safepoint "Cleanup", Time since last: 1000370500 ns, Reaching safepoint: 108600 ns, At safepoint: 6400 ns, Total: 115000 ns
[2020-08-24T22:03:07.772+0000][18268][safepoint    ] Safepoint "Cleanup", Time since last: 2000260000 ns, Reaching safepoint: 114200 ns, At safepoint: 1800 ns, Total: 116000 ns
[2020-08-24T22:03:09.772+0000][18268][safepoint    ] Safepoint "Cleanup", Time since last: 2000076400 ns, Reaching safepoint: 114000 ns, At safepoint: 6700 ns, Total: 120700 ns
[2020-08-24T22:03:10.772+0000][18268][safepoint    ] Safepoint "Cleanup", Time since last: 1000366700 ns, Reaching safepoint: 119500 ns, At safepoint: 7400 ns, Total: 126900 ns
[2020-08-24T22:03:11.773+0000][18268][safepoint    ] Safepoint "Cleanup", Time since last: 1000116100 ns, Reaching safepoint: 111300 ns, At safepoint: 6600 ns, Total: 117900 ns
[2020-08-24T22:03:12.773+0000][18268][safepoint    ] Safepoint "Cleanup", Time since last: 1000094200 ns, Reaching safepoint: 105500 ns, At safepoint: 6400 ns, Total: 111900 ns
[2020-08-24T22:03:13.773+0000][18268][safepoint    ] Safepoint "Cleanup", Time since last: 1000386000 ns, Reaching safepoint: 104500 ns, At safepoint: 6600 ns, Total: 111100 ns
[2020-08-24T22:03:14.774+0000][18268][safepoint    ] Safepoint "Cleanup", Time since last: 1000190000 ns, Reaching safepoint: 137200 ns, At safepoint: 2100 ns, Total: 139300 ns
[2020-08-24T22:03:15.774+0000][18268][safepoint    ] Safepoint "Cleanup", Time since last: 1000189600 ns, Reaching safepoint: 113700 ns, At safepoint: 6600 ns, Total: 120300 ns
[2020-08-24T22:03:16.774+0000][18268][safepoint    ] Safepoint "Cleanup", Time since last: 1000238000 ns, Reaching safepoint: 137900 ns, At safepoint: 6500 ns, Total: 144400 ns
[2020-08-24T22:03:17.775+0000][18268][safepoint    ] Safepoint "Cleanup", Time since last: 1000053800 ns, Reaching safepoint: 116600 ns, At safepoint: 6900 ns, Total: 123500 ns
[2020-08-24T22:03:19.775+0000][18268][safepoint    ] Safepoint "Cleanup", Time since last: 2000184300 ns, Reaching safepoint: 93800 ns, At safepoint: 2000 ns, Total: 95800 ns
[2020-08-24T22:03:20.775+0000][18268][safepoint    ] Safepoint "Cleanup", Time since last: 1000214100 ns, Reaching safepoint: 98000 ns, At safepoint: 1800 ns, Total: 99800 ns
[2020-08-24T22:03:22.775+0000][18268][safepoint    ] Safepoint "Cleanup", Time since last: 2000265300 ns, Reaching safepoint: 122200 ns, At safepoint: 6700 ns, Total: 128900 ns
[2020-08-24T22:03:23.776+0000][18268][safepoint    ] Safepoint "Cleanup", Time since last: 1000169600 ns, Reaching safepoint: 130800 ns, At safepoint: 6300 ns, Total: 137100 ns
[2020-08-24T22:03:25.776+0000][18268][safepoint    ] Safepoint "Cleanup", Time since last: 1999939300 ns, Reaching safepoint: 109000 ns, At safepoint: 1800 ns, Total: 110800 ns
[2020-08-24T22:03:26.776+0000][18268][safepoint    ] Safepoint "Cleanup", Time since last: 1000291400 ns, Reaching safepoint: 127700 ns, At safepoint: 6700 ns, Total: 134400 ns
[2020-08-24T22:03:28.777+0000][18268][safepoint    ] Safepoint "Cleanup", Time since last: 2000407600 ns, Reaching safepoint: 135600 ns, At safepoint: 1800 ns, Total: 137400 ns
[2020-08-24T22:03:30.777+0000][18268][safepoint    ] Safepoint "Cleanup", Time since last: 2000370400 ns, Reaching safepoint: 114300 ns, At safepoint: 6600 ns, Total: 120900 ns
[2020-08-24T22:03:31.778+0000][18268][safepoint    ] Safepoint "Cleanup", Time since last: 1000375200 ns, Reaching safepoint: 107200 ns, At safepoint: 7300 ns, Total: 114500 ns
[2020-08-24T22:03:33.778+0000][18268][safepoint    ] Safepoint "Cleanup", Time since last: 1999884100 ns, Reaching safepoint: 109300 ns, At safepoint: 6900 ns, Total: 116200 ns
[2020-08-24T22:03:35.778+0000][18268][safepoint    ] Safepoint "Cleanup", Time since last: 1999892900 ns, Reaching safepoint: 111000 ns, At safepoint: 1900 ns, Total: 112900 ns
[2020-08-24T22:03:36.778+0000][18268][safepoint    ] Safepoint "Cleanup", Time since last: 1000288600 ns, Reaching safepoint: 98800 ns, At safepoint: 6500 ns, Total: 105300 ns
[2020-08-24T22:03:38.778+0000][18268][safepoint    ] Safepoint "Cleanup", Time since last: 2000030000 ns, Reaching safepoint: 115300 ns, At safepoint: 1800 ns, Total: 117100 ns
[2020-08-24T22:03:39.779+0000][18268][safepoint    ] Safepoint "Cleanup", Time since last: 1000327200 ns, Reaching safepoint: 113800 ns, At safepoint: 1800 ns, Total: 115600 ns
[2020-08-24T22:03:41.779+0000][18268][safepoint    ] Safepoint "Cleanup", Time since last: 2000344500 ns, Reaching safepoint: 134500 ns, At safepoint: 6300 ns, Total: 140800 ns
[2020-08-24T22:03:43.779+0000][18268][safepoint    ] Safepoint "Cleanup", Time since last: 1999914000 ns, Reaching safepoint: 117600 ns, At safepoint: 1800 ns, Total: 119400 ns
[2020-08-24T22:03:44.780+0000][18268][safepoint    ] Safepoint "Cleanup", Time since last: 1000133400 ns, Reaching safepoint: 108300 ns, At safepoint: 6700 ns, Total: 115000 ns
[2020-08-24T22:03:45.780+0000][18268][safepoint    ] Safepoint "Cleanup", Time since last: 1000099200 ns, Reaching safepoint: 117900 ns, At safepoint: 1900 ns, Total: 119800 ns
[2020-08-24T22:03:47.780+0000][18268][safepoint    ] Safepoint "Cleanup", Time since last: 2000403200 ns, Reaching safepoint: 103100 ns, At safepoint: 13700 ns, Total: 116800 ns
[2020-08-24T22:03:48.781+0000][18268][safepoint    ] Safepoint "Cleanup", Time since last: 1000389100 ns, Reaching safepoint: 97800 ns, At safepoint: 2500 ns, Total: 100300 ns
[2020-08-24T22:03:49.781+0000][18268][safepoint    ] Safepoint "Cleanup", Time since last: 1000355900 ns, Reaching safepoint: 98000 ns, At safepoint: 6500 ns, Total: 104500 ns
[2020-08-24T22:03:51.782+0000][18268][safepoint    ] Safepoint "Cleanup", Time since last: 2000448100 ns, Reaching safepoint: 122100 ns, At safepoint: 6400 ns, Total: 128500 ns
[2020-08-24T22:03:52.782+0000][18268][safepoint    ] Safepoint "Cleanup", Time since last: 1000188500 ns, Reaching safepoint: 128900 ns, At safepoint: 1800 ns, Total: 130700 ns
[2020-08-24T22:03:53.782+0000][18268][safepoint    ] Safepoint "Cleanup", Time since last: 1000043300 ns, Reaching safepoint: 108400 ns, At safepoint: 6800 ns, Total: 115200 ns
[2020-08-24T22:03:54.783+0000][18268][safepoint    ] Safepoint "Cleanup", Time since last: 1000380000 ns, Reaching safepoint: 136000 ns, At safepoint: 1800 ns, Total: 137800 ns
[2020-08-24T22:03:56.783+0000][18268][safepoint    ] Safepoint "Cleanup", Time since last: 2000321300 ns, Reaching safepoint: 103200 ns, At safepoint: 6700 ns, Total: 109900 ns
[2020-08-24T22:03:57.784+0000][18268][safepoint    ] Safepoint "Cleanup", Time since last: 1000157100 ns, Reaching safepoint: 106600 ns, At safepoint: 6100 ns, Total: 112700 ns
[2020-08-24T22:03:59.784+0000][18268][safepoint    ] Safepoint "Cleanup", Time since last: 2000181800 ns, Reaching safepoint: 145200 ns, At safepoint: 1800 ns, Total: 147000 ns
[2020-08-24T22:04:00.784+0000][18268][safepoint    ] Safepoint "Cleanup", Time since last: 1000346600 ns, Reaching safepoint: 105100 ns, At safepoint: 7000 ns, Total: 112100 ns
[2020-08-24T22:04:01.785+0000][18268][safepoint    ] Safepoint "Cleanup", Time since last: 1000374600 ns, Reaching safepoint: 103200 ns, At safepoint: 2200 ns, Total: 105400 ns
[2020-08-24T22:04:03.785+0000][18268][safepoint    ] Safepoint "Cleanup", Time since last: 2000395900 ns, Reaching safepoint: 103500 ns, At safepoint: 7000 ns, Total: 110500 ns
[2020-08-24T22:04:05.786+0000][18268][safepoint    ] Safepoint "Cleanup", Time since last: 2000406400 ns, Reaching safepoint: 99800 ns, At safepoint: 1800 ns, Total: 101600 ns
[2020-08-24T22:04:06.786+0000][18268][safepoint    ] Safepoint "Cleanup", Time since last: 1000271200 ns, Reaching safepoint: 109100 ns, At safepoint: 1900 ns, Total: 111000 ns
[2020-08-24T22:04:07.786+0000][18268][safepoint    ] Safepoint "Cleanup", Time since last: 1000008200 ns, Reaching safepoint: 108600 ns, At safepoint: 6200 ns, Total: 114800 ns
[2020-08-24T22:04:08.787+0000][18268][safepoint    ] Safepoint "Cleanup", Time since last: 1000378600 ns, Reaching safepoint: 103200 ns, At safepoint: 6600 ns, Total: 109800 ns
[2020-08-24T22:04:09.787+0000][18268][safepoint    ] Safepoint "Cleanup", Time since last: 1000386400 ns, Reaching safepoint: 122700 ns, At safepoint: 7200 ns, Total: 129900 ns
[2020-08-24T22:04:10.788+0000][18268][safepoint    ] Safepoint "Cleanup", Time since last: 1000191800 ns, Reaching safepoint: 123100 ns, At safepoint: 2500 ns, Total: 125600 ns
[2020-08-24T22:04:11.788+0000][18268][safepoint    ] Safepoint "Cleanup", Time since last: 1000060000 ns, Reaching safepoint: 111800 ns, At safepoint: 1700 ns, Total: 113500 ns
[2020-08-24T22:04:12.788+0000][18268][safepoint    ] Safepoint "Cleanup", Time since last: 1000027100 ns, Reaching safepoint: 91900 ns, At safepoint: 1800 ns, Total: 93700 ns
[2020-08-24T22:04:14.788+0000][18268][safepoint    ] Safepoint "Cleanup", Time since last: 2000355900 ns, Reaching safepoint: 117500 ns, At safepoint: 1900 ns, Total: 119400 ns
[2020-08-24T22:04:15.789+0000][18268][safepoint    ] Safepoint "Cleanup", Time since last: 1000283900 ns, Reaching safepoint: 105400 ns, At safepoint: 2300 ns, Total: 107700 ns
[2020-08-24T22:04:17.789+0000][18268][safepoint    ] Safepoint "Cleanup", Time since last: 2000391000 ns, Reaching safepoint: 106600 ns, At safepoint: 2000 ns, Total: 108600 ns
[2020-08-24T22:04:19.790+0000][18268][safepoint    ] Safepoint "Cleanup", Time since last: 2000395900 ns, Reaching safepoint: 104700 ns, At safepoint: 2300 ns, Total: 107000 ns
[2020-08-24T22:04:20.790+0000][18268][safepoint    ] Safepoint "Cleanup", Time since last: 1000011500 ns, Reaching safepoint: 113000 ns, At safepoint: 1900 ns, Total: 114900 ns
[2020-08-24T22:04:22.790+0000][18268][safepoint    ] Safepoint "Cleanup", Time since last: 2000327100 ns, Reaching safepoint: 161900 ns, At safepoint: 6900 ns, Total: 168800 ns
[2020-08-24T22:04:23.791+0000][18268][safepoint    ] Safepoint "Cleanup", Time since last: 1000300700 ns, Reaching safepoint: 99100 ns, At safepoint: 1800 ns, Total: 100900 ns
[2020-08-24T22:04:24.791+0000][18268][safepoint    ] Safepoint "Cleanup", Time since last: 1000370700 ns, Reaching safepoint: 114400 ns, At safepoint: 6500 ns, Total: 120900 ns
[2020-08-24T22:04:26.792+0000][18268][safepoint    ] Safepoint "Cleanup", Time since last: 2000387100 ns, Reaching safepoint: 137600 ns, At safepoint: 2000 ns, Total: 139600 ns
[2020-08-24T22:04:27.792+0000][18268][safepoint    ] Safepoint "Cleanup", Time since last: 1000355600 ns, Reaching safepoint: 126500 ns, At safepoint: 6300 ns, Total: 132800 ns
[2020-08-24T22:04:29.793+0000][18268][safepoint    ] Safepoint "Cleanup", Time since last: 2000133900 ns, Reaching safepoint: 116800 ns, At safepoint: 1800 ns, Total: 118600 ns
[2020-08-24T22:04:30.793+0000][18268][safepoint    ] Safepoint "Cleanup", Time since last: 1000113900 ns, Reaching safepoint: 111800 ns, At safepoint: 6900 ns, Total: 118700 ns
[2020-08-24T22:04:31.793+0000][18268][safepoint    ] Safepoint "Cleanup", Time since last: 1000366300 ns, Reaching safepoint: 111400 ns, At safepoint: 1800 ns, Total: 113200 ns
[2020-08-24T22:04:33.794+0000][18268][safepoint    ] Safepoint "Cleanup", Time since last: 2000378800 ns, Reaching safepoint: 111200 ns, At safepoint: 1800 ns, Total: 113000 ns
[2020-08-24T22:04:34.794+0000][18268][safepoint    ] Safepoint "Cleanup", Time since last: 1000272900 ns, Reaching safepoint: 106800 ns, At safepoint: 1800 ns, Total: 108600 ns
[2020-08-24T22:04:36.794+0000][18268][safepoint    ] Safepoint "Cleanup", Time since last: 2000028400 ns, Reaching safepoint: 107400 ns, At safepoint: 6200 ns, Total: 113600 ns
[2020-08-24T22:04:37.795+0000][18268][safepoint    ] Safepoint "Cleanup", Time since last: 1000385100 ns, Reaching safepoint: 99800 ns, At safepoint: 9400 ns, Total: 109200 ns
[2020-08-24T22:04:38.795+0000][18268][safepoint    ] Safepoint "Cleanup", Time since last: 1000386200 ns, Reaching safepoint: 115700 ns, At safepoint: 1800 ns, Total: 117500 ns
[2020-08-24T22:04:40.796+0000][18268][safepoint    ] Safepoint "Cleanup", Time since last: 2000386100 ns, Reaching safepoint: 95700 ns, At safepoint: 7000 ns, Total: 102700 ns
[2020-08-24T22:04:42.796+0000][18268][safepoint    ] Safepoint "Cleanup", Time since last: 2000391000 ns, Reaching safepoint: 122200 ns, At safepoint: 6500 ns, Total: 128700 ns
[2020-08-24T22:04:44.796+0000][18268][safepoint    ] Safepoint "Cleanup", Time since last: 1999882100 ns, Reaching safepoint: 115100 ns, At safepoint: 2700 ns, Total: 117800 ns
[2020-08-24T22:04:45.796+0000][18268][safepoint    ] Safepoint "Cleanup", Time since last: 1000032000 ns, Reaching safepoint: 125000 ns, At safepoint: 6100 ns, Total: 131100 ns
[2020-08-24T22:04:46.797+0000][18268][safepoint    ] Safepoint "Cleanup", Time since last: 1000212300 ns, Reaching safepoint: 107500 ns, At safepoint: 6500 ns, Total: 114000 ns
[2020-08-24T22:04:47.797+0000][18268][safepoint    ] Safepoint "Cleanup", Time since last: 1000003800 ns, Reaching safepoint: 94200 ns, At safepoint: 1900 ns, Total: 96100 ns
[2020-08-24T22:04:48.797+0000][18268][safepoint    ] Safepoint "Cleanup", Time since last: 1000295700 ns, Reaching safepoint: 104900 ns, At safepoint: 1800 ns, Total: 106700 ns
[2020-08-24T22:04:49.798+0000][18268][safepoint    ] Safepoint "Cleanup", Time since last: 1000381700 ns, Reaching safepoint: 105100 ns, At safepoint: 1800 ns, Total: 106900 ns
[2020-08-24T22:04:50.798+0000][18268][safepoint    ] Safepoint "Cleanup", Time since last: 1000404300 ns, Reaching safepoint: 116100 ns, At safepoint: 2600 ns, Total: 118700 ns
[2020-08-24T22:04:52.799+0000][18268][safepoint    ] Safepoint "Cleanup", Time since last: 2000379200 ns, Reaching safepoint: 116600 ns, At safepoint: 2200 ns, Total: 118800 ns
[2020-08-24T22:04:53.799+0000][18268][safepoint    ] Safepoint "Cleanup", Time since last: 1000375100 ns, Reaching safepoint: 98700 ns, At safepoint: 6000 ns, Total: 104700 ns
[2020-08-24T22:04:54.800+0000][18268][safepoint    ] Safepoint "Cleanup", Time since last: 1000399100 ns, Reaching safepoint: 105800 ns, At safepoint: 6700 ns, Total: 112500 ns
[2020-08-24T22:04:56.800+0000][18268][safepoint    ] Safepoint "Cleanup", Time since last: 2000385700 ns, Reaching safepoint: 112900 ns, At safepoint: 6700 ns, Total: 119600 ns
[2020-08-24T22:04:58.801+0000][18268][safepoint    ] Safepoint "Cleanup", Time since last: 2000379000 ns, Reaching safepoint: 115600 ns, At safepoint: 2100 ns, Total: 117700 ns
[2020-08-24T22:05:00.801+0000][18268][safepoint    ] Safepoint "Cleanup", Time since last: 2000140100 ns, Reaching safepoint: 99700 ns, At safepoint: 2200 ns, Total: 101900 ns
[2020-08-24T22:05:01.801+0000][18268][safepoint    ] Safepoint "Cleanup", Time since last: 1000140200 ns, Reaching safepoint: 97400 ns, At safepoint: 6400 ns, Total: 103800 ns
[2020-08-24T22:05:02.802+0000][18268][safepoint    ] Safepoint "Cleanup", Time since last: 1000384200 ns, Reaching safepoint: 104800 ns, At safepoint: 6600 ns, Total: 111400 ns
[2020-08-24T22:05:03.802+0000][18268][safepoint    ] Safepoint "Cleanup", Time since last: 1000377200 ns, Reaching safepoint: 107000 ns, At safepoint: 6300 ns, Total: 113300 ns
[2020-08-24T22:05:04.803+0000][18268][safepoint    ] Safepoint "Cleanup", Time since last: 1000336000 ns, Reaching safepoint: 106600 ns, At safepoint: 6600 ns, Total: 113200 ns
[2020-08-24T22:05:06.803+0000][18268][safepoint    ] Safepoint "Cleanup", Time since last: 2000127400 ns, Reaching safepoint: 118100 ns, At safepoint: 6700 ns, Total: 124800 ns
[2020-08-24T22:05:07.803+0000][18268][safepoint    ] Safepoint "Cleanup", Time since last: 1000183900 ns, Reaching safepoint: 111700 ns, At safepoint: 6000 ns, Total: 117700 ns
[2020-08-24T22:05:08.804+0000][18268][safepoint    ] Safepoint "Cleanup", Time since last: 1000184600 ns, Reaching safepoint: 114800 ns, At safepoint: 6300 ns, Total: 121100 ns
[2020-08-24T22:05:09.804+0000][18268][safepoint    ] Safepoint "Cleanup", Time since last: 1000102400 ns, Reaching safepoint: 104200 ns, At safepoint: 1900 ns, Total: 106100 ns
[2020-08-24T22:05:11.804+0000][18268][safepoint    ] Safepoint "Cleanup", Time since last: 1999951100 ns, Reaching safepoint: 100300 ns, At safepoint: 2100 ns, Total: 102400 ns
[2020-08-24T22:05:12.804+0000][18268][safepoint    ] Safepoint "Cleanup", Time since last: 1000064300 ns, Reaching safepoint: 101600 ns, At safepoint: 6500 ns, Total: 108100 ns
[2020-08-24T22:05:13.804+0000][18268][safepoint    ] Safepoint "Cleanup", Time since last: 1000166400 ns, Reaching safepoint: 108400 ns, At safepoint: 6700 ns, Total: 115100 ns
[2020-08-24T22:05:15.805+0000][18268][safepoint    ] Safepoint "Cleanup", Time since last: 2000384000 ns, Reaching safepoint: 103000 ns, At safepoint: 6200 ns, Total: 109200 ns
[2020-08-24T22:05:16.805+0000][18268][safepoint    ] Safepoint "Cleanup", Time since last: 1000166200 ns, Reaching safepoint: 115700 ns, At safepoint: 6900 ns, Total: 122600 ns
[2020-08-24T22:05:17.805+0000][18268][safepoint    ] Safepoint "Cleanup", Time since last: 1000106200 ns, Reaching safepoint: 96600 ns, At safepoint: 6000 ns, Total: 102600 ns
[2020-08-24T22:05:18.806+0000][18268][safepoint    ] Safepoint "Cleanup", Time since last: 1000156900 ns, Reaching safepoint: 108600 ns, At safepoint: 1900 ns, Total: 110500 ns
[2020-08-24T22:05:19.806+0000][18268][safepoint    ] Safepoint "Cleanup", Time since last: 1000123000 ns, Reaching safepoint: 119700 ns, At safepoint: 1700 ns, Total: 121400 ns
[2020-08-24T22:05:21.806+0000][18268][safepoint    ] Safepoint "Cleanup", Time since last: 2000389200 ns, Reaching safepoint: 101400 ns, At safepoint: 6200 ns, Total: 107600 ns
[2020-08-24T22:05:23.806+0000][18268][safepoint    ] Safepoint "Cleanup", Time since last: 1999888000 ns, Reaching safepoint: 96100 ns, At safepoint: 1800 ns, Total: 97900 ns
[2020-08-24T22:05:24.807+0000][18268][safepoint    ] Safepoint "Cleanup", Time since last: 1000159800 ns, Reaching safepoint: 100800 ns, At safepoint: 2000 ns, Total: 102800 ns
[2020-08-24T22:05:25.807+0000][18268][safepoint    ] Safepoint "Cleanup", Time since last: 1000141200 ns, Reaching safepoint: 104300 ns, At safepoint: 2000 ns, Total: 106300 ns
[2020-08-24T22:05:26.807+0000][18268][safepoint    ] Safepoint "Cleanup", Time since last: 1000363700 ns, Reaching safepoint: 104100 ns, At safepoint: 1800 ns, Total: 105900 ns
[2020-08-24T22:05:28.807+0000][18268][safepoint    ] Safepoint "Cleanup", Time since last: 1999918800 ns, Reaching safepoint: 103500 ns, At safepoint: 6600 ns, Total: 110100 ns
[2020-08-24T22:05:30.808+0000][18268][safepoint    ] Safepoint "Cleanup", Time since last: 2000390000 ns, Reaching safepoint: 126300 ns, At safepoint: 6600 ns, Total: 132900 ns
[2020-08-24T22:05:31.808+0000][18268][safepoint    ] Safepoint "Cleanup", Time since last: 1000359200 ns, Reaching safepoint: 107100 ns, At safepoint: 6600 ns, Total: 113700 ns
[2020-08-24T22:05:33.808+0000][18268][safepoint    ] Safepoint "Cleanup", Time since last: 1999890300 ns, Reaching safepoint: 102500 ns, At safepoint: 6500 ns, Total: 109000 ns
[2020-08-24T22:05:35.690+0000][18268][safepoint    ] Safepoint "Cleanup", Time since last: 1881437700 ns, Reaching safepoint: 100200 ns, At safepoint: 9900 ns, Total: 110100 ns
[2020-08-24T22:05:36.690+0000][18268][safepoint    ] Safepoint "Cleanup", Time since last: 1000169600 ns, Reaching safepoint: 112300 ns, At safepoint: 1800 ns, Total: 114100 ns
[2020-08-24T22:05:38.690+0000][18268][safepoint    ] Safepoint "Cleanup", Time since last: 2000066500 ns, Reaching safepoint: 115900 ns, At safepoint: 5900 ns, Total: 121800 ns
[2020-08-24T22:05:39.691+0000][18268][safepoint    ] Safepoint "Cleanup", Time since last: 1000379500 ns, Reaching safepoint: 118000 ns, At safepoint: 6900 ns, Total: 124900 ns
[2020-08-24T22:05:41.691+0000][18268][safepoint    ] Safepoint "Cleanup", Time since last: 2000373800 ns, Reaching safepoint: 108600 ns, At safepoint: 6500 ns, Total: 115100 ns
[2020-08-24T22:05:43.691+0000][18268][safepoint    ] Safepoint "Cleanup", Time since last: 1999889500 ns, Reaching safepoint: 102100 ns, At safepoint: 1900 ns, Total: 104000 ns
[2020-08-24T22:05:44.692+0000][18268][safepoint    ] Safepoint "Cleanup", Time since last: 1000389500 ns, Reaching safepoint: 102000 ns, At safepoint: 1900 ns, Total: 103900 ns
[2020-08-24T22:05:46.692+0000][18268][safepoint    ] Safepoint "Cleanup", Time since last: 2000401300 ns, Reaching safepoint: 103500 ns, At safepoint: 2600 ns, Total: 106100 ns
[2020-08-24T22:05:48.693+0000][18268][safepoint    ] Safepoint "Cleanup", Time since last: 2000385300 ns, Reaching safepoint: 111300 ns, At safepoint: 6100 ns, Total: 117400 ns
[2020-08-24T22:05:49.693+0000][18268][safepoint    ] Safepoint "Cleanup", Time since last: 1000383400 ns, Reaching safepoint: 96600 ns, At safepoint: 1900 ns, Total: 98500 ns
[2020-08-24T22:05:51.694+0000][18268][safepoint    ] Safepoint "Cleanup", Time since last: 2000092900 ns, Reaching safepoint: 97900 ns, At safepoint: 1900 ns, Total: 99800 ns
[2020-08-24T22:05:52.694+0000][18268][safepoint    ] Safepoint "Cleanup", Time since last: 1000212200 ns, Reaching safepoint: 124200 ns, At safepoint: 1900 ns, Total: 126100 ns
[2020-08-24T22:05:54.694+0000][18268][safepoint    ] Safepoint "Cleanup", Time since last: 2000123900 ns, Reaching safepoint: 101600 ns, At safepoint: 2000 ns, Total: 103600 ns
[2020-08-24T22:05:55.694+0000][18268][safepoint    ] Safepoint "Cleanup", Time since last: 1000152100 ns, Reaching safepoint: 110100 ns, At safepoint: 6600 ns, Total: 116700 ns
[2020-08-24T22:05:56.695+0000][18268][safepoint    ] Safepoint "Cleanup", Time since last: 1000124700 ns, Reaching safepoint: 102500 ns, At safepoint: 7000 ns, Total: 109500 ns
[2020-08-24T22:05:57.695+0000][18268][safepoint    ] Safepoint "Cleanup", Time since last: 1000182100 ns, Reaching safepoint: 109100 ns, At safepoint: 2100 ns, Total: 111200 ns
[2020-08-24T22:05:58.695+0000][18268][safepoint    ] Safepoint "Cleanup", Time since last: 1000104700 ns, Reaching safepoint: 120700 ns, At safepoint: 1900 ns, Total: 122600 ns
[2020-08-24T22:05:59.695+0000][18268][safepoint    ] Safepoint "Cleanup", Time since last: 1000207700 ns, Reaching safepoint: 119000 ns, At safepoint: 6600 ns, Total: 125600 ns
[2020-08-24T22:06:00.696+0000][18268][safepoint    ] Safepoint "Cleanup", Time since last: 1000291900 ns, Reaching safepoint: 157700 ns, At safepoint: 6200 ns, Total: 163900 ns
[2020-08-24T22:06:01.696+0000][18268][safepoint    ] Safepoint "Cleanup", Time since last: 1000330900 ns, Reaching safepoint: 104700 ns, At safepoint: 6700 ns, Total: 111400 ns
[2020-08-24T22:06:03.696+0000][18268][safepoint    ] Safepoint "Cleanup", Time since last: 1999897300 ns, Reaching safepoint: 98700 ns, At safepoint: 2400 ns, Total: 101100 ns
[2020-08-24T22:06:04.697+0000][18268][safepoint    ] Safepoint "Cleanup", Time since last: 1000397900 ns, Reaching safepoint: 126300 ns, At safepoint: 6600 ns, Total: 132900 ns
[2020-08-24T22:06:05.697+0000][18268][safepoint    ] Safepoint "Cleanup", Time since last: 1000359000 ns, Reaching safepoint: 103300 ns, At safepoint: 5700 ns, Total: 109000 ns
[2020-08-24T22:06:06.733+0000][18268][safepoint    ] Safepoint "Cleanup", Time since last: 1035900100 ns, Reaching safepoint: 103400 ns, At safepoint: 1800 ns, Total: 105200 ns
[2020-08-24T22:06:08.734+0000][18268][safepoint    ] Safepoint "Cleanup", Time since last: 2000398900 ns, Reaching safepoint: 109500 ns, At safepoint: 6800 ns, Total: 116300 ns
[2020-08-24T22:06:09.734+0000][18268][safepoint    ] Safepoint "Cleanup", Time since last: 1000256700 ns, Reaching safepoint: 125400 ns, At safepoint: 7000 ns, Total: 132400 ns
[2020-08-24T22:06:11.735+0000][18268][safepoint    ] Safepoint "Cleanup", Time since last: 2000226000 ns, Reaching safepoint: 110500 ns, At safepoint: 2100 ns, Total: 112600 ns
[2020-08-24T22:06:12.735+0000][18268][safepoint    ] Safepoint "Cleanup", Time since last: 1000314200 ns, Reaching safepoint: 106200 ns, At safepoint: 2100 ns, Total: 108300 ns
[2020-08-24T22:06:13.735+0000][18268][safepoint    ] Safepoint "Cleanup", Time since last: 1000241200 ns, Reaching safepoint: 100900 ns, At safepoint: 2200 ns, Total: 103100 ns
[2020-08-24T22:06:15.736+0000][18268][safepoint    ] Safepoint "Cleanup", Time since last: 2000390000 ns, Reaching safepoint: 130000 ns, At safepoint: 6500 ns, Total: 136500 ns
[2020-08-24T22:06:17.736+0000][18268][safepoint    ] Safepoint "Cleanup", Time since last: 2000373900 ns, Reaching safepoint: 107600 ns, At safepoint: 6300 ns, Total: 113900 ns
[2020-08-24T22:06:18.737+0000][18268][safepoint    ] Safepoint "Cleanup", Time since last: 1000122700 ns, Reaching safepoint: 116600 ns, At safepoint: 2200 ns, Total: 118800 ns
[2020-08-24T22:06:19.737+0000][18268][safepoint    ] Safepoint "Cleanup", Time since last: 1000122000 ns, Reaching safepoint: 116000 ns, At safepoint: 6900 ns, Total: 122900 ns
[2020-08-24T22:06:21.737+0000][18268][safepoint    ] Safepoint "Cleanup", Time since last: 2000003700 ns, Reaching safepoint: 103100 ns, At safepoint: 6600 ns, Total: 109700 ns
[2020-08-24T22:06:22.737+0000][18268][safepoint    ] Safepoint "Cleanup", Time since last: 1000278700 ns, Reaching safepoint: 121700 ns, At safepoint: 1900 ns, Total: 123600 ns
[2020-08-24T22:06:23.738+0000][18268][safepoint    ] Safepoint "Cleanup", Time since last: 1000077700 ns, Reaching safepoint: 104900 ns, At safepoint: 1800 ns, Total: 106700 ns
[2020-08-24T22:06:24.738+0000][18268][safepoint    ] Safepoint "Cleanup", Time since last: 1000176400 ns, Reaching safepoint: 107400 ns, At safepoint: 6600 ns, Total: 114000 ns
[2020-08-24T22:06:25.738+0000][18268][safepoint    ] Safepoint "Cleanup", Time since last: 1000086200 ns, Reaching safepoint: 139800 ns, At safepoint: 6800 ns, Total: 146600 ns
[2020-08-24T22:06:26.738+0000][18268][safepoint    ] Safepoint "Cleanup", Time since last: 1000217500 ns, Reaching safepoint: 109200 ns, At safepoint: 6300 ns, Total: 115500 ns
[2020-08-24T22:06:27.739+0000][18268][safepoint    ] Safepoint "Cleanup", Time since last: 1000187900 ns, Reaching safepoint: 112400 ns, At safepoint: 6600 ns, Total: 119000 ns
[2020-08-24T22:06:28.739+0000][18268][safepoint    ] Safepoint "Cleanup", Time since last: 1000011200 ns, Reaching safepoint: 97000 ns, At safepoint: 6200 ns, Total: 103200 ns
[2020-08-24T22:06:30.739+0000][18268][safepoint    ] Safepoint "Cleanup", Time since last: 2000398100 ns, Reaching safepoint: 102100 ns, At safepoint: 6500 ns, Total: 108600 ns
[2020-08-24T22:06:32.739+0000][18268][safepoint    ] Safepoint "Cleanup", Time since last: 1999966400 ns, Reaching safepoint: 104000 ns, At safepoint: 6300 ns, Total: 110300 ns
[2020-08-24T22:06:33.740+0000][18268][safepoint    ] Safepoint "Cleanup", Time since last: 1000313400 ns, Reaching safepoint: 104600 ns, At safepoint: 2000 ns, Total: 106600 ns
[2020-08-24T22:06:35.740+0000][18268][safepoint    ] Safepoint "Cleanup", Time since last: 1999908300 ns, Reaching safepoint: 108500 ns, At safepoint: 2000 ns, Total: 110500 ns
[2020-08-24T22:06:36.740+0000][18268][safepoint    ] Safepoint "Cleanup", Time since last: 1000131700 ns, Reaching safepoint: 107300 ns, At safepoint: 6600 ns, Total: 113900 ns
[2020-08-24T22:06:37.740+0000][18268][safepoint    ] Safepoint "Cleanup", Time since last: 1000127900 ns, Reaching safepoint: 113400 ns, At safepoint: 2000 ns, Total: 115400 ns
[2020-08-24T22:06:38.740+0000][18268][safepoint    ] Safepoint "Cleanup", Time since last: 1000032000 ns, Reaching safepoint: 108800 ns, At safepoint: 6200 ns, Total: 115000 ns
[2020-08-24T22:06:39.741+0000][18268][safepoint    ] Safepoint "Cleanup", Time since last: 1000253300 ns, Reaching safepoint: 115600 ns, At safepoint: 1900 ns, Total: 117500 ns
[2020-08-24T22:06:40.741+0000][18268][safepoint    ] Safepoint "Cleanup", Time since last: 1000375300 ns, Reaching safepoint: 109400 ns, At safepoint: 6600 ns, Total: 116000 ns
[2020-08-24T22:06:42.742+0000][18268][safepoint    ] Safepoint "Cleanup", Time since last: 2000056800 ns, Reaching safepoint: 112800 ns, At safepoint: 1800 ns, Total: 114600 ns
[2020-08-24T22:06:43.742+0000][18268][safepoint    ] Safepoint "Cleanup", Time since last: 1000229300 ns, Reaching safepoint: 102500 ns, At safepoint: 7000 ns, Total: 109500 ns
[2020-08-24T22:06:44.742+0000][18268][safepoint    ] Safepoint "Cleanup", Time since last: 1000387400 ns, Reaching safepoint: 119400 ns, At safepoint: 6200 ns, Total: 125600 ns
[2020-08-24T22:06:46.743+0000][18268][safepoint    ] Safepoint "Cleanup", Time since last: 2000368000 ns, Reaching safepoint: 106200 ns, At safepoint: 5900 ns, Total: 112100 ns
[2020-08-24T22:06:47.743+0000][18268][safepoint    ] Safepoint "Cleanup", Time since last: 1000373600 ns, Reaching safepoint: 104200 ns, At safepoint: 6800 ns, Total: 111000 ns
[2020-08-24T22:06:49.744+0000][18268][safepoint    ] Safepoint "Cleanup", Time since last: 2000394100 ns, Reaching safepoint: 110900 ns, At safepoint: 5900 ns, Total: 116800 ns
[2020-08-24T22:06:50.744+0000][18268][safepoint    ] Safepoint "Cleanup", Time since last: 1000379600 ns, Reaching safepoint: 97600 ns, At safepoint: 1800 ns, Total: 99400 ns
[2020-08-24T22:06:51.744+0000][18268][safepoint    ] Safepoint "Cleanup", Time since last: 1000009000 ns, Reaching safepoint: 116200 ns, At safepoint: 2000 ns, Total: 118200 ns
[2020-08-24T22:06:52.745+0000][18268][safepoint    ] Safepoint "Cleanup", Time since last: 1000275900 ns, Reaching safepoint: 102000 ns, At safepoint: 6700 ns, Total: 108700 ns
[2020-08-24T22:06:54.745+0000][18268][safepoint    ] Safepoint "Cleanup", Time since last: 2000398400 ns, Reaching safepoint: 116600 ns, At safepoint: 6600 ns, Total: 123200 ns
[2020-08-24T22:06:55.746+0000][18268][safepoint    ] Safepoint "Cleanup", Time since last: 1000363300 ns, Reaching safepoint: 113400 ns, At safepoint: 6400 ns, Total: 119800 ns
[2020-08-24T22:06:56.746+0000][18268][safepoint    ] Safepoint "Cleanup", Time since last: 1000377000 ns, Reaching safepoint: 96500 ns, At safepoint: 1900 ns, Total: 98400 ns
[2020-08-24T22:06:58.747+0000][18268][safepoint    ] Safepoint "Cleanup", Time since last: 2000406800 ns, Reaching safepoint: 86900 ns, At safepoint: 1900 ns, Total: 88800 ns
[2020-08-24T22:06:59.747+0000][18268][safepoint    ] Safepoint "Cleanup", Time since last: 1000412300 ns, Reaching safepoint: 118200 ns, At safepoint: 6800 ns, Total: 125000 ns
[2020-08-24T22:07:01.748+0000][18268][safepoint    ] Safepoint "Cleanup", Time since last: 2000382600 ns, Reaching safepoint: 151200 ns, At safepoint: 1800 ns, Total: 153000 ns
[2020-08-24T22:07:02.748+0000][18268][safepoint    ] Safepoint "Cleanup", Time since last: 1000308700 ns, Reaching safepoint: 122600 ns, At safepoint: 6700 ns, Total: 129300 ns
[2020-08-24T22:07:04.749+0000][18268][safepoint    ] Safepoint "Cleanup", Time since last: 2000367000 ns, Reaching safepoint: 106100 ns, At safepoint: 7300 ns, Total: 113400 ns
[2020-08-24T22:07:06.749+0000][18268][safepoint    ] Safepoint "Cleanup", Time since last: 2000392100 ns, Reaching safepoint: 104900 ns, At safepoint: 5800 ns, Total: 110700 ns
[2020-08-24T22:07:07.749+0000][18268][safepoint    ] Safepoint "Cleanup", Time since last: 1000017300 ns, Reaching safepoint: 105100 ns, At safepoint: 1800 ns, Total: 106900 ns
[2020-08-24T22:07:08.750+0000][18268][safepoint    ] Safepoint "Cleanup", Time since last: 1000377900 ns, Reaching safepoint: 100300 ns, At safepoint: 6500 ns, Total: 106800 ns
[2020-08-24T22:07:09.750+0000][18268][safepoint    ] Safepoint "Cleanup", Time since last: 1000396300 ns, Reaching safepoint: 110700 ns, At safepoint: 6500 ns, Total: 117200 ns
[2020-08-24T22:07:10.751+0000][18268][safepoint    ] Safepoint "Cleanup", Time since last: 1000318300 ns, Reaching safepoint: 97900 ns, At safepoint: 1800 ns, Total: 99700 ns
[2020-08-24T22:07:12.751+0000][18268][safepoint    ] Safepoint "Cleanup", Time since last: 1999946200 ns, Reaching safepoint: 107400 ns, At safepoint: 1800 ns, Total: 109200 ns
[2020-08-24T22:07:13.751+0000][18268][safepoint    ] Safepoint "Cleanup", Time since last: 1000325900 ns, Reaching safepoint: 104800 ns, At safepoint: 6500 ns, Total: 111300 ns
[2020-08-24T22:07:15.752+0000][18268][safepoint    ] Safepoint "Cleanup", Time since last: 2000381400 ns, Reaching safepoint: 101400 ns, At safepoint: 6200 ns, Total: 107600 ns
[2020-08-24T22:07:16.752+0000][18268][safepoint    ] Safepoint "Cleanup", Time since last: 1000224500 ns, Reaching safepoint: 102500 ns, At safepoint: 2000 ns, Total: 104500 ns
[2020-08-24T22:07:17.752+0000][18268][safepoint    ] Safepoint "Cleanup", Time since last: 1000065400 ns, Reaching safepoint: 112000 ns, At safepoint: 6900 ns, Total: 118900 ns
[2020-08-24T22:07:18.753+0000][18268][safepoint    ] Safepoint "Cleanup", Time since last: 1000379500 ns, Reaching safepoint: 103200 ns, At safepoint: 1900 ns, Total: 105100 ns
[2020-08-24T22:07:19.753+0000][18268][safepoint    ] Safepoint "Cleanup", Time since last: 1000219900 ns, Reaching safepoint: 113700 ns, At safepoint: 6900 ns, Total: 120600 ns
[2020-08-24T22:07:20.753+0000][18268][safepoint    ] Safepoint "Cleanup", Time since last: 1000165100 ns, Reaching safepoint: 122300 ns, At safepoint: 6400 ns, Total: 128700 ns
[2020-08-24T22:07:22.754+0000][18268][safepoint    ] Safepoint "Cleanup", Time since last: 2000263700 ns, Reaching safepoint: 94500 ns, At safepoint: 6400 ns, Total: 100900 ns
[2020-08-24T22:07:24.754+0000][18268][safepoint    ] Safepoint "Cleanup", Time since last: 1999920800 ns, Reaching safepoint: 105900 ns, At safepoint: 1800 ns, Total: 107700 ns
[2020-08-24T22:07:25.754+0000][18268][safepoint    ] Safepoint "Cleanup", Time since last: 1000359800 ns, Reaching safepoint: 111900 ns, At safepoint: 6700 ns, Total: 118600 ns
[2020-08-24T22:07:27.755+0000][18268][safepoint    ] Safepoint "Cleanup", Time since last: 2000145100 ns, Reaching safepoint: 118200 ns, At safepoint: 7000 ns, Total: 125200 ns
[2020-08-24T22:07:28.755+0000][18268][safepoint    ] Safepoint "Cleanup", Time since last: 1000138500 ns, Reaching safepoint: 97900 ns, At safepoint: 2300 ns, Total: 100200 ns
[2020-08-24T22:07:29.755+0000][18268][safepoint    ] Safepoint "Cleanup", Time since last: 1000379600 ns, Reaching safepoint: 127800 ns, At safepoint: 6300 ns, Total: 134100 ns
[2020-08-24T22:07:31.756+0000][18268][safepoint    ] Safepoint "Cleanup", Time since last: 2000125700 ns, Reaching safepoint: 127500 ns, At safepoint: 2000 ns, Total: 129500 ns
[2020-08-24T22:07:32.756+0000][18268][safepoint    ] Safepoint "Cleanup", Time since last: 1000005500 ns, Reaching safepoint: 108300 ns, At safepoint: 1900 ns, Total: 110200 ns
[2020-08-24T22:07:33.756+0000][18268][safepoint    ] Safepoint "Cleanup", Time since last: 1000010900 ns, Reaching safepoint: 122400 ns, At safepoint: 2100 ns, Total: 124500 ns
[2020-08-24T22:07:35.756+0000][18268][safepoint    ] Safepoint "Cleanup", Time since last: 1999987400 ns, Reaching safepoint: 101700 ns, At safepoint: 6200 ns, Total: 107900 ns
[2020-08-24T22:07:36.756+0000][18268][safepoint    ] Safepoint "Cleanup", Time since last: 1000346900 ns, Reaching safepoint: 130000 ns, At safepoint: 2100 ns, Total: 132100 ns
[2020-08-24T22:07:37.757+0000][18268][safepoint    ] Safepoint "Cleanup", Time since last: 1000288300 ns, Reaching safepoint: 106200 ns, At safepoint: 5800 ns, Total: 112000 ns
[2020-08-24T22:07:38.757+0000][18268][safepoint    ] Safepoint "Cleanup", Time since last: 1000364100 ns, Reaching safepoint: 111600 ns, At safepoint: 2200 ns, Total: 113800 ns
[2020-08-24T22:07:39.757+0000][18268][safepoint    ] Safepoint "Cleanup", Time since last: 1000011200 ns, Reaching safepoint: 107500 ns, At safepoint: 6500 ns, Total: 114000 ns
[2020-08-24T22:07:40.758+0000][18268][safepoint    ] Safepoint "Cleanup", Time since last: 1000290800 ns, Reaching safepoint: 99700 ns, At safepoint: 6100 ns, Total: 105800 ns
[2020-08-24T22:07:41.758+0000][18268][safepoint    ] Safepoint "Cleanup", Time since last: 1000375800 ns, Reaching safepoint: 105600 ns, At safepoint: 6900 ns, Total: 112500 ns
[2020-08-24T22:07:43.758+0000][18268][safepoint    ] Safepoint "Cleanup", Time since last: 1999901300 ns, Reaching safepoint: 101600 ns, At safepoint: 7200 ns, Total: 108800 ns
[2020-08-24T22:07:45.759+0000][18268][safepoint    ] Safepoint "Cleanup", Time since last: 2000366400 ns, Reaching safepoint: 93900 ns, At safepoint: 2400 ns, Total: 96300 ns
[2020-08-24T22:07:47.759+0000][18268][safepoint    ] Safepoint "Cleanup", Time since last: 2000428200 ns, Reaching safepoint: 121300 ns, At safepoint: 6300 ns, Total: 127600 ns
[2020-08-24T22:07:48.760+0000][18268][safepoint    ] Safepoint "Cleanup", Time since last: 1000061600 ns, Reaching safepoint: 128000 ns, At safepoint: 6400 ns, Total: 134400 ns
[2020-08-24T22:07:49.760+0000][18268][safepoint    ] Safepoint "Cleanup", Time since last: 1000174800 ns, Reaching safepoint: 111300 ns, At safepoint: 6900 ns, Total: 118200 ns
[2020-08-24T22:07:51.760+0000][18268][safepoint    ] Safepoint "Cleanup", Time since last: 1999884800 ns, Reaching safepoint: 151300 ns, At safepoint: 1800 ns, Total: 153100 ns
[2020-08-24T22:07:53.760+0000][18268][safepoint    ] Safepoint "Cleanup", Time since last: 2000344000 ns, Reaching safepoint: 122800 ns, At safepoint: 5900 ns, Total: 128700 ns
[2020-08-24T22:07:54.761+0000][18268][safepoint    ] Safepoint "Cleanup", Time since last: 1000342500 ns, Reaching safepoint: 125500 ns, At safepoint: 6300 ns, Total: 131800 ns
[2020-08-24T22:07:56.761+0000][18268][safepoint    ] Safepoint "Cleanup", Time since last: 1999886200 ns, Reaching safepoint: 108100 ns, At safepoint: 5900 ns, Total: 114000 ns
[2020-08-24T22:07:58.761+0000][18268][safepoint    ] Safepoint "Cleanup", Time since last: 1999968700 ns, Reaching safepoint: 107600 ns, At safepoint: 6900 ns, Total: 114500 ns
[2020-08-24T22:07:59.761+0000][18268][safepoint    ] Safepoint "Cleanup", Time since last: 1000353700 ns, Reaching safepoint: 104700 ns, At safepoint: 1800 ns, Total: 106500 ns
[2020-08-24T22:08:00.762+0000][18268][safepoint    ] Safepoint "Cleanup", Time since last: 1000357900 ns, Reaching safepoint: 100000 ns, At safepoint: 1900 ns, Total: 101900 ns
[2020-08-24T22:08:01.762+0000][18268][safepoint    ] Safepoint "Cleanup", Time since last: 1000353100 ns, Reaching safepoint: 109600 ns, At safepoint: 2000 ns, Total: 111600 ns
[2020-08-24T22:08:03.763+0000][18268][safepoint    ] Safepoint "Cleanup", Time since last: 2000163800 ns, Reaching safepoint: 107200 ns, At safepoint: 2000 ns, Total: 109200 ns
[2020-08-24T22:08:04.763+0000][18268][safepoint    ] Safepoint "Cleanup", Time since last: 1000161000 ns, Reaching safepoint: 104300 ns, At safepoint: 2300 ns, Total: 106600 ns
[2020-08-24T22:08:05.763+0000][18268][safepoint    ] Safepoint "Cleanup", Time since last: 1000393500 ns, Reaching safepoint: 98500 ns, At safepoint: 5600 ns, Total: 104100 ns
[2020-08-24T22:08:07.764+0000][18268][safepoint    ] Safepoint "Cleanup", Time since last: 2000375000 ns, Reaching safepoint: 114200 ns, At safepoint: 1900 ns, Total: 116100 ns
[2020-08-24T22:08:09.764+0000][18268][safepoint    ] Safepoint "Cleanup", Time since last: 2000387200 ns, Reaching safepoint: 103800 ns, At safepoint: 1700 ns, Total: 105500 ns
[2020-08-24T22:08:11.764+0000][18268][safepoint    ] Safepoint "Cleanup", Time since last: 1999942600 ns, Reaching safepoint: 110500 ns, At safepoint: 6400 ns, Total: 116900 ns
[2020-08-24T22:08:12.765+0000][18268][safepoint    ] Safepoint "Cleanup", Time since last: 1000317400 ns, Reaching safepoint: 101600 ns, At safepoint: 2000 ns, Total: 103600 ns
[2020-08-24T22:08:14.765+0000][18268][safepoint    ] Safepoint "Cleanup", Time since last: 2000411100 ns, Reaching safepoint: 108100 ns, At safepoint: 6800 ns, Total: 114900 ns
[2020-08-24T22:08:15.766+0000][18268][safepoint    ] Safepoint "Cleanup", Time since last: 1000387900 ns, Reaching safepoint: 101800 ns, At safepoint: 6500 ns, Total: 108300 ns
[2020-08-24T22:08:17.766+0000][18268][safepoint    ] Safepoint "Cleanup", Time since last: 2000384100 ns, Reaching safepoint: 128400 ns, At safepoint: 6200 ns, Total: 134600 ns
[2020-08-24T22:08:19.767+0000][18268][safepoint    ] Safepoint "Cleanup", Time since last: 2000285200 ns, Reaching safepoint: 138500 ns, At safepoint: 6800 ns, Total: 145300 ns
[2020-08-24T22:08:21.767+0000][18268][safepoint    ] Safepoint "Cleanup", Time since last: 2000124800 ns, Reaching safepoint: 121500 ns, At safepoint: 1700 ns, Total: 123200 ns
[2020-08-24T22:08:22.767+0000][18268][safepoint    ] Safepoint "Cleanup", Time since last: 1000016900 ns, Reaching safepoint: 122700 ns, At safepoint: 6600 ns, Total: 129300 ns
[2020-08-24T22:08:23.767+0000][18268][safepoint    ] Safepoint "Cleanup", Time since last: 1000059300 ns, Reaching safepoint: 111000 ns, At safepoint: 5800 ns, Total: 116800 ns
[2020-08-24T22:08:25.768+0000][18268][safepoint    ] Safepoint "Cleanup", Time since last: 2000393400 ns, Reaching safepoint: 102300 ns, At safepoint: 6200 ns, Total: 108500 ns
[2020-08-24T22:08:27.768+0000][18268][safepoint    ] Safepoint "Cleanup", Time since last: 2000243700 ns, Reaching safepoint: 159900 ns, At safepoint: 6600 ns, Total: 166500 ns
[2020-08-24T22:08:28.768+0000][18268][safepoint    ] Safepoint "Cleanup", Time since last: 1000059500 ns, Reaching safepoint: 101900 ns, At safepoint: 2600 ns, Total: 104500 ns
[2020-08-24T22:08:29.769+0000][18268][safepoint    ] Safepoint "Cleanup", Time since last: 1000295300 ns, Reaching safepoint: 98600 ns, At safepoint: 1800 ns, Total: 100400 ns
[2020-08-24T22:08:31.769+0000][18268][safepoint    ] Safepoint "Cleanup", Time since last: 2000395800 ns, Reaching safepoint: 100200 ns, At safepoint: 6300 ns, Total: 106500 ns
[2020-08-24T22:08:33.769+0000][18268][safepoint    ] Safepoint "Cleanup", Time since last: 1999901800 ns, Reaching safepoint: 112800 ns, At safepoint: 2100 ns, Total: 114900 ns
[2020-08-24T22:08:35.770+0000][18268][safepoint    ] Safepoint "Cleanup", Time since last: 2000399300 ns, Reaching safepoint: 114900 ns, At safepoint: 6100 ns, Total: 121000 ns
[2020-08-24T22:08:36.770+0000][18268][safepoint    ] Safepoint "Cleanup", Time since last: 1000369300 ns, Reaching safepoint: 115400 ns, At safepoint: 6100 ns, Total: 121500 ns
[2020-08-24T22:08:37.771+0000][18268][safepoint    ] Safepoint "Cleanup", Time since last: 1000220200 ns, Reaching safepoint: 122300 ns, At safepoint: 6900 ns, Total: 129200 ns
[2020-08-24T22:08:38.771+0000][18268][safepoint    ] Safepoint "Cleanup", Time since last: 1000048600 ns, Reaching safepoint: 113300 ns, At safepoint: 1900 ns, Total: 115200 ns
[2020-08-24T22:08:39.771+0000][18268][safepoint    ] Safepoint "Cleanup", Time since last: 1000374300 ns, Reaching safepoint: 121200 ns, At safepoint: 5700 ns, Total: 126900 ns
[2020-08-24T22:08:40.772+0000][18268][safepoint    ] Safepoint "Cleanup", Time since last: 1000333300 ns, Reaching safepoint: 94000 ns, At safepoint: 2000 ns, Total: 96000 ns
[2020-08-24T22:08:41.772+0000][18268][safepoint    ] Safepoint "Cleanup", Time since last: 1000016100 ns, Reaching safepoint: 132500 ns, At safepoint: 2100 ns, Total: 134600 ns
[2020-08-24T22:08:42.772+0000][18268][safepoint    ] Safepoint "Cleanup", Time since last: 1000250600 ns, Reaching safepoint: 100300 ns, At safepoint: 2200 ns, Total: 102500 ns
[2020-08-24T22:08:44.772+0000][18268][safepoint    ] Safepoint "Cleanup", Time since last: 1999937200 ns, Reaching safepoint: 107100 ns, At safepoint: 1900 ns, Total: 109000 ns
[2020-08-24T22:08:45.773+0000][18268][safepoint    ] Safepoint "Cleanup", Time since last: 1000392100 ns, Reaching safepoint: 115400 ns, At safepoint: 7300 ns, Total: 122700 ns
[2020-08-24T22:08:47.773+0000][18268][safepoint    ] Safepoint "Cleanup", Time since last: 2000378000 ns, Reaching safepoint: 111200 ns, At safepoint: 6100 ns, Total: 117300 ns
[2020-08-24T22:08:47.880+0000][18268][gc,start     ] GC(23) Pause Young (Normal) (G1 Evacuation Pause)
[2020-08-24T22:08:47.880+0000][18268][gc,task      ] GC(23) Using 18 workers of 18 for evacuation
[2020-08-24T22:08:47.880+0000][18268][gc,age       ] GC(23) Desired survivor size 40370176 bytes, new threshold 15 (max threshold 15)
[2020-08-24T22:08:47.887+0000][18268][gc,age       ] GC(23) Age table with threshold 15 (max threshold 15)
[2020-08-24T22:08:47.887+0000][18268][gc,age       ] GC(23) - age   1:      12232 bytes,      12232 total
[2020-08-24T22:08:47.887+0000][18268][gc,age       ] GC(23) - age   2:      98216 bytes,     110448 total
[2020-08-24T22:08:47.887+0000][18268][gc,age       ] GC(23) - age   3:      30848 bytes,     141296 total
[2020-08-24T22:08:47.887+0000][18268][gc,age       ] GC(23) - age   4:     168448 bytes,     309744 total
[2020-08-24T22:08:47.887+0000][18268][gc,age       ] GC(23) - age   5:        336 bytes,     310080 total
[2020-08-24T22:08:47.887+0000][18268][gc,age       ] GC(23) - age   6:       2648 bytes,     312728 total
[2020-08-24T22:08:47.887+0000][18268][gc,age       ] GC(23) - age   7:       1448 bytes,     314176 total
[2020-08-24T22:08:47.887+0000][18268][gc,age       ] GC(23) - age   8:        984 bytes,     315160 total
[2020-08-24T22:08:47.887+0000][18268][gc,age       ] GC(23) - age   9:       2648 bytes,     317808 total
[2020-08-24T22:08:47.887+0000][18268][gc,age       ] GC(23) - age  10:      35000 bytes,     352808 total
[2020-08-24T22:08:47.887+0000][18268][gc,age       ] GC(23) - age  11:      91480 bytes,     444288 total
[2020-08-24T22:08:47.887+0000][18268][gc,age       ] GC(23) - age  12:     317536 bytes,     761824 total
[2020-08-24T22:08:47.887+0000][18268][gc,age       ] GC(23) - age  13:   11906672 bytes,   12668496 total
[2020-08-24T22:08:47.887+0000][18268][gc,age       ] GC(23) - age  14:    8982488 bytes,   21650984 total
[2020-08-24T22:08:47.888+0000][18268][gc,phases    ] GC(23)   Pre Evacuate Collection Set: 0.1ms
[2020-08-24T22:08:47.888+0000][18268][gc,phases    ] GC(23)   Merge Heap Roots: 0.1ms
[2020-08-24T22:08:47.888+0000][18268][gc,phases    ] GC(23)   Evacuate Collection Set: 5.8ms
[2020-08-24T22:08:47.888+0000][18268][gc,phases    ] GC(23)   Post Evacuate Collection Set: 1.0ms
[2020-08-24T22:08:47.888+0000][18268][gc,phases    ] GC(23)   Other: 0.3ms
[2020-08-24T22:08:47.888+0000][18268][gc,heap      ] GC(23) Eden regions: 591->0(591)
[2020-08-24T22:08:47.888+0000][18268][gc,heap      ] GC(23) Survivor regions: 23->23(77)
[2020-08-24T22:08:47.888+0000][18268][gc,heap      ] GC(23) Old regions: 48->48
[2020-08-24T22:08:47.888+0000][18268][gc,heap      ] GC(23) Archive regions: 0->0
[2020-08-24T22:08:47.888+0000][18268][gc,heap      ] GC(23) Humongous regions: 7->7
[2020-08-24T22:08:47.888+0000][18268][gc,metaspace ] GC(23) Metaspace: 92030K(99840K)->92030K(99840K) NonClass: 79481K(84096K)->79481K(84096K) Class: 12549K(15744K)->12549K(15744K)
[2020-08-24T22:08:47.888+0000][18268][gc           ] GC(23) Pause Young (Normal) (G1 Evacuation Pause) 667M->76M(1024M) 7.395ms
[2020-08-24T22:08:47.888+0000][18268][gc,cpu       ] GC(23) User=0.28s Sys=0.00s Real=0.01s
[2020-08-24T22:08:47.888+0000][18268][safepoint    ] Safepoint "G1CollectForAllocation", Time since last: 107116600 ns, Reaching safepoint: 82400 ns, At safepoint: 7461500 ns, Total: 7543900 ns
[2020-08-24T22:08:48.888+0000][18268][safepoint    ] Safepoint "Cleanup", Time since last: 1000241000 ns, Reaching safepoint: 99700 ns, At safepoint: 2600 ns, Total: 102300 ns
[2020-08-24T22:08:50.889+0000][18268][safepoint    ] Safepoint "Cleanup", Time since last: 2000369000 ns, Reaching safepoint: 106800 ns, At safepoint: 2100 ns, Total: 108900 ns
[2020-08-24T22:08:52.889+0000][18268][safepoint    ] Safepoint "Cleanup", Time since last: 1999906000 ns, Reaching safepoint: 101200 ns, At safepoint: 2000 ns, Total: 103200 ns
[2020-08-24T22:08:53.889+0000][18268][safepoint    ] Safepoint "Cleanup", Time since last: 1000397600 ns, Reaching safepoint: 104800 ns, At safepoint: 1900 ns, Total: 106700 ns
[2020-08-24T22:08:55.890+0000][18268][safepoint    ] Safepoint "Cleanup", Time since last: 2000208700 ns, Reaching safepoint: 112300 ns, At safepoint: 1800 ns, Total: 114100 ns
[2020-08-24T22:08:56.890+0000][18268][safepoint    ] Safepoint "Cleanup", Time since last: 1000099200 ns, Reaching safepoint: 114900 ns, At safepoint: 6500 ns, Total: 121400 ns
[2020-08-24T22:08:57.890+0000][18268][safepoint    ] Safepoint "Cleanup", Time since last: 1000344600 ns, Reaching safepoint: 102700 ns, At safepoint: 6200 ns, Total: 108900 ns
[2020-08-24T22:08:58.891+0000][18268][safepoint    ] Safepoint "Cleanup", Time since last: 1000384000 ns, Reaching safepoint: 116200 ns, At safepoint: 6200 ns, Total: 122400 ns
[2020-08-24T22:08:59.891+0000][18268][safepoint    ] Safepoint "Cleanup", Time since last: 1000100400 ns, Reaching safepoint: 113700 ns, At safepoint: 2100 ns, Total: 115800 ns
[2020-08-24T22:09:00.891+0000][18268][safepoint    ] Safepoint "Cleanup", Time since last: 1000177400 ns, Reaching safepoint: 116200 ns, At safepoint: 6600 ns, Total: 122800 ns
[2020-08-24T22:09:02.892+0000][18268][safepoint    ] Safepoint "Cleanup", Time since last: 2000345600 ns, Reaching safepoint: 120300 ns, At safepoint: 6000 ns, Total: 126300 ns
[2020-08-24T22:09:04.892+0000][18268][safepoint    ] Safepoint "Cleanup", Time since last: 2000393000 ns, Reaching safepoint: 99700 ns, At safepoint: 6300 ns, Total: 106000 ns
[2020-08-24T22:09:06.738+0000][18268][safepoint    ] Safepoint "Cleanup", Time since last: 1845894800 ns, Reaching safepoint: 119500 ns, At safepoint: 7100 ns, Total: 126600 ns
[2020-08-24T22:09:08.738+0000][18268][safepoint    ] Safepoint "Cleanup", Time since last: 1999949500 ns, Reaching safepoint: 116000 ns, At safepoint: 1900 ns, Total: 117900 ns
[2020-08-24T22:09:09.739+0000][18268][safepoint    ] Safepoint "Cleanup", Time since last: 1000331100 ns, Reaching safepoint: 118200 ns, At safepoint: 1800 ns, Total: 120000 ns
[2020-08-24T22:09:10.739+0000][18268][safepoint    ] Safepoint "Cleanup", Time since last: 1000368800 ns, Reaching safepoint: 128500 ns, At safepoint: 7100 ns, Total: 135600 ns
[2020-08-24T22:09:12.740+0000][18268][safepoint    ] Safepoint "Cleanup", Time since last: 2000219500 ns, Reaching safepoint: 120600 ns, At safepoint: 7000 ns, Total: 127600 ns
[2020-08-24T22:09:13.740+0000][18268][safepoint    ] Safepoint "Cleanup", Time since last: 1000007900 ns, Reaching safepoint: 103500 ns, At safepoint: 6600 ns, Total: 110100 ns
[2020-08-24T22:09:14.740+0000][18268][safepoint    ] Safepoint "Cleanup", Time since last: 1000378100 ns, Reaching safepoint: 114900 ns, At safepoint: 1900 ns, Total: 116800 ns
[2020-08-24T22:09:16.741+0000][18268][safepoint    ] Safepoint "Cleanup", Time since last: 2000434500 ns, Reaching safepoint: 99600 ns, At safepoint: 6900 ns, Total: 106500 ns
[2020-08-24T22:09:17.741+0000][18268][safepoint    ] Safepoint "Cleanup", Time since last: 1000352800 ns, Reaching safepoint: 116900 ns, At safepoint: 6800 ns, Total: 123700 ns
[2020-08-24T22:09:18.742+0000][18268][safepoint    ] Safepoint "Cleanup", Time since last: 1000372300 ns, Reaching safepoint: 107200 ns, At safepoint: 1900 ns, Total: 109100 ns
[2020-08-24T22:09:19.742+0000][18268][safepoint    ] Safepoint "Cleanup", Time since last: 1000380300 ns, Reaching safepoint: 122900 ns, At safepoint: 6800 ns, Total: 129700 ns
[2020-08-24T22:09:21.742+0000][18268][safepoint    ] Safepoint "Cleanup", Time since last: 1999887200 ns, Reaching safepoint: 102600 ns, At safepoint: 1900 ns, Total: 104500 ns
[2020-08-24T22:09:23.743+0000][18268][safepoint    ] Safepoint "Cleanup", Time since last: 2000392100 ns, Reaching safepoint: 135800 ns, At safepoint: 2200 ns, Total: 138000 ns
[2020-08-24T22:09:24.743+0000][18268][safepoint    ] Safepoint "Cleanup", Time since last: 1000344600 ns, Reaching safepoint: 121300 ns, At safepoint: 2200 ns, Total: 123500 ns
[2020-08-24T22:09:26.744+0000][18268][safepoint    ] Safepoint "Cleanup", Time since last: 2000419300 ns, Reaching safepoint: 100800 ns, At safepoint: 2900 ns, Total: 103700 ns
[2020-08-24T22:09:27.744+0000][18268][safepoint    ] Safepoint "Cleanup", Time since last: 1000318600 ns, Reaching safepoint: 111700 ns, At safepoint: 6700 ns, Total: 118400 ns
[2020-08-24T22:09:29.745+0000][18268][safepoint    ] Safepoint "Cleanup", Time since last: 2000431600 ns, Reaching safepoint: 121900 ns, At safepoint: 6300 ns, Total: 128200 ns
[2020-08-24T22:09:30.745+0000][18268][safepoint    ] Safepoint "Cleanup", Time since last: 1000115200 ns, Reaching safepoint: 119300 ns, At safepoint: 1800 ns, Total: 121100 ns
[2020-08-24T22:09:31.745+0000][18268][safepoint    ] Safepoint "Cleanup", Time since last: 1000189500 ns, Reaching safepoint: 124100 ns, At safepoint: 6500 ns, Total: 130600 ns
[2020-08-24T22:09:32.746+0000][18268][safepoint    ] Safepoint "Cleanup", Time since last: 1000322600 ns, Reaching safepoint: 112300 ns, At safepoint: 1900 ns, Total: 114200 ns
[2020-08-24T22:09:34.746+0000][18268][safepoint    ] Safepoint "Cleanup", Time since last: 1999908300 ns, Reaching safepoint: 110400 ns, At safepoint: 7100 ns, Total: 117500 ns
[2020-08-24T22:09:35.746+0000][18268][safepoint    ] Safepoint "Cleanup", Time since last: 1000348400 ns, Reaching safepoint: 112400 ns, At safepoint: 5700 ns, Total: 118100 ns
[2020-08-24T22:09:37.746+0000][18268][safepoint    ] Safepoint "Cleanup", Time since last: 1999895500 ns, Reaching safepoint: 111500 ns, At safepoint: 1900 ns, Total: 113400 ns
[2020-08-24T22:09:39.747+0000][18268][safepoint    ] Safepoint "Cleanup", Time since last: 2000378600 ns, Reaching safepoint: 107500 ns, At safepoint: 1800 ns, Total: 109300 ns
[2020-08-24T22:09:40.747+0000][18268][safepoint    ] Safepoint "Cleanup", Time since last: 1000388300 ns, Reaching safepoint: 110600 ns, At safepoint: 2000 ns, Total: 112600 ns
[2020-08-24T22:09:41.748+0000][18268][safepoint    ] Safepoint "Cleanup", Time since last: 1000282100 ns, Reaching safepoint: 115200 ns, At safepoint: 1800 ns, Total: 117000 ns
[2020-08-24T22:09:43.748+0000][18268][safepoint    ] Safepoint "Cleanup", Time since last: 1999965000 ns, Reaching safepoint: 99600 ns, At safepoint: 6200 ns, Total: 105800 ns
[2020-08-24T22:09:45.748+0000][18268][safepoint    ] Safepoint "Cleanup", Time since last: 1999946000 ns, Reaching safepoint: 128300 ns, At safepoint: 1900 ns, Total: 130200 ns
[2020-08-24T22:09:46.748+0000][18268][safepoint    ] Safepoint "Cleanup", Time since last: 1000350200 ns, Reaching safepoint: 102100 ns, At safepoint: 1800 ns, Total: 103900 ns
[2020-08-24T22:09:47.749+0000][18268][safepoint    ] Safepoint "Cleanup", Time since last: 1000395400 ns, Reaching safepoint: 126700 ns, At safepoint: 6300 ns, Total: 133000 ns
[2020-08-24T22:09:49.749+0000][18268][safepoint    ] Safepoint "Cleanup", Time since last: 2000362500 ns, Reaching safepoint: 105800 ns, At safepoint: 6600 ns, Total: 112400 ns
[2020-08-24T22:09:50.750+0000][18268][safepoint    ] Safepoint "Cleanup", Time since last: 1000387800 ns, Reaching safepoint: 104000 ns, At safepoint: 6300 ns, Total: 110300 ns
[2020-08-24T22:09:51.750+0000][18268][safepoint    ] Safepoint "Cleanup", Time since last: 1000356100 ns, Reaching safepoint: 92000 ns, At safepoint: 1800 ns, Total: 93800 ns
[2020-08-24T22:09:52.751+0000][18268][safepoint    ] Safepoint "Cleanup", Time since last: 1000402000 ns, Reaching safepoint: 103500 ns, At safepoint: 6400 ns, Total: 109900 ns
[2020-08-24T22:09:53.751+0000][18268][safepoint    ] Safepoint "Cleanup", Time since last: 1000381800 ns, Reaching safepoint: 112800 ns, At safepoint: 2100 ns, Total: 114900 ns
[2020-08-24T22:09:55.752+0000][18268][safepoint    ] Safepoint "Cleanup", Time since last: 2000172400 ns, Reaching safepoint: 129100 ns, At safepoint: 6400 ns, Total: 135500 ns
[2020-08-24T22:09:56.752+0000][18268][safepoint    ] Safepoint "Cleanup", Time since last: 1000179800 ns, Reaching safepoint: 122200 ns, At safepoint: 2100 ns, Total: 124300 ns
[2020-08-24T22:09:57.752+0000][18268][safepoint    ] Safepoint "Cleanup", Time since last: 1000363400 ns, Reaching safepoint: 110700 ns, At safepoint: 2000 ns, Total: 112700 ns
[2020-08-24T22:09:59.753+0000][18268][safepoint    ] Safepoint "Cleanup", Time since last: 2000346400 ns, Reaching safepoint: 106900 ns, At safepoint: 6600 ns, Total: 113500 ns
[2020-08-24T22:10:01.753+0000][18268][safepoint    ] Safepoint "Cleanup", Time since last: 2000381300 ns, Reaching safepoint: 129700 ns, At safepoint: 1900 ns, Total: 131600 ns
[2020-08-24T22:10:03.754+0000][18268][safepoint    ] Safepoint "Cleanup", Time since last: 2000346500 ns, Reaching safepoint: 99500 ns, At safepoint: 1800 ns, Total: 101300 ns
[2020-08-24T22:10:05.754+0000][18268][safepoint    ] Safepoint "Cleanup", Time since last: 2000422300 ns, Reaching safepoint: 93000 ns, At safepoint: 2200 ns, Total: 95200 ns
[2020-08-24T22:10:07.755+0000][18268][safepoint    ] Safepoint "Cleanup", Time since last: 2000407000 ns, Reaching safepoint: 137100 ns, At safepoint: 6600 ns, Total: 143700 ns
[2020-08-24T22:10:09.755+0000][18268][safepoint    ] Safepoint "Cleanup", Time since last: 1999876800 ns, Reaching safepoint: 101000 ns, At safepoint: 6600 ns, Total: 107600 ns
[2020-08-24T22:10:11.755+0000][18268][safepoint    ] Safepoint "Cleanup", Time since last: 2000196500 ns, Reaching safepoint: 110000 ns, At safepoint: 1800 ns, Total: 111800 ns
[2020-08-24T22:10:12.755+0000][18268][safepoint    ] Safepoint "Cleanup", Time since last: 1000060900 ns, Reaching safepoint: 105900 ns, At safepoint: 6900 ns, Total: 112800 ns
[2020-08-24T22:10:13.756+0000][18268][safepoint    ] Safepoint "Cleanup", Time since last: 1000356600 ns, Reaching safepoint: 102000 ns, At safepoint: 1900 ns, Total: 103900 ns
[2020-08-24T22:10:15.756+0000][18268][safepoint    ] Safepoint "Cleanup", Time since last: 1999900500 ns, Reaching safepoint: 116000 ns, At safepoint: 2000 ns, Total: 118000 ns
[2020-08-24T22:10:17.756+0000][18268][safepoint    ] Safepoint "Cleanup", Time since last: 2000040100 ns, Reaching safepoint: 103200 ns, At safepoint: 6600 ns, Total: 109800 ns
[2020-08-24T22:10:18.756+0000][18268][safepoint    ] Safepoint "Cleanup", Time since last: 1000274500 ns, Reaching safepoint: 119100 ns, At safepoint: 6900 ns, Total: 126000 ns
[2020-08-24T22:10:19.757+0000][18268][safepoint    ] Safepoint "Cleanup", Time since last: 1000364600 ns, Reaching safepoint: 110500 ns, At safepoint: 1800 ns, Total: 112300 ns
[2020-08-24T22:10:21.757+0000][18268][safepoint    ] Safepoint "Cleanup", Time since last: 1999981400 ns, Reaching safepoint: 125800 ns, At safepoint: 1900 ns, Total: 127700 ns
[2020-08-24T22:10:22.757+0000][18268][safepoint    ] Safepoint "Cleanup", Time since last: 1000295300 ns, Reaching safepoint: 108000 ns, At safepoint: 6900 ns, Total: 114900 ns
[2020-08-24T22:10:23.758+0000][18268][safepoint    ] Safepoint "Cleanup", Time since last: 1000146500 ns, Reaching safepoint: 110300 ns, At safepoint: 6500 ns, Total: 116800 ns
[2020-08-24T22:10:25.758+0000][18268][safepoint    ] Safepoint "Cleanup", Time since last: 2000086800 ns, Reaching safepoint: 117000 ns, At safepoint: 6600 ns, Total: 123600 ns
[2020-08-24T22:10:27.758+0000][18268][safepoint    ] Safepoint "Cleanup", Time since last: 1999940200 ns, Reaching safepoint: 110000 ns, At safepoint: 2200 ns, Total: 112200 ns
[2020-08-24T22:10:28.758+0000][18268][safepoint    ] Safepoint "Cleanup", Time since last: 1000336300 ns, Reaching safepoint: 118400 ns, At safepoint: 6600 ns, Total: 125000 ns
[2020-08-24T22:10:29.759+0000][18268][safepoint    ] Safepoint "Cleanup", Time since last: 1000381900 ns, Reaching safepoint: 122900 ns, At safepoint: 2400 ns, Total: 125300 ns
[2020-08-24T22:10:30.759+0000][18268][safepoint    ] Safepoint "Cleanup", Time since last: 1000341300 ns, Reaching safepoint: 117800 ns, At safepoint: 2000 ns, Total: 119800 ns
[2020-08-24T22:10:32.760+0000][18268][safepoint    ] Safepoint "Cleanup", Time since last: 2000162500 ns, Reaching safepoint: 122000 ns, At safepoint: 6700 ns, Total: 128700 ns
[2020-08-24T22:10:33.760+0000][18268][safepoint    ] Safepoint "Cleanup", Time since last: 1000114100 ns, Reaching safepoint: 119300 ns, At safepoint: 6400 ns, Total: 125700 ns
[2020-08-24T22:10:34.760+0000][18268][safepoint    ] Safepoint "Cleanup", Time since last: 1000365200 ns, Reaching safepoint: 102300 ns, At safepoint: 2200 ns, Total: 104500 ns
[2020-08-24T22:10:36.761+0000][18268][safepoint    ] Safepoint "Cleanup", Time since last: 2000219000 ns, Reaching safepoint: 103600 ns, At safepoint: 2000 ns, Total: 105600 ns
[2020-08-24T22:10:37.761+0000][18268][safepoint    ] Safepoint "Cleanup", Time since last: 1000082700 ns, Reaching safepoint: 107800 ns, At safepoint: 6500 ns, Total: 114300 ns
[2020-08-24T22:10:38.761+0000][18268][safepoint    ] Safepoint "Cleanup", Time since last: 1000367900 ns, Reaching safepoint: 110600 ns, At safepoint: 1800 ns, Total: 112400 ns
[2020-08-24T22:10:40.761+0000][18268][safepoint    ] Safepoint "Cleanup", Time since last: 2000049300 ns, Reaching safepoint: 126700 ns, At safepoint: 6700 ns, Total: 133400 ns
[2020-08-24T22:10:41.762+0000][18268][safepoint    ] Safepoint "Cleanup", Time since last: 1000217700 ns, Reaching safepoint: 126700 ns, At safepoint: 2000 ns, Total: 128700 ns
[2020-08-24T22:10:43.762+0000][18268][safepoint    ] Safepoint "Cleanup", Time since last: 1999917700 ns, Reaching safepoint: 110500 ns, At safepoint: 1800 ns, Total: 112300 ns
[2020-08-24T22:10:44.762+0000][18268][safepoint    ] Safepoint "Cleanup", Time since last: 1000346100 ns, Reaching safepoint: 107900 ns, At safepoint: 6500 ns, Total: 114400 ns
[2020-08-24T22:10:46.763+0000][18268][safepoint    ] Safepoint "Cleanup", Time since last: 2000214400 ns, Reaching safepoint: 112000 ns, At safepoint: 1900 ns, Total: 113900 ns
[2020-08-24T22:10:47.763+0000][18268][safepoint    ] Safepoint "Cleanup", Time since last: 1000051000 ns, Reaching safepoint: 155200 ns, At safepoint: 2300 ns, Total: 157500 ns
[2020-08-24T22:10:49.763+0000][18268][safepoint    ] Safepoint "Cleanup", Time since last: 2000350000 ns, Reaching safepoint: 129800 ns, At safepoint: 6700 ns, Total: 136500 ns
[2020-08-24T22:10:51.764+0000][18268][safepoint    ] Safepoint "Cleanup", Time since last: 2000360100 ns, Reaching safepoint: 112100 ns, At safepoint: 1800 ns, Total: 113900 ns
[2020-08-24T22:10:53.764+0000][18268][safepoint    ] Safepoint "Cleanup", Time since last: 2000385200 ns, Reaching safepoint: 105300 ns, At safepoint: 6600 ns, Total: 111900 ns
[2020-08-24T22:10:54.765+0000][18268][safepoint    ] Safepoint "Cleanup", Time since last: 1000367400 ns, Reaching safepoint: 113100 ns, At safepoint: 2100 ns, Total: 115200 ns
[2020-08-24T22:10:55.765+0000][18268][safepoint    ] Safepoint "Cleanup", Time since last: 1000393900 ns, Reaching safepoint: 105100 ns, At safepoint: 5800 ns, Total: 110900 ns
[2020-08-24T22:10:57.765+0000][18268][safepoint    ] Safepoint "Cleanup", Time since last: 1999969100 ns, Reaching safepoint: 108600 ns, At safepoint: 6600 ns, Total: 115200 ns
[2020-08-24T22:10:59.766+0000][18268][safepoint    ] Safepoint "Cleanup", Time since last: 2000322000 ns, Reaching safepoint: 106100 ns, At safepoint: 1900 ns, Total: 108000 ns
[2020-08-24T22:11:01.766+0000][18268][safepoint    ] Safepoint "Cleanup", Time since last: 2000383800 ns, Reaching safepoint: 116300 ns, At safepoint: 7100 ns, Total: 123400 ns
[2020-08-24T22:11:03.766+0000][18268][safepoint    ] Safepoint "Cleanup", Time since last: 1999973300 ns, Reaching safepoint: 97100 ns, At safepoint: 1900 ns, Total: 99000 ns
[2020-08-24T22:11:04.767+0000][18268][safepoint    ] Safepoint "Cleanup", Time since last: 1000292800 ns, Reaching safepoint: 115000 ns, At safepoint: 1800 ns, Total: 116800 ns
[2020-08-24T22:11:06.767+0000][18268][safepoint    ] Safepoint "Cleanup", Time since last: 1999915900 ns, Reaching safepoint: 111000 ns, At safepoint: 5900 ns, Total: 116900 ns
[2020-08-24T22:11:07.767+0000][18268][safepoint    ] Safepoint "Cleanup", Time since last: 1000368700 ns, Reaching safepoint: 118000 ns, At safepoint: 6600 ns, Total: 124600 ns
[2020-08-24T22:11:08.768+0000][18268][safepoint    ] Safepoint "Cleanup", Time since last: 1000382600 ns, Reaching safepoint: 133000 ns, At safepoint: 7800 ns, Total: 140800 ns
[2020-08-24T22:11:10.768+0000][18268][safepoint    ] Safepoint "Cleanup", Time since last: 2000111500 ns, Reaching safepoint: 107500 ns, At safepoint: 6600 ns, Total: 114100 ns
[2020-08-24T22:11:11.768+0000][18268][safepoint    ] Safepoint "Cleanup", Time since last: 1000066800 ns, Reaching safepoint: 122500 ns, At safepoint: 6400 ns, Total: 128900 ns
[2020-08-24T22:11:13.768+0000][18268][safepoint    ] Safepoint "Cleanup", Time since last: 1999916700 ns, Reaching safepoint: 111400 ns, At safepoint: 2200 ns, Total: 113600 ns
[2020-08-24T22:11:14.769+0000][18268][safepoint    ] Safepoint "Cleanup", Time since last: 1000382700 ns, Reaching safepoint: 107200 ns, At safepoint: 2100 ns, Total: 109300 ns
[2020-08-24T22:11:16.769+0000][18268][safepoint    ] Safepoint "Cleanup", Time since last: 1999922000 ns, Reaching safepoint: 120700 ns, At safepoint: 6500 ns, Total: 127200 ns
[2020-08-24T22:11:17.769+0000][18268][safepoint    ] Safepoint "Cleanup", Time since last: 1000336600 ns, Reaching safepoint: 118600 ns, At safepoint: 1800 ns, Total: 120400 ns
[2020-08-24T22:11:19.770+0000][18268][safepoint    ] Safepoint "Cleanup", Time since last: 2000387400 ns, Reaching safepoint: 109600 ns, At safepoint: 2400 ns, Total: 112000 ns
[2020-08-24T22:11:20.770+0000][18268][safepoint    ] Safepoint "Cleanup", Time since last: 1000370900 ns, Reaching safepoint: 113100 ns, At safepoint: 6800 ns, Total: 119900 ns
[2020-08-24T22:11:22.771+0000][18268][safepoint    ] Safepoint "Cleanup", Time since last: 2000407900 ns, Reaching safepoint: 117500 ns, At safepoint: 6800 ns, Total: 124300 ns
[2020-08-24T22:11:23.771+0000][18268][safepoint    ] Safepoint "Cleanup", Time since last: 1000362900 ns, Reaching safepoint: 110600 ns, At safepoint: 6700 ns, Total: 117300 ns
[2020-08-24T22:11:24.772+0000][18268][safepoint    ] Safepoint "Cleanup", Time since last: 1000225800 ns, Reaching safepoint: 110600 ns, At safepoint: 7300 ns, Total: 117900 ns
[2020-08-24T22:11:25.772+0000][18268][safepoint    ] Safepoint "Cleanup", Time since last: 1000029400 ns, Reaching safepoint: 114000 ns, At safepoint: 6300 ns, Total: 120300 ns
[2020-08-24T22:11:27.772+0000][18268][safepoint    ] Safepoint "Cleanup", Time since last: 2000085100 ns, Reaching safepoint: 130900 ns, At safepoint: 6700 ns, Total: 137600 ns
[2020-08-24T22:11:28.772+0000][18268][safepoint    ] Safepoint "Cleanup", Time since last: 1000184300 ns, Reaching safepoint: 106500 ns, At safepoint: 6100 ns, Total: 112600 ns
[2020-08-24T22:11:29.773+0000][18268][safepoint    ] Safepoint "Cleanup", Time since last: 1000388300 ns, Reaching safepoint: 138100 ns, At safepoint: 7900 ns, Total: 146000 ns
[2020-08-24T22:11:31.773+0000][18268][safepoint    ] Safepoint "Cleanup", Time since last: 2000312900 ns, Reaching safepoint: 102900 ns, At safepoint: 6400 ns, Total: 109300 ns
[2020-08-24T22:11:32.774+0000][18268][safepoint    ] Safepoint "Cleanup", Time since last: 1000362300 ns, Reaching safepoint: 110500 ns, At safepoint: 2000 ns, Total: 112500 ns
[2020-08-24T22:11:33.774+0000][18268][safepoint    ] Safepoint "Cleanup", Time since last: 1000033100 ns, Reaching safepoint: 116200 ns, At safepoint: 6100 ns, Total: 122300 ns
[2020-08-24T22:11:34.774+0000][18268][safepoint    ] Safepoint "Cleanup", Time since last: 1000018500 ns, Reaching safepoint: 99800 ns, At safepoint: 1800 ns, Total: 101600 ns
[2020-08-24T22:11:35.774+0000][18268][safepoint    ] Safepoint "Cleanup", Time since last: 1000187100 ns, Reaching safepoint: 104000 ns, At safepoint: 5800 ns, Total: 109800 ns
[2020-08-24T22:11:36.775+0000][18268][safepoint    ] Safepoint "Cleanup", Time since last: 1000378200 ns, Reaching safepoint: 134800 ns, At safepoint: 2000 ns, Total: 136800 ns
[2020-08-24T22:11:37.775+0000][18268][safepoint    ] Safepoint "Cleanup", Time since last: 1000126000 ns, Reaching safepoint: 101800 ns, At safepoint: 6800 ns, Total: 108600 ns
[2020-08-24T22:11:38.776+0000][18268][safepoint    ] Safepoint "Cleanup", Time since last: 1000340000 ns, Reaching safepoint: 112300 ns, At safepoint: 6600 ns, Total: 118900 ns
[2020-08-24T22:11:39.776+0000][18268][safepoint    ] Safepoint "Cleanup", Time since last: 1000161700 ns, Reaching safepoint: 124400 ns, At safepoint: 1800 ns, Total: 126200 ns
[2020-08-24T22:11:40.776+0000][18268][safepoint    ] Safepoint "Cleanup", Time since last: 1000133600 ns, Reaching safepoint: 104000 ns, At safepoint: 2100 ns, Total: 106100 ns
[2020-08-24T22:11:41.776+0000][18268][safepoint    ] Safepoint "Cleanup", Time since last: 1000222500 ns, Reaching safepoint: 110900 ns, At safepoint: 7000 ns, Total: 117900 ns
[2020-08-24T22:11:42.777+0000][18268][safepoint    ] Safepoint "Cleanup", Time since last: 1000382100 ns, Reaching safepoint: 102500 ns, At safepoint: 6600 ns, Total: 109100 ns
[2020-08-24T22:11:43.777+0000][18268][safepoint    ] Safepoint "Cleanup", Time since last: 1000310300 ns, Reaching safepoint: 116300 ns, At safepoint: 6800 ns, Total: 123100 ns
[2020-08-24T22:11:45.778+0000][18268][safepoint    ] Safepoint "Cleanup", Time since last: 2000248700 ns, Reaching safepoint: 103800 ns, At safepoint: 1900 ns, Total: 105700 ns
[2020-08-24T22:11:46.778+0000][18268][safepoint    ] Safepoint "Cleanup", Time since last: 1000345200 ns, Reaching safepoint: 118400 ns, At safepoint: 6900 ns, Total: 125300 ns
[2020-08-24T22:11:47.778+0000][18268][safepoint    ] Safepoint "Cleanup", Time since last: 1000055900 ns, Reaching safepoint: 123100 ns, At safepoint: 6600 ns, Total: 129700 ns
[2020-08-24T22:11:48.779+0000][18268][safepoint    ] Safepoint "Cleanup", Time since last: 1000193400 ns, Reaching safepoint: 108500 ns, At safepoint: 6300 ns, Total: 114800 ns
[2020-08-24T22:11:49.779+0000][18268][safepoint    ] Safepoint "Cleanup", Time since last: 1000083600 ns, Reaching safepoint: 104200 ns, At safepoint: 6000 ns, Total: 110200 ns
[2020-08-24T22:11:50.779+0000][18268][safepoint    ] Safepoint "Cleanup", Time since last: 1000380800 ns, Reaching safepoint: 106900 ns, At safepoint: 6700 ns, Total: 113600 ns
[2020-08-24T22:11:52.780+0000][18268][safepoint    ] Safepoint "Cleanup", Time since last: 2000105100 ns, Reaching safepoint: 112900 ns, At safepoint: 6300 ns, Total: 119200 ns
[2020-08-24T22:11:53.780+0000][18268][safepoint    ] Safepoint "Cleanup", Time since last: 1000201300 ns, Reaching safepoint: 105900 ns, At safepoint: 1800 ns, Total: 107700 ns
[2020-08-24T22:11:54.780+0000][18268][safepoint    ] Safepoint "Cleanup", Time since last: 1000343400 ns, Reaching safepoint: 125700 ns, At safepoint: 7500 ns, Total: 133200 ns
[2020-08-24T22:11:55.781+0000][18268][safepoint    ] Safepoint "Cleanup", Time since last: 1000168100 ns, Reaching safepoint: 108000 ns, At safepoint: 6800 ns, Total: 114800 ns
[2020-08-24T22:11:56.781+0000][18268][safepoint    ] Safepoint "Cleanup", Time since last: 1000189500 ns, Reaching safepoint: 100300 ns, At safepoint: 2000 ns, Total: 102300 ns
[2020-08-24T22:11:57.781+0000][18268][safepoint    ] Safepoint "Cleanup", Time since last: 1000287100 ns, Reaching safepoint: 115000 ns, At safepoint: 2200 ns, Total: 117200 ns
[2020-08-24T22:11:58.782+0000][18268][safepoint    ] Safepoint "Cleanup", Time since last: 1000343400 ns, Reaching safepoint: 105700 ns, At safepoint: 1900 ns, Total: 107600 ns
[2020-08-24T22:12:00.782+0000][18268][safepoint    ] Safepoint "Cleanup", Time since last: 2000431400 ns, Reaching safepoint: 104100 ns, At safepoint: 6600 ns, Total: 110700 ns
[2020-08-24T22:12:01.783+0000][18268][safepoint    ] Safepoint "Cleanup", Time since last: 1000390300 ns, Reaching safepoint: 104800 ns, At safepoint: 6600 ns, Total: 111400 ns
[2020-08-24T22:12:02.783+0000][18268][safepoint    ] Safepoint "Cleanup", Time since last: 1000384800 ns, Reaching safepoint: 115500 ns, At safepoint: 6100 ns, Total: 121600 ns
[2020-08-24T22:12:03.784+0000][18268][safepoint    ] Safepoint "Cleanup", Time since last: 1000228100 ns, Reaching safepoint: 105100 ns, At safepoint: 6000 ns, Total: 111100 ns
[2020-08-24T22:12:04.784+0000][18268][safepoint    ] Safepoint "Cleanup", Time since last: 1000043000 ns, Reaching safepoint: 107100 ns, At safepoint: 6400 ns, Total: 113500 ns
[2020-08-24T22:12:05.784+0000][18268][safepoint    ] Safepoint "Cleanup", Time since last: 1000380600 ns, Reaching safepoint: 140900 ns, At safepoint: 2100 ns, Total: 143000 ns
[2020-08-24T22:12:07.785+0000][18268][safepoint    ] Safepoint "Cleanup", Time since last: 2000360800 ns, Reaching safepoint: 110200 ns, At safepoint: 6500 ns, Total: 116700 ns
[2020-08-24T22:12:08.785+0000][18268][safepoint    ] Safepoint "Cleanup", Time since last: 1000152100 ns, Reaching safepoint: 119000 ns, At safepoint: 7400 ns, Total: 126400 ns
[2020-08-24T22:12:09.785+0000][18268][safepoint    ] Safepoint "Cleanup", Time since last: 1000108500 ns, Reaching safepoint: 113700 ns, At safepoint: 1800 ns, Total: 115500 ns
[2020-08-24T22:12:10.786+0000][18268][safepoint    ] Safepoint "Cleanup", Time since last: 1000383000 ns, Reaching safepoint: 119100 ns, At safepoint: 7200 ns, Total: 126300 ns
[2020-08-24T22:12:12.786+0000][18268][safepoint    ] Safepoint "Cleanup", Time since last: 2000368100 ns, Reaching safepoint: 115100 ns, At safepoint: 6500 ns, Total: 121600 ns
[2020-08-24T22:12:14.786+0000][18268][safepoint    ] Safepoint "Cleanup", Time since last: 1999888800 ns, Reaching safepoint: 107700 ns, At safepoint: 1900 ns, Total: 109600 ns
[2020-08-24T22:12:15.787+0000][18268][safepoint    ] Safepoint "Cleanup", Time since last: 1000350700 ns, Reaching safepoint: 106600 ns, At safepoint: 2000 ns, Total: 108600 ns
[2020-08-24T22:12:17.787+0000][18268][safepoint    ] Safepoint "Cleanup", Time since last: 2000183400 ns, Reaching safepoint: 100900 ns, At safepoint: 1800 ns, Total: 102700 ns
[2020-08-24T22:12:19.788+0000][18268][safepoint    ] Safepoint "Cleanup", Time since last: 2000378300 ns, Reaching safepoint: 133000 ns, At safepoint: 6600 ns, Total: 139600 ns
[2020-08-24T22:12:20.788+0000][18268][safepoint    ] Safepoint "Cleanup", Time since last: 1000210400 ns, Reaching safepoint: 117300 ns, At safepoint: 7100 ns, Total: 124400 ns
[2020-08-24T22:12:21.788+0000][18268][safepoint    ] Safepoint "Cleanup", Time since last: 1000293000 ns, Reaching safepoint: 101500 ns, At safepoint: 2000 ns, Total: 103500 ns
[2020-08-24T22:12:23.789+0000][18268][safepoint    ] Safepoint "Cleanup", Time since last: 2000397600 ns, Reaching safepoint: 127900 ns, At safepoint: 2200 ns, Total: 130100 ns
[2020-08-24T22:12:25.789+0000][18268][safepoint    ] Safepoint "Cleanup", Time since last: 2000359800 ns, Reaching safepoint: 133000 ns, At safepoint: 7000 ns, Total: 140000 ns
[2020-08-24T22:12:27.790+0000][18268][safepoint    ] Safepoint "Cleanup", Time since last: 2000370100 ns, Reaching safepoint: 103100 ns, At safepoint: 5800 ns, Total: 108900 ns
[2020-08-24T22:12:29.790+0000][18268][safepoint    ] Safepoint "Cleanup", Time since last: 1999888900 ns, Reaching safepoint: 105800 ns, At safepoint: 6300 ns, Total: 112100 ns
[2020-08-24T22:12:30.790+0000][18268][safepoint    ] Safepoint "Cleanup", Time since last: 1000384400 ns, Reaching safepoint: 116300 ns, At safepoint: 6700 ns, Total: 123000 ns
[2020-08-24T22:12:31.791+0000][18268][safepoint    ] Safepoint "Cleanup", Time since last: 1000380200 ns, Reaching safepoint: 110700 ns, At safepoint: 6500 ns, Total: 117200 ns
[2020-08-24T22:12:33.791+0000][18268][safepoint    ] Safepoint "Cleanup", Time since last: 2000355000 ns, Reaching safepoint: 105100 ns, At safepoint: 2400 ns, Total: 107500 ns
[2020-08-24T22:12:35.791+0000][18268][safepoint    ] Safepoint "Cleanup", Time since last: 1999917900 ns, Reaching safepoint: 108300 ns, At safepoint: 5900 ns, Total: 114200 ns
[2020-08-24T22:12:36.792+0000][18268][safepoint    ] Safepoint "Cleanup", Time since last: 1000379300 ns, Reaching safepoint: 118400 ns, At safepoint: 6100 ns, Total: 124500 ns
[2020-08-24T22:12:37.792+0000][18268][safepoint    ] Safepoint "Cleanup", Time since last: 1000379100 ns, Reaching safepoint: 117200 ns, At safepoint: 6800 ns, Total: 124000 ns
[2020-08-24T22:12:39.793+0000][18268][safepoint    ] Safepoint "Cleanup", Time since last: 2000375100 ns, Reaching safepoint: 106300 ns, At safepoint: 6500 ns, Total: 112800 ns
[2020-08-24T22:12:41.793+0000][18268][safepoint    ] Safepoint "Cleanup", Time since last: 2000387400 ns, Reaching safepoint: 125300 ns, At safepoint: 7300 ns, Total: 132600 ns
[2020-08-24T22:12:42.794+0000][18268][safepoint    ] Safepoint "Cleanup", Time since last: 1000385700 ns, Reaching safepoint: 131000 ns, At safepoint: 6800 ns, Total: 137800 ns
[2020-08-24T22:12:44.794+0000][18268][safepoint    ] Safepoint "Cleanup", Time since last: 2000304400 ns, Reaching safepoint: 102800 ns, At safepoint: 1800 ns, Total: 104600 ns
[2020-08-24T22:12:45.795+0000][18268][safepoint    ] Safepoint "Cleanup", Time since last: 1000256600 ns, Reaching safepoint: 118100 ns, At safepoint: 6600 ns, Total: 124700 ns
[2020-08-24T22:12:46.795+0000][18268][safepoint    ] Safepoint "Cleanup", Time since last: 1000090200 ns, Reaching safepoint: 101700 ns, At safepoint: 1800 ns, Total: 103500 ns
[2020-08-24T22:12:48.795+0000][18268][safepoint    ] Safepoint "Cleanup", Time since last: 2000159000 ns, Reaching safepoint: 110200 ns, At safepoint: 2100 ns, Total: 112300 ns
[2020-08-24T22:12:49.795+0000][18268][safepoint    ] Safepoint "Cleanup", Time since last: 1000094700 ns, Reaching safepoint: 108200 ns, At safepoint: 7000 ns, Total: 115200 ns
[2020-08-24T22:12:50.796+0000][18268][safepoint    ] Safepoint "Cleanup", Time since last: 1000333700 ns, Reaching safepoint: 110500 ns, At safepoint: 2000 ns, Total: 112500 ns
[2020-08-24T22:12:52.796+0000][18268][safepoint    ] Safepoint "Cleanup", Time since last: 2000261800 ns, Reaching safepoint: 131600 ns, At safepoint: 6700 ns, Total: 138300 ns
[2020-08-24T22:12:53.796+0000][18268][safepoint    ] Safepoint "Cleanup", Time since last: 1000037400 ns, Reaching safepoint: 117900 ns, At safepoint: 6700 ns, Total: 124600 ns
[2020-08-24T22:12:55.796+0000][18268][safepoint    ] Safepoint "Cleanup", Time since last: 2000028000 ns, Reaching safepoint: 105900 ns, At safepoint: 6900 ns, Total: 112800 ns
[2020-08-24T22:12:56.797+0000][18268][safepoint    ] Safepoint "Cleanup", Time since last: 1000240100 ns, Reaching safepoint: 113500 ns, At safepoint: 2300 ns, Total: 115800 ns
[2020-08-24T22:12:57.797+0000][18268][safepoint    ] Safepoint "Cleanup", Time since last: 1000125200 ns, Reaching safepoint: 109300 ns, At safepoint: 7100 ns, Total: 116400 ns
[2020-08-24T22:12:58.797+0000][18268][safepoint    ] Safepoint "Cleanup", Time since last: 1000136300 ns, Reaching safepoint: 121700 ns, At safepoint: 7000 ns, Total: 128700 ns
[2020-08-24T22:12:59.798+0000][18268][safepoint    ] Safepoint "Cleanup", Time since last: 1000200000 ns, Reaching safepoint: 114300 ns, At safepoint: 1900 ns, Total: 116200 ns
[2020-08-24T22:13:00.798+0000][18268][safepoint    ] Safepoint "Cleanup", Time since last: 1000049200 ns, Reaching safepoint: 109900 ns, At safepoint: 2100 ns, Total: 112000 ns
[2020-08-24T22:13:02.798+0000][18268][safepoint    ] Safepoint "Cleanup", Time since last: 2000387400 ns, Reaching safepoint: 104500 ns, At safepoint: 1800 ns, Total: 106300 ns
[2020-08-24T22:13:04.798+0000][18268][safepoint    ] Safepoint "Cleanup", Time since last: 2000065300 ns, Reaching safepoint: 109000 ns, At safepoint: 1900 ns, Total: 110900 ns
[2020-08-24T22:13:06.745+0000][18268][safepoint    ] Safepoint "Cleanup", Time since last: 1946878300 ns, Reaching safepoint: 119000 ns, At safepoint: 1800 ns, Total: 120800 ns
[2020-08-24T22:13:07.746+0000][18268][safepoint    ] Safepoint "Cleanup", Time since last: 1000139900 ns, Reaching safepoint: 111700 ns, At safepoint: 6200 ns, Total: 117900 ns
[2020-08-24T22:13:08.746+0000][18268][safepoint    ] Safepoint "Cleanup", Time since last: 1000186700 ns, Reaching safepoint: 117800 ns, At safepoint: 1800 ns, Total: 119600 ns
[2020-08-24T22:13:09.746+0000][18268][safepoint    ] Safepoint "Cleanup", Time since last: 1000182600 ns, Reaching safepoint: 112500 ns, At safepoint: 7100 ns, Total: 119600 ns
[2020-08-24T22:13:10.747+0000][18268][safepoint    ] Safepoint "Cleanup", Time since last: 1000351900 ns, Reaching safepoint: 109200 ns, At safepoint: 6500 ns, Total: 115700 ns
[2020-08-24T22:13:11.747+0000][18268][safepoint    ] Safepoint "Cleanup", Time since last: 1000228200 ns, Reaching safepoint: 112000 ns, At safepoint: 6300 ns, Total: 118300 ns
[2020-08-24T22:13:12.747+0000][18268][safepoint    ] Safepoint "Cleanup", Time since last: 1000062400 ns, Reaching safepoint: 130200 ns, At safepoint: 2200 ns, Total: 132400 ns
[2020-08-24T22:13:13.748+0000][18268][safepoint    ] Safepoint "Cleanup", Time since last: 1000345900 ns, Reaching safepoint: 131700 ns, At safepoint: 1800 ns, Total: 133500 ns
[2020-08-24T22:13:14.748+0000][18268][safepoint    ] Safepoint "Cleanup", Time since last: 1000334200 ns, Reaching safepoint: 150300 ns, At safepoint: 10100 ns, Total: 160400 ns
[2020-08-24T22:13:15.749+0000][18268][safepoint    ] Safepoint "Cleanup", Time since last: 1000070500 ns, Reaching safepoint: 119300 ns, At safepoint: 7200 ns, Total: 126500 ns
[2020-08-24T22:13:16.749+0000][18268][safepoint    ] Safepoint "Cleanup", Time since last: 1000186000 ns, Reaching safepoint: 108900 ns, At safepoint: 1800 ns, Total: 110700 ns
[2020-08-24T22:13:17.749+0000][18268][safepoint    ] Safepoint "Cleanup", Time since last: 1000379500 ns, Reaching safepoint: 136400 ns, At safepoint: 1800 ns, Total: 138200 ns
[2020-08-24T22:13:18.750+0000][18268][safepoint    ] Safepoint "Cleanup", Time since last: 1000360400 ns, Reaching safepoint: 107600 ns, At safepoint: 1800 ns, Total: 109400 ns
[2020-08-24T22:13:19.750+0000][18268][safepoint    ] Safepoint "Cleanup", Time since last: 1000179300 ns, Reaching safepoint: 131100 ns, At safepoint: 7300 ns, Total: 138400 ns
[2020-08-24T22:13:20.750+0000][18268][safepoint    ] Safepoint "Cleanup", Time since last: 1000162800 ns, Reaching safepoint: 106600 ns, At safepoint: 6200 ns, Total: 112800 ns
[2020-08-24T22:13:21.751+0000][18268][safepoint    ] Safepoint "Cleanup", Time since last: 1000295700 ns, Reaching safepoint: 122800 ns, At safepoint: 2200 ns, Total: 125000 ns
[2020-08-24T22:13:22.751+0000][18268][safepoint    ] Safepoint "Cleanup", Time since last: 1000345300 ns, Reaching safepoint: 147300 ns, At safepoint: 6500 ns, Total: 153800 ns
[2020-08-24T22:13:23.752+0000][18268][safepoint    ] Safepoint "Cleanup", Time since last: 1000058700 ns, Reaching safepoint: 112300 ns, At safepoint: 6700 ns, Total: 119000 ns
[2020-08-24T22:13:24.752+0000][18268][safepoint    ] Safepoint "Cleanup", Time since last: 1000168400 ns, Reaching safepoint: 108100 ns, At safepoint: 2200 ns, Total: 110300 ns
[2020-08-24T22:13:26.752+0000][18268][safepoint    ] Safepoint "Cleanup", Time since last: 1999922300 ns, Reaching safepoint: 121800 ns, At safepoint: 2200 ns, Total: 124000 ns
[2020-08-24T22:13:28.752+0000][18268][safepoint    ] Safepoint "Cleanup", Time since last: 1999913500 ns, Reaching safepoint: 115700 ns, At safepoint: 6500 ns, Total: 122200 ns
[2020-08-24T22:13:29.752+0000][18268][safepoint    ] Safepoint "Cleanup", Time since last: 1000313000 ns, Reaching safepoint: 108800 ns, At safepoint: 6500 ns, Total: 115300 ns
[2020-08-24T22:13:31.753+0000][18268][safepoint    ] Safepoint "Cleanup", Time since last: 2000330300 ns, Reaching safepoint: 105100 ns, At safepoint: 6300 ns, Total: 111400 ns
[2020-08-24T22:13:33.753+0000][18268][safepoint    ] Safepoint "Cleanup", Time since last: 2000184200 ns, Reaching safepoint: 109700 ns, At safepoint: 1800 ns, Total: 111500 ns
[2020-08-24T22:13:34.753+0000][18268][safepoint    ] Safepoint "Cleanup", Time since last: 1000146300 ns, Reaching safepoint: 106400 ns, At safepoint: 2300 ns, Total: 108700 ns
[2020-08-24T22:13:35.754+0000][18268][safepoint    ] Safepoint "Cleanup", Time since last: 1000175300 ns, Reaching safepoint: 100900 ns, At safepoint: 2300 ns, Total: 103200 ns
[2020-08-24T22:13:36.754+0000][18268][safepoint    ] Safepoint "Cleanup", Time since last: 1000124700 ns, Reaching safepoint: 119800 ns, At safepoint: 2100 ns, Total: 121900 ns
[2020-08-24T22:13:38.754+0000][18268][safepoint    ] Safepoint "Cleanup", Time since last: 1999886800 ns, Reaching safepoint: 116600 ns, At safepoint: 1700 ns, Total: 118300 ns
[2020-08-24T22:13:39.754+0000][18268][safepoint    ] Safepoint "Cleanup", Time since last: 1000102700 ns, Reaching safepoint: 106100 ns, At safepoint: 1900 ns, Total: 108000 ns
[2020-08-24T22:13:40.754+0000][18268][safepoint    ] Safepoint "Cleanup", Time since last: 1000191000 ns, Reaching safepoint: 110300 ns, At safepoint: 6300 ns, Total: 116600 ns
[2020-08-24T22:13:41.755+0000][18268][safepoint    ] Safepoint "Cleanup", Time since last: 1000190700 ns, Reaching safepoint: 113500 ns, At safepoint: 6700 ns, Total: 120200 ns
[2020-08-24T22:13:42.755+0000][18268][safepoint    ] Safepoint "Cleanup", Time since last: 1000186400 ns, Reaching safepoint: 113800 ns, At safepoint: 1700 ns, Total: 115500 ns
[2020-08-24T22:13:43.755+0000][18268][safepoint    ] Safepoint "Cleanup", Time since last: 1000267800 ns, Reaching safepoint: 113000 ns, At safepoint: 6300 ns, Total: 119300 ns
[2020-08-24T22:13:44.756+0000][18268][safepoint    ] Safepoint "Cleanup", Time since last: 1000076200 ns, Reaching safepoint: 110400 ns, At safepoint: 2000 ns, Total: 112400 ns
[2020-08-24T22:13:45.756+0000][18268][safepoint    ] Safepoint "Cleanup", Time since last: 1000193400 ns, Reaching safepoint: 103400 ns, At safepoint: 1800 ns, Total: 105200 ns
[2020-08-24T22:13:46.756+0000][18268][safepoint    ] Safepoint "Cleanup", Time since last: 1000390100 ns, Reaching safepoint: 113100 ns, At safepoint: 1900 ns, Total: 115000 ns
[2020-08-24T22:13:47.757+0000][18268][safepoint    ] Safepoint "Cleanup", Time since last: 1000376000 ns, Reaching safepoint: 100900 ns, At safepoint: 6900 ns, Total: 107800 ns
[2020-08-24T22:13:48.757+0000][18268][safepoint    ] Safepoint "Cleanup", Time since last: 1000084900 ns, Reaching safepoint: 115000 ns, At safepoint: 6400 ns, Total: 121400 ns
[2020-08-24T22:13:49.757+0000][18268][safepoint    ] Safepoint "Cleanup", Time since last: 1000178200 ns, Reaching safepoint: 102500 ns, At safepoint: 1800 ns, Total: 104300 ns
[2020-08-24T22:13:51.758+0000][18268][safepoint    ] Safepoint "Cleanup", Time since last: 2000408800 ns, Reaching safepoint: 115900 ns, At safepoint: 6700 ns, Total: 122600 ns
[2020-08-24T22:13:53.758+0000][18268][safepoint    ] Safepoint "Cleanup", Time since last: 1999888600 ns, Reaching safepoint: 108000 ns, At safepoint: 1900 ns, Total: 109900 ns
[2020-08-24T22:13:54.758+0000][18268][safepoint    ] Safepoint "Cleanup", Time since last: 1000376700 ns, Reaching safepoint: 93700 ns, At safepoint: 6500 ns, Total: 100200 ns
[2020-08-24T22:13:55.759+0000][18268][safepoint    ] Safepoint "Cleanup", Time since last: 1000395600 ns, Reaching safepoint: 109400 ns, At safepoint: 2200 ns, Total: 111600 ns
[2020-08-24T22:13:57.759+0000][18268][safepoint    ] Safepoint "Cleanup", Time since last: 2000039700 ns, Reaching safepoint: 139300 ns, At safepoint: 1900 ns, Total: 141200 ns
[2020-08-24T22:13:58.759+0000][18268][safepoint    ] Safepoint "Cleanup", Time since last: 1000186900 ns, Reaching safepoint: 114700 ns, At safepoint: 6700 ns, Total: 121400 ns
[2020-08-24T22:14:00.759+0000][18268][safepoint    ] Safepoint "Cleanup", Time since last: 1999906800 ns, Reaching safepoint: 113900 ns, At safepoint: 1900 ns, Total: 115800 ns
[2020-08-24T22:14:01.760+0000][18268][safepoint    ] Safepoint "Cleanup", Time since last: 1000378400 ns, Reaching safepoint: 106000 ns, At safepoint: 1800 ns, Total: 107800 ns
[2020-08-24T22:14:03.760+0000][18268][safepoint    ] Safepoint "Cleanup", Time since last: 2000408900 ns, Reaching safepoint: 106800 ns, At safepoint: 6400 ns, Total: 113200 ns
[2020-08-24T22:14:05.761+0000][18268][safepoint    ] Safepoint "Cleanup", Time since last: 2000400200 ns, Reaching safepoint: 105200 ns, At safepoint: 2000 ns, Total: 107200 ns
[2020-08-24T22:14:06.761+0000][18268][safepoint    ] Safepoint "Cleanup", Time since last: 1000376900 ns, Reaching safepoint: 138100 ns, At safepoint: 6900 ns, Total: 145000 ns
[2020-08-24T22:14:07.762+0000][18268][safepoint    ] Safepoint "Cleanup", Time since last: 1000355800 ns, Reaching safepoint: 109000 ns, At safepoint: 1900 ns, Total: 110900 ns
[2020-08-24T22:14:08.762+0000][18268][safepoint    ] Safepoint "Cleanup", Time since last: 1000258700 ns, Reaching safepoint: 110500 ns, At safepoint: 6600 ns, Total: 117100 ns
[2020-08-24T22:14:09.762+0000][18268][safepoint    ] Safepoint "Cleanup", Time since last: 1000011800 ns, Reaching safepoint: 114600 ns, At safepoint: 2200 ns, Total: 116800 ns
[2020-08-24T22:14:10.763+0000][18268][safepoint    ] Safepoint "Cleanup", Time since last: 1000387600 ns, Reaching safepoint: 105500 ns, At safepoint: 6000 ns, Total: 111500 ns
[2020-08-24T22:14:12.763+0000][18268][safepoint    ] Safepoint "Cleanup", Time since last: 1999965900 ns, Reaching safepoint: 107000 ns, At safepoint: 6400 ns, Total: 113400 ns
[2020-08-24T22:14:13.763+0000][18268][safepoint    ] Safepoint "Cleanup", Time since last: 1000278100 ns, Reaching safepoint: 120800 ns, At safepoint: 7100 ns, Total: 127900 ns
[2020-08-24T22:14:15.763+0000][18268][safepoint    ] Safepoint "Cleanup", Time since last: 1999962200 ns, Reaching safepoint: 111700 ns, At safepoint: 1900 ns, Total: 113600 ns
[2020-08-24T22:14:16.764+0000][18268][safepoint    ] Safepoint "Cleanup", Time since last: 1000316500 ns, Reaching safepoint: 118900 ns, At safepoint: 2200 ns, Total: 121100 ns
[2020-08-24T22:14:17.764+0000][18268][safepoint    ] Safepoint "Cleanup", Time since last: 1000354700 ns, Reaching safepoint: 107800 ns, At safepoint: 1800 ns, Total: 109600 ns
[2020-08-24T22:14:19.764+0000][18268][safepoint    ] Safepoint "Cleanup", Time since last: 1999914700 ns, Reaching safepoint: 100900 ns, At safepoint: 1900 ns, Total: 102800 ns
[2020-08-24T22:14:20.765+0000][18268][safepoint    ] Safepoint "Cleanup", Time since last: 1000399200 ns, Reaching safepoint: 121400 ns, At safepoint: 2300 ns, Total: 123700 ns
[2020-08-24T22:14:22.765+0000][18268][safepoint    ] Safepoint "Cleanup", Time since last: 2000371100 ns, Reaching safepoint: 132300 ns, At safepoint: 7000 ns, Total: 139300 ns
[2020-08-24T22:14:23.766+0000][18268][safepoint    ] Safepoint "Cleanup", Time since last: 1000357700 ns, Reaching safepoint: 129700 ns, At safepoint: 7500 ns, Total: 137200 ns
[2020-08-24T22:14:24.766+0000][18268][safepoint    ] Safepoint "Cleanup", Time since last: 1000359900 ns, Reaching safepoint: 110100 ns, At safepoint: 6600 ns, Total: 116700 ns
[2020-08-24T22:14:25.767+0000][18268][safepoint    ] Safepoint "Cleanup", Time since last: 1000073400 ns, Reaching safepoint: 122500 ns, At safepoint: 6700 ns, Total: 129200 ns
[2020-08-24T22:14:26.767+0000][18268][safepoint    ] Safepoint "Cleanup", Time since last: 1000188400 ns, Reaching safepoint: 109500 ns, At safepoint: 2200 ns, Total: 111700 ns
[2020-08-24T22:14:27.767+0000][18268][safepoint    ] Safepoint "Cleanup", Time since last: 1000392100 ns, Reaching safepoint: 112000 ns, At safepoint: 2300 ns, Total: 114300 ns
[2020-08-24T22:14:28.768+0000][18268][safepoint    ] Safepoint "Cleanup", Time since last: 1000375000 ns, Reaching safepoint: 103000 ns, At safepoint: 1900 ns, Total: 104900 ns
[2020-08-24T22:14:29.768+0000][18268][safepoint    ] Safepoint "Cleanup", Time since last: 1000367200 ns, Reaching safepoint: 117500 ns, At safepoint: 1800 ns, Total: 119300 ns
[2020-08-24T22:14:31.768+0000][18268][safepoint    ] Safepoint "Cleanup", Time since last: 1999985300 ns, Reaching safepoint: 121800 ns, At safepoint: 2200 ns, Total: 124000 ns
[2020-08-24T22:14:32.769+0000][18268][safepoint    ] Safepoint "Cleanup", Time since last: 1000303500 ns, Reaching safepoint: 118600 ns, At safepoint: 1800 ns, Total: 120400 ns
[2020-08-24T22:14:34.769+0000][18268][safepoint    ] Safepoint "Cleanup", Time since last: 1999906300 ns, Reaching safepoint: 113400 ns, At safepoint: 1800 ns, Total: 115200 ns
[2020-08-24T22:14:36.751+0000][18268][safepoint    ] Safepoint "Cleanup", Time since last: 1982271500 ns, Reaching safepoint: 145100 ns, At safepoint: 6500 ns, Total: 151600 ns
[2020-08-24T22:14:38.751+0000][18268][safepoint    ] Safepoint "Cleanup", Time since last: 1999999200 ns, Reaching safepoint: 112800 ns, At safepoint: 6500 ns, Total: 119300 ns
[2020-08-24T22:14:39.752+0000][18268][safepoint    ] Safepoint "Cleanup", Time since last: 1000328300 ns, Reaching safepoint: 114500 ns, At safepoint: 2100 ns, Total: 116600 ns
[2020-08-24T22:14:40.752+0000][18268][safepoint    ] Safepoint "Cleanup", Time since last: 1000368000 ns, Reaching safepoint: 135400 ns, At safepoint: 7700 ns, Total: 143100 ns
[2020-08-24T22:14:42.753+0000][18268][safepoint    ] Safepoint "Cleanup", Time since last: 2000361500 ns, Reaching safepoint: 116600 ns, At safepoint: 2100 ns, Total: 118700 ns
[2020-08-24T22:14:44.753+0000][18268][safepoint    ] Safepoint "Cleanup", Time since last: 2000379100 ns, Reaching safepoint: 120900 ns, At safepoint: 7100 ns, Total: 128000 ns
[2020-08-24T22:14:46.754+0000][18268][safepoint    ] Safepoint "Cleanup", Time since last: 2000129400 ns, Reaching safepoint: 106800 ns, At safepoint: 2800 ns, Total: 109600 ns
[2020-08-24T22:14:47.754+0000][18268][safepoint    ] Safepoint "Cleanup", Time since last: 1000132700 ns, Reaching safepoint: 128500 ns, At safepoint: 7100 ns, Total: 135600 ns
[2020-08-24T22:14:48.754+0000][18268][safepoint    ] Safepoint "Cleanup", Time since last: 1000115500 ns, Reaching safepoint: 103400 ns, At safepoint: 2000 ns, Total: 105400 ns
[2020-08-24T22:14:49.754+0000][18268][safepoint    ] Safepoint "Cleanup", Time since last: 1000150600 ns, Reaching safepoint: 106700 ns, At safepoint: 6500 ns, Total: 113200 ns
[2020-08-24T22:14:50.755+0000][18268][safepoint    ] Safepoint "Cleanup", Time since last: 1000347800 ns, Reaching safepoint: 110200 ns, At safepoint: 6200 ns, Total: 116400 ns
[2020-08-24T22:14:52.755+0000][18268][safepoint    ] Safepoint "Cleanup", Time since last: 1999918400 ns, Reaching safepoint: 111000 ns, At safepoint: 1800 ns, Total: 112800 ns
[2020-08-24T22:14:53.755+0000][18268][safepoint    ] Safepoint "Cleanup", Time since last: 1000138900 ns, Reaching safepoint: 113100 ns, At safepoint: 6500 ns, Total: 119600 ns
[2020-08-24T22:14:54.755+0000][18268][safepoint    ] Safepoint "Cleanup", Time since last: 1000258600 ns, Reaching safepoint: 117600 ns, At safepoint: 1800 ns, Total: 119400 ns
[2020-08-24T22:14:55.756+0000][18268][safepoint    ] Safepoint "Cleanup", Time since last: 1000256400 ns, Reaching safepoint: 117900 ns, At safepoint: 2100 ns, Total: 120000 ns
[2020-08-24T22:14:56.756+0000][18268][safepoint    ] Safepoint "Cleanup", Time since last: 1000370600 ns, Reaching safepoint: 103800 ns, At safepoint: 1800 ns, Total: 105600 ns
[2020-08-24T22:14:57.757+0000][18268][safepoint    ] Safepoint "Cleanup", Time since last: 1000149100 ns, Reaching safepoint: 111300 ns, At safepoint: 1900 ns, Total: 113200 ns
[2020-08-24T22:14:58.757+0000][18268][safepoint    ] Safepoint "Cleanup", Time since last: 1000133000 ns, Reaching safepoint: 104100 ns, At safepoint: 1900 ns, Total: 106000 ns
[2020-08-24T22:15:00.757+0000][18268][safepoint    ] Safepoint "Cleanup", Time since last: 2000042000 ns, Reaching safepoint: 126100 ns, At safepoint: 2100 ns, Total: 128200 ns
[2020-08-24T22:15:01.757+0000][18268][safepoint    ] Safepoint "Cleanup", Time since last: 1000195900 ns, Reaching safepoint: 126100 ns, At safepoint: 6800 ns, Total: 132900 ns
[2020-08-24T22:15:02.758+0000][18268][safepoint    ] Safepoint "Cleanup", Time since last: 1000363700 ns, Reaching safepoint: 103100 ns, At safepoint: 6500 ns, Total: 109600 ns
[2020-08-24T22:15:04.758+0000][18268][safepoint    ] Safepoint "Cleanup", Time since last: 1999919200 ns, Reaching safepoint: 108500 ns, At safepoint: 6400 ns, Total: 114900 ns
[2020-08-24T22:15:06.750+0000][18268][safepoint    ] Safepoint "Cleanup", Time since last: 1991702900 ns, Reaching safepoint: 106200 ns, At safepoint: 1800 ns, Total: 108000 ns
[2020-08-24T22:15:07.750+0000][18268][safepoint    ] Safepoint "Cleanup", Time since last: 1000210200 ns, Reaching safepoint: 110300 ns, At safepoint: 1900 ns, Total: 112200 ns
[2020-08-24T22:15:08.750+0000][18268][safepoint    ] Safepoint "Cleanup", Time since last: 1000254400 ns, Reaching safepoint: 111200 ns, At safepoint: 4600 ns, Total: 115800 ns
[2020-08-24T22:15:10.751+0000][18268][safepoint    ] Safepoint "Cleanup", Time since last: 2000385300 ns, Reaching safepoint: 102200 ns, At safepoint: 1900 ns, Total: 104100 ns
[2020-08-24T22:15:12.751+0000][18268][safepoint    ] Safepoint "Cleanup", Time since last: 2000392700 ns, Reaching safepoint: 108900 ns, At safepoint: 7000 ns, Total: 115900 ns
[2020-08-24T22:15:13.752+0000][18268][safepoint    ] Safepoint "Cleanup", Time since last: 1000366600 ns, Reaching safepoint: 106800 ns, At safepoint: 1900 ns, Total: 108700 ns
[2020-08-24T22:15:15.752+0000][18268][safepoint    ] Safepoint "Cleanup", Time since last: 1999957500 ns, Reaching safepoint: 124100 ns, At safepoint: 1900 ns, Total: 126000 ns
[2020-08-24T22:15:16.752+0000][18268][safepoint    ] Safepoint "Cleanup", Time since last: 1000326200 ns, Reaching safepoint: 113500 ns, At safepoint: 2200 ns, Total: 115700 ns
[2020-08-24T22:15:18.752+0000][18268][safepoint    ] Safepoint "Cleanup", Time since last: 1999901900 ns, Reaching safepoint: 111000 ns, At safepoint: 1900 ns, Total: 112900 ns
[2020-08-24T22:15:19.753+0000][18268][safepoint    ] Safepoint "Cleanup", Time since last: 1000369100 ns, Reaching safepoint: 121000 ns, At safepoint: 2100 ns, Total: 123100 ns
[2020-08-24T22:15:21.753+0000][18268][safepoint    ] Safepoint "Cleanup", Time since last: 1999927900 ns, Reaching safepoint: 115700 ns, At safepoint: 2000 ns, Total: 117700 ns
[2020-08-24T22:15:22.753+0000][18268][safepoint    ] Safepoint "Cleanup", Time since last: 1000316500 ns, Reaching safepoint: 103200 ns, At safepoint: 6000 ns, Total: 109200 ns
[2020-08-24T22:15:24.754+0000][18268][safepoint    ] Safepoint "Cleanup", Time since last: 2000109700 ns, Reaching safepoint: 116400 ns, At safepoint: 6500 ns, Total: 122900 ns
[2020-08-24T22:15:26.754+0000][18268][safepoint    ] Safepoint "Cleanup", Time since last: 2000175600 ns, Reaching safepoint: 102900 ns, At safepoint: 6000 ns, Total: 108900 ns
[2020-08-24T22:15:27.754+0000][18268][safepoint    ] Safepoint "Cleanup", Time since last: 1000361000 ns, Reaching safepoint: 108400 ns, At safepoint: 6500 ns, Total: 114900 ns
[2020-08-24T22:15:28.755+0000][18268][safepoint    ] Safepoint "Cleanup", Time since last: 1000093200 ns, Reaching safepoint: 100300 ns, At safepoint: 1900 ns, Total: 102200 ns
[2020-08-24T22:15:29.755+0000][18268][safepoint    ] Safepoint "Cleanup", Time since last: 1000216500 ns, Reaching safepoint: 102300 ns, At safepoint: 1900 ns, Total: 104200 ns
[2020-08-24T22:15:30.755+0000][18268][safepoint    ] Safepoint "Cleanup", Time since last: 1000370700 ns, Reaching safepoint: 115400 ns, At safepoint: 2500 ns, Total: 117900 ns
[2020-08-24T22:15:31.756+0000][18268][safepoint    ] Safepoint "Cleanup", Time since last: 1000385900 ns, Reaching safepoint: 110400 ns, At safepoint: 6400 ns, Total: 116800 ns
[2020-08-24T22:15:32.756+0000][18268][safepoint    ] Safepoint "Cleanup", Time since last: 1000144500 ns, Reaching safepoint: 111700 ns, At safepoint: 6800 ns, Total: 118500 ns
[2020-08-24T22:15:33.756+0000][18268][safepoint    ] Safepoint "Cleanup", Time since last: 1000184900 ns, Reaching safepoint: 111700 ns, At safepoint: 7000 ns, Total: 118700 ns
[2020-08-24T22:15:34.757+0000][18268][safepoint    ] Safepoint "Cleanup", Time since last: 1000326600 ns, Reaching safepoint: 117500 ns, At safepoint: 6600 ns, Total: 124100 ns
[2020-08-24T22:15:36.704+0000][18268][safepoint    ] Safepoint "Cleanup", Time since last: 1947388400 ns, Reaching safepoint: 129600 ns, At safepoint: 6700 ns, Total: 136300 ns
[2020-08-24T22:15:38.705+0000][18268][safepoint    ] Safepoint "Cleanup", Time since last: 2000369700 ns, Reaching safepoint: 126600 ns, At safepoint: 6800 ns, Total: 133400 ns
[2020-08-24T22:15:40.705+0000][18268][safepoint    ] Safepoint "Cleanup", Time since last: 2000368900 ns, Reaching safepoint: 117200 ns, At safepoint: 6400 ns, Total: 123600 ns
[2020-08-24T22:15:41.706+0000][18268][safepoint    ] Safepoint "Cleanup", Time since last: 1000373400 ns, Reaching safepoint: 120400 ns, At safepoint: 6900 ns, Total: 127300 ns
[2020-08-24T22:15:43.706+0000][18268][safepoint    ] Safepoint "Cleanup", Time since last: 2000371300 ns, Reaching safepoint: 107200 ns, At safepoint: 6500 ns, Total: 113700 ns
[2020-08-24T22:15:45.707+0000][18268][safepoint    ] Safepoint "Cleanup", Time since last: 2000384700 ns, Reaching safepoint: 100800 ns, At safepoint: 2000 ns, Total: 102800 ns
[2020-08-24T22:15:47.707+0000][18268][safepoint    ] Safepoint "Cleanup", Time since last: 2000400800 ns, Reaching safepoint: 108100 ns, At safepoint: 6900 ns, Total: 115000 ns
[2020-08-24T22:15:48.708+0000][18268][safepoint    ] Safepoint "Cleanup", Time since last: 1000382700 ns, Reaching safepoint: 113100 ns, At safepoint: 2000 ns, Total: 115100 ns
[2020-08-24T22:15:49.708+0000][18268][safepoint    ] Safepoint "Cleanup", Time since last: 1000346200 ns, Reaching safepoint: 102600 ns, At safepoint: 7300 ns, Total: 109900 ns
[2020-08-24T22:15:51.709+0000][18268][safepoint    ] Safepoint "Cleanup", Time since last: 2000425700 ns, Reaching safepoint: 132100 ns, At safepoint: 6700 ns, Total: 138800 ns
[2020-08-24T22:15:53.709+0000][18268][safepoint    ] Safepoint "Cleanup", Time since last: 2000153500 ns, Reaching safepoint: 116100 ns, At safepoint: 1900 ns, Total: 118000 ns
[2020-08-24T22:15:54.710+0000][18268][safepoint    ] Safepoint "Cleanup", Time since last: 1000354300 ns, Reaching safepoint: 115200 ns, At safepoint: 7000 ns, Total: 122200 ns
[2020-08-24T22:15:55.710+0000][18268][safepoint    ] Safepoint "Cleanup", Time since last: 1000115200 ns, Reaching safepoint: 117200 ns, At safepoint: 2200 ns, Total: 119400 ns
[2020-08-24T22:15:57.710+0000][18268][safepoint    ] Safepoint "Cleanup", Time since last: 2000163000 ns, Reaching safepoint: 103100 ns, At safepoint: 1900 ns, Total: 105000 ns
[2020-08-24T22:15:58.710+0000][18268][safepoint    ] Safepoint "Cleanup", Time since last: 1000127600 ns, Reaching safepoint: 103800 ns, At safepoint: 1800 ns, Total: 105600 ns
[2020-08-24T22:15:59.710+0000][18268][safepoint    ] Safepoint "Cleanup", Time since last: 1000003900 ns, Reaching safepoint: 111900 ns, At safepoint: 6500 ns, Total: 118400 ns
[2020-08-24T22:16:00.711+0000][18268][safepoint    ] Safepoint "Cleanup", Time since last: 1000036200 ns, Reaching safepoint: 122400 ns, At safepoint: 1800 ns, Total: 124200 ns
[2020-08-24T22:16:02.711+0000][18268][safepoint    ] Safepoint "Cleanup", Time since last: 2000109100 ns, Reaching safepoint: 104400 ns, At safepoint: 1900 ns, Total: 106300 ns
[2020-08-24T22:16:04.711+0000][18268][safepoint    ] Safepoint "Cleanup", Time since last: 2000101000 ns, Reaching safepoint: 109800 ns, At safepoint: 6400 ns, Total: 116200 ns
[2020-08-24T22:16:05.711+0000][18268][safepoint    ] Safepoint "Cleanup", Time since last: 1000162200 ns, Reaching safepoint: 103600 ns, At safepoint: 2100 ns, Total: 105700 ns
[2020-08-24T22:16:07.712+0000][18268][safepoint    ] Safepoint "Cleanup", Time since last: 2000391600 ns, Reaching safepoint: 113900 ns, At safepoint: 1900 ns, Total: 115800 ns
[2020-08-24T22:16:09.712+0000][18268][safepoint    ] Safepoint "Cleanup", Time since last: 2000395200 ns, Reaching safepoint: 101100 ns, At safepoint: 1900 ns, Total: 103000 ns
[2020-08-24T22:16:10.713+0000][18268][safepoint    ] Safepoint "Cleanup", Time since last: 1000387500 ns, Reaching safepoint: 107300 ns, At safepoint: 6800 ns, Total: 114100 ns
[2020-08-24T22:16:12.713+0000][18268][safepoint    ] Safepoint "Cleanup", Time since last: 1999911700 ns, Reaching safepoint: 112600 ns, At safepoint: 2100 ns, Total: 114700 ns
[2020-08-24T22:16:13.713+0000][18268][safepoint    ] Safepoint "Cleanup", Time since last: 1000358500 ns, Reaching safepoint: 116000 ns, At safepoint: 6400 ns, Total: 122400 ns
[2020-08-24T22:16:14.714+0000][18268][safepoint    ] Safepoint "Cleanup", Time since last: 1000382900 ns, Reaching safepoint: 108700 ns, At safepoint: 6300 ns, Total: 115000 ns
[2020-08-24T22:16:16.714+0000][18268][safepoint    ] Safepoint "Cleanup", Time since last: 1999927200 ns, Reaching safepoint: 102500 ns, At safepoint: 2000 ns, Total: 104500 ns
[2020-08-24T22:16:17.714+0000][18268][safepoint    ] Safepoint "Cleanup", Time since last: 1000353500 ns, Reaching safepoint: 110700 ns, At safepoint: 7300 ns, Total: 118000 ns
[2020-08-24T22:16:19.715+0000][18268][safepoint    ] Safepoint "Cleanup", Time since last: 2000329200 ns, Reaching safepoint: 114100 ns, At safepoint: 2200 ns, Total: 116300 ns
[2020-08-24T22:16:20.715+0000][18268][safepoint    ] Safepoint "Cleanup", Time since last: 1000186200 ns, Reaching safepoint: 106800 ns, At safepoint: 1800 ns, Total: 108600 ns
[2020-08-24T22:16:21.715+0000][18268][safepoint    ] Safepoint "Cleanup", Time since last: 1000213600 ns, Reaching safepoint: 124100 ns, At safepoint: 2000 ns, Total: 126100 ns
[2020-08-24T22:16:22.716+0000][18268][safepoint    ] Safepoint "Cleanup", Time since last: 1000050400 ns, Reaching safepoint: 108500 ns, At safepoint: 1900 ns, Total: 110400 ns
[2020-08-24T22:16:23.716+0000][18268][safepoint    ] Safepoint "Cleanup", Time since last: 1000144200 ns, Reaching safepoint: 120700 ns, At safepoint: 2000 ns, Total: 122700 ns
[2020-08-24T22:16:24.716+0000][18268][safepoint    ] Safepoint "Cleanup", Time since last: 1000351600 ns, Reaching safepoint: 115700 ns, At safepoint: 6600 ns, Total: 122300 ns
[2020-08-24T22:16:26.716+0000][18268][safepoint    ] Safepoint "Cleanup", Time since last: 1999896500 ns, Reaching safepoint: 116300 ns, At safepoint: 1800 ns, Total: 118100 ns
[2020-08-24T22:16:27.717+0000][18268][safepoint    ] Safepoint "Cleanup", Time since last: 1000381200 ns, Reaching safepoint: 115700 ns, At safepoint: 6300 ns, Total: 122000 ns
[2020-08-24T22:16:29.717+0000][18268][safepoint    ] Safepoint "Cleanup", Time since last: 1999884400 ns, Reaching safepoint: 133800 ns, At safepoint: 6200 ns, Total: 140000 ns
[2020-08-24T22:16:31.717+0000][18268][safepoint    ] Safepoint "Cleanup", Time since last: 2000361500 ns, Reaching safepoint: 116200 ns, At safepoint: 6500 ns, Total: 122700 ns
[2020-08-24T22:16:32.718+0000][18268][safepoint    ] Safepoint "Cleanup", Time since last: 1000124500 ns, Reaching safepoint: 111500 ns, At safepoint: 1900 ns, Total: 113400 ns
[2020-08-24T22:16:34.718+0000][18268][safepoint    ] Safepoint "Cleanup", Time since last: 2000090500 ns, Reaching safepoint: 111400 ns, At safepoint: 1900 ns, Total: 113300 ns
[2020-08-24T22:16:35.718+0000][18268][safepoint    ] Safepoint "Cleanup", Time since last: 1000141300 ns, Reaching safepoint: 113900 ns, At safepoint: 1800 ns, Total: 115700 ns
[2020-08-24T22:16:36.718+0000][18268][safepoint    ] Safepoint "Cleanup", Time since last: 1000208600 ns, Reaching safepoint: 109700 ns, At safepoint: 6900 ns, Total: 116600 ns
[2020-08-24T22:16:37.719+0000][18268][safepoint    ] Safepoint "Cleanup", Time since last: 1000192700 ns, Reaching safepoint: 104600 ns, At safepoint: 1900 ns, Total: 106500 ns
[2020-08-24T22:16:38.719+0000][18268][safepoint    ] Safepoint "Cleanup", Time since last: 1000192800 ns, Reaching safepoint: 95200 ns, At safepoint: 6900 ns, Total: 102100 ns
[2020-08-24T22:16:39.719+0000][18268][safepoint    ] Safepoint "Cleanup", Time since last: 1000267000 ns, Reaching safepoint: 108200 ns, At safepoint: 6800 ns, Total: 115000 ns
[2020-08-24T22:16:40.720+0000][18268][safepoint    ] Safepoint "Cleanup", Time since last: 1000368900 ns, Reaching safepoint: 105700 ns, At safepoint: 6600 ns, Total: 112300 ns
[2020-08-24T22:16:42.720+0000][18268][safepoint    ] Safepoint "Cleanup", Time since last: 1999890600 ns, Reaching safepoint: 100400 ns, At safepoint: 1800 ns, Total: 102200 ns
[2020-08-24T22:16:43.720+0000][18268][safepoint    ] Safepoint "Cleanup", Time since last: 1000155400 ns, Reaching safepoint: 124300 ns, At safepoint: 1800 ns, Total: 126100 ns
[2020-08-24T22:16:44.720+0000][18268][safepoint    ] Safepoint "Cleanup", Time since last: 1000049500 ns, Reaching safepoint: 113600 ns, At safepoint: 1900 ns, Total: 115500 ns
[2020-08-24T22:16:46.720+0000][18268][safepoint    ] Safepoint "Cleanup", Time since last: 1999951000 ns, Reaching safepoint: 114100 ns, At safepoint: 6300 ns, Total: 120400 ns
[2020-08-24T22:16:47.721+0000][18268][safepoint    ] Safepoint "Cleanup", Time since last: 1000252300 ns, Reaching safepoint: 98400 ns, At safepoint: 1800 ns, Total: 100200 ns
[2020-08-24T22:16:48.721+0000][18268][safepoint    ] Safepoint "Cleanup", Time since last: 1000028000 ns, Reaching safepoint: 119700 ns, At safepoint: 2000 ns, Total: 121700 ns
[2020-08-24T22:16:50.721+0000][18268][safepoint    ] Safepoint "Cleanup", Time since last: 2000399000 ns, Reaching safepoint: 109700 ns, At safepoint: 6800 ns, Total: 116500 ns
[2020-08-24T22:16:52.722+0000][18268][safepoint    ] Safepoint "Cleanup", Time since last: 2000377900 ns, Reaching safepoint: 105300 ns, At safepoint: 6700 ns, Total: 112000 ns
[2020-08-24T22:16:53.722+0000][18268][safepoint    ] Safepoint "Cleanup", Time since last: 1000227400 ns, Reaching safepoint: 119500 ns, At safepoint: 6600 ns, Total: 126100 ns
[2020-08-24T22:16:54.722+0000][18268][safepoint    ] Safepoint "Cleanup", Time since last: 1000109300 ns, Reaching safepoint: 100700 ns, At safepoint: 6900 ns, Total: 107600 ns
[2020-08-24T22:16:55.723+0000][18268][safepoint    ] Safepoint "Cleanup", Time since last: 1000309900 ns, Reaching safepoint: 117800 ns, At safepoint: 2100 ns, Total: 119900 ns
[2020-08-24T22:16:56.723+0000][18268][safepoint    ] Safepoint "Cleanup", Time since last: 1000363400 ns, Reaching safepoint: 104300 ns, At safepoint: 1800 ns, Total: 106100 ns
[2020-08-24T22:16:57.724+0000][18268][safepoint    ] Safepoint "Cleanup", Time since last: 1000307700 ns, Reaching safepoint: 108700 ns, At safepoint: 1900 ns, Total: 110600 ns
[2020-08-24T22:16:59.724+0000][18268][safepoint    ] Safepoint "Cleanup", Time since last: 2000494300 ns, Reaching safepoint: 114800 ns, At safepoint: 6800 ns, Total: 121600 ns
[2020-08-24T22:17:00.725+0000][18268][safepoint    ] Safepoint "Cleanup", Time since last: 1000067600 ns, Reaching safepoint: 100700 ns, At safepoint: 1900 ns, Total: 102600 ns
[2020-08-24T22:17:01.725+0000][18268][safepoint    ] Safepoint "Cleanup", Time since last: 1000202400 ns, Reaching safepoint: 131700 ns, At safepoint: 6600 ns, Total: 138300 ns
[2020-08-24T22:17:02.725+0000][18268][safepoint    ] Safepoint "Cleanup", Time since last: 1000371500 ns, Reaching safepoint: 106900 ns, At safepoint: 6400 ns, Total: 113300 ns
[2020-08-24T22:17:03.726+0000][18268][safepoint    ] Safepoint "Cleanup", Time since last: 1000361200 ns, Reaching safepoint: 101000 ns, At safepoint: 6700 ns, Total: 107700 ns
[2020-08-24T22:17:05.726+0000][18268][safepoint    ] Safepoint "Cleanup", Time since last: 2000165300 ns, Reaching safepoint: 102900 ns, At safepoint: 1900 ns, Total: 104800 ns
[2020-08-24T22:17:06.755+0000][18268][safepoint    ] Safepoint "Cleanup", Time since last: 1028641100 ns, Reaching safepoint: 116300 ns, At safepoint: 7000 ns, Total: 123300 ns
[2020-08-24T22:17:07.755+0000][18268][safepoint    ] Safepoint "Cleanup", Time since last: 1000368800 ns, Reaching safepoint: 103700 ns, At safepoint: 6400 ns, Total: 110100 ns
[2020-08-24T22:17:09.755+0000][18268][safepoint    ] Safepoint "Cleanup", Time since last: 1999911100 ns, Reaching safepoint: 103500 ns, At safepoint: 1800 ns, Total: 105300 ns
[2020-08-24T22:17:10.756+0000][18268][safepoint    ] Safepoint "Cleanup", Time since last: 1000376800 ns, Reaching safepoint: 102000 ns, At safepoint: 1800 ns, Total: 103800 ns
[2020-08-24T22:17:11.756+0000][18268][safepoint    ] Safepoint "Cleanup", Time since last: 1000393800 ns, Reaching safepoint: 108900 ns, At safepoint: 6700 ns, Total: 115600 ns
[2020-08-24T22:17:12.757+0000][18268][safepoint    ] Safepoint "Cleanup", Time since last: 1000388200 ns, Reaching safepoint: 114700 ns, At safepoint: 2900 ns, Total: 117600 ns
[2020-08-24T22:17:13.757+0000][18268][safepoint    ] Safepoint "Cleanup", Time since last: 1000026900 ns, Reaching safepoint: 110700 ns, At safepoint: 2100 ns, Total: 112800 ns
[2020-08-24T22:17:14.757+0000][18268][safepoint    ] Safepoint "Cleanup", Time since last: 1000241600 ns, Reaching safepoint: 118600 ns, At safepoint: 7200 ns, Total: 125800 ns
[2020-08-24T22:17:16.758+0000][18268][safepoint    ] Safepoint "Cleanup", Time since last: 2000342700 ns, Reaching safepoint: 119200 ns, At safepoint: 6700 ns, Total: 125900 ns
[2020-08-24T22:17:18.758+0000][18268][safepoint    ] Safepoint "Cleanup", Time since last: 2000370100 ns, Reaching safepoint: 117600 ns, At safepoint: 7100 ns, Total: 124700 ns
[2020-08-24T22:17:19.758+0000][18268][safepoint    ] Safepoint "Cleanup", Time since last: 1000047900 ns, Reaching safepoint: 108900 ns, At safepoint: 2200 ns, Total: 111100 ns
[2020-08-24T22:17:20.759+0000][18268][safepoint    ] Safepoint "Cleanup", Time since last: 1000253500 ns, Reaching safepoint: 109100 ns, At safepoint: 1800 ns, Total: 110900 ns
[2020-08-24T22:17:21.759+0000][18268][safepoint    ] Safepoint "Cleanup", Time since last: 1000388700 ns, Reaching safepoint: 116200 ns, At safepoint: 2500 ns, Total: 118700 ns
[2020-08-24T22:17:22.760+0000][18268][safepoint    ] Safepoint "Cleanup", Time since last: 1000351800 ns, Reaching safepoint: 127100 ns, At safepoint: 1800 ns, Total: 128900 ns
[2020-08-24T22:17:24.760+0000][18268][safepoint    ] Safepoint "Cleanup", Time since last: 1999901600 ns, Reaching safepoint: 110800 ns, At safepoint: 6400 ns, Total: 117200 ns
[2020-08-24T22:17:25.760+0000][18268][safepoint    ] Safepoint "Cleanup", Time since last: 1000368300 ns, Reaching safepoint: 108700 ns, At safepoint: 6800 ns, Total: 115500 ns
[2020-08-24T22:17:26.761+0000][18268][safepoint    ] Safepoint "Cleanup", Time since last: 1000376600 ns, Reaching safepoint: 108000 ns, At safepoint: 6000 ns, Total: 114000 ns
[2020-08-24T22:17:27.761+0000][18268][safepoint    ] Safepoint "Cleanup", Time since last: 1000340000 ns, Reaching safepoint: 102400 ns, At safepoint: 1800 ns, Total: 104200 ns
[2020-08-24T22:17:29.762+0000][18268][safepoint    ] Safepoint "Cleanup", Time since last: 2000424900 ns, Reaching safepoint: 118700 ns, At safepoint: 6900 ns, Total: 125600 ns
[2020-08-24T22:17:31.762+0000][18268][safepoint    ] Safepoint "Cleanup", Time since last: 2000406000 ns, Reaching safepoint: 108200 ns, At safepoint: 6700 ns, Total: 114900 ns
[2020-08-24T22:17:33.763+0000][18268][safepoint    ] Safepoint "Cleanup", Time since last: 2000333000 ns, Reaching safepoint: 117500 ns, At safepoint: 2000 ns, Total: 119500 ns
[2020-08-24T22:17:35.754+0000][18268][safepoint    ] Safepoint "Cleanup", Time since last: 1991606400 ns, Reaching safepoint: 107000 ns, At safepoint: 9100 ns, Total: 116100 ns
[2020-08-24T22:17:36.755+0000][18268][safepoint    ] Safepoint "Cleanup", Time since last: 1000647000 ns, Reaching safepoint: 127000 ns, At safepoint: 6400 ns, Total: 133400 ns
[2020-08-24T22:17:38.756+0000][18268][safepoint    ] Safepoint "Cleanup", Time since last: 2000427000 ns, Reaching safepoint: 122600 ns, At safepoint: 6300 ns, Total: 128900 ns
[2020-08-24T22:17:39.756+0000][18268][safepoint    ] Safepoint "Cleanup", Time since last: 1000379300 ns, Reaching safepoint: 121200 ns, At safepoint: 7000 ns, Total: 128200 ns
[2020-08-24T22:17:40.757+0000][18268][safepoint    ] Safepoint "Cleanup", Time since last: 1000346000 ns, Reaching safepoint: 93000 ns, At safepoint: 6900 ns, Total: 99900 ns
[2020-08-24T22:17:42.757+0000][18268][safepoint    ] Safepoint "Cleanup", Time since last: 1999969500 ns, Reaching safepoint: 117400 ns, At safepoint: 6300 ns, Total: 123700 ns
[2020-08-24T22:17:43.757+0000][18268][safepoint    ] Safepoint "Cleanup", Time since last: 1000299400 ns, Reaching safepoint: 107100 ns, At safepoint: 1900 ns, Total: 109000 ns
[2020-08-24T22:17:45.758+0000][18268][safepoint    ] Safepoint "Cleanup", Time since last: 2000173400 ns, Reaching safepoint: 108500 ns, At safepoint: 2000 ns, Total: 110500 ns
[2020-08-24T22:17:46.758+0000][18268][safepoint    ] Safepoint "Cleanup", Time since last: 1000134900 ns, Reaching safepoint: 96100 ns, At safepoint: 1800 ns, Total: 97900 ns
[2020-08-24T22:17:47.758+0000][18268][safepoint    ] Safepoint "Cleanup", Time since last: 1000401600 ns, Reaching safepoint: 106100 ns, At safepoint: 6000 ns, Total: 112100 ns
[2020-08-24T22:17:49.759+0000][18268][safepoint    ] Safepoint "Cleanup", Time since last: 2000392500 ns, Reaching safepoint: 111600 ns, At safepoint: 1800 ns, Total: 113400 ns
[2020-08-24T22:17:50.759+0000][18268][safepoint    ] Safepoint "Cleanup", Time since last: 1000383500 ns, Reaching safepoint: 117000 ns, At safepoint: 6200 ns, Total: 123200 ns
[2020-08-24T22:17:52.760+0000][18268][safepoint    ] Safepoint "Cleanup", Time since last: 2000375900 ns, Reaching safepoint: 114000 ns, At safepoint: 2000 ns, Total: 116000 ns
[2020-08-24T22:17:54.760+0000][18268][safepoint    ] Safepoint "Cleanup", Time since last: 2000353300 ns, Reaching safepoint: 110400 ns, At safepoint: 2000 ns, Total: 112400 ns
[2020-08-24T22:17:55.761+0000][18268][safepoint    ] Safepoint "Cleanup", Time since last: 1000173000 ns, Reaching safepoint: 111300 ns, At safepoint: 1900 ns, Total: 113200 ns
[2020-08-24T22:17:56.761+0000][18268][safepoint    ] Safepoint "Cleanup", Time since last: 1000147400 ns, Reaching safepoint: 104100 ns, At safepoint: 1800 ns, Total: 105900 ns
[2020-08-24T22:17:57.761+0000][18268][safepoint    ] Safepoint "Cleanup", Time since last: 1000300000 ns, Reaching safepoint: 107400 ns, At safepoint: 1900 ns, Total: 109300 ns
[2020-08-24T22:17:58.762+0000][18268][safepoint    ] Safepoint "Cleanup", Time since last: 1000202600 ns, Reaching safepoint: 152700 ns, At safepoint: 6400 ns, Total: 159100 ns
[2020-08-24T22:17:59.762+0000][18268][safepoint    ] Safepoint "Cleanup", Time since last: 1000106100 ns, Reaching safepoint: 115600 ns, At safepoint: 6300 ns, Total: 121900 ns
[2020-08-24T22:18:01.762+0000][18268][safepoint    ] Safepoint "Cleanup", Time since last: 2000215700 ns, Reaching safepoint: 101600 ns, At safepoint: 2000 ns, Total: 103600 ns
[2020-08-24T22:18:02.762+0000][18268][safepoint    ] Safepoint "Cleanup", Time since last: 1000028800 ns, Reaching safepoint: 105100 ns, At safepoint: 6400 ns, Total: 111500 ns
[2020-08-24T22:18:04.763+0000][18268][safepoint    ] Safepoint "Cleanup", Time since last: 2000400600 ns, Reaching safepoint: 109100 ns, At safepoint: 6500 ns, Total: 115600 ns
[2020-08-24T22:18:06.763+0000][18268][safepoint    ] Safepoint "Cleanup", Time since last: 1999914200 ns, Reaching safepoint: 105500 ns, At safepoint: 1800 ns, Total: 107300 ns
[2020-08-24T22:18:07.763+0000][18268][safepoint    ] Safepoint "Cleanup", Time since last: 1000377500 ns, Reaching safepoint: 123400 ns, At safepoint: 7000 ns, Total: 130400 ns
[2020-08-24T22:18:09.764+0000][18268][safepoint    ] Safepoint "Cleanup", Time since last: 2000352500 ns, Reaching safepoint: 115000 ns, At safepoint: 2200 ns, Total: 117200 ns
[2020-08-24T22:18:11.764+0000][18268][safepoint    ] Safepoint "Cleanup", Time since last: 2000403300 ns, Reaching safepoint: 118200 ns, At safepoint: 6800 ns, Total: 125000 ns
[2020-08-24T22:18:12.765+0000][18268][safepoint    ] Safepoint "Cleanup", Time since last: 1000137500 ns, Reaching safepoint: 114400 ns, At safepoint: 1800 ns, Total: 116200 ns
[2020-08-24T22:18:13.765+0000][18268][safepoint    ] Safepoint "Cleanup", Time since last: 1000121900 ns, Reaching safepoint: 118800 ns, At safepoint: 2200 ns, Total: 121000 ns
[2020-08-24T22:18:15.765+0000][18268][safepoint    ] Safepoint "Cleanup", Time since last: 1999878600 ns, Reaching safepoint: 116600 ns, At safepoint: 9800 ns, Total: 126400 ns
[2020-08-24T22:18:16.765+0000][18268][safepoint    ] Safepoint "Cleanup", Time since last: 1000130700 ns, Reaching safepoint: 139900 ns, At safepoint: 6500 ns, Total: 146400 ns
[2020-08-24T22:18:17.765+0000][18268][safepoint    ] Safepoint "Cleanup", Time since last: 1000121100 ns, Reaching safepoint: 112900 ns, At safepoint: 7000 ns, Total: 119900 ns
[2020-08-24T22:18:18.766+0000][18268][safepoint    ] Safepoint "Cleanup", Time since last: 1000345200 ns, Reaching safepoint: 116600 ns, At safepoint: 6800 ns, Total: 123400 ns
[2020-08-24T22:18:19.766+0000][18268][safepoint    ] Safepoint "Cleanup", Time since last: 1000368600 ns, Reaching safepoint: 110200 ns, At safepoint: 6200 ns, Total: 116400 ns
[2020-08-24T22:18:21.766+0000][18268][safepoint    ] Safepoint "Cleanup", Time since last: 1999924400 ns, Reaching safepoint: 106200 ns, At safepoint: 1800 ns, Total: 108000 ns
[2020-08-24T22:18:22.767+0000][18268][safepoint    ] Safepoint "Cleanup", Time since last: 1000375800 ns, Reaching safepoint: 100200 ns, At safepoint: 6300 ns, Total: 106500 ns
[2020-08-24T22:18:23.767+0000][18268][safepoint    ] Safepoint "Cleanup", Time since last: 1000386500 ns, Reaching safepoint: 112300 ns, At safepoint: 2200 ns, Total: 114500 ns
[2020-08-24T22:18:24.768+0000][18268][safepoint    ] Safepoint "Cleanup", Time since last: 1000394500 ns, Reaching safepoint: 138500 ns, At safepoint: 6400 ns, Total: 144900 ns
[2020-08-24T22:18:25.768+0000][18268][safepoint    ] Safepoint "Cleanup", Time since last: 1000109500 ns, Reaching safepoint: 110600 ns, At safepoint: 6200 ns, Total: 116800 ns
[2020-08-24T22:18:26.768+0000][18268][safepoint    ] Safepoint "Cleanup", Time since last: 1000199700 ns, Reaching safepoint: 105400 ns, At safepoint: 6500 ns, Total: 111900 ns
[2020-08-24T22:18:27.769+0000][18268][safepoint    ] Safepoint "Cleanup", Time since last: 1000326500 ns, Reaching safepoint: 109300 ns, At safepoint: 1700 ns, Total: 111000 ns
[2020-08-24T22:18:28.769+0000][18268][safepoint    ] Safepoint "Cleanup", Time since last: 1000359000 ns, Reaching safepoint: 115800 ns, At safepoint: 1900 ns, Total: 117700 ns
[2020-08-24T22:18:30.769+0000][18268][safepoint    ] Safepoint "Cleanup", Time since last: 2000020800 ns, Reaching safepoint: 99100 ns, At safepoint: 6700 ns, Total: 105800 ns
[2020-08-24T22:18:31.770+0000][18268][safepoint    ] Safepoint "Cleanup", Time since last: 1000284100 ns, Reaching safepoint: 120600 ns, At safepoint: 6800 ns, Total: 127400 ns
[2020-08-24T22:18:33.770+0000][18268][safepoint    ] Safepoint "Cleanup", Time since last: 2000371900 ns, Reaching safepoint: 102200 ns, At safepoint: 2400 ns, Total: 104600 ns
[2020-08-24T22:18:34.771+0000][18268][safepoint    ] Safepoint "Cleanup", Time since last: 1000390800 ns, Reaching safepoint: 105800 ns, At safepoint: 6600 ns, Total: 112400 ns
[2020-08-24T22:18:35.771+0000][18268][safepoint    ] Safepoint "Cleanup", Time since last: 1000365600 ns, Reaching safepoint: 96000 ns, At safepoint: 1800 ns, Total: 97800 ns
[2020-08-24T22:18:36.772+0000][18268][safepoint    ] Safepoint "Cleanup", Time since last: 1000241100 ns, Reaching safepoint: 117500 ns, At safepoint: 2600 ns, Total: 120100 ns
[2020-08-24T22:18:37.772+0000][18268][safepoint    ] Safepoint "Cleanup", Time since last: 1000054200 ns, Reaching safepoint: 119200 ns, At safepoint: 1900 ns, Total: 121100 ns
[2020-08-24T22:18:39.772+0000][18268][safepoint    ] Safepoint "Cleanup", Time since last: 2000196300 ns, Reaching safepoint: 118700 ns, At safepoint: 6500 ns, Total: 125200 ns
[2020-08-24T22:18:40.772+0000][18268][safepoint    ] Safepoint "Cleanup", Time since last: 1000056800 ns, Reaching safepoint: 95900 ns, At safepoint: 6900 ns, Total: 102800 ns
[2020-08-24T22:18:41.773+0000][18268][safepoint    ] Safepoint "Cleanup", Time since last: 1000117300 ns, Reaching safepoint: 150300 ns, At safepoint: 7800 ns, Total: 158100 ns
[2020-08-24T22:18:42.773+0000][18268][safepoint    ] Safepoint "Cleanup", Time since last: 1000122200 ns, Reaching safepoint: 110500 ns, At safepoint: 1900 ns, Total: 112400 ns
[2020-08-24T22:18:43.773+0000][18268][safepoint    ] Safepoint "Cleanup", Time since last: 1000112400 ns, Reaching safepoint: 130800 ns, At safepoint: 1900 ns, Total: 132700 ns
[2020-08-24T22:18:45.773+0000][18268][safepoint    ] Safepoint "Cleanup", Time since last: 2000259400 ns, Reaching safepoint: 120100 ns, At safepoint: 1800 ns, Total: 121900 ns
[2020-08-24T22:18:46.774+0000][18268][safepoint    ] Safepoint "Cleanup", Time since last: 1000174600 ns, Reaching safepoint: 104500 ns, At safepoint: 1900 ns, Total: 106400 ns
[2020-08-24T22:18:48.774+0000][18268][safepoint    ] Safepoint "Cleanup", Time since last: 2000266000 ns, Reaching safepoint: 104000 ns, At safepoint: 2100 ns, Total: 106100 ns
[2020-08-24T22:18:50.534+0000][18268][safepoint    ] Safepoint "Cleanup", Time since last: 1759625100 ns, Reaching safepoint: 119300 ns, At safepoint: 6300 ns, Total: 125600 ns
[2020-08-24T22:18:51.534+0000][18268][safepoint    ] Safepoint "Cleanup", Time since last: 1000355700 ns, Reaching safepoint: 106900 ns, At safepoint: 2200 ns, Total: 109100 ns
[2020-08-24T22:18:52.535+0000][18268][safepoint    ] Safepoint "Cleanup", Time since last: 1000165900 ns, Reaching safepoint: 121100 ns, At safepoint: 6500 ns, Total: 127600 ns
[2020-08-24T22:18:53.535+0000][18268][safepoint    ] Safepoint "Cleanup", Time since last: 1000115300 ns, Reaching safepoint: 102000 ns, At safepoint: 1900 ns, Total: 103900 ns
[2020-08-24T22:18:54.535+0000][18268][safepoint    ] Safepoint "Cleanup", Time since last: 1000234200 ns, Reaching safepoint: 116400 ns, At safepoint: 6700 ns, Total: 123100 ns
[2020-08-24T22:18:55.536+0000][18268][safepoint    ] Safepoint "Cleanup", Time since last: 1000361900 ns, Reaching safepoint: 130700 ns, At safepoint: 2100 ns, Total: 132800 ns
[2020-08-24T22:18:57.536+0000][18268][safepoint    ] Safepoint "Cleanup", Time since last: 1999952700 ns, Reaching safepoint: 109500 ns, At safepoint: 2000 ns, Total: 111500 ns
[2020-08-24T22:18:59.536+0000][18268][safepoint    ] Safepoint "Cleanup", Time since last: 2000282000 ns, Reaching safepoint: 117400 ns, At safepoint: 2000 ns, Total: 119400 ns
[2020-08-24T22:19:01.145+0000][18268][safepoint    ] Safepoint "Cleanup", Time since last: 1609030700 ns, Reaching safepoint: 103000 ns, At safepoint: 1800 ns, Total: 104800 ns
[2020-08-24T22:19:02.181+0000][18268][safepoint    ] Safepoint "Cleanup", Time since last: 1036181600 ns, Reaching safepoint: 128900 ns, At safepoint: 5800 ns, Total: 134700 ns
[2020-08-24T22:19:03.192+0000][18268][safepoint    ] Safepoint "Cleanup", Time since last: 1010112500 ns, Reaching safepoint: 126000 ns, At safepoint: 10400 ns, Total: 136400 ns
[2020-08-24T22:19:04.192+0000][18268][safepoint    ] Safepoint "Cleanup", Time since last: 1000354500 ns, Reaching safepoint: 114100 ns, At safepoint: 2000 ns, Total: 116100 ns
[2020-08-24T22:19:05.193+0000][18268][safepoint    ] Safepoint "Cleanup", Time since last: 1000345000 ns, Reaching safepoint: 110500 ns, At safepoint: 7300 ns, Total: 117800 ns
[2020-08-24T22:19:07.193+0000][18268][safepoint    ] Safepoint "Cleanup", Time since last: 1999951800 ns, Reaching safepoint: 106600 ns, At safepoint: 1900 ns, Total: 108500 ns
[2020-08-24T22:19:08.193+0000][18268][safepoint    ] Safepoint "Cleanup", Time since last: 1000371000 ns, Reaching safepoint: 113600 ns, At safepoint: 6700 ns, Total: 120300 ns
[2020-08-24T22:19:10.194+0000][18268][safepoint    ] Safepoint "Cleanup", Time since last: 2000178400 ns, Reaching safepoint: 103900 ns, At safepoint: 1900 ns, Total: 105800 ns
[2020-08-24T22:19:11.194+0000][18268][safepoint    ] Safepoint "Cleanup", Time since last: 1000097300 ns, Reaching safepoint: 100900 ns, At safepoint: 2300 ns, Total: 103200 ns
[2020-08-24T22:19:12.194+0000][18268][safepoint    ] Safepoint "Cleanup", Time since last: 1000392600 ns, Reaching safepoint: 109900 ns, At safepoint: 5900 ns, Total: 115800 ns
[2020-08-24T22:19:13.195+0000][18268][safepoint    ] Safepoint "Cleanup", Time since last: 1000383200 ns, Reaching safepoint: 113200 ns, At safepoint: 2000 ns, Total: 115200 ns
[2020-08-24T22:19:14.195+0000][18268][safepoint    ] Safepoint "Cleanup", Time since last: 1000389400 ns, Reaching safepoint: 147300 ns, At safepoint: 6700 ns, Total: 154000 ns
[2020-08-24T22:19:15.898+0000][18268][safepoint    ] Safepoint "Cleanup", Time since last: 1702676200 ns, Reaching safepoint: 126100 ns, At safepoint: 2000 ns, Total: 128100 ns
[2020-08-24T22:19:16.898+0000][18268][safepoint    ] Safepoint "Cleanup", Time since last: 1000175000 ns, Reaching safepoint: 116000 ns, At safepoint: 6400 ns, Total: 122400 ns
[2020-08-24T22:19:17.899+0000][18268][safepoint    ] Safepoint "Cleanup", Time since last: 1000183300 ns, Reaching safepoint: 118100 ns, At safepoint: 2300 ns, Total: 120400 ns
[2020-08-24T22:19:19.899+0000][18268][safepoint    ] Safepoint "Cleanup", Time since last: 2000409100 ns, Reaching safepoint: 147700 ns, At safepoint: 2000 ns, Total: 149700 ns
[2020-08-24T22:19:20.900+0000][18268][safepoint    ] Safepoint "Cleanup", Time since last: 1000288600 ns, Reaching safepoint: 126500 ns, At safepoint: 7100 ns, Total: 133600 ns
[2020-08-24T22:19:21.900+0000][18268][safepoint    ] Safepoint "Cleanup", Time since last: 1000177500 ns, Reaching safepoint: 110800 ns, At safepoint: 2100 ns, Total: 112900 ns
[2020-08-24T22:19:22.900+0000][18268][safepoint    ] Safepoint "Cleanup", Time since last: 1000185700 ns, Reaching safepoint: 123100 ns, At safepoint: 2000 ns, Total: 125100 ns
[2020-08-24T22:19:23.901+0000][18268][safepoint    ] Safepoint "Cleanup", Time since last: 1000183600 ns, Reaching safepoint: 128200 ns, At safepoint: 2200 ns, Total: 130400 ns
[2020-08-24T22:19:24.901+0000][18268][safepoint    ] Safepoint "Cleanup", Time since last: 1000053100 ns, Reaching safepoint: 114400 ns, At safepoint: 2000 ns, Total: 116400 ns
[2020-08-24T22:19:25.901+0000][18268][safepoint    ] Safepoint "Cleanup", Time since last: 1000291000 ns, Reaching safepoint: 105900 ns, At safepoint: 1900 ns, Total: 107800 ns
[2020-08-24T22:19:26.901+0000][18268][safepoint    ] Safepoint "Cleanup", Time since last: 1000006000 ns, Reaching safepoint: 123000 ns, At safepoint: 2000 ns, Total: 125000 ns
[2020-08-24T22:19:27.902+0000][18268][safepoint    ] Safepoint "Cleanup", Time since last: 1000177200 ns, Reaching safepoint: 97600 ns, At safepoint: 6500 ns, Total: 104100 ns
[2020-08-24T22:19:28.902+0000][18268][safepoint    ] Safepoint "Cleanup", Time since last: 1000060000 ns, Reaching safepoint: 118000 ns, At safepoint: 1900 ns, Total: 119900 ns
[2020-08-24T22:19:29.902+0000][18268][safepoint    ] Safepoint "Cleanup", Time since last: 1000137700 ns, Reaching safepoint: 116400 ns, At safepoint: 6900 ns, Total: 123300 ns
[2020-08-24T22:19:30.902+0000][18268][safepoint    ] Safepoint "Cleanup", Time since last: 1000176100 ns, Reaching safepoint: 116700 ns, At safepoint: 6600 ns, Total: 123300 ns
[2020-08-24T22:19:31.903+0000][18268][safepoint    ] Safepoint "Cleanup", Time since last: 1000181600 ns, Reaching safepoint: 112200 ns, At safepoint: 1800 ns, Total: 114000 ns
[2020-08-24T22:19:32.903+0000][18268][safepoint    ] Safepoint "Cleanup", Time since last: 1000030700 ns, Reaching safepoint: 112400 ns, At safepoint: 2200 ns, Total: 114600 ns
[2020-08-24T22:19:33.903+0000][18268][safepoint    ] Safepoint "Cleanup", Time since last: 1000387600 ns, Reaching safepoint: 120900 ns, At safepoint: 6700 ns, Total: 127600 ns
[2020-08-24T22:19:34.904+0000][18268][safepoint    ] Safepoint "Cleanup", Time since last: 1000370800 ns, Reaching safepoint: 113400 ns, At safepoint: 2500 ns, Total: 115900 ns
[2020-08-24T22:19:36.904+0000][18268][safepoint    ] Safepoint "Cleanup", Time since last: 1999885200 ns, Reaching safepoint: 120400 ns, At safepoint: 2000 ns, Total: 122400 ns
[2020-08-24T22:19:37.904+0000][18268][safepoint    ] Safepoint "Cleanup", Time since last: 1000014700 ns, Reaching safepoint: 111500 ns, At safepoint: 2000 ns, Total: 113500 ns
[2020-08-24T22:19:38.904+0000][18268][safepoint    ] Safepoint "Cleanup", Time since last: 1000300100 ns, Reaching safepoint: 130000 ns, At safepoint: 6700 ns, Total: 136700 ns
[2020-08-24T22:19:39.905+0000][18268][safepoint    ] Safepoint "Cleanup", Time since last: 1000214000 ns, Reaching safepoint: 115800 ns, At safepoint: 2300 ns, Total: 118100 ns
[2020-08-24T22:19:41.905+0000][18268][safepoint    ] Safepoint "Cleanup", Time since last: 2000474600 ns, Reaching safepoint: 119700 ns, At safepoint: 7000 ns, Total: 126700 ns
[2020-08-24T22:19:43.211+0000][18268][safepoint    ] Safepoint "Cleanup", Time since last: 1305874800 ns, Reaching safepoint: 123100 ns, At safepoint: 12000 ns, Total: 135100 ns
[2020-08-24T22:19:45.212+0000][18268][safepoint    ] Safepoint "Cleanup", Time since last: 2000063500 ns, Reaching safepoint: 112700 ns, At safepoint: 1800 ns, Total: 114500 ns
[2020-08-24T22:19:46.212+0000][18268][safepoint    ] Safepoint "Cleanup", Time since last: 1000185600 ns, Reaching safepoint: 103400 ns, At safepoint: 1900 ns, Total: 105300 ns
[2020-08-24T22:19:47.212+0000][18268][safepoint    ] Safepoint "Cleanup", Time since last: 1000379600 ns, Reaching safepoint: 142400 ns, At safepoint: 6200 ns, Total: 148600 ns
[2020-08-24T22:19:49.213+0000][18268][safepoint    ] Safepoint "Cleanup", Time since last: 2000354000 ns, Reaching safepoint: 111400 ns, At safepoint: 6500 ns, Total: 117900 ns
[2020-08-24T22:19:50.213+0000][18268][safepoint    ] Safepoint "Cleanup", Time since last: 1000186300 ns, Reaching safepoint: 106700 ns, At safepoint: 2000 ns, Total: 108700 ns
[2020-08-24T22:19:51.213+0000][18268][safepoint    ] Safepoint "Cleanup", Time since last: 1000198800 ns, Reaching safepoint: 114200 ns, At safepoint: 5400 ns, Total: 119600 ns
[2020-08-24T22:19:52.214+0000][18268][safepoint    ] Safepoint "Cleanup", Time since last: 1000279800 ns, Reaching safepoint: 114600 ns, At safepoint: 1900 ns, Total: 116500 ns
[2020-08-24T22:19:54.214+0000][18268][safepoint    ] Safepoint "Cleanup", Time since last: 2000388400 ns, Reaching safepoint: 95200 ns, At safepoint: 6700 ns, Total: 101900 ns
[2020-08-24T22:19:56.215+0000][18268][safepoint    ] Safepoint "Cleanup", Time since last: 2000397500 ns, Reaching safepoint: 116000 ns, At safepoint: 7800 ns, Total: 123800 ns
[2020-08-24T22:19:57.215+0000][18268][safepoint    ] Safepoint "Cleanup", Time since last: 1000016600 ns, Reaching safepoint: 101700 ns, At safepoint: 6400 ns, Total: 108100 ns
[2020-08-24T22:19:58.215+0000][18268][safepoint    ] Safepoint "Cleanup", Time since last: 1000258700 ns, Reaching safepoint: 110900 ns, At safepoint: 6500 ns, Total: 117400 ns
[2020-08-24T22:19:59.216+0000][18268][safepoint    ] Safepoint "Cleanup", Time since last: 1000370300 ns, Reaching safepoint: 109500 ns, At safepoint: 1900 ns, Total: 111400 ns
[2020-08-24T22:20:00.216+0000][18268][safepoint    ] Safepoint "Cleanup", Time since last: 1000320800 ns, Reaching safepoint: 113000 ns, At safepoint: 2300 ns, Total: 115300 ns
[2020-08-24T22:20:01.217+0000][18268][safepoint    ] Safepoint "Cleanup", Time since last: 1000187500 ns, Reaching safepoint: 107700 ns, At safepoint: 6900 ns, Total: 114600 ns
[2020-08-24T22:20:02.217+0000][18268][safepoint    ] Safepoint "Cleanup", Time since last: 1000189700 ns, Reaching safepoint: 124800 ns, At safepoint: 2200 ns, Total: 127000 ns
[2020-08-24T22:20:03.217+0000][18268][safepoint    ] Safepoint "Cleanup", Time since last: 1000331700 ns, Reaching safepoint: 112300 ns, At safepoint: 6500 ns, Total: 118800 ns
[2020-08-24T22:20:05.217+0000][18268][safepoint    ] Safepoint "Cleanup", Time since last: 1999896300 ns, Reaching safepoint: 118100 ns, At safepoint: 2100 ns, Total: 120200 ns
[2020-08-24T22:20:06.217+0000][18268][safepoint    ] Safepoint "Cleanup", Time since last: 1000008700 ns, Reaching safepoint: 125800 ns, At safepoint: 1900 ns, Total: 127700 ns
[2020-08-24T22:20:07.218+0000][18268][safepoint    ] Safepoint "Cleanup", Time since last: 1000234400 ns, Reaching safepoint: 119400 ns, At safepoint: 2200 ns, Total: 121600 ns
[2020-08-24T22:20:08.393+0000][18268][safepoint    ] Safepoint "Cleanup", Time since last: 1175197000 ns, Reaching safepoint: 106300 ns, At safepoint: 5000 ns, Total: 111300 ns
[2020-08-24T22:20:08.394+0000][18268][safepoint    ] Safepoint "BulkRevokeBias", Time since last: 529700 ns, Reaching safepoint: 106500 ns, At safepoint: 532600 ns, Total: 639100 ns
[2020-08-24T22:20:09.396+0000][18268][safepoint    ] Safepoint "Cleanup", Time since last: 1001893700 ns, Reaching safepoint: 115700 ns, At safepoint: 2100 ns, Total: 117800 ns
[2020-08-24T22:20:11.396+0000][18268][safepoint    ] Safepoint "Cleanup", Time since last: 1999894900 ns, Reaching safepoint: 120600 ns, At safepoint: 2000 ns, Total: 122600 ns
[2020-08-24T22:20:13.397+0000][18268][safepoint    ] Safepoint "Cleanup", Time since last: 2000369200 ns, Reaching safepoint: 109600 ns, At safepoint: 1900 ns, Total: 111500 ns
[2020-08-24T22:20:14.397+0000][18268][safepoint    ] Safepoint "Cleanup", Time since last: 1000391000 ns, Reaching safepoint: 98100 ns, At safepoint: 2000 ns, Total: 100100 ns
[2020-08-24T22:20:16.398+0000][18268][safepoint    ] Safepoint "Cleanup", Time since last: 2000244600 ns, Reaching safepoint: 110800 ns, At safepoint: 5900 ns, Total: 116700 ns
[2020-08-24T22:20:17.398+0000][18268][safepoint    ] Safepoint "Cleanup", Time since last: 1000010600 ns, Reaching safepoint: 111300 ns, At safepoint: 6700 ns, Total: 118000 ns
[2020-08-24T22:20:19.398+0000][18268][safepoint    ] Safepoint "Cleanup", Time since last: 1999911800 ns, Reaching safepoint: 131500 ns, At safepoint: 6700 ns, Total: 138200 ns
[2020-08-24T22:20:20.398+0000][18268][safepoint    ] Safepoint "Cleanup", Time since last: 1000350400 ns, Reaching safepoint: 100600 ns, At safepoint: 7600 ns, Total: 108200 ns
[2020-08-24T22:20:21.399+0000][18268][safepoint    ] Safepoint "Cleanup", Time since last: 1000366400 ns, Reaching safepoint: 115900 ns, At safepoint: 6700 ns, Total: 122600 ns
[2020-08-24T22:20:23.399+0000][18268][safepoint    ] Safepoint "Cleanup", Time since last: 1999919800 ns, Reaching safepoint: 115800 ns, At safepoint: 6800 ns, Total: 122600 ns
[2020-08-24T22:20:24.399+0000][18268][safepoint    ] Safepoint "Cleanup", Time since last: 1000371600 ns, Reaching safepoint: 101300 ns, At safepoint: 6600 ns, Total: 107900 ns
[2020-08-24T22:20:26.400+0000][18268][safepoint    ] Safepoint "Cleanup", Time since last: 2000390300 ns, Reaching safepoint: 116800 ns, At safepoint: 2000 ns, Total: 118800 ns
[2020-08-24T22:20:27.400+0000][18268][safepoint    ] Safepoint "Cleanup", Time since last: 1000379700 ns, Reaching safepoint: 122200 ns, At safepoint: 6300 ns, Total: 128500 ns
[2020-08-24T22:20:29.401+0000][18268][safepoint    ] Safepoint "Cleanup", Time since last: 2000372600 ns, Reaching safepoint: 110400 ns, At safepoint: 7500 ns, Total: 117900 ns
[2020-08-24T22:20:31.401+0000][18268][safepoint    ] Safepoint "Cleanup", Time since last: 2000377300 ns, Reaching safepoint: 117800 ns, At safepoint: 7300 ns, Total: 125100 ns
[2020-08-24T22:20:33.401+0000][18268][safepoint    ] Safepoint "Cleanup", Time since last: 1999883600 ns, Reaching safepoint: 117700 ns, At safepoint: 5800 ns, Total: 123500 ns
[2020-08-24T22:20:34.402+0000][18268][safepoint    ] Safepoint "Cleanup", Time since last: 1000126700 ns, Reaching safepoint: 123400 ns, At safepoint: 2200 ns, Total: 125600 ns
[2020-08-24T22:20:35.402+0000][18268][safepoint    ] Safepoint "Cleanup", Time since last: 1000131300 ns, Reaching safepoint: 110500 ns, At safepoint: 7100 ns, Total: 117600 ns
[2020-08-24T22:20:37.402+0000][18268][safepoint    ] Safepoint "Cleanup", Time since last: 2000380000 ns, Reaching safepoint: 112200 ns, At safepoint: 2100 ns, Total: 114300 ns
[2020-08-24T22:20:38.403+0000][18268][safepoint    ] Safepoint "Cleanup", Time since last: 1000370000 ns, Reaching safepoint: 103300 ns, At safepoint: 2100 ns, Total: 105400 ns
[2020-08-24T22:20:40.403+0000][18268][safepoint    ] Safepoint "Cleanup", Time since last: 2000368200 ns, Reaching safepoint: 119800 ns, At safepoint: 1900 ns, Total: 121700 ns
[2020-08-24T22:20:42.404+0000][18268][safepoint    ] Safepoint "Cleanup", Time since last: 2000406100 ns, Reaching safepoint: 117900 ns, At safepoint: 2300 ns, Total: 120200 ns
[2020-08-24T22:20:44.404+0000][18268][safepoint    ] Safepoint "Cleanup", Time since last: 1999896200 ns, Reaching safepoint: 154000 ns, At safepoint: 7000 ns, Total: 161000 ns
[2020-08-24T22:20:46.404+0000][18268][safepoint    ] Safepoint "Cleanup", Time since last: 1999935800 ns, Reaching safepoint: 110400 ns, At safepoint: 2000 ns, Total: 112400 ns
[2020-08-24T22:20:47.404+0000][18268][safepoint    ] Safepoint "Cleanup", Time since last: 1000278300 ns, Reaching safepoint: 117100 ns, At safepoint: 7200 ns, Total: 124300 ns
[2020-08-24T22:20:48.405+0000][18268][safepoint    ] Safepoint "Cleanup", Time since last: 1000370000 ns, Reaching safepoint: 121400 ns, At safepoint: 2400 ns, Total: 123800 ns
[2020-08-24T22:20:49.405+0000][18268][safepoint    ] Safepoint "Cleanup", Time since last: 1000382500 ns, Reaching safepoint: 111400 ns, At safepoint: 2000 ns, Total: 113400 ns
[2020-08-24T22:20:51.405+0000][18268][safepoint    ] Safepoint "Cleanup", Time since last: 1999993200 ns, Reaching safepoint: 153600 ns, At safepoint: 2200 ns, Total: 155800 ns
[2020-08-24T22:20:52.406+0000][18268][safepoint    ] Safepoint "Cleanup", Time since last: 1000234500 ns, Reaching safepoint: 110800 ns, At safepoint: 2000 ns, Total: 112800 ns
[2020-08-24T22:20:54.406+0000][18268][safepoint    ] Safepoint "Cleanup", Time since last: 2000383800 ns, Reaching safepoint: 116300 ns, At safepoint: 6400 ns, Total: 122700 ns
[2020-08-24T22:20:56.407+0000][18268][safepoint    ] Safepoint "Cleanup", Time since last: 2000380200 ns, Reaching safepoint: 105800 ns, At safepoint: 5900 ns, Total: 111700 ns
[2020-08-24T22:20:57.407+0000][18268][safepoint    ] Safepoint "Cleanup", Time since last: 1000393200 ns, Reaching safepoint: 116100 ns, At safepoint: 6800 ns, Total: 122900 ns
[2020-08-24T22:20:58.408+0000][18268][safepoint    ] Safepoint "Cleanup", Time since last: 1000380700 ns, Reaching safepoint: 109300 ns, At safepoint: 6900 ns, Total: 116200 ns
[2020-08-24T22:20:59.408+0000][18268][safepoint    ] Safepoint "Cleanup", Time since last: 1000382400 ns, Reaching safepoint: 129500 ns, At safepoint: 6100 ns, Total: 135600 ns
[2020-08-24T22:21:01.409+0000][18268][safepoint    ] Safepoint "Cleanup", Time since last: 2000123500 ns, Reaching safepoint: 116900 ns, At safepoint: 2000 ns, Total: 118900 ns
[2020-08-24T22:21:02.409+0000][18268][safepoint    ] Safepoint "Cleanup", Time since last: 1000112200 ns, Reaching safepoint: 149300 ns, At safepoint: 2300 ns, Total: 151600 ns
[2020-08-24T22:21:03.409+0000][18268][safepoint    ] Safepoint "Cleanup", Time since last: 1000351600 ns, Reaching safepoint: 120200 ns, At safepoint: 5700 ns, Total: 125900 ns
[2020-08-24T22:21:04.410+0000][18268][safepoint    ] Safepoint "Cleanup", Time since last: 1000374000 ns, Reaching safepoint: 128600 ns, At safepoint: 2200 ns, Total: 130800 ns
[2020-08-24T22:21:06.410+0000][18268][safepoint    ] Safepoint "Cleanup", Time since last: 2000369200 ns, Reaching safepoint: 121200 ns, At safepoint: 2000 ns, Total: 123200 ns
[2020-08-24T22:21:08.410+0000][18268][safepoint    ] Safepoint "Cleanup", Time since last: 1999901300 ns, Reaching safepoint: 103200 ns, At safepoint: 2300 ns, Total: 105500 ns
[2020-08-24T22:21:09.411+0000][18268][safepoint    ] Safepoint "Cleanup", Time since last: 1000198100 ns, Reaching safepoint: 113200 ns, At safepoint: 5800 ns, Total: 119000 ns
[2020-08-24T22:21:10.411+0000][18268][safepoint    ] Safepoint "Cleanup", Time since last: 1000189200 ns, Reaching safepoint: 114000 ns, At safepoint: 6500 ns, Total: 120500 ns
[2020-08-24T22:21:11.411+0000][18268][safepoint    ] Safepoint "Cleanup", Time since last: 1000180900 ns, Reaching safepoint: 123500 ns, At safepoint: 6800 ns, Total: 130300 ns
[2020-08-24T22:21:13.412+0000][18268][safepoint    ] Safepoint "Cleanup", Time since last: 2000404500 ns, Reaching safepoint: 124900 ns, At safepoint: 2500 ns, Total: 127400 ns
[2020-08-24T22:21:15.412+0000][18268][safepoint    ] Safepoint "Cleanup", Time since last: 1999901500 ns, Reaching safepoint: 111800 ns, At safepoint: 2100 ns, Total: 113900 ns
[2020-08-24T22:21:16.412+0000][18268][safepoint    ] Safepoint "Cleanup", Time since last: 1000390800 ns, Reaching safepoint: 109000 ns, At safepoint: 2600 ns, Total: 111600 ns
[2020-08-24T22:21:18.413+0000][18268][safepoint    ] Safepoint "Cleanup", Time since last: 2000389800 ns, Reaching safepoint: 118700 ns, At safepoint: 5700 ns, Total: 124400 ns
[2020-08-24T22:21:19.413+0000][18268][safepoint    ] Safepoint "Cleanup", Time since last: 1000375700 ns, Reaching safepoint: 118800 ns, At safepoint: 6800 ns, Total: 125600 ns
[2020-08-24T22:21:20.414+0000][18268][safepoint    ] Safepoint "Cleanup", Time since last: 1000365700 ns, Reaching safepoint: 122300 ns, At safepoint: 2000 ns, Total: 124300 ns
[2020-08-24T22:21:22.414+0000][18268][safepoint    ] Safepoint "Cleanup", Time since last: 2000377400 ns, Reaching safepoint: 130200 ns, At safepoint: 7500 ns, Total: 137700 ns
[2020-08-24T22:21:23.415+0000][18268][safepoint    ] Safepoint "Cleanup", Time since last: 1000364400 ns, Reaching safepoint: 116000 ns, At safepoint: 6000 ns, Total: 122000 ns
[2020-08-24T22:21:24.415+0000][18268][safepoint    ] Safepoint "Cleanup", Time since last: 1000378300 ns, Reaching safepoint: 117700 ns, At safepoint: 2000 ns, Total: 119700 ns
[2020-08-24T22:21:26.415+0000][18268][safepoint    ] Safepoint "Cleanup", Time since last: 1999941300 ns, Reaching safepoint: 133000 ns, At safepoint: 2200 ns, Total: 135200 ns
[2020-08-24T22:21:27.416+0000][18268][safepoint    ] Safepoint "Cleanup", Time since last: 1000302100 ns, Reaching safepoint: 113100 ns, At safepoint: 2100 ns, Total: 115200 ns
[2020-08-24T22:21:29.416+0000][18268][safepoint    ] Safepoint "Cleanup", Time since last: 1999903900 ns, Reaching safepoint: 111300 ns, At safepoint: 2000 ns, Total: 113300 ns
[2020-08-24T22:21:30.416+0000][18268][safepoint    ] Safepoint "Cleanup", Time since last: 1000373000 ns, Reaching safepoint: 117800 ns, At safepoint: 6800 ns, Total: 124600 ns
[2020-08-24T22:21:31.417+0000][18268][safepoint    ] Safepoint "Cleanup", Time since last: 1000369000 ns, Reaching safepoint: 106700 ns, At safepoint: 2300 ns, Total: 109000 ns
[2020-08-24T22:21:32.417+0000][18268][safepoint    ] Safepoint "Cleanup", Time since last: 1000146800 ns, Reaching safepoint: 111700 ns, At safepoint: 2300 ns, Total: 114000 ns
[2020-08-24T22:21:34.405+0000][18268][safepoint    ] Safepoint "Cleanup", Time since last: 1987614900 ns, Reaching safepoint: 115000 ns, At safepoint: 2100 ns, Total: 117100 ns
[2020-08-24T22:21:36.405+0000][18268][safepoint    ] Safepoint "Cleanup", Time since last: 1999900800 ns, Reaching safepoint: 107700 ns, At safepoint: 2200 ns, Total: 109900 ns
[2020-08-24T22:21:37.405+0000][18268][safepoint    ] Safepoint "Cleanup", Time since last: 1000391100 ns, Reaching safepoint: 131400 ns, At safepoint: 7400 ns, Total: 138800 ns
[2020-08-24T22:21:39.406+0000][18268][safepoint    ] Safepoint "Cleanup", Time since last: 2000364800 ns, Reaching safepoint: 104300 ns, At safepoint: 6600 ns, Total: 110900 ns
[2020-08-24T22:21:41.406+0000][18268][safepoint    ] Safepoint "Cleanup", Time since last: 2000396300 ns, Reaching safepoint: 119000 ns, At safepoint: 6800 ns, Total: 125800 ns
[2020-08-24T22:21:42.407+0000][18268][safepoint    ] Safepoint "Cleanup", Time since last: 1000359800 ns, Reaching safepoint: 104200 ns, At safepoint: 6700 ns, Total: 110900 ns
[2020-08-24T22:21:43.407+0000][18268][safepoint    ] Safepoint "Cleanup", Time since last: 1000369300 ns, Reaching safepoint: 104000 ns, At safepoint: 10000 ns, Total: 114000 ns
[2020-08-24T22:21:45.407+0000][18268][safepoint    ] Safepoint "Cleanup", Time since last: 1999906200 ns, Reaching safepoint: 115400 ns, At safepoint: 2000 ns, Total: 117400 ns
[2020-08-24T22:21:47.407+0000][18268][safepoint    ] Safepoint "Cleanup", Time since last: 1999896600 ns, Reaching safepoint: 111500 ns, At safepoint: 6300 ns, Total: 117800 ns
[2020-08-24T22:21:48.408+0000][18268][safepoint    ] Safepoint "Cleanup", Time since last: 1000355600 ns, Reaching safepoint: 125300 ns, At safepoint: 6700 ns, Total: 132000 ns
[2020-08-24T22:21:49.408+0000][18268][safepoint    ] Safepoint "Cleanup", Time since last: 1000144300 ns, Reaching safepoint: 114900 ns, At safepoint: 6400 ns, Total: 121300 ns
[2020-08-24T22:21:50.408+0000][18268][safepoint    ] Safepoint "Cleanup", Time since last: 1000128500 ns, Reaching safepoint: 112000 ns, At safepoint: 2200 ns, Total: 114200 ns
[2020-08-24T22:21:51.409+0000][18268][safepoint    ] Safepoint "Cleanup", Time since last: 1000374900 ns, Reaching safepoint: 116100 ns, At safepoint: 2000 ns, Total: 118100 ns
[2020-08-24T22:21:52.409+0000][18268][safepoint    ] Safepoint "Cleanup", Time since last: 1000365700 ns, Reaching safepoint: 116500 ns, At safepoint: 2300 ns, Total: 118800 ns
[2020-08-24T22:21:54.410+0000][18268][safepoint    ] Safepoint "Cleanup", Time since last: 2000100600 ns, Reaching safepoint: 148400 ns, At safepoint: 6900 ns, Total: 155300 ns
[2020-08-24T22:21:55.410+0000][18268][safepoint    ] Safepoint "Cleanup", Time since last: 1000144100 ns, Reaching safepoint: 115400 ns, At safepoint: 6300 ns, Total: 121700 ns
[2020-08-24T22:21:56.410+0000][18268][safepoint    ] Safepoint "Cleanup", Time since last: 1000371100 ns, Reaching safepoint: 128800 ns, At safepoint: 7000 ns, Total: 135800 ns
[2020-08-24T22:21:57.411+0000][18268][safepoint    ] Safepoint "Cleanup", Time since last: 1000070500 ns, Reaching safepoint: 112900 ns, At safepoint: 7200 ns, Total: 120100 ns
[2020-08-24T22:21:58.411+0000][18268][safepoint    ] Safepoint "Cleanup", Time since last: 1000217300 ns, Reaching safepoint: 130200 ns, At safepoint: 6500 ns, Total: 136700 ns
[2020-08-24T22:21:59.411+0000][18268][safepoint    ] Safepoint "Cleanup", Time since last: 1000326700 ns, Reaching safepoint: 114700 ns, At safepoint: 6300 ns, Total: 121000 ns
[2020-08-24T22:22:01.411+0000][18268][safepoint    ] Safepoint "Cleanup", Time since last: 1999912300 ns, Reaching safepoint: 114700 ns, At safepoint: 6600 ns, Total: 121300 ns
[2020-08-24T22:22:02.412+0000][18268][safepoint    ] Safepoint "Cleanup", Time since last: 1000338600 ns, Reaching safepoint: 106700 ns, At safepoint: 2100 ns, Total: 108800 ns
[2020-08-24T22:22:04.412+0000][18268][safepoint    ] Safepoint "Cleanup", Time since last: 2000159700 ns, Reaching safepoint: 121800 ns, At safepoint: 6800 ns, Total: 128600 ns
[2020-08-24T22:22:05.412+0000][18268][safepoint    ] Safepoint "Cleanup", Time since last: 1000101400 ns, Reaching safepoint: 121400 ns, At safepoint: 2000 ns, Total: 123400 ns
[2020-08-24T22:22:07.412+0000][18268][safepoint    ] Safepoint "Cleanup", Time since last: 1999885900 ns, Reaching safepoint: 111000 ns, At safepoint: 2100 ns, Total: 113100 ns
[2020-08-24T22:22:08.413+0000][18268][safepoint    ] Safepoint "Cleanup", Time since last: 1000089100 ns, Reaching safepoint: 120900 ns, At safepoint: 2100 ns, Total: 123000 ns
[2020-08-24T22:22:09.413+0000][18268][safepoint    ] Safepoint "Cleanup", Time since last: 1000131900 ns, Reaching safepoint: 116700 ns, At safepoint: 6800 ns, Total: 123500 ns
[2020-08-24T22:22:10.413+0000][18268][safepoint    ] Safepoint "Cleanup", Time since last: 1000237200 ns, Reaching safepoint: 127800 ns, At safepoint: 6400 ns, Total: 134200 ns
[2020-08-24T22:22:11.413+0000][18268][safepoint    ] Safepoint "Cleanup", Time since last: 1000044700 ns, Reaching safepoint: 112400 ns, At safepoint: 6200 ns, Total: 118600 ns
[2020-08-24T22:22:12.414+0000][18268][safepoint    ] Safepoint "Cleanup", Time since last: 1000353500 ns, Reaching safepoint: 124000 ns, At safepoint: 1900 ns, Total: 125900 ns
[2020-08-24T22:22:14.414+0000][18268][safepoint    ] Safepoint "Cleanup", Time since last: 2000150900 ns, Reaching safepoint: 114600 ns, At safepoint: 7400 ns, Total: 122000 ns
[2020-08-24T22:22:15.415+0000][18268][safepoint    ] Safepoint "Cleanup", Time since last: 1000325200 ns, Reaching safepoint: 118900 ns, At safepoint: 2100 ns, Total: 121000 ns
[2020-08-24T22:22:16.415+0000][18268][safepoint    ] Safepoint "Cleanup", Time since last: 1000184100 ns, Reaching safepoint: 105100 ns, At safepoint: 7100 ns, Total: 112200 ns
[2020-08-24T22:22:17.415+0000][18268][safepoint    ] Safepoint "Cleanup", Time since last: 1000388400 ns, Reaching safepoint: 121300 ns, At safepoint: 7000 ns, Total: 128300 ns
[2020-08-24T22:22:18.416+0000][18268][safepoint    ] Safepoint "Cleanup", Time since last: 1000065000 ns, Reaching safepoint: 117600 ns, At safepoint: 6200 ns, Total: 123800 ns
[2020-08-24T22:22:19.416+0000][18268][safepoint    ] Safepoint "Cleanup", Time since last: 1000177100 ns, Reaching safepoint: 124700 ns, At safepoint: 6300 ns, Total: 131000 ns
[2020-08-24T22:22:20.416+0000][18268][safepoint    ] Safepoint "Cleanup", Time since last: 1000304800 ns, Reaching safepoint: 118700 ns, At safepoint: 2000 ns, Total: 120700 ns
[2020-08-24T22:22:22.417+0000][18268][safepoint    ] Safepoint "Cleanup", Time since last: 2000451700 ns, Reaching safepoint: 113200 ns, At safepoint: 2100 ns, Total: 115300 ns
[2020-08-24T22:22:23.417+0000][18268][safepoint    ] Safepoint "Cleanup", Time since last: 1000376000 ns, Reaching safepoint: 125200 ns, At safepoint: 2200 ns, Total: 127400 ns
[2020-08-24T22:22:23.436+0000][18268][gc,start     ] GC(24) Pause Young (Normal) (G1 Evacuation Pause)
[2020-08-24T22:22:23.436+0000][18268][gc,task      ] GC(24) Using 18 workers of 18 for evacuation
[2020-08-24T22:22:23.436+0000][18268][gc,age       ] GC(24) Desired survivor size 40370176 bytes, new threshold 15 (max threshold 15)
[2020-08-24T22:22:23.443+0000][18268][gc,age       ] GC(24) Age table with threshold 15 (max threshold 15)
[2020-08-24T22:22:23.443+0000][18268][gc,age       ] GC(24) - age   1:     369200 bytes,     369200 total
[2020-08-24T22:22:23.443+0000][18268][gc,age       ] GC(24) - age   2:       1544 bytes,     370744 total
[2020-08-24T22:22:23.443+0000][18268][gc,age       ] GC(24) - age   3:      48960 bytes,     419704 total
[2020-08-24T22:22:23.443+0000][18268][gc,age       ] GC(24) - age   4:      30704 bytes,     450408 total
[2020-08-24T22:22:23.443+0000][18268][gc,age       ] GC(24) - age   5:     159344 bytes,     609752 total
[2020-08-24T22:22:23.443+0000][18268][gc,age       ] GC(24) - age   6:        336 bytes,     610088 total
[2020-08-24T22:22:23.443+0000][18268][gc,age       ] GC(24) - age   7:       2648 bytes,     612736 total
[2020-08-24T22:22:23.443+0000][18268][gc,age       ] GC(24) - age   8:       1448 bytes,     614184 total
[2020-08-24T22:22:23.443+0000][18268][gc,age       ] GC(24) - age   9:        984 bytes,     615168 total
[2020-08-24T22:22:23.443+0000][18268][gc,age       ] GC(24) - age  10:       2648 bytes,     617816 total
[2020-08-24T22:22:23.443+0000][18268][gc,age       ] GC(24) - age  11:      35000 bytes,     652816 total
[2020-08-24T22:22:23.443+0000][18268][gc,age       ] GC(24) - age  12:      91480 bytes,     744296 total
[2020-08-24T22:22:23.443+0000][18268][gc,age       ] GC(24) - age  13:     317456 bytes,    1061752 total
[2020-08-24T22:22:23.443+0000][18268][gc,age       ] GC(24) - age  14:   11901664 bytes,   12963416 total
[2020-08-24T22:22:23.443+0000][18268][gc,age       ] GC(24) - age  15:    8980456 bytes,   21943872 total
[2020-08-24T22:22:23.443+0000][18268][gc,phases    ] GC(24)   Pre Evacuate Collection Set: 0.1ms
[2020-08-24T22:22:23.443+0000][18268][gc,phases    ] GC(24)   Merge Heap Roots: 0.1ms
[2020-08-24T22:22:23.443+0000][18268][gc,phases    ] GC(24)   Evacuate Collection Set: 5.7ms
[2020-08-24T22:22:23.443+0000][18268][gc,phases    ] GC(24)   Post Evacuate Collection Set: 0.9ms
[2020-08-24T22:22:23.443+0000][18268][gc,phases    ] GC(24)   Other: 0.4ms
[2020-08-24T22:22:23.443+0000][18268][gc,heap      ] GC(24) Eden regions: 591->0(591)
[2020-08-24T22:22:23.443+0000][18268][gc,heap      ] GC(24) Survivor regions: 23->23(77)
[2020-08-24T22:22:23.443+0000][18268][gc,heap      ] GC(24) Old regions: 48->48
[2020-08-24T22:22:23.443+0000][18268][gc,heap      ] GC(24) Archive regions: 0->0
[2020-08-24T22:22:23.443+0000][18268][gc,heap      ] GC(24) Humongous regions: 7->7
[2020-08-24T22:22:23.443+0000][18268][gc,metaspace ] GC(24) Metaspace: 92740K(100608K)->92740K(100608K) NonClass: 80096K(84864K)->80096K(84864K) Class: 12643K(15744K)->12643K(15744K)
[2020-08-24T22:22:23.443+0000][18268][gc           ] GC(24) Pause Young (Normal) (G1 Evacuation Pause) 667M->77M(1024M) 7.168ms
[2020-08-24T22:22:23.443+0000][18268][gc,cpu       ] GC(24) User=0.00s Sys=0.00s Real=0.01s
[2020-08-24T22:22:23.443+0000][18268][safepoint    ] Safepoint "G1CollectForAllocation", Time since last: 18914800 ns, Reaching safepoint: 93600 ns, At safepoint: 7237500 ns, Total: 7331100 ns
[2020-08-24T22:22:24.444+0000][18268][safepoint    ] Safepoint "Cleanup", Time since last: 1000131400 ns, Reaching safepoint: 136300 ns, At safepoint: 7800 ns, Total: 144100 ns
[2020-08-24T22:22:26.444+0000][18268][safepoint    ] Safepoint "Cleanup", Time since last: 1999860100 ns, Reaching safepoint: 129100 ns, At safepoint: 2000 ns, Total: 131100 ns
[2020-08-24T22:22:28.444+0000][18268][safepoint    ] Safepoint "Cleanup", Time since last: 2000366000 ns, Reaching safepoint: 100800 ns, At safepoint: 6900 ns, Total: 107700 ns
[2020-08-24T22:22:29.445+0000][18268][safepoint    ] Safepoint "Cleanup", Time since last: 1000388900 ns, Reaching safepoint: 113900 ns, At safepoint: 2000 ns, Total: 115900 ns
[2020-08-24T22:22:30.445+0000][18268][safepoint    ] Safepoint "Cleanup", Time since last: 1000172000 ns, Reaching safepoint: 132500 ns, At safepoint: 2000 ns, Total: 134500 ns
[2020-08-24T22:22:31.445+0000][18268][safepoint    ] Safepoint "Cleanup", Time since last: 1000082500 ns, Reaching safepoint: 142800 ns, At safepoint: 7100 ns, Total: 149900 ns
[2020-08-24T22:22:32.446+0000][18268][safepoint    ] Safepoint "Cleanup", Time since last: 1000353300 ns, Reaching safepoint: 121900 ns, At safepoint: 7600 ns, Total: 129500 ns
[2020-08-24T22:22:33.446+0000][18268][safepoint    ] Safepoint "Cleanup", Time since last: 1000070200 ns, Reaching safepoint: 128100 ns, At safepoint: 2100 ns, Total: 130200 ns
[2020-08-24T22:22:34.446+0000][18268][safepoint    ] Safepoint "Cleanup", Time since last: 1000091100 ns, Reaching safepoint: 115000 ns, At safepoint: 6500 ns, Total: 121500 ns
[2020-08-24T22:22:36.446+0000][18268][safepoint    ] Safepoint "Cleanup", Time since last: 1999972500 ns, Reaching safepoint: 98900 ns, At safepoint: 2700 ns, Total: 101600 ns
[2020-08-24T22:22:38.447+0000][18268][safepoint    ] Safepoint "Cleanup", Time since last: 2000382800 ns, Reaching safepoint: 118600 ns, At safepoint: 6100 ns, Total: 124700 ns
[2020-08-24T22:22:39.447+0000][18268][safepoint    ] Safepoint "Cleanup", Time since last: 1000368400 ns, Reaching safepoint: 110900 ns, At safepoint: 2000 ns, Total: 112900 ns
[2020-08-24T22:22:40.448+0000][18268][safepoint    ] Safepoint "Cleanup", Time since last: 1000268600 ns, Reaching safepoint: 116300 ns, At safepoint: 2100 ns, Total: 118400 ns
[2020-08-24T22:22:41.448+0000][18268][safepoint    ] Safepoint "Cleanup", Time since last: 1000008500 ns, Reaching safepoint: 120200 ns, At safepoint: 2200 ns, Total: 122400 ns
[2020-08-24T22:22:43.448+0000][18268][safepoint    ] Safepoint "Cleanup", Time since last: 2000220800 ns, Reaching safepoint: 95100 ns, At safepoint: 1900 ns, Total: 97000 ns
[2020-08-24T22:22:44.448+0000][18268][safepoint    ] Safepoint "Cleanup", Time since last: 1000113800 ns, Reaching safepoint: 111700 ns, At safepoint: 7000 ns, Total: 118700 ns
[2020-08-24T22:22:45.449+0000][18268][safepoint    ] Safepoint "Cleanup", Time since last: 1000319100 ns, Reaching safepoint: 129700 ns, At safepoint: 5300 ns, Total: 135000 ns
[2020-08-24T22:22:46.449+0000][18268][safepoint    ] Safepoint "Cleanup", Time since last: 1000285200 ns, Reaching safepoint: 111800 ns, At safepoint: 2000 ns, Total: 113800 ns
[2020-08-24T22:22:48.449+0000][18268][safepoint    ] Safepoint "Cleanup", Time since last: 1999962500 ns, Reaching safepoint: 104500 ns, At safepoint: 2100 ns, Total: 106600 ns
[2020-08-24T22:22:49.450+0000][18268][safepoint    ] Safepoint "Cleanup", Time since last: 1000377200 ns, Reaching safepoint: 114800 ns, At safepoint: 2400 ns, Total: 117200 ns
[2020-08-24T22:22:50.450+0000][18268][safepoint    ] Safepoint "Cleanup", Time since last: 1000190700 ns, Reaching safepoint: 117700 ns, At safepoint: 6600 ns, Total: 124300 ns
[2020-08-24T22:22:51.450+0000][18268][safepoint    ] Safepoint "Cleanup", Time since last: 1000084900 ns, Reaching safepoint: 126300 ns, At safepoint: 7200 ns, Total: 133500 ns
[2020-08-24T22:22:53.450+0000][18268][safepoint    ] Safepoint "Cleanup", Time since last: 1999882700 ns, Reaching safepoint: 119900 ns, At safepoint: 2100 ns, Total: 122000 ns
[2020-08-24T22:22:54.451+0000][18268][safepoint    ] Safepoint "Cleanup", Time since last: 1000360600 ns, Reaching safepoint: 131200 ns, At safepoint: 2300 ns, Total: 133500 ns
[2020-08-24T22:22:56.451+0000][18268][safepoint    ] Safepoint "Cleanup", Time since last: 1999878700 ns, Reaching safepoint: 125700 ns, At safepoint: 7500 ns, Total: 133200 ns
[2020-08-24T22:22:57.451+0000][18268][safepoint    ] Safepoint "Cleanup", Time since last: 1000326000 ns, Reaching safepoint: 120000 ns, At safepoint: 2200 ns, Total: 122200 ns
[2020-08-24T22:22:58.452+0000][18268][safepoint    ] Safepoint "Cleanup", Time since last: 1000129000 ns, Reaching safepoint: 112200 ns, At safepoint: 6200 ns, Total: 118400 ns
[2020-08-24T22:22:59.452+0000][18268][safepoint    ] Safepoint "Cleanup", Time since last: 1000162100 ns, Reaching safepoint: 116100 ns, At safepoint: 6000 ns, Total: 122100 ns
[2020-08-24T22:23:01.452+0000][18268][safepoint    ] Safepoint "Cleanup", Time since last: 2000417400 ns, Reaching safepoint: 107200 ns, At safepoint: 6600 ns, Total: 113800 ns
[2020-08-24T22:23:03.453+0000][18268][safepoint    ] Safepoint "Cleanup", Time since last: 2000349400 ns, Reaching safepoint: 124900 ns, At safepoint: 2000 ns, Total: 126900 ns
[2020-08-24T22:23:05.453+0000][18268][safepoint    ] Safepoint "Cleanup", Time since last: 2000370300 ns, Reaching safepoint: 109400 ns, At safepoint: 6500 ns, Total: 115900 ns
[2020-08-24T22:23:06.454+0000][18268][safepoint    ] Safepoint "Cleanup", Time since last: 1000361900 ns, Reaching safepoint: 114100 ns, At safepoint: 2400 ns, Total: 116500 ns
[2020-08-24T22:23:07.454+0000][18268][safepoint    ] Safepoint "Cleanup", Time since last: 1000083300 ns, Reaching safepoint: 123000 ns, At safepoint: 7500 ns, Total: 130500 ns
[2020-08-24T22:23:09.454+0000][18268][safepoint    ] Safepoint "Cleanup", Time since last: 2000187200 ns, Reaching safepoint: 113500 ns, At safepoint: 6700 ns, Total: 120200 ns
[2020-08-24T22:23:11.454+0000][18268][safepoint    ] Safepoint "Cleanup", Time since last: 1999928900 ns, Reaching safepoint: 116900 ns, At safepoint: 2000 ns, Total: 118900 ns
[2020-08-24T22:23:12.455+0000][18268][safepoint    ] Safepoint "Cleanup", Time since last: 1000034600 ns, Reaching safepoint: 110700 ns, At safepoint: 2100 ns, Total: 112800 ns
[2020-08-24T22:23:13.455+0000][18268][safepoint    ] Safepoint "Cleanup", Time since last: 1000189100 ns, Reaching safepoint: 134200 ns, At safepoint: 1900 ns, Total: 136100 ns
[2020-08-24T22:23:15.455+0000][18268][safepoint    ] Safepoint "Cleanup", Time since last: 2000356700 ns, Reaching safepoint: 116400 ns, At safepoint: 5700 ns, Total: 122100 ns
[2020-08-24T22:23:16.456+0000][18268][safepoint    ] Safepoint "Cleanup", Time since last: 1000357400 ns, Reaching safepoint: 125600 ns, At safepoint: 6900 ns, Total: 132500 ns
[2020-08-24T22:23:17.456+0000][18268][safepoint    ] Safepoint "Cleanup", Time since last: 1000148200 ns, Reaching safepoint: 111700 ns, At safepoint: 6700 ns, Total: 118400 ns
[2020-08-24T22:23:18.456+0000][18268][safepoint    ] Safepoint "Cleanup", Time since last: 1000147200 ns, Reaching safepoint: 135200 ns, At safepoint: 6300 ns, Total: 141500 ns
[2020-08-24T22:23:19.457+0000][18268][safepoint    ] Safepoint "Cleanup", Time since last: 1000341800 ns, Reaching safepoint: 129000 ns, At safepoint: 2400 ns, Total: 131400 ns
[2020-08-24T22:23:21.457+0000][18268][safepoint    ] Safepoint "Cleanup", Time since last: 2000367800 ns, Reaching safepoint: 120100 ns, At safepoint: 7000 ns, Total: 127100 ns
[2020-08-24T22:23:22.458+0000][18268][safepoint    ] Safepoint "Cleanup", Time since last: 1000247500 ns, Reaching safepoint: 116300 ns, At safepoint: 2100 ns, Total: 118400 ns
[2020-08-24T22:23:23.458+0000][18268][safepoint    ] Safepoint "Cleanup", Time since last: 1000005500 ns, Reaching safepoint: 100000 ns, At safepoint: 2000 ns, Total: 102000 ns
[2020-08-24T22:23:24.458+0000][18268][safepoint    ] Safepoint "Cleanup", Time since last: 1000398600 ns, Reaching safepoint: 114000 ns, At safepoint: 6600 ns, Total: 120600 ns
[2020-08-24T22:23:26.459+0000][18268][safepoint    ] Safepoint "Cleanup", Time since last: 2000386300 ns, Reaching safepoint: 141900 ns, At safepoint: 6500 ns, Total: 148400 ns
[2020-08-24T22:23:28.459+0000][18268][safepoint    ] Safepoint "Cleanup", Time since last: 2000318200 ns, Reaching safepoint: 116200 ns, At safepoint: 6100 ns, Total: 122300 ns
[2020-08-24T22:23:30.293+0000][18268][safepoint    ] Safepoint "Cleanup", Time since last: 1833339700 ns, Reaching safepoint: 102100 ns, At safepoint: 9600 ns, Total: 111700 ns
[2020-08-24T22:23:32.293+0000][18268][safepoint    ] Safepoint "Cleanup", Time since last: 2000036400 ns, Reaching safepoint: 110200 ns, At safepoint: 2100 ns, Total: 112300 ns
[2020-08-24T22:23:33.293+0000][18268][safepoint    ] Safepoint "Cleanup", Time since last: 1000306700 ns, Reaching safepoint: 113300 ns, At safepoint: 2000 ns, Total: 115300 ns
[2020-08-24T22:23:35.293+0000][18268][safepoint    ] Safepoint "Cleanup", Time since last: 1999912900 ns, Reaching safepoint: 113800 ns, At safepoint: 7400 ns, Total: 121200 ns
[2020-08-24T22:23:37.294+0000][18268][safepoint    ] Safepoint "Cleanup", Time since last: 2000130000 ns, Reaching safepoint: 119600 ns, At safepoint: 2100 ns, Total: 121700 ns
[2020-08-24T22:23:38.294+0000][18268][safepoint    ] Safepoint "Cleanup", Time since last: 1000351000 ns, Reaching safepoint: 131800 ns, At safepoint: 7700 ns, Total: 139500 ns
[2020-08-24T22:23:40.294+0000][18268][safepoint    ] Safepoint "Cleanup", Time since last: 2000105700 ns, Reaching safepoint: 128500 ns, At safepoint: 6700 ns, Total: 135200 ns
[2020-08-24T22:23:42.294+0000][18268][safepoint    ] Safepoint "Cleanup", Time since last: 1999881300 ns, Reaching safepoint: 120000 ns, At safepoint: 1900 ns, Total: 121900 ns
[2020-08-24T22:23:43.295+0000][18268][safepoint    ] Safepoint "Cleanup", Time since last: 1000110800 ns, Reaching safepoint: 118500 ns, At safepoint: 2000 ns, Total: 120500 ns
[2020-08-24T22:23:44.295+0000][18268][safepoint    ] Safepoint "Cleanup", Time since last: 1000216400 ns, Reaching safepoint: 116300 ns, At safepoint: 2000 ns, Total: 118300 ns
[2020-08-24T22:23:45.295+0000][18268][safepoint    ] Safepoint "Cleanup", Time since last: 1000305300 ns, Reaching safepoint: 106100 ns, At safepoint: 6600 ns, Total: 112700 ns
[2020-08-24T22:23:46.296+0000][18268][safepoint    ] Safepoint "Cleanup", Time since last: 1000375700 ns, Reaching safepoint: 116100 ns, At safepoint: 2200 ns, Total: 118300 ns
[2020-08-24T22:23:47.296+0000][18268][safepoint    ] Safepoint "Cleanup", Time since last: 1000364200 ns, Reaching safepoint: 121900 ns, At safepoint: 2000 ns, Total: 123900 ns
[2020-08-24T22:23:48.297+0000][18268][safepoint    ] Safepoint "Cleanup", Time since last: 1000168200 ns, Reaching safepoint: 156300 ns, At safepoint: 2100 ns, Total: 158400 ns
[2020-08-24T22:23:50.297+0000][18268][safepoint    ] Safepoint "Cleanup", Time since last: 2000092000 ns, Reaching safepoint: 127600 ns, At safepoint: 2000 ns, Total: 129600 ns
[2020-08-24T22:23:52.297+0000][18268][safepoint    ] Safepoint "Cleanup", Time since last: 2000117400 ns, Reaching safepoint: 108600 ns, At safepoint: 2000 ns, Total: 110600 ns
[2020-08-24T22:23:53.297+0000][18268][safepoint    ] Safepoint "Cleanup", Time since last: 1000141800 ns, Reaching safepoint: 124500 ns, At safepoint: 6500 ns, Total: 131000 ns
[2020-08-24T22:23:54.298+0000][18268][safepoint    ] Safepoint "Cleanup", Time since last: 1000353800 ns, Reaching safepoint: 140900 ns, At safepoint: 2200 ns, Total: 143100 ns
[2020-08-24T22:23:56.298+0000][18268][safepoint    ] Safepoint "Cleanup", Time since last: 2000333000 ns, Reaching safepoint: 121900 ns, At safepoint: 2100 ns, Total: 124000 ns
[2020-08-24T22:23:58.298+0000][18268][safepoint    ] Safepoint "Cleanup", Time since last: 1999972800 ns, Reaching safepoint: 120200 ns, At safepoint: 2100 ns, Total: 122300 ns
[2020-08-24T22:23:59.299+0000][18268][safepoint    ] Safepoint "Cleanup", Time since last: 1000298700 ns, Reaching safepoint: 112400 ns, At safepoint: 2100 ns, Total: 114500 ns
[2020-08-24T22:24:00.299+0000][18268][safepoint    ] Safepoint "Cleanup", Time since last: 1000379600 ns, Reaching safepoint: 115600 ns, At safepoint: 2100 ns, Total: 117700 ns
[2020-08-24T22:24:02.299+0000][18268][safepoint    ] Safepoint "Cleanup", Time since last: 1999887900 ns, Reaching safepoint: 107100 ns, At safepoint: 6700 ns, Total: 113800 ns
[2020-08-24T22:24:03.526+0000][18268][safepoint    ] Safepoint "Cleanup", Time since last: 1226248500 ns, Reaching safepoint: 108100 ns, At safepoint: 6900 ns, Total: 115000 ns
[2020-08-24T22:24:04.540+0000][18268][safepoint    ] Safepoint "Cleanup", Time since last: 1014523400 ns, Reaching safepoint: 169000 ns, At safepoint: 6600 ns, Total: 175600 ns
[2020-08-24T22:24:06.540+0000][18268][safepoint    ] Safepoint "Cleanup", Time since last: 1999930700 ns, Reaching safepoint: 105300 ns, At safepoint: 2000 ns, Total: 107300 ns
[2020-08-24T22:24:07.541+0000][18268][safepoint    ] Safepoint "Cleanup", Time since last: 1000284300 ns, Reaching safepoint: 125200 ns, At safepoint: 2300 ns, Total: 127500 ns
[2020-08-24T22:24:08.541+0000][18268][safepoint    ] Safepoint "Cleanup", Time since last: 1000132800 ns, Reaching safepoint: 106400 ns, At safepoint: 2100 ns, Total: 108500 ns
[2020-08-24T22:24:10.541+0000][18268][safepoint    ] Safepoint "Cleanup", Time since last: 2000114200 ns, Reaching safepoint: 158200 ns, At safepoint: 6900 ns, Total: 165100 ns
[2020-08-24T22:24:11.542+0000][18268][safepoint    ] Safepoint "Cleanup", Time since last: 1000108600 ns, Reaching safepoint: 115600 ns, At safepoint: 7000 ns, Total: 122600 ns
[2020-08-24T22:24:12.542+0000][18268][safepoint    ] Safepoint "Cleanup", Time since last: 1000130900 ns, Reaching safepoint: 124300 ns, At safepoint: 6800 ns, Total: 131100 ns
[2020-08-24T22:24:13.542+0000][18268][safepoint    ] Safepoint "Cleanup", Time since last: 1000360700 ns, Reaching safepoint: 110200 ns, At safepoint: 6500 ns, Total: 116700 ns
[2020-08-24T22:24:15.542+0000][18268][safepoint    ] Safepoint "Cleanup", Time since last: 1999922500 ns, Reaching safepoint: 108300 ns, At safepoint: 2200 ns, Total: 110500 ns
[2020-08-24T22:24:16.543+0000][18268][safepoint    ] Safepoint "Cleanup", Time since last: 1000352200 ns, Reaching safepoint: 107100 ns, At safepoint: 2000 ns, Total: 109100 ns
[2020-08-24T22:24:18.543+0000][18268][safepoint    ] Safepoint "Cleanup", Time since last: 1999979900 ns, Reaching safepoint: 112700 ns, At safepoint: 2100 ns, Total: 114800 ns
[2020-08-24T22:24:19.543+0000][18268][safepoint    ] Safepoint "Cleanup", Time since last: 1000068900 ns, Reaching safepoint: 113000 ns, At safepoint: 6100 ns, Total: 119100 ns
[2020-08-24T22:24:20.543+0000][18268][safepoint    ] Safepoint "Cleanup", Time since last: 1000216300 ns, Reaching safepoint: 136500 ns, At safepoint: 7100 ns, Total: 143600 ns
[2020-08-24T22:24:21.544+0000][18268][safepoint    ] Safepoint "Cleanup", Time since last: 1000252500 ns, Reaching safepoint: 121400 ns, At safepoint: 6700 ns, Total: 128100 ns
[2020-08-24T22:24:22.544+0000][18268][safepoint    ] Safepoint "Cleanup", Time since last: 1000364500 ns, Reaching safepoint: 113000 ns, At safepoint: 2000 ns, Total: 115000 ns
[2020-08-24T22:24:23.545+0000][18268][safepoint    ] Safepoint "Cleanup", Time since last: 1000146100 ns, Reaching safepoint: 105700 ns, At safepoint: 2600 ns, Total: 108300 ns
[2020-08-24T22:24:24.545+0000][18268][safepoint    ] Safepoint "Cleanup", Time since last: 1000186500 ns, Reaching safepoint: 152300 ns, At safepoint: 6800 ns, Total: 159100 ns
[2020-08-24T22:24:25.545+0000][18268][safepoint    ] Safepoint "Cleanup", Time since last: 1000292000 ns, Reaching safepoint: 118900 ns, At safepoint: 6600 ns, Total: 125500 ns
[2020-08-24T22:24:26.546+0000][18268][safepoint    ] Safepoint "Cleanup", Time since last: 1000364600 ns, Reaching safepoint: 111600 ns, At safepoint: 2000 ns, Total: 113600 ns
[2020-08-24T22:24:27.546+0000][18268][safepoint    ] Safepoint "Cleanup", Time since last: 1000177700 ns, Reaching safepoint: 104700 ns, At safepoint: 2100 ns, Total: 106800 ns
[2020-08-24T22:24:28.546+0000][18268][safepoint    ] Safepoint "Cleanup", Time since last: 1000103900 ns, Reaching safepoint: 130000 ns, At safepoint: 2000 ns, Total: 132000 ns
[2020-08-24T22:24:30.547+0000][18268][safepoint    ] Safepoint "Cleanup", Time since last: 2000401300 ns, Reaching safepoint: 134100 ns, At safepoint: 7300 ns, Total: 141400 ns
[2020-08-24T22:24:31.547+0000][18268][safepoint    ] Safepoint "Cleanup", Time since last: 1000347400 ns, Reaching safepoint: 136700 ns, At safepoint: 6800 ns, Total: 143500 ns
[2020-08-24T22:24:33.548+0000][18268][safepoint    ] Safepoint "Cleanup", Time since last: 2000370000 ns, Reaching safepoint: 110000 ns, At safepoint: 2500 ns, Total: 112500 ns
[2020-08-24T22:24:34.548+0000][18268][safepoint    ] Safepoint "Cleanup", Time since last: 1000372500 ns, Reaching safepoint: 122400 ns, At safepoint: 2000 ns, Total: 124400 ns
[2020-08-24T22:24:35.549+0000][18268][safepoint    ] Safepoint "Cleanup", Time since last: 1000354200 ns, Reaching safepoint: 130900 ns, At safepoint: 6900 ns, Total: 137800 ns
[2020-08-24T22:24:36.777+0000][18268][safepoint    ] Safepoint "Cleanup", Time since last: 1228364500 ns, Reaching safepoint: 103200 ns, At safepoint: 6700 ns, Total: 109900 ns
[2020-08-24T22:24:37.778+0000][18268][safepoint    ] Safepoint "Cleanup", Time since last: 1000394100 ns, Reaching safepoint: 142500 ns, At safepoint: 7000 ns, Total: 149500 ns
[2020-08-24T22:24:38.778+0000][18268][safepoint    ] Safepoint "Cleanup", Time since last: 1000104400 ns, Reaching safepoint: 114600 ns, At safepoint: 7100 ns, Total: 121700 ns
[2020-08-24T22:24:39.778+0000][18268][safepoint    ] Safepoint "Cleanup", Time since last: 1000119000 ns, Reaching safepoint: 106500 ns, At safepoint: 6900 ns, Total: 113400 ns
[2020-08-24T22:24:40.779+0000][18268][safepoint    ] Safepoint "Cleanup", Time since last: 1000191700 ns, Reaching safepoint: 116400 ns, At safepoint: 2000 ns, Total: 118400 ns
[2020-08-24T22:24:41.779+0000][18268][safepoint    ] Safepoint "Cleanup", Time since last: 1000044000 ns, Reaching safepoint: 107800 ns, At safepoint: 6800 ns, Total: 114600 ns
[2020-08-24T22:24:43.779+0000][18268][safepoint    ] Safepoint "Cleanup", Time since last: 1999938900 ns, Reaching safepoint: 110600 ns, At safepoint: 2000 ns, Total: 112600 ns
[2020-08-24T22:24:44.779+0000][18268][safepoint    ] Safepoint "Cleanup", Time since last: 1000367200 ns, Reaching safepoint: 118500 ns, At safepoint: 7200 ns, Total: 125700 ns
[2020-08-24T22:24:46.780+0000][18268][safepoint    ] Safepoint "Cleanup", Time since last: 2000375800 ns, Reaching safepoint: 157400 ns, At safepoint: 6600 ns, Total: 164000 ns
[2020-08-24T22:24:48.780+0000][18268][safepoint    ] Safepoint "Cleanup", Time since last: 2000303600 ns, Reaching safepoint: 114700 ns, At safepoint: 1900 ns, Total: 116600 ns
[2020-08-24T22:24:50.781+0000][18268][safepoint    ] Safepoint "Cleanup", Time since last: 2000169000 ns, Reaching safepoint: 144200 ns, At safepoint: 6300 ns, Total: 150500 ns
[2020-08-24T22:24:51.781+0000][18268][safepoint    ] Safepoint "Cleanup", Time since last: 1000096800 ns, Reaching safepoint: 127800 ns, At safepoint: 6600 ns, Total: 134400 ns
[2020-08-24T22:24:52.781+0000][18268][safepoint    ] Safepoint "Cleanup", Time since last: 1000138100 ns, Reaching safepoint: 118100 ns, At safepoint: 2200 ns, Total: 120300 ns
[2020-08-24T22:24:54.782+0000][18268][safepoint    ] Safepoint "Cleanup", Time since last: 2000281100 ns, Reaching safepoint: 117400 ns, At safepoint: 6600 ns, Total: 124000 ns
[2020-08-24T22:24:56.782+0000][18268][safepoint    ] Safepoint "Cleanup", Time since last: 2000084900 ns, Reaching safepoint: 132000 ns, At safepoint: 7000 ns, Total: 139000 ns
[2020-08-24T22:24:58.782+0000][18268][safepoint    ] Safepoint "Cleanup", Time since last: 1999979100 ns, Reaching safepoint: 116600 ns, At safepoint: 2200 ns, Total: 118800 ns
[2020-08-24T22:24:59.782+0000][18268][safepoint    ] Safepoint "Cleanup", Time since last: 1000136300 ns, Reaching safepoint: 118100 ns, At safepoint: 7000 ns, Total: 125100 ns
[2020-08-24T22:25:00.782+0000][18268][safepoint    ] Safepoint "Cleanup", Time since last: 1000201900 ns, Reaching safepoint: 125700 ns, At safepoint: 6800 ns, Total: 132500 ns
[2020-08-24T22:25:01.783+0000][18268][safepoint    ] Safepoint "Cleanup", Time since last: 1000030800 ns, Reaching safepoint: 122300 ns, At safepoint: 2000 ns, Total: 124300 ns
[2020-08-24T22:25:02.783+0000][18268][safepoint    ] Safepoint "Cleanup", Time since last: 1000124900 ns, Reaching safepoint: 113300 ns, At safepoint: 2400 ns, Total: 115700 ns
[2020-08-24T22:25:03.783+0000][18268][safepoint    ] Safepoint "Cleanup", Time since last: 1000267800 ns, Reaching safepoint: 113500 ns, At safepoint: 2000 ns, Total: 115500 ns
[2020-08-24T22:25:04.783+0000][18268][safepoint    ] Safepoint "Cleanup", Time since last: 1000019900 ns, Reaching safepoint: 110800 ns, At safepoint: 7100 ns, Total: 117900 ns
[2020-08-24T22:25:05.784+0000][18268][safepoint    ] Safepoint "Cleanup", Time since last: 1000066300 ns, Reaching safepoint: 114400 ns, At safepoint: 6000 ns, Total: 120400 ns
[2020-08-24T22:25:06.784+0000][18268][safepoint    ] Safepoint "Cleanup", Time since last: 1000177600 ns, Reaching safepoint: 125100 ns, At safepoint: 6200 ns, Total: 131300 ns
[2020-08-24T22:25:08.784+0000][18268][safepoint    ] Safepoint "Cleanup", Time since last: 1999944500 ns, Reaching safepoint: 127500 ns, At safepoint: 2100 ns, Total: 129600 ns
[2020-08-24T22:25:09.784+0000][18268][safepoint    ] Safepoint "Cleanup", Time since last: 1000284200 ns, Reaching safepoint: 109000 ns, At safepoint: 6600 ns, Total: 115600 ns
[2020-08-24T22:25:11.785+0000][18268][safepoint    ] Safepoint "Cleanup", Time since last: 2000392700 ns, Reaching safepoint: 107500 ns, At safepoint: 6400 ns, Total: 113900 ns
[2020-08-24T22:25:13.785+0000][18268][safepoint    ] Safepoint "Cleanup", Time since last: 1999896200 ns, Reaching safepoint: 124500 ns, At safepoint: 2000 ns, Total: 126500 ns
[2020-08-24T22:25:14.785+0000][18268][safepoint    ] Safepoint "Cleanup", Time since last: 1000364300 ns, Reaching safepoint: 121200 ns, At safepoint: 1900 ns, Total: 123100 ns
[2020-08-24T22:25:16.786+0000][18268][safepoint    ] Safepoint "Cleanup", Time since last: 2000379000 ns, Reaching safepoint: 110800 ns, At safepoint: 7000 ns, Total: 117800 ns
[2020-08-24T22:25:17.786+0000][18268][safepoint    ] Safepoint "Cleanup", Time since last: 1000389300 ns, Reaching safepoint: 110400 ns, At safepoint: 2400 ns, Total: 112800 ns
[2020-08-24T22:25:19.786+0000][18268][safepoint    ] Safepoint "Cleanup", Time since last: 1999920400 ns, Reaching safepoint: 118500 ns, At safepoint: 2000 ns, Total: 120500 ns
[2020-08-24T22:25:20.787+0000][18268][safepoint    ] Safepoint "Cleanup", Time since last: 1000342100 ns, Reaching safepoint: 132800 ns, At safepoint: 2200 ns, Total: 135000 ns
[2020-08-24T22:25:22.787+0000][18268][safepoint    ] Safepoint "Cleanup", Time since last: 2000361700 ns, Reaching safepoint: 120600 ns, At safepoint: 7000 ns, Total: 127600 ns
[2020-08-24T22:25:23.788+0000][18268][safepoint    ] Safepoint "Cleanup", Time since last: 1000374900 ns, Reaching safepoint: 132700 ns, At safepoint: 6900 ns, Total: 139600 ns
[2020-08-24T22:25:24.788+0000][18268][safepoint    ] Safepoint "Cleanup", Time since last: 1000194200 ns, Reaching safepoint: 120800 ns, At safepoint: 6800 ns, Total: 127600 ns
[2020-08-24T22:25:25.789+0000][18268][safepoint    ] Safepoint "Cleanup", Time since last: 1000309900 ns, Reaching safepoint: 125100 ns, At safepoint: 2000 ns, Total: 127100 ns
[2020-08-24T22:25:26.789+0000][18268][safepoint    ] Safepoint "Cleanup", Time since last: 1000107100 ns, Reaching safepoint: 122200 ns, At safepoint: 7300 ns, Total: 129500 ns
[2020-08-24T22:25:27.789+0000][18268][safepoint    ] Safepoint "Cleanup", Time since last: 1000366900 ns, Reaching safepoint: 112600 ns, At safepoint: 6500 ns, Total: 119100 ns
[2020-08-24T22:25:28.790+0000][18268][safepoint    ] Safepoint "Cleanup", Time since last: 1000142100 ns, Reaching safepoint: 108200 ns, At safepoint: 2000 ns, Total: 110200 ns
[2020-08-24T22:25:29.790+0000][18268][safepoint    ] Safepoint "Cleanup", Time since last: 1000124200 ns, Reaching safepoint: 123000 ns, At safepoint: 2000 ns, Total: 125000 ns
[2020-08-24T22:25:31.790+0000][18268][safepoint    ] Safepoint "Cleanup", Time since last: 2000376400 ns, Reaching safepoint: 121900 ns, At safepoint: 6700 ns, Total: 128600 ns
[2020-08-24T22:25:32.791+0000][18268][safepoint    ] Safepoint "Cleanup", Time since last: 1000350500 ns, Reaching safepoint: 116700 ns, At safepoint: 2000 ns, Total: 118700 ns
[2020-08-24T22:25:33.791+0000][18268][safepoint    ] Safepoint "Cleanup", Time since last: 1000123100 ns, Reaching safepoint: 110700 ns, At safepoint: 2000 ns, Total: 112700 ns
[2020-08-24T22:25:34.791+0000][18268][safepoint    ] Safepoint "Cleanup", Time since last: 1000162800 ns, Reaching safepoint: 110100 ns, At safepoint: 1900 ns, Total: 112000 ns
[2020-08-24T22:25:35.792+0000][18268][safepoint    ] Safepoint "Cleanup", Time since last: 1000164900 ns, Reaching safepoint: 121600 ns, At safepoint: 1900 ns, Total: 123500 ns
[2020-08-24T22:25:37.792+0000][18268][safepoint    ] Safepoint "Cleanup", Time since last: 2000030900 ns, Reaching safepoint: 155400 ns, At safepoint: 2000 ns, Total: 157400 ns
[2020-08-24T22:25:38.792+0000][18268][safepoint    ] Safepoint "Cleanup", Time since last: 1000117100 ns, Reaching safepoint: 134800 ns, At safepoint: 2000 ns, Total: 136800 ns
[2020-08-24T22:25:39.792+0000][18268][safepoint    ] Safepoint "Cleanup", Time since last: 1000090600 ns, Reaching safepoint: 126100 ns, At safepoint: 1900 ns, Total: 128000 ns
[2020-08-24T22:25:41.793+0000][18268][safepoint    ] Safepoint "Cleanup", Time since last: 2000442000 ns, Reaching safepoint: 139200 ns, At safepoint: 7400 ns, Total: 146600 ns
[2020-08-24T22:25:43.793+0000][18268][safepoint    ] Safepoint "Cleanup", Time since last: 2000350100 ns, Reaching safepoint: 120000 ns, At safepoint: 7300 ns, Total: 127300 ns
[2020-08-24T22:25:44.794+0000][18268][safepoint    ] Safepoint "Cleanup", Time since last: 1000144200 ns, Reaching safepoint: 103800 ns, At safepoint: 1900 ns, Total: 105700 ns
[2020-08-24T22:25:45.794+0000][18268][safepoint    ] Safepoint "Cleanup", Time since last: 1000127600 ns, Reaching safepoint: 161800 ns, At safepoint: 2600 ns, Total: 164400 ns
[2020-08-24T22:25:47.794+0000][18268][safepoint    ] Safepoint "Cleanup", Time since last: 2000337400 ns, Reaching safepoint: 122900 ns, At safepoint: 6600 ns, Total: 129500 ns
[2020-08-24T22:25:49.795+0000][18268][safepoint    ] Safepoint "Cleanup", Time since last: 2000123600 ns, Reaching safepoint: 146300 ns, At safepoint: 2200 ns, Total: 148500 ns
[2020-08-24T22:25:50.795+0000][18268][safepoint    ] Safepoint "Cleanup", Time since last: 1000353300 ns, Reaching safepoint: 113400 ns, At safepoint: 2500 ns, Total: 115900 ns
[2020-08-24T22:25:51.795+0000][18268][safepoint    ] Safepoint "Cleanup", Time since last: 1000116600 ns, Reaching safepoint: 113300 ns, At safepoint: 6800 ns, Total: 120100 ns
[2020-08-24T22:25:53.796+0000][18268][safepoint    ] Safepoint "Cleanup", Time since last: 2000395100 ns, Reaching safepoint: 122800 ns, At safepoint: 2600 ns, Total: 125400 ns
[2020-08-24T22:25:55.796+0000][18268][safepoint    ] Safepoint "Cleanup", Time since last: 1999878500 ns, Reaching safepoint: 119300 ns, At safepoint: 2400 ns, Total: 121700 ns
[2020-08-24T22:25:56.796+0000][18268][safepoint    ] Safepoint "Cleanup", Time since last: 1000375700 ns, Reaching safepoint: 129900 ns, At safepoint: 6700 ns, Total: 136600 ns
[2020-08-24T22:25:57.797+0000][18268][safepoint    ] Safepoint "Cleanup", Time since last: 1000305000 ns, Reaching safepoint: 120400 ns, At safepoint: 1900 ns, Total: 122300 ns
[2020-08-24T22:25:58.797+0000][18268][safepoint    ] Safepoint "Cleanup", Time since last: 1000179700 ns, Reaching safepoint: 122200 ns, At safepoint: 2200 ns, Total: 124400 ns
[2020-08-24T22:25:59.797+0000][18268][safepoint    ] Safepoint "Cleanup", Time since last: 1000063900 ns, Reaching safepoint: 118600 ns, At safepoint: 1900 ns, Total: 120500 ns
[2020-08-24T22:26:01.798+0000][18268][safepoint    ] Safepoint "Cleanup", Time since last: 2000414800 ns, Reaching safepoint: 125500 ns, At safepoint: 7100 ns, Total: 132600 ns
[2020-08-24T22:26:03.798+0000][18268][safepoint    ] Safepoint "Cleanup", Time since last: 1999896400 ns, Reaching safepoint: 160500 ns, At safepoint: 2300 ns, Total: 162800 ns
[2020-08-24T22:26:04.798+0000][18268][safepoint    ] Safepoint "Cleanup", Time since last: 1000090900 ns, Reaching safepoint: 120500 ns, At safepoint: 2100 ns, Total: 122600 ns
[2020-08-24T22:26:05.798+0000][18268][safepoint    ] Safepoint "Cleanup", Time since last: 1000127600 ns, Reaching safepoint: 108000 ns, At safepoint: 2700 ns, Total: 110700 ns
[2020-08-24T22:26:06.799+0000][18268][safepoint    ] Safepoint "Cleanup", Time since last: 1000379200 ns, Reaching safepoint: 116500 ns, At safepoint: 1900 ns, Total: 118400 ns
[2020-08-24T22:26:08.799+0000][18268][safepoint    ] Safepoint "Cleanup", Time since last: 2000390800 ns, Reaching safepoint: 115600 ns, At safepoint: 6900 ns, Total: 122500 ns
[2020-08-24T22:26:10.800+0000][18268][safepoint    ] Safepoint "Cleanup", Time since last: 2000063100 ns, Reaching safepoint: 113800 ns, At safepoint: 6700 ns, Total: 120500 ns
[2020-08-24T22:26:11.800+0000][18268][safepoint    ] Safepoint "Cleanup", Time since last: 1000192800 ns, Reaching safepoint: 130900 ns, At safepoint: 6500 ns, Total: 137400 ns
[2020-08-24T22:26:12.800+0000][18268][safepoint    ] Safepoint "Cleanup", Time since last: 1000356000 ns, Reaching safepoint: 112700 ns, At safepoint: 6400 ns, Total: 119100 ns
[2020-08-24T22:26:14.801+0000][18268][safepoint    ] Safepoint "Cleanup", Time since last: 2000386200 ns, Reaching safepoint: 123200 ns, At safepoint: 6700 ns, Total: 129900 ns
[2020-08-24T22:26:16.801+0000][18268][safepoint    ] Safepoint "Cleanup", Time since last: 1999876700 ns, Reaching safepoint: 105100 ns, At safepoint: 2200 ns, Total: 107300 ns
[2020-08-24T22:26:17.801+0000][18268][safepoint    ] Safepoint "Cleanup", Time since last: 1000383300 ns, Reaching safepoint: 115700 ns, At safepoint: 6800 ns, Total: 122500 ns
[2020-08-24T22:26:19.802+0000][18268][safepoint    ] Safepoint "Cleanup", Time since last: 2000373600 ns, Reaching safepoint: 118900 ns, At safepoint: 2000 ns, Total: 120900 ns
[2020-08-24T22:26:21.802+0000][18268][safepoint    ] Safepoint "Cleanup", Time since last: 1999993500 ns, Reaching safepoint: 119900 ns, At safepoint: 2300 ns, Total: 122200 ns
[2020-08-24T22:26:22.802+0000][18268][safepoint    ] Safepoint "Cleanup", Time since last: 1000270900 ns, Reaching safepoint: 129500 ns, At safepoint: 2100 ns, Total: 131600 ns
[2020-08-24T22:26:23.803+0000][18268][safepoint    ] Safepoint "Cleanup", Time since last: 1000361600 ns, Reaching safepoint: 124000 ns, At safepoint: 1900 ns, Total: 125900 ns
[2020-08-24T22:26:24.803+0000][18268][safepoint    ] Safepoint "Cleanup", Time since last: 1000374200 ns, Reaching safepoint: 127400 ns, At safepoint: 2300 ns, Total: 129700 ns
[2020-08-24T22:26:26.804+0000][18268][safepoint    ] Safepoint "Cleanup", Time since last: 2000391300 ns, Reaching safepoint: 105200 ns, At safepoint: 2200 ns, Total: 107400 ns
[2020-08-24T22:26:27.804+0000][18268][safepoint    ] Safepoint "Cleanup", Time since last: 1000371700 ns, Reaching safepoint: 120600 ns, At safepoint: 6900 ns, Total: 127500 ns
[2020-08-24T22:26:29.805+0000][18268][safepoint    ] Safepoint "Cleanup", Time since last: 2000372600 ns, Reaching safepoint: 125900 ns, At safepoint: 2200 ns, Total: 128100 ns
[2020-08-24T22:26:30.805+0000][18268][safepoint    ] Safepoint "Cleanup", Time since last: 1000371700 ns, Reaching safepoint: 108900 ns, At safepoint: 1900 ns, Total: 110800 ns
[2020-08-24T22:26:31.806+0000][18268][safepoint    ] Safepoint "Cleanup", Time since last: 1000377100 ns, Reaching safepoint: 114400 ns, At safepoint: 2300 ns, Total: 116700 ns
[2020-08-24T22:26:33.806+0000][18268][safepoint    ] Safepoint "Cleanup", Time since last: 2000401200 ns, Reaching safepoint: 105700 ns, At safepoint: 2500 ns, Total: 108200 ns
[2020-08-24T22:26:35.720+0000][18268][safepoint    ] Safepoint "Cleanup", Time since last: 1913972000 ns, Reaching safepoint: 92700 ns, At safepoint: 5100 ns, Total: 97800 ns
[2020-08-24T22:26:36.721+0000][18268][safepoint    ] Safepoint "Cleanup", Time since last: 1000249400 ns, Reaching safepoint: 118500 ns, At safepoint: 2000 ns, Total: 120500 ns
[2020-08-24T22:26:38.721+0000][18268][safepoint    ] Safepoint "Cleanup", Time since last: 1999962100 ns, Reaching safepoint: 130500 ns, At safepoint: 1900 ns, Total: 132400 ns
[2020-08-24T22:26:39.721+0000][18268][safepoint    ] Safepoint "Cleanup", Time since last: 1000360000 ns, Reaching safepoint: 120700 ns, At safepoint: 6400 ns, Total: 127100 ns
[2020-08-24T22:26:40.722+0000][18268][safepoint    ] Safepoint "Cleanup", Time since last: 1000368600 ns, Reaching safepoint: 118400 ns, At safepoint: 6500 ns, Total: 124900 ns
[2020-08-24T22:26:42.722+0000][18268][safepoint    ] Safepoint "Cleanup", Time since last: 2000267200 ns, Reaching safepoint: 125300 ns, At safepoint: 2300 ns, Total: 127600 ns
[2020-08-24T22:26:44.722+0000][18268][safepoint    ] Safepoint "Cleanup", Time since last: 2000078100 ns, Reaching safepoint: 109900 ns, At safepoint: 6700 ns, Total: 116600 ns
[2020-08-24T22:26:45.723+0000][18268][safepoint    ] Safepoint "Cleanup", Time since last: 1000237400 ns, Reaching safepoint: 111800 ns, At safepoint: 2400 ns, Total: 114200 ns
[2020-08-24T22:26:46.723+0000][18268][safepoint    ] Safepoint "Cleanup", Time since last: 1000189300 ns, Reaching safepoint: 122100 ns, At safepoint: 2100 ns, Total: 124200 ns
[2020-08-24T22:26:47.724+0000][18268][safepoint    ] Safepoint "Cleanup", Time since last: 1000375000 ns, Reaching safepoint: 124000 ns, At safepoint: 7200 ns, Total: 131200 ns
[2020-08-24T22:26:48.724+0000][18268][safepoint    ] Safepoint "Cleanup", Time since last: 1000112300 ns, Reaching safepoint: 109400 ns, At safepoint: 6000 ns, Total: 115400 ns
[2020-08-24T22:26:49.724+0000][18268][safepoint    ] Safepoint "Cleanup", Time since last: 1000383100 ns, Reaching safepoint: 114600 ns, At safepoint: 7300 ns, Total: 121900 ns
[2020-08-24T22:26:50.724+0000][18268][safepoint    ] Safepoint "Cleanup", Time since last: 1000058100 ns, Reaching safepoint: 108300 ns, At safepoint: 7000 ns, Total: 115300 ns
[2020-08-24T22:26:51.725+0000][18268][safepoint    ] Safepoint "Cleanup", Time since last: 1000218500 ns, Reaching safepoint: 115100 ns, At safepoint: 6300 ns, Total: 121400 ns
[2020-08-24T22:26:52.725+0000][18268][safepoint    ] Safepoint "Cleanup", Time since last: 1000125700 ns, Reaching safepoint: 110600 ns, At safepoint: 2200 ns, Total: 112800 ns
[2020-08-24T22:26:54.725+0000][18268][safepoint    ] Safepoint "Cleanup", Time since last: 2000146900 ns, Reaching safepoint: 125000 ns, At safepoint: 7100 ns, Total: 132100 ns
[2020-08-24T22:26:56.726+0000][18268][safepoint    ] Safepoint "Cleanup", Time since last: 2000363900 ns, Reaching safepoint: 116300 ns, At safepoint: 2200 ns, Total: 118500 ns
[2020-08-24T22:26:57.726+0000][18268][safepoint    ] Safepoint "Cleanup", Time since last: 1000066500 ns, Reaching safepoint: 130900 ns, At safepoint: 7000 ns, Total: 137900 ns
[2020-08-24T22:26:58.726+0000][18268][safepoint    ] Safepoint "Cleanup", Time since last: 1000153500 ns, Reaching safepoint: 122100 ns, At safepoint: 1900 ns, Total: 124000 ns
[2020-08-24T22:27:00.727+0000][18268][safepoint    ] Safepoint "Cleanup", Time since last: 2000056600 ns, Reaching safepoint: 107200 ns, At safepoint: 2300 ns, Total: 109500 ns
[2020-08-24T22:27:01.727+0000][18268][safepoint    ] Safepoint "Cleanup", Time since last: 1000248600 ns, Reaching safepoint: 116600 ns, At safepoint: 6300 ns, Total: 122900 ns
[2020-08-24T22:27:02.727+0000][18268][safepoint    ] Safepoint "Cleanup", Time since last: 1000344800 ns, Reaching safepoint: 118100 ns, At safepoint: 6500 ns, Total: 124600 ns
[2020-08-24T22:27:04.728+0000][18268][safepoint    ] Safepoint "Cleanup", Time since last: 2000373500 ns, Reaching safepoint: 112600 ns, At safepoint: 6500 ns, Total: 119100 ns
[2020-08-24T22:27:05.728+0000][18268][safepoint    ] Safepoint "Cleanup", Time since last: 1000058600 ns, Reaching safepoint: 117400 ns, At safepoint: 2300 ns, Total: 119700 ns
[2020-08-24T22:27:06.728+0000][18268][safepoint    ] Safepoint "Cleanup", Time since last: 1000226200 ns, Reaching safepoint: 108600 ns, At safepoint: 2100 ns, Total: 110700 ns
[2020-08-24T22:27:08.676+0000][18268][safepoint    ] Safepoint "Cleanup", Time since last: 1948235000 ns, Reaching safepoint: 106300 ns, At safepoint: 1800 ns, Total: 108100 ns
[2020-08-24T22:27:09.677+0000][18268][safepoint    ] Safepoint "Cleanup", Time since last: 1000279500 ns, Reaching safepoint: 127400 ns, At safepoint: 2200 ns, Total: 129600 ns
[2020-08-24T22:27:10.677+0000][18268][safepoint    ] Safepoint "Cleanup", Time since last: 1000115800 ns, Reaching safepoint: 112000 ns, At safepoint: 6700 ns, Total: 118700 ns
[2020-08-24T22:27:11.678+0000][18268][safepoint    ] Safepoint "Cleanup", Time since last: 1000100700 ns, Reaching safepoint: 134000 ns, At safepoint: 7200 ns, Total: 141200 ns
[2020-08-24T22:27:13.678+0000][18268][safepoint    ] Safepoint "Cleanup", Time since last: 2000139000 ns, Reaching safepoint: 103400 ns, At safepoint: 6000 ns, Total: 109400 ns
[2020-08-24T22:27:14.678+0000][18268][safepoint    ] Safepoint "Cleanup", Time since last: 1000389500 ns, Reaching safepoint: 118600 ns, At safepoint: 7100 ns, Total: 125700 ns
[2020-08-24T22:27:16.678+0000][18268][safepoint    ] Safepoint "Cleanup", Time since last: 1999904500 ns, Reaching safepoint: 114200 ns, At safepoint: 2000 ns, Total: 116200 ns
[2020-08-24T22:27:17.679+0000][18268][safepoint    ] Safepoint "Cleanup", Time since last: 1000336700 ns, Reaching safepoint: 113600 ns, At safepoint: 2200 ns, Total: 115800 ns
[2020-08-24T22:27:19.679+0000][18268][safepoint    ] Safepoint "Cleanup", Time since last: 2000409700 ns, Reaching safepoint: 132100 ns, At safepoint: 7500 ns, Total: 139600 ns
[2020-08-24T22:27:20.680+0000][18268][safepoint    ] Safepoint "Cleanup", Time since last: 1000353500 ns, Reaching safepoint: 109200 ns, At safepoint: 6800 ns, Total: 116000 ns
[2020-08-24T22:27:22.680+0000][18268][safepoint    ] Safepoint "Cleanup", Time since last: 2000168400 ns, Reaching safepoint: 115600 ns, At safepoint: 6200 ns, Total: 121800 ns
[2020-08-24T22:27:23.680+0000][18268][safepoint    ] Safepoint "Cleanup", Time since last: 1000101700 ns, Reaching safepoint: 113500 ns, At safepoint: 6300 ns, Total: 119800 ns
[2020-08-24T22:27:24.681+0000][18268][safepoint    ] Safepoint "Cleanup", Time since last: 1000367200 ns, Reaching safepoint: 123400 ns, At safepoint: 6700 ns, Total: 130100 ns
[2020-08-24T22:27:25.681+0000][18268][safepoint    ] Safepoint "Cleanup", Time since last: 1000369000 ns, Reaching safepoint: 113800 ns, At safepoint: 6700 ns, Total: 120500 ns
[2020-08-24T22:27:27.681+0000][18268][safepoint    ] Safepoint "Cleanup", Time since last: 1999918000 ns, Reaching safepoint: 118800 ns, At safepoint: 7200 ns, Total: 126000 ns
[2020-08-24T22:27:28.682+0000][18268][safepoint    ] Safepoint "Cleanup", Time since last: 1000340000 ns, Reaching safepoint: 129500 ns, At safepoint: 6600 ns, Total: 136100 ns
[2020-08-24T22:27:29.682+0000][18268][safepoint    ] Safepoint "Cleanup", Time since last: 1000364000 ns, Reaching safepoint: 110900 ns, At safepoint: 2300 ns, Total: 113200 ns
[2020-08-24T22:27:31.275+0000][18268][safepoint    ] Safepoint "Cleanup", Time since last: 1592894900 ns, Reaching safepoint: 116600 ns, At safepoint: 6900 ns, Total: 123500 ns
[2020-08-24T22:27:33.276+0000][18268][safepoint    ] Safepoint "Cleanup", Time since last: 2000372600 ns, Reaching safepoint: 108000 ns, At safepoint: 6700 ns, Total: 114700 ns
[2020-08-24T22:27:35.276+0000][18268][safepoint    ] Safepoint "Cleanup", Time since last: 1999883600 ns, Reaching safepoint: 114000 ns, At safepoint: 1900 ns, Total: 115900 ns
[2020-08-24T22:27:36.276+0000][18268][safepoint    ] Safepoint "Cleanup", Time since last: 1000373200 ns, Reaching safepoint: 93000 ns, At safepoint: 2200 ns, Total: 95200 ns
[2020-08-24T22:27:37.277+0000][18268][safepoint    ] Safepoint "Cleanup", Time since last: 1000405000 ns, Reaching safepoint: 124700 ns, At safepoint: 7000 ns, Total: 131700 ns
[2020-08-24T22:27:39.277+0000][18268][safepoint    ] Safepoint "Cleanup", Time since last: 1999897000 ns, Reaching safepoint: 111100 ns, At safepoint: 2200 ns, Total: 113300 ns
[2020-08-24T22:27:40.277+0000][18268][safepoint    ] Safepoint "Cleanup", Time since last: 1000368400 ns, Reaching safepoint: 115100 ns, At safepoint: 6800 ns, Total: 121900 ns
[2020-08-24T22:27:42.278+0000][18268][safepoint    ] Safepoint "Cleanup", Time since last: 2000377900 ns, Reaching safepoint: 139300 ns, At safepoint: 2400 ns, Total: 141700 ns
[2020-08-24T22:27:44.278+0000][18268][safepoint    ] Safepoint "Cleanup", Time since last: 2000099500 ns, Reaching safepoint: 131400 ns, At safepoint: 2000 ns, Total: 133400 ns
[2020-08-24T22:27:45.278+0000][18268][safepoint    ] Safepoint "Cleanup", Time since last: 1000132200 ns, Reaching safepoint: 123700 ns, At safepoint: 2000 ns, Total: 125700 ns
[2020-08-24T22:27:46.279+0000][18268][safepoint    ] Safepoint "Cleanup", Time since last: 1000370600 ns, Reaching safepoint: 112400 ns, At safepoint: 6600 ns, Total: 119000 ns
[2020-08-24T22:27:47.279+0000][18268][safepoint    ] Safepoint "Cleanup", Time since last: 1000369700 ns, Reaching safepoint: 115400 ns, At safepoint: 1800 ns, Total: 117200 ns
[2020-08-24T22:27:49.279+0000][18268][safepoint    ] Safepoint "Cleanup", Time since last: 1999891600 ns, Reaching safepoint: 118700 ns, At safepoint: 6900 ns, Total: 125600 ns
[2020-08-24T22:27:51.280+0000][18268][safepoint    ] Safepoint "Cleanup", Time since last: 2000370100 ns, Reaching safepoint: 104600 ns, At safepoint: 1900 ns, Total: 106500 ns
[2020-08-24T22:27:53.280+0000][18268][safepoint    ] Safepoint "Cleanup", Time since last: 1999893900 ns, Reaching safepoint: 119000 ns, At safepoint: 1900 ns, Total: 120900 ns
[2020-08-24T22:27:55.280+0000][18268][safepoint    ] Safepoint "Cleanup", Time since last: 2000374400 ns, Reaching safepoint: 127100 ns, At safepoint: 7000 ns, Total: 134100 ns
[2020-08-24T22:27:56.281+0000][18268][safepoint    ] Safepoint "Cleanup", Time since last: 1000364700 ns, Reaching safepoint: 118100 ns, At safepoint: 6400 ns, Total: 124500 ns
[2020-08-24T22:27:58.281+0000][18268][safepoint    ] Safepoint "Cleanup", Time since last: 2000324200 ns, Reaching safepoint: 119700 ns, At safepoint: 1900 ns, Total: 121600 ns
[2020-08-24T22:28:00.282+0000][18268][safepoint    ] Safepoint "Cleanup", Time since last: 2000263000 ns, Reaching safepoint: 128700 ns, At safepoint: 5700 ns, Total: 134400 ns
[2020-08-24T22:28:02.282+0000][18268][safepoint    ] Safepoint "Cleanup", Time since last: 2000046300 ns, Reaching safepoint: 108400 ns, At safepoint: 2000 ns, Total: 110400 ns
[2020-08-24T22:28:03.282+0000][18268][safepoint    ] Safepoint "Cleanup", Time since last: 1000390900 ns, Reaching safepoint: 129200 ns, At safepoint: 7400 ns, Total: 136600 ns
[2020-08-24T22:28:04.283+0000][18268][safepoint    ] Safepoint "Cleanup", Time since last: 1000361900 ns, Reaching safepoint: 117900 ns, At safepoint: 7400 ns, Total: 125300 ns
[2020-08-24T22:28:05.283+0000][18268][safepoint    ] Safepoint "Cleanup", Time since last: 1000195900 ns, Reaching safepoint: 110500 ns, At safepoint: 2000 ns, Total: 112500 ns
[2020-08-24T22:28:06.623+0000][18268][safepoint    ] Safepoint "Cleanup", Time since last: 1340099400 ns, Reaching safepoint: 121900 ns, At safepoint: 2100 ns, Total: 124000 ns
[2020-08-24T22:28:07.624+0000][18268][safepoint    ] Safepoint "Cleanup", Time since last: 1000226000 ns, Reaching safepoint: 124200 ns, At safepoint: 2200 ns, Total: 126400 ns
[2020-08-24T22:28:09.624+0000][18268][safepoint    ] Safepoint "Cleanup", Time since last: 1999994900 ns, Reaching safepoint: 109300 ns, At safepoint: 1900 ns, Total: 111200 ns
[2020-08-24T22:28:10.624+0000][18268][safepoint    ] Safepoint "Cleanup", Time since last: 1000381500 ns, Reaching safepoint: 102000 ns, At safepoint: 6800 ns, Total: 108800 ns
[2020-08-24T22:28:11.625+0000][18268][safepoint    ] Safepoint "Cleanup", Time since last: 1000113200 ns, Reaching safepoint: 109300 ns, At safepoint: 1900 ns, Total: 111200 ns
[2020-08-24T22:28:12.625+0000][18268][safepoint    ] Safepoint "Cleanup", Time since last: 1000192600 ns, Reaching safepoint: 106700 ns, At safepoint: 1900 ns, Total: 108600 ns
[2020-08-24T22:28:13.625+0000][18268][safepoint    ] Safepoint "Cleanup", Time since last: 1000228700 ns, Reaching safepoint: 117600 ns, At safepoint: 6800 ns, Total: 124400 ns
[2020-08-24T22:28:14.625+0000][18268][safepoint    ] Safepoint "Cleanup", Time since last: 1000181500 ns, Reaching safepoint: 121000 ns, At safepoint: 1900 ns, Total: 122900 ns
[2020-08-24T22:28:15.626+0000][18268][safepoint    ] Safepoint "Cleanup", Time since last: 1000205500 ns, Reaching safepoint: 109100 ns, At safepoint: 2200 ns, Total: 111300 ns
[2020-08-24T22:28:16.626+0000][18268][safepoint    ] Safepoint "Cleanup", Time since last: 1000394900 ns, Reaching safepoint: 143500 ns, At safepoint: 6800 ns, Total: 150300 ns
[2020-08-24T22:28:18.627+0000][18268][safepoint    ] Safepoint "Cleanup", Time since last: 2000106900 ns, Reaching safepoint: 121000 ns, At safepoint: 7000 ns, Total: 128000 ns
[2020-08-24T22:28:19.627+0000][18268][safepoint    ] Safepoint "Cleanup", Time since last: 1000029500 ns, Reaching safepoint: 115800 ns, At safepoint: 1900 ns, Total: 117700 ns
[2020-08-24T22:28:21.627+0000][18268][safepoint    ] Safepoint "Cleanup", Time since last: 1999968500 ns, Reaching safepoint: 110900 ns, At safepoint: 2100 ns, Total: 113000 ns
[2020-08-24T22:28:22.627+0000][18268][safepoint    ] Safepoint "Cleanup", Time since last: 1000301600 ns, Reaching safepoint: 124300 ns, At safepoint: 6800 ns, Total: 131100 ns
[2020-08-24T22:28:24.628+0000][18268][safepoint    ] Safepoint "Cleanup", Time since last: 2000439800 ns, Reaching safepoint: 118300 ns, At safepoint: 7100 ns, Total: 125400 ns
[2020-08-24T22:28:25.628+0000][18268][safepoint    ] Safepoint "Cleanup", Time since last: 1000108600 ns, Reaching safepoint: 113300 ns, At safepoint: 2000 ns, Total: 115300 ns
[2020-08-24T22:28:26.628+0000][18268][safepoint    ] Safepoint "Cleanup", Time since last: 1000187100 ns, Reaching safepoint: 124200 ns, At safepoint: 6800 ns, Total: 131000 ns
[2020-08-24T22:28:27.966+0000][18268][safepoint    ] Safepoint "Cleanup", Time since last: 1337825400 ns, Reaching safepoint: 129200 ns, At safepoint: 2100 ns, Total: 131300 ns
[2020-08-24T22:28:29.967+0000][18268][safepoint    ] Safepoint "Cleanup", Time since last: 2000326100 ns, Reaching safepoint: 127900 ns, At safepoint: 2200 ns, Total: 130100 ns
[2020-08-24T22:28:30.967+0000][18268][safepoint    ] Safepoint "Cleanup", Time since last: 1000151200 ns, Reaching safepoint: 112200 ns, At safepoint: 6600 ns, Total: 118800 ns
[2020-08-24T22:28:31.593+0000][18268][gc,start     ] GC(25) Pause Young (Concurrent Start) (Metadata GC Threshold)
[2020-08-24T22:28:31.593+0000][18268][gc,task      ] GC(25) Using 18 workers of 18 for evacuation
[2020-08-24T22:28:31.593+0000][18268][gc,age       ] GC(25) Desired survivor size 40370176 bytes, new threshold 15 (max threshold 15)
[2020-08-24T22:28:31.600+0000][18268][gc,age       ] GC(25) Age table with threshold 15 (max threshold 15)
[2020-08-24T22:28:31.600+0000][18268][gc,age       ] GC(25) - age   1:     286144 bytes,     286144 total
[2020-08-24T22:28:31.600+0000][18268][gc,age       ] GC(25) - age   2:     336808 bytes,     622952 total
[2020-08-24T22:28:31.600+0000][18268][gc,age       ] GC(25) - age   3:       1544 bytes,     624496 total
[2020-08-24T22:28:31.600+0000][18268][gc,age       ] GC(25) - age   4:      48960 bytes,     673456 total
[2020-08-24T22:28:31.600+0000][18268][gc,age       ] GC(25) - age   5:      30704 bytes,     704160 total
[2020-08-24T22:28:31.600+0000][18268][gc,age       ] GC(25) - age   6:     159344 bytes,     863504 total
[2020-08-24T22:28:31.600+0000][18268][gc,age       ] GC(25) - age   7:        336 bytes,     863840 total
[2020-08-24T22:28:31.600+0000][18268][gc,age       ] GC(25) - age   8:       2648 bytes,     866488 total
[2020-08-24T22:28:31.600+0000][18268][gc,age       ] GC(25) - age   9:       1448 bytes,     867936 total
[2020-08-24T22:28:31.600+0000][18268][gc,age       ] GC(25) - age  10:        984 bytes,     868920 total
[2020-08-24T22:28:31.600+0000][18268][gc,age       ] GC(25) - age  11:       2648 bytes,     871568 total
[2020-08-24T22:28:31.600+0000][18268][gc,age       ] GC(25) - age  12:      35000 bytes,     906568 total
[2020-08-24T22:28:31.600+0000][18268][gc,age       ] GC(25) - age  13:      91480 bytes,     998048 total
[2020-08-24T22:28:31.600+0000][18268][gc,age       ] GC(25) - age  14:     317424 bytes,    1315472 total
[2020-08-24T22:28:31.600+0000][18268][gc,age       ] GC(25) - age  15:   11885832 bytes,   13201304 total
[2020-08-24T22:28:31.600+0000][18268][gc,phases    ] GC(25)   Pre Evacuate Collection Set: 0.3ms
[2020-08-24T22:28:31.600+0000][18268][gc,phases    ] GC(25)   Merge Heap Roots: 0.1ms
[2020-08-24T22:28:31.600+0000][18268][gc,phases    ] GC(25)   Evacuate Collection Set: 5.7ms
[2020-08-24T22:28:31.600+0000][18268][gc,phases    ] GC(25)   Post Evacuate Collection Set: 0.8ms
[2020-08-24T22:28:31.600+0000][18268][gc,phases    ] GC(25)   Other: 0.4ms
[2020-08-24T22:28:31.600+0000][18268][gc,heap      ] GC(25) Eden regions: 273->0(599)
[2020-08-24T22:28:31.600+0000][18268][gc,heap      ] GC(25) Survivor regions: 23->15(77)
[2020-08-24T22:28:31.600+0000][18268][gc,heap      ] GC(25) Old regions: 48->57
[2020-08-24T22:28:31.600+0000][18268][gc,heap      ] GC(25) Archive regions: 0->0
[2020-08-24T22:28:31.600+0000][18268][gc,heap      ] GC(25) Humongous regions: 7->7
[2020-08-24T22:28:31.600+0000][18268][gc,metaspace ] GC(25) Metaspace: 93045K(100908K)->93045K(100908K) NonClass: 80357K(85036K)->80357K(85036K) Class: 12688K(15872K)->12688K(15872K)
[2020-08-24T22:28:31.600+0000][18268][gc           ] GC(25) Pause Young (Concurrent Start) (Metadata GC Threshold) 349M->78M(1024M) 7.352ms
[2020-08-24T22:28:31.600+0000][18268][gc,cpu       ] GC(25) User=0.00s Sys=0.00s Real=0.01s
[2020-08-24T22:28:31.600+0000][18268][gc           ] GC(26) Concurrent Cycle
[2020-08-24T22:28:31.600+0000][18268][gc,marking   ] GC(26) Concurrent Clear Claimed Marks
[2020-08-24T22:28:31.600+0000][18268][safepoint    ] Safepoint "CollectForMetadataAllocation", Time since last: 625387400 ns, Reaching safepoint: 111400 ns, At safepoint: 7494300 ns, Total: 7605700 ns
[2020-08-24T22:28:31.600+0000][18268][gc,marking   ] GC(26) Concurrent Clear Claimed Marks 0.297ms
[2020-08-24T22:28:31.600+0000][18268][gc,marking   ] GC(26) Concurrent Scan Root Regions
[2020-08-24T22:28:31.604+0000][18268][gc,marking   ] GC(26) Concurrent Scan Root Regions 3.225ms
[2020-08-24T22:28:31.604+0000][18268][gc,marking   ] GC(26) Concurrent Mark (14322.290s)
[2020-08-24T22:28:31.604+0000][18268][gc,marking   ] GC(26) Concurrent Mark From Roots
[2020-08-24T22:28:31.604+0000][18268][gc,task      ] GC(26) Using 5 workers of 5 for marking
[2020-08-24T22:28:31.616+0000][18268][gc,marking   ] GC(26) Concurrent Mark From Roots 12.834ms
[2020-08-24T22:28:31.616+0000][18268][gc,marking   ] GC(26) Concurrent Preclean
[2020-08-24T22:28:31.617+0000][18268][gc,marking   ] GC(26) Concurrent Preclean 0.410ms
[2020-08-24T22:28:31.617+0000][18268][gc,marking   ] GC(26) Concurrent Mark (14322.290s, 14322.303s) 13.311ms
[2020-08-24T22:28:31.617+0000][18268][gc,start     ] GC(26) Pause Remark
[2020-08-24T22:28:31.627+0000][18268][gc           ] GC(26) Pause Remark 79M->79M(1024M) 10.233ms
[2020-08-24T22:28:31.627+0000][18268][gc,cpu       ] GC(26) User=0.00s Sys=0.02s Real=0.01s
[2020-08-24T22:28:31.627+0000][18268][safepoint    ] Safepoint "G1Concurrent", Time since last: 16847800 ns, Reaching safepoint: 121000 ns, At safepoint: 10323700 ns, Total: 10444700 ns
[2020-08-24T22:28:31.627+0000][18268][gc,marking   ] GC(26) Concurrent Rebuild Remembered Sets
[2020-08-24T22:28:31.645+0000][18268][gc,marking   ] GC(26) Concurrent Rebuild Remembered Sets 17.561ms
[2020-08-24T22:28:31.645+0000][18268][gc,start     ] GC(26) Pause Cleanup
[2020-08-24T22:28:31.646+0000][18268][gc           ] GC(26) Pause Cleanup 79M->79M(1024M) 0.138ms
[2020-08-24T22:28:31.646+0000][18268][gc,cpu       ] GC(26) User=0.00s Sys=0.00s Real=0.00s
[2020-08-24T22:28:31.646+0000][18268][safepoint    ] Safepoint "G1Concurrent", Time since last: 17638900 ns, Reaching safepoint: 515800 ns, At safepoint: 214300 ns, Total: 730100 ns
[2020-08-24T22:28:31.646+0000][18268][gc,marking   ] GC(26) Concurrent Cleanup for Next Mark
[2020-08-24T22:28:31.646+0000][18268][gc,marking   ] GC(26) Concurrent Cleanup for Next Mark 0.465ms
[2020-08-24T22:28:31.646+0000][18268][gc           ] GC(26) Concurrent Cycle 46.229ms
[2020-08-24T22:28:32.646+0000][18268][safepoint    ] Safepoint "Cleanup", Time since last: 1000346800 ns, Reaching safepoint: 107200 ns, At safepoint: 2100 ns, Total: 109300 ns
[2020-08-24T22:28:33.646+0000][18268][safepoint    ] Safepoint "Cleanup", Time since last: 1000057100 ns, Reaching safepoint: 128000 ns, At safepoint: 2300 ns, Total: 130300 ns
[2020-08-24T22:28:34.647+0000][18268][safepoint    ] Safepoint "Cleanup", Time since last: 1000192700 ns, Reaching safepoint: 131100 ns, At safepoint: 2500 ns, Total: 133600 ns
[2020-08-24T22:28:35.647+0000][18268][safepoint    ] Safepoint "Cleanup", Time since last: 1000037300 ns, Reaching safepoint: 123600 ns, At safepoint: 6600 ns, Total: 130200 ns
[2020-08-24T22:28:37.647+0000][18268][safepoint    ] Safepoint "Cleanup", Time since last: 2000372000 ns, Reaching safepoint: 142000 ns, At safepoint: 6200 ns, Total: 148200 ns
[2020-08-24T22:28:38.648+0000][18268][safepoint    ] Safepoint "Cleanup", Time since last: 1000345300 ns, Reaching safepoint: 119500 ns, At safepoint: 2000 ns, Total: 121500 ns
[2020-08-24T22:28:40.648+0000][18268][safepoint    ] Safepoint "Cleanup", Time since last: 2000345400 ns, Reaching safepoint: 112200 ns, At safepoint: 6800 ns, Total: 119000 ns
[2020-08-24T22:28:42.648+0000][18268][safepoint    ] Safepoint "Cleanup", Time since last: 1999933800 ns, Reaching safepoint: 118800 ns, At safepoint: 2000 ns, Total: 120800 ns
[2020-08-24T22:28:43.649+0000][18268][safepoint    ] Safepoint "Cleanup", Time since last: 1000325200 ns, Reaching safepoint: 133900 ns, At safepoint: 6300 ns, Total: 140200 ns
[2020-08-24T22:28:45.649+0000][18268][safepoint    ] Safepoint "Cleanup", Time since last: 2000373200 ns, Reaching safepoint: 111800 ns, At safepoint: 2000 ns, Total: 113800 ns
[2020-08-24T22:28:47.650+0000][18268][safepoint    ] Safepoint "Cleanup", Time since last: 2000407800 ns, Reaching safepoint: 117500 ns, At safepoint: 6900 ns, Total: 124400 ns
[2020-08-24T22:28:49.650+0000][18268][safepoint    ] Safepoint "Cleanup", Time since last: 2000376400 ns, Reaching safepoint: 120100 ns, At safepoint: 2100 ns, Total: 122200 ns
[2020-08-24T22:28:50.651+0000][18268][safepoint    ] Safepoint "Cleanup", Time since last: 1000375400 ns, Reaching safepoint: 123100 ns, At safepoint: 7300 ns, Total: 130400 ns
[2020-08-24T22:28:52.651+0000][18268][safepoint    ] Safepoint "Cleanup", Time since last: 2000373300 ns, Reaching safepoint: 129700 ns, At safepoint: 2400 ns, Total: 132100 ns
[2020-08-24T22:28:53.652+0000][18268][safepoint    ] Safepoint "Cleanup", Time since last: 1000350600 ns, Reaching safepoint: 122300 ns, At safepoint: 1900 ns, Total: 124200 ns
[2020-08-24T22:28:55.652+0000][18268][safepoint    ] Safepoint "Cleanup", Time since last: 2000307600 ns, Reaching safepoint: 110400 ns, At safepoint: 6700 ns, Total: 117100 ns
[2020-08-24T22:28:57.653+0000][18268][safepoint    ] Safepoint "Cleanup", Time since last: 2000475000 ns, Reaching safepoint: 104900 ns, At safepoint: 2500 ns, Total: 107400 ns
[2020-08-24T22:28:59.653+0000][18268][safepoint    ] Safepoint "Cleanup", Time since last: 2000385500 ns, Reaching safepoint: 125900 ns, At safepoint: 6600 ns, Total: 132500 ns
[2020-08-24T22:29:00.654+0000][18268][safepoint    ] Safepoint "Cleanup", Time since last: 1000364800 ns, Reaching safepoint: 122500 ns, At safepoint: 1900 ns, Total: 124400 ns
[2020-08-24T22:29:01.654+0000][18268][safepoint    ] Safepoint "Cleanup", Time since last: 1000079700 ns, Reaching safepoint: 126300 ns, At safepoint: 6900 ns, Total: 133200 ns
[2020-08-24T22:29:02.654+0000][18268][safepoint    ] Safepoint "Cleanup", Time since last: 1000167700 ns, Reaching safepoint: 135000 ns, At safepoint: 2100 ns, Total: 137100 ns
[2020-08-24T22:29:03.655+0000][18268][safepoint    ] Safepoint "Cleanup", Time since last: 1000362700 ns, Reaching safepoint: 129000 ns, At safepoint: 6300 ns, Total: 135300 ns
[2020-08-24T22:29:04.655+0000][18268][safepoint    ] Safepoint "Cleanup", Time since last: 1000335500 ns, Reaching safepoint: 123300 ns, At safepoint: 6300 ns, Total: 129600 ns
[2020-08-24T22:29:05.725+0000][18268][safepoint    ] Safepoint "Cleanup", Time since last: 1069726500 ns, Reaching safepoint: 106200 ns, At safepoint: 6200 ns, Total: 112400 ns
[2020-08-24T22:29:06.725+0000][18268][safepoint    ] Safepoint "Cleanup", Time since last: 1000062600 ns, Reaching safepoint: 137400 ns, At safepoint: 7100 ns, Total: 144500 ns
[2020-08-24T22:29:07.726+0000][18268][safepoint    ] Safepoint "Cleanup", Time since last: 1000288200 ns, Reaching safepoint: 128200 ns, At safepoint: 2400 ns, Total: 130600 ns
[2020-08-24T22:29:08.726+0000][18268][safepoint    ] Safepoint "Cleanup", Time since last: 1000329000 ns, Reaching safepoint: 117000 ns, At safepoint: 6600 ns, Total: 123600 ns
[2020-08-24T22:29:09.727+0000][18268][safepoint    ] Safepoint "Cleanup", Time since last: 1000152600 ns, Reaching safepoint: 114400 ns, At safepoint: 2200 ns, Total: 116600 ns
[2020-08-24T22:29:10.727+0000][18268][safepoint    ] Safepoint "Cleanup", Time since last: 1000220200 ns, Reaching safepoint: 139500 ns, At safepoint: 7100 ns, Total: 146600 ns
[2020-08-24T22:29:11.727+0000][18268][safepoint    ] Safepoint "Cleanup", Time since last: 1000315400 ns, Reaching safepoint: 120900 ns, At safepoint: 2300 ns, Total: 123200 ns
[2020-08-24T22:29:13.727+0000][18268][safepoint    ] Safepoint "Cleanup", Time since last: 1999905700 ns, Reaching safepoint: 128800 ns, At safepoint: 6700 ns, Total: 135500 ns
[2020-08-24T22:29:14.728+0000][18268][safepoint    ] Safepoint "Cleanup", Time since last: 1000137700 ns, Reaching safepoint: 123300 ns, At safepoint: 1900 ns, Total: 125200 ns
[2020-08-24T22:29:16.728+0000][18268][safepoint    ] Safepoint "Cleanup", Time since last: 2000098500 ns, Reaching safepoint: 112200 ns, At safepoint: 7400 ns, Total: 119600 ns
[2020-08-24T22:29:18.728+0000][18268][safepoint    ] Safepoint "Cleanup", Time since last: 1999974500 ns, Reaching safepoint: 108100 ns, At safepoint: 5900 ns, Total: 114000 ns
[2020-08-24T22:29:19.728+0000][18268][safepoint    ] Safepoint "Cleanup", Time since last: 1000186900 ns, Reaching safepoint: 129100 ns, At safepoint: 2200 ns, Total: 131300 ns
[2020-08-24T22:29:20.729+0000][18268][safepoint    ] Safepoint "Cleanup", Time since last: 1000176100 ns, Reaching safepoint: 111300 ns, At safepoint: 6700 ns, Total: 118000 ns
[2020-08-24T22:29:21.729+0000][18268][safepoint    ] Safepoint "Cleanup", Time since last: 1000185500 ns, Reaching safepoint: 119400 ns, At safepoint: 7100 ns, Total: 126500 ns
[2020-08-24T22:29:23.729+0000][18268][safepoint    ] Safepoint "Cleanup", Time since last: 2000332600 ns, Reaching safepoint: 124600 ns, At safepoint: 10800 ns, Total: 135400 ns
[2020-08-24T22:29:25.729+0000][18268][safepoint    ] Safepoint "Cleanup", Time since last: 1999868400 ns, Reaching safepoint: 131500 ns, At safepoint: 2300 ns, Total: 133800 ns
[2020-08-24T22:29:27.730+0000][18268][safepoint    ] Safepoint "Cleanup", Time since last: 2000329000 ns, Reaching safepoint: 117900 ns, At safepoint: 6600 ns, Total: 124500 ns
[2020-08-24T22:29:29.730+0000][18268][safepoint    ] Safepoint "Cleanup", Time since last: 2000324700 ns, Reaching safepoint: 115600 ns, At safepoint: 7500 ns, Total: 123100 ns
[2020-08-24T22:29:31.731+0000][18268][safepoint    ] Safepoint "Cleanup", Time since last: 2000431700 ns, Reaching safepoint: 109600 ns, At safepoint: 2000 ns, Total: 111600 ns
[2020-08-24T22:29:32.731+0000][18268][safepoint    ] Safepoint "Cleanup", Time since last: 1000133800 ns, Reaching safepoint: 114000 ns, At safepoint: 6900 ns, Total: 120900 ns
[2020-08-24T22:29:33.731+0000][18268][safepoint    ] Safepoint "Cleanup", Time since last: 1000200800 ns, Reaching safepoint: 127100 ns, At safepoint: 7000 ns, Total: 134100 ns
[2020-08-24T22:29:34.732+0000][18268][safepoint    ] Safepoint "Cleanup", Time since last: 1000371100 ns, Reaching safepoint: 111500 ns, At safepoint: 6600 ns, Total: 118100 ns
[2020-08-24T22:29:35.732+0000][18268][safepoint    ] Safepoint "Cleanup", Time since last: 1000326300 ns, Reaching safepoint: 134500 ns, At safepoint: 2300 ns, Total: 136800 ns
[2020-08-24T22:29:36.779+0000][18268][safepoint    ] Safepoint "Cleanup", Time since last: 1046205200 ns, Reaching safepoint: 156500 ns, At safepoint: 2300 ns, Total: 158800 ns
[2020-08-24T22:29:37.779+0000][18268][safepoint    ] Safepoint "Cleanup", Time since last: 1000152800 ns, Reaching safepoint: 143400 ns, At safepoint: 2500 ns, Total: 145900 ns
[2020-08-24T22:29:38.779+0000][18268][safepoint    ] Safepoint "Cleanup", Time since last: 1000152600 ns, Reaching safepoint: 117000 ns, At safepoint: 2100 ns, Total: 119100 ns
[2020-08-24T22:29:40.779+0000][18268][safepoint    ] Safepoint "Cleanup", Time since last: 1999985700 ns, Reaching safepoint: 120400 ns, At safepoint: 6800 ns, Total: 127200 ns
[2020-08-24T22:29:41.780+0000][18268][safepoint    ] Safepoint "Cleanup", Time since last: 1000362800 ns, Reaching safepoint: 118500 ns, At safepoint: 8600 ns, Total: 127100 ns
[2020-08-24T22:29:43.780+0000][18268][safepoint    ] Safepoint "Cleanup", Time since last: 2000378700 ns, Reaching safepoint: 112800 ns, At safepoint: 6600 ns, Total: 119400 ns
[2020-08-24T22:29:45.781+0000][18268][safepoint    ] Safepoint "Cleanup", Time since last: 2000378500 ns, Reaching safepoint: 119500 ns, At safepoint: 2100 ns, Total: 121600 ns
[2020-08-24T22:29:46.781+0000][18268][safepoint    ] Safepoint "Cleanup", Time since last: 1000367300 ns, Reaching safepoint: 115800 ns, At safepoint: 2400 ns, Total: 118200 ns
[2020-08-24T22:29:47.781+0000][18268][safepoint    ] Safepoint "Cleanup", Time since last: 1000061100 ns, Reaching safepoint: 126900 ns, At safepoint: 2200 ns, Total: 129100 ns
[2020-08-24T22:29:48.782+0000][18268][safepoint    ] Safepoint "Cleanup", Time since last: 1000196200 ns, Reaching safepoint: 139600 ns, At safepoint: 6600 ns, Total: 146200 ns
[2020-08-24T22:29:49.782+0000][18268][safepoint    ] Safepoint "Cleanup", Time since last: 1000344500 ns, Reaching safepoint: 116300 ns, At safepoint: 1900 ns, Total: 118200 ns
[2020-08-24T22:29:51.782+0000][18268][safepoint    ] Safepoint "Cleanup", Time since last: 1999896200 ns, Reaching safepoint: 130800 ns, At safepoint: 6400 ns, Total: 137200 ns
[2020-08-24T22:29:53.783+0000][18268][safepoint    ] Safepoint "Cleanup", Time since last: 2000362000 ns, Reaching safepoint: 112700 ns, At safepoint: 1900 ns, Total: 114600 ns
[2020-08-24T22:29:55.783+0000][18268][safepoint    ] Safepoint "Cleanup", Time since last: 2000385800 ns, Reaching safepoint: 121200 ns, At safepoint: 8000 ns, Total: 129200 ns
[2020-08-24T22:29:56.784+0000][18268][safepoint    ] Safepoint "Cleanup", Time since last: 1000336800 ns, Reaching safepoint: 124900 ns, At safepoint: 6500 ns, Total: 131400 ns
[2020-08-24T22:29:58.784+0000][18268][safepoint    ] Safepoint "Cleanup", Time since last: 2000364000 ns, Reaching safepoint: 112100 ns, At safepoint: 2200 ns, Total: 114300 ns
[2020-08-24T22:30:00.784+0000][18268][safepoint    ] Safepoint "Cleanup", Time since last: 1999920700 ns, Reaching safepoint: 129200 ns, At safepoint: 6600 ns, Total: 135800 ns
[2020-08-24T22:30:01.785+0000][18268][safepoint    ] Safepoint "Cleanup", Time since last: 1000291900 ns, Reaching safepoint: 116700 ns, At safepoint: 1900 ns, Total: 118600 ns
[2020-08-24T22:30:03.785+0000][18268][safepoint    ] Safepoint "Cleanup", Time since last: 2000291500 ns, Reaching safepoint: 116400 ns, At safepoint: 2000 ns, Total: 118400 ns
[2020-08-24T22:30:05.780+0000][18268][safepoint    ] Safepoint "Cleanup", Time since last: 1995140100 ns, Reaching safepoint: 123300 ns, At safepoint: 8400 ns, Total: 131700 ns
[2020-08-24T22:30:06.781+0000][18268][safepoint    ] Safepoint "Cleanup", Time since last: 1000783000 ns, Reaching safepoint: 129600 ns, At safepoint: 6100 ns, Total: 135700 ns
[2020-08-24T22:30:07.782+0000][18268][safepoint    ] Safepoint "Cleanup", Time since last: 1000318600 ns, Reaching safepoint: 130100 ns, At safepoint: 2100 ns, Total: 132200 ns
[2020-08-24T22:30:09.782+0000][18268][safepoint    ] Safepoint "Cleanup", Time since last: 1999950100 ns, Reaching safepoint: 124800 ns, At safepoint: 2100 ns, Total: 126900 ns
[2020-08-24T22:30:10.782+0000][18268][safepoint    ] Safepoint "Cleanup", Time since last: 1000291700 ns, Reaching safepoint: 129300 ns, At safepoint: 2300 ns, Total: 131600 ns
[2020-08-24T22:30:12.782+0000][18268][safepoint    ] Safepoint "Cleanup", Time since last: 1999907500 ns, Reaching safepoint: 116300 ns, At safepoint: 7300 ns, Total: 123600 ns
[2020-08-24T22:30:13.783+0000][18268][safepoint    ] Safepoint "Cleanup", Time since last: 1000363400 ns, Reaching safepoint: 135700 ns, At safepoint: 7000 ns, Total: 142700 ns
[2020-08-24T22:30:15.783+0000][18268][safepoint    ] Safepoint "Cleanup", Time since last: 2000372000 ns, Reaching safepoint: 107000 ns, At safepoint: 6400 ns, Total: 113400 ns
[2020-08-24T22:30:16.784+0000][18268][safepoint    ] Safepoint "Cleanup", Time since last: 1000140800 ns, Reaching safepoint: 166800 ns, At safepoint: 2100 ns, Total: 168900 ns
[2020-08-24T22:30:18.784+0000][18268][safepoint    ] Safepoint "Cleanup", Time since last: 2000077500 ns, Reaching safepoint: 118200 ns, At safepoint: 2000 ns, Total: 120200 ns
[2020-08-24T22:30:19.784+0000][18268][safepoint    ] Safepoint "Cleanup", Time since last: 1000380500 ns, Reaching safepoint: 120700 ns, At safepoint: 6800 ns, Total: 127500 ns
[2020-08-24T22:30:21.785+0000][18268][safepoint    ] Safepoint "Cleanup", Time since last: 2000363500 ns, Reaching safepoint: 115300 ns, At safepoint: 2000 ns, Total: 117300 ns
[2020-08-24T22:30:23.785+0000][18268][safepoint    ] Safepoint "Cleanup", Time since last: 2000125100 ns, Reaching safepoint: 117600 ns, At safepoint: 2000 ns, Total: 119600 ns
[2020-08-24T22:30:24.785+0000][18268][safepoint    ] Safepoint "Cleanup", Time since last: 1000178600 ns, Reaching safepoint: 123600 ns, At safepoint: 6700 ns, Total: 130300 ns
[2020-08-24T22:30:25.786+0000][18268][safepoint    ] Safepoint "Cleanup", Time since last: 1000332900 ns, Reaching safepoint: 122100 ns, At safepoint: 2000 ns, Total: 124100 ns
[2020-08-24T22:30:26.786+0000][18268][safepoint    ] Safepoint "Cleanup", Time since last: 1000376200 ns, Reaching safepoint: 140200 ns, At safepoint: 7300 ns, Total: 147500 ns
[2020-08-24T22:30:28.787+0000][18268][safepoint    ] Safepoint "Cleanup", Time since last: 2000362000 ns, Reaching safepoint: 132400 ns, At safepoint: 2800 ns, Total: 135200 ns
[2020-08-24T22:30:30.787+0000][18268][safepoint    ] Safepoint "Cleanup", Time since last: 2000357400 ns, Reaching safepoint: 114500 ns, At safepoint: 7200 ns, Total: 121700 ns
[2020-08-24T22:30:31.788+0000][18268][safepoint    ] Safepoint "Cleanup", Time since last: 1000381900 ns, Reaching safepoint: 121300 ns, At safepoint: 2300 ns, Total: 123600 ns
[2020-08-24T22:30:33.788+0000][18268][safepoint    ] Safepoint "Cleanup", Time since last: 2000367800 ns, Reaching safepoint: 108100 ns, At safepoint: 6300 ns, Total: 114400 ns
[2020-08-24T22:30:35.780+0000][18268][safepoint    ] Safepoint "Cleanup", Time since last: 1991951800 ns, Reaching safepoint: 138000 ns, At safepoint: 10600 ns, Total: 148600 ns
[2020-08-24T22:30:36.781+0000][18268][safepoint    ] Safepoint "Cleanup", Time since last: 1000319200 ns, Reaching safepoint: 125200 ns, At safepoint: 2200 ns, Total: 127400 ns
[2020-08-24T22:30:37.781+0000][18268][safepoint    ] Safepoint "Cleanup", Time since last: 1000344900 ns, Reaching safepoint: 131200 ns, At safepoint: 6700 ns, Total: 137900 ns
[2020-08-24T22:30:38.782+0000][18268][safepoint    ] Safepoint "Cleanup", Time since last: 1000362200 ns, Reaching safepoint: 110800 ns, At safepoint: 6300 ns, Total: 117100 ns
[2020-08-24T22:30:40.782+0000][18268][safepoint    ] Safepoint "Cleanup", Time since last: 2000377800 ns, Reaching safepoint: 118700 ns, At safepoint: 7500 ns, Total: 126200 ns
[2020-08-24T22:30:42.783+0000][18268][safepoint    ] Safepoint "Cleanup", Time since last: 2000374100 ns, Reaching safepoint: 119000 ns, At safepoint: 2200 ns, Total: 121200 ns
[2020-08-24T22:30:44.783+0000][18268][safepoint    ] Safepoint "Cleanup", Time since last: 2000391900 ns, Reaching safepoint: 111800 ns, At safepoint: 6700 ns, Total: 118500 ns
[2020-08-24T22:30:45.784+0000][18268][safepoint    ] Safepoint "Cleanup", Time since last: 1000369100 ns, Reaching safepoint: 114800 ns, At safepoint: 6400 ns, Total: 121200 ns
[2020-08-24T22:30:46.784+0000][18268][safepoint    ] Safepoint "Cleanup", Time since last: 1000391300 ns, Reaching safepoint: 116300 ns, At safepoint: 6800 ns, Total: 123100 ns
[2020-08-24T22:30:48.785+0000][18268][safepoint    ] Safepoint "Cleanup", Time since last: 2000352300 ns, Reaching safepoint: 119700 ns, At safepoint: 2200 ns, Total: 121900 ns
[2020-08-24T22:30:50.785+0000][18268][safepoint    ] Safepoint "Cleanup", Time since last: 2000276200 ns, Reaching safepoint: 118600 ns, At safepoint: 2000 ns, Total: 120600 ns
[2020-08-24T22:30:52.786+0000][18268][safepoint    ] Safepoint "Cleanup", Time since last: 2000323400 ns, Reaching safepoint: 125300 ns, At safepoint: 7500 ns, Total: 132800 ns
[2020-08-24T22:30:53.786+0000][18268][safepoint    ] Safepoint "Cleanup", Time since last: 1000038300 ns, Reaching safepoint: 118400 ns, At safepoint: 6800 ns, Total: 125200 ns
[2020-08-24T22:30:55.786+0000][18268][safepoint    ] Safepoint "Cleanup", Time since last: 2000358400 ns, Reaching safepoint: 119900 ns, At safepoint: 6800 ns, Total: 126700 ns
[2020-08-24T22:30:57.787+0000][18268][safepoint    ] Safepoint "Cleanup", Time since last: 2000388100 ns, Reaching safepoint: 116100 ns, At safepoint: 2000 ns, Total: 118100 ns
[2020-08-24T22:30:58.787+0000][18268][safepoint    ] Safepoint "Cleanup", Time since last: 1000380100 ns, Reaching safepoint: 121700 ns, At safepoint: 1900 ns, Total: 123600 ns
[2020-08-24T22:31:00.788+0000][18268][safepoint    ] Safepoint "Cleanup", Time since last: 2000381700 ns, Reaching safepoint: 111800 ns, At safepoint: 2200 ns, Total: 114000 ns
[2020-08-24T22:31:02.788+0000][18268][safepoint    ] Safepoint "Cleanup", Time since last: 2000393700 ns, Reaching safepoint: 114800 ns, At safepoint: 6800 ns, Total: 121600 ns
[2020-08-24T22:31:03.789+0000][18268][safepoint    ] Safepoint "Cleanup", Time since last: 1000373000 ns, Reaching safepoint: 123400 ns, At safepoint: 2200 ns, Total: 125600 ns
[2020-08-24T22:31:05.789+0000][18268][safepoint    ] Safepoint "Cleanup", Time since last: 2000370500 ns, Reaching safepoint: 108000 ns, At safepoint: 6100 ns, Total: 114100 ns
[2020-08-24T22:31:07.790+0000][18268][safepoint    ] Safepoint "Cleanup", Time since last: 2000266400 ns, Reaching safepoint: 125600 ns, At safepoint: 2300 ns, Total: 127900 ns
[2020-08-24T22:31:08.790+0000][18268][safepoint    ] Safepoint "Cleanup", Time since last: 1000287000 ns, Reaching safepoint: 129500 ns, At safepoint: 7200 ns, Total: 136700 ns
[2020-08-24T22:31:09.790+0000][18268][safepoint    ] Safepoint "Cleanup", Time since last: 1000070100 ns, Reaching safepoint: 115900 ns, At safepoint: 2200 ns, Total: 118100 ns
[2020-08-24T22:31:11.791+0000][18268][safepoint    ] Safepoint "Cleanup", Time since last: 2000380300 ns, Reaching safepoint: 118400 ns, At safepoint: 2000 ns, Total: 120400 ns
[2020-08-24T22:31:12.791+0000][18268][safepoint    ] Safepoint "Cleanup", Time since last: 1000378900 ns, Reaching safepoint: 124100 ns, At safepoint: 2400 ns, Total: 126500 ns
[2020-08-24T22:31:14.792+0000][18268][safepoint    ] Safepoint "Cleanup", Time since last: 2000370800 ns, Reaching safepoint: 114700 ns, At safepoint: 1900 ns, Total: 116600 ns
[2020-08-24T22:31:16.792+0000][18268][safepoint    ] Safepoint "Cleanup", Time since last: 2000458700 ns, Reaching safepoint: 128700 ns, At safepoint: 6600 ns, Total: 135300 ns
[2020-08-24T22:31:17.793+0000][18268][safepoint    ] Safepoint "Cleanup", Time since last: 1000312200 ns, Reaching safepoint: 123900 ns, At safepoint: 7000 ns, Total: 130900 ns
[2020-08-24T22:31:18.793+0000][18268][safepoint    ] Safepoint "Cleanup", Time since last: 1000345200 ns, Reaching safepoint: 112500 ns, At safepoint: 2200 ns, Total: 114700 ns
[2020-08-24T22:31:20.793+0000][18268][safepoint    ] Safepoint "Cleanup", Time since last: 1999918900 ns, Reaching safepoint: 113000 ns, At safepoint: 2500 ns, Total: 115500 ns
[2020-08-24T22:31:21.794+0000][18268][safepoint    ] Safepoint "Cleanup", Time since last: 1000336500 ns, Reaching safepoint: 124600 ns, At safepoint: 2000 ns, Total: 126600 ns
[2020-08-24T22:31:23.794+0000][18268][safepoint    ] Safepoint "Cleanup", Time since last: 1999899500 ns, Reaching safepoint: 124000 ns, At safepoint: 2000 ns, Total: 126000 ns
[2020-08-24T22:31:24.794+0000][18268][safepoint    ] Safepoint "Cleanup", Time since last: 1000230100 ns, Reaching safepoint: 139600 ns, At safepoint: 7200 ns, Total: 146800 ns
[2020-08-24T22:31:26.795+0000][18268][safepoint    ] Safepoint "Cleanup", Time since last: 2000308100 ns, Reaching safepoint: 118900 ns, At safepoint: 6900 ns, Total: 125800 ns
[2020-08-24T22:31:27.795+0000][18268][safepoint    ] Safepoint "Cleanup", Time since last: 1000075900 ns, Reaching safepoint: 106800 ns, At safepoint: 2000 ns, Total: 108800 ns
[2020-08-24T22:31:28.795+0000][18268][safepoint    ] Safepoint "Cleanup", Time since last: 1000400400 ns, Reaching safepoint: 129300 ns, At safepoint: 6700 ns, Total: 136000 ns
[2020-08-24T22:31:29.796+0000][18268][safepoint    ] Safepoint "Cleanup", Time since last: 1000159100 ns, Reaching safepoint: 125300 ns, At safepoint: 6900 ns, Total: 132200 ns
[2020-08-24T22:31:31.796+0000][18268][safepoint    ] Safepoint "Cleanup", Time since last: 2000041300 ns, Reaching safepoint: 113600 ns, At safepoint: 6600 ns, Total: 120200 ns
[2020-08-24T22:31:33.796+0000][18268][safepoint    ] Safepoint "Cleanup", Time since last: 2000367100 ns, Reaching safepoint: 119200 ns, At safepoint: 2100 ns, Total: 121300 ns
[2020-08-24T22:31:35.728+0000][18268][safepoint    ] Safepoint "Cleanup", Time since last: 1932047500 ns, Reaching safepoint: 117400 ns, At safepoint: 10400 ns, Total: 127800 ns
[2020-08-24T22:31:36.729+0000][18268][safepoint    ] Safepoint "Cleanup", Time since last: 1000730300 ns, Reaching safepoint: 119900 ns, At safepoint: 6600 ns, Total: 126500 ns
[2020-08-24T22:31:37.730+0000][18268][safepoint    ] Safepoint "Cleanup", Time since last: 1000359700 ns, Reaching safepoint: 105800 ns, At safepoint: 6700 ns, Total: 112500 ns
[2020-08-24T22:31:39.730+0000][18268][safepoint    ] Safepoint "Cleanup", Time since last: 2000076200 ns, Reaching safepoint: 124000 ns, At safepoint: 6400 ns, Total: 130400 ns
[2020-08-24T22:31:40.730+0000][18268][safepoint    ] Safepoint "Cleanup", Time since last: 1000181900 ns, Reaching safepoint: 112800 ns, At safepoint: 2000 ns, Total: 114800 ns
[2020-08-24T22:31:41.731+0000][18268][safepoint    ] Safepoint "Cleanup", Time since last: 1000154400 ns, Reaching safepoint: 118800 ns, At safepoint: 9900 ns, Total: 128700 ns
[2020-08-24T22:31:42.731+0000][18268][safepoint    ] Safepoint "Cleanup", Time since last: 1000279300 ns, Reaching safepoint: 147000 ns, At safepoint: 6700 ns, Total: 153700 ns
[2020-08-24T22:31:43.731+0000][18268][safepoint    ] Safepoint "Cleanup", Time since last: 1000168300 ns, Reaching safepoint: 138400 ns, At safepoint: 6600 ns, Total: 145000 ns
[2020-08-24T22:31:44.732+0000][18268][safepoint    ] Safepoint "Cleanup", Time since last: 1000089200 ns, Reaching safepoint: 121600 ns, At safepoint: 2000 ns, Total: 123600 ns
[2020-08-24T22:31:45.732+0000][18268][safepoint    ] Safepoint "Cleanup", Time since last: 1000179700 ns, Reaching safepoint: 121800 ns, At safepoint: 6900 ns, Total: 128700 ns
[2020-08-24T22:31:46.732+0000][18268][safepoint    ] Safepoint "Cleanup", Time since last: 1000343000 ns, Reaching safepoint: 129200 ns, At safepoint: 2000 ns, Total: 131200 ns
[2020-08-24T22:31:47.733+0000][18268][safepoint    ] Safepoint "Cleanup", Time since last: 1000366500 ns, Reaching safepoint: 137000 ns, At safepoint: 6900 ns, Total: 143900 ns
[2020-08-24T22:31:49.733+0000][18268][safepoint    ] Safepoint "Cleanup", Time since last: 2000352300 ns, Reaching safepoint: 130800 ns, At safepoint: 2100 ns, Total: 132900 ns
[2020-08-24T22:31:50.734+0000][18268][safepoint    ] Safepoint "Cleanup", Time since last: 1000334400 ns, Reaching safepoint: 127300 ns, At safepoint: 2100 ns, Total: 129400 ns
[2020-08-24T22:31:52.734+0000][18268][safepoint    ] Safepoint "Cleanup", Time since last: 1999997000 ns, Reaching safepoint: 133800 ns, At safepoint: 6400 ns, Total: 140200 ns
[2020-08-24T22:31:53.734+0000][18268][safepoint    ] Safepoint "Cleanup", Time since last: 1000178100 ns, Reaching safepoint: 144100 ns, At safepoint: 6800 ns, Total: 150900 ns
[2020-08-24T22:31:55.735+0000][18268][safepoint    ] Safepoint "Cleanup", Time since last: 2000431800 ns, Reaching safepoint: 118400 ns, At safepoint: 2000 ns, Total: 120400 ns
[2020-08-24T22:31:57.735+0000][18268][safepoint    ] Safepoint "Cleanup", Time since last: 2000337700 ns, Reaching safepoint: 119100 ns, At safepoint: 2000 ns, Total: 121100 ns
[2020-08-24T22:31:59.736+0000][18268][safepoint    ] Safepoint "Cleanup", Time since last: 2000423600 ns, Reaching safepoint: 119500 ns, At safepoint: 2100 ns, Total: 121600 ns
[2020-08-24T22:32:00.736+0000][18268][safepoint    ] Safepoint "Cleanup", Time since last: 1000129200 ns, Reaching safepoint: 105700 ns, At safepoint: 6900 ns, Total: 112600 ns
[2020-08-24T22:32:01.736+0000][18268][safepoint    ] Safepoint "Cleanup", Time since last: 1000141300 ns, Reaching safepoint: 135600 ns, At safepoint: 2700 ns, Total: 138300 ns
[2020-08-24T22:32:02.737+0000][18268][safepoint    ] Safepoint "Cleanup", Time since last: 1000344700 ns, Reaching safepoint: 159700 ns, At safepoint: 6400 ns, Total: 166100 ns
[2020-08-24T22:32:04.737+0000][18268][safepoint    ] Safepoint "Cleanup", Time since last: 2000313100 ns, Reaching safepoint: 127900 ns, At safepoint: 6600 ns, Total: 134500 ns
[2020-08-24T22:32:06.737+0000][18268][safepoint    ] Safepoint "Cleanup", Time since last: 1999909700 ns, Reaching safepoint: 117700 ns, At safepoint: 2000 ns, Total: 119700 ns
[2020-08-24T22:32:07.738+0000][18268][safepoint    ] Safepoint "Cleanup", Time since last: 1000380700 ns, Reaching safepoint: 124100 ns, At safepoint: 7200 ns, Total: 131300 ns
[2020-08-24T22:32:08.738+0000][18268][safepoint    ] Safepoint "Cleanup", Time since last: 1000362400 ns, Reaching safepoint: 132300 ns, At safepoint: 7600 ns, Total: 139900 ns
[2020-08-24T22:32:09.739+0000][18268][safepoint    ] Safepoint "Cleanup", Time since last: 1000350500 ns, Reaching safepoint: 138300 ns, At safepoint: 7200 ns, Total: 145500 ns
[2020-08-24T22:32:10.739+0000][18268][safepoint    ] Safepoint "Cleanup", Time since last: 1000070800 ns, Reaching safepoint: 148200 ns, At safepoint: 6600 ns, Total: 154800 ns
[2020-08-24T22:32:11.739+0000][18268][safepoint    ] Safepoint "Cleanup", Time since last: 1000052900 ns, Reaching safepoint: 123200 ns, At safepoint: 2100 ns, Total: 125300 ns
[2020-08-24T22:32:13.739+0000][18268][safepoint    ] Safepoint "Cleanup", Time since last: 1999958500 ns, Reaching safepoint: 122000 ns, At safepoint: 7000 ns, Total: 129000 ns
[2020-08-24T22:32:15.740+0000][18268][safepoint    ] Safepoint "Cleanup", Time since last: 2000364600 ns, Reaching safepoint: 123800 ns, At safepoint: 7400 ns, Total: 131200 ns
[2020-08-24T22:32:17.740+0000][18268][safepoint    ] Safepoint "Cleanup", Time since last: 2000371600 ns, Reaching safepoint: 120000 ns, At safepoint: 6400 ns, Total: 126400 ns
[2020-08-24T22:32:18.741+0000][18268][safepoint    ] Safepoint "Cleanup", Time since last: 1000072200 ns, Reaching safepoint: 115700 ns, At safepoint: 6600 ns, Total: 122300 ns
[2020-08-24T22:32:19.741+0000][18268][safepoint    ] Safepoint "Cleanup", Time since last: 1000180400 ns, Reaching safepoint: 124000 ns, At safepoint: 2100 ns, Total: 126100 ns
[2020-08-24T22:32:20.741+0000][18268][safepoint    ] Safepoint "Cleanup", Time since last: 1000178700 ns, Reaching safepoint: 126600 ns, At safepoint: 2000 ns, Total: 128600 ns
[2020-08-24T22:32:21.741+0000][18268][safepoint    ] Safepoint "Cleanup", Time since last: 1000070500 ns, Reaching safepoint: 111700 ns, At safepoint: 6500 ns, Total: 118200 ns
[2020-08-24T22:32:22.742+0000][18268][safepoint    ] Safepoint "Cleanup", Time since last: 1000378200 ns, Reaching safepoint: 114500 ns, At safepoint: 1900 ns, Total: 116400 ns
[2020-08-24T22:32:23.742+0000][18268][safepoint    ] Safepoint "Cleanup", Time since last: 1000389800 ns, Reaching safepoint: 115700 ns, At safepoint: 6300 ns, Total: 122000 ns
[2020-08-24T22:32:25.743+0000][18268][safepoint    ] Safepoint "Cleanup", Time since last: 2000368300 ns, Reaching safepoint: 119500 ns, At safepoint: 2300 ns, Total: 121800 ns
[2020-08-24T22:32:27.743+0000][18268][safepoint    ] Safepoint "Cleanup", Time since last: 1999881300 ns, Reaching safepoint: 105900 ns, At safepoint: 1900 ns, Total: 107800 ns
[2020-08-24T22:32:28.743+0000][18268][safepoint    ] Safepoint "Cleanup", Time since last: 1000397800 ns, Reaching safepoint: 165900 ns, At safepoint: 6000 ns, Total: 171900 ns
[2020-08-24T22:32:29.744+0000][18268][safepoint    ] Safepoint "Cleanup", Time since last: 1000286200 ns, Reaching safepoint: 116600 ns, At safepoint: 7300 ns, Total: 123900 ns
[2020-08-24T22:32:30.744+0000][18268][safepoint    ] Safepoint "Cleanup", Time since last: 1000173300 ns, Reaching safepoint: 124300 ns, At safepoint: 7200 ns, Total: 131500 ns
[2020-08-24T22:32:31.744+0000][18268][safepoint    ] Safepoint "Cleanup", Time since last: 1000119600 ns, Reaching safepoint: 123400 ns, At safepoint: 1900 ns, Total: 125300 ns
[2020-08-24T22:32:32.745+0000][18268][safepoint    ] Safepoint "Cleanup", Time since last: 1000162700 ns, Reaching safepoint: 117700 ns, At safepoint: 1900 ns, Total: 119600 ns
[2020-08-24T22:32:33.745+0000][18268][safepoint    ] Safepoint "Cleanup", Time since last: 1000194500 ns, Reaching safepoint: 122100 ns, At safepoint: 1900 ns, Total: 124000 ns
[2020-08-24T22:32:34.745+0000][18268][safepoint    ] Safepoint "Cleanup", Time since last: 1000170500 ns, Reaching safepoint: 168400 ns, At safepoint: 2300 ns, Total: 170700 ns
[2020-08-24T22:32:36.746+0000][18268][safepoint    ] Safepoint "Cleanup", Time since last: 2000423000 ns, Reaching safepoint: 118300 ns, At safepoint: 7100 ns, Total: 125400 ns
[2020-08-24T22:32:38.746+0000][18268][safepoint    ] Safepoint "Cleanup", Time since last: 1999871600 ns, Reaching safepoint: 122600 ns, At safepoint: 6900 ns, Total: 129500 ns
[2020-08-24T22:32:39.746+0000][18268][safepoint    ] Safepoint "Cleanup", Time since last: 1000372600 ns, Reaching safepoint: 126800 ns, At safepoint: 6900 ns, Total: 133700 ns
[2020-08-24T22:32:40.747+0000][18268][safepoint    ] Safepoint "Cleanup", Time since last: 1000360600 ns, Reaching safepoint: 124100 ns, At safepoint: 2400 ns, Total: 126500 ns
[2020-08-24T22:32:42.747+0000][18268][safepoint    ] Safepoint "Cleanup", Time since last: 2000273900 ns, Reaching safepoint: 115900 ns, At safepoint: 2100 ns, Total: 118000 ns
[2020-08-24T22:32:44.748+0000][18268][safepoint    ] Safepoint "Cleanup", Time since last: 2000442400 ns, Reaching safepoint: 115600 ns, At safepoint: 2200 ns, Total: 117800 ns
[2020-08-24T22:32:46.748+0000][18268][safepoint    ] Safepoint "Cleanup", Time since last: 2000396300 ns, Reaching safepoint: 107500 ns, At safepoint: 6600 ns, Total: 114100 ns
[2020-08-24T22:32:48.748+0000][18268][safepoint    ] Safepoint "Cleanup", Time since last: 1999924700 ns, Reaching safepoint: 119800 ns, At safepoint: 2000 ns, Total: 121800 ns
[2020-08-24T22:32:49.749+0000][18268][safepoint    ] Safepoint "Cleanup", Time since last: 1000372600 ns, Reaching safepoint: 98900 ns, At safepoint: 7100 ns, Total: 106000 ns
[2020-08-24T22:32:50.749+0000][18268][safepoint    ] Safepoint "Cleanup", Time since last: 1000388400 ns, Reaching safepoint: 115600 ns, At safepoint: 7300 ns, Total: 122900 ns
[2020-08-24T22:32:52.750+0000][18268][safepoint    ] Safepoint "Cleanup", Time since last: 2000376000 ns, Reaching safepoint: 144500 ns, At safepoint: 2400 ns, Total: 146900 ns
[2020-08-24T22:32:54.750+0000][18268][safepoint    ] Safepoint "Cleanup", Time since last: 2000353400 ns, Reaching safepoint: 131000 ns, At safepoint: 7100 ns, Total: 138100 ns
[2020-08-24T22:32:56.751+0000][18268][safepoint    ] Safepoint "Cleanup", Time since last: 2000364200 ns, Reaching safepoint: 156800 ns, At safepoint: 2300 ns, Total: 159100 ns
[2020-08-24T22:32:57.751+0000][18268][safepoint    ] Safepoint "Cleanup", Time since last: 1000035200 ns, Reaching safepoint: 127800 ns, At safepoint: 2400 ns, Total: 130200 ns
[2020-08-24T22:32:58.751+0000][18268][safepoint    ] Safepoint "Cleanup", Time since last: 1000177200 ns, Reaching safepoint: 105700 ns, At safepoint: 7700 ns, Total: 113400 ns
[2020-08-24T22:32:59.752+0000][18268][safepoint    ] Safepoint "Cleanup", Time since last: 1000383200 ns, Reaching safepoint: 121400 ns, At safepoint: 2000 ns, Total: 123400 ns
[2020-08-24T22:33:00.752+0000][18268][safepoint    ] Safepoint "Cleanup", Time since last: 1000012500 ns, Reaching safepoint: 135700 ns, At safepoint: 2700 ns, Total: 138400 ns
[2020-08-24T22:33:02.752+0000][18268][safepoint    ] Safepoint "Cleanup", Time since last: 2000224500 ns, Reaching safepoint: 119000 ns, At safepoint: 7100 ns, Total: 126100 ns
[2020-08-24T22:33:04.752+0000][18268][safepoint    ] Safepoint "Cleanup", Time since last: 1999888600 ns, Reaching safepoint: 119300 ns, At safepoint: 6400 ns, Total: 125700 ns
[2020-08-24T22:33:05.753+0000][18268][safepoint    ] Safepoint "Cleanup", Time since last: 1000153600 ns, Reaching safepoint: 109400 ns, At safepoint: 7200 ns, Total: 116600 ns
[2020-08-24T22:33:06.753+0000][18268][safepoint    ] Safepoint "Cleanup", Time since last: 1000123800 ns, Reaching safepoint: 120800 ns, At safepoint: 6800 ns, Total: 127600 ns
[2020-08-24T22:33:07.753+0000][18268][safepoint    ] Safepoint "Cleanup", Time since last: 1000313900 ns, Reaching safepoint: 113900 ns, At safepoint: 2100 ns, Total: 116000 ns
[2020-08-24T22:33:08.754+0000][18268][safepoint    ] Safepoint "Cleanup", Time since last: 1000189400 ns, Reaching safepoint: 111500 ns, At safepoint: 1900 ns, Total: 113400 ns
[2020-08-24T22:33:09.754+0000][18268][safepoint    ] Safepoint "Cleanup", Time since last: 1000120900 ns, Reaching safepoint: 110300 ns, At safepoint: 2000 ns, Total: 112300 ns
[2020-08-24T22:33:10.754+0000][18268][safepoint    ] Safepoint "Cleanup", Time since last: 1000379300 ns, Reaching safepoint: 124700 ns, At safepoint: 6500 ns, Total: 131200 ns
[2020-08-24T22:33:12.755+0000][18268][safepoint    ] Safepoint "Cleanup", Time since last: 2000372200 ns, Reaching safepoint: 130800 ns, At safepoint: 2200 ns, Total: 133000 ns
[2020-08-24T22:33:13.755+0000][18268][safepoint    ] Safepoint "Cleanup", Time since last: 1000335100 ns, Reaching safepoint: 135900 ns, At safepoint: 2000 ns, Total: 137900 ns
[2020-08-24T22:33:15.755+0000][18268][safepoint    ] Safepoint "Cleanup", Time since last: 1999893900 ns, Reaching safepoint: 142200 ns, At safepoint: 2000 ns, Total: 144200 ns
[2020-08-24T22:33:17.756+0000][18268][safepoint    ] Safepoint "Cleanup", Time since last: 2000368800 ns, Reaching safepoint: 113100 ns, At safepoint: 2200 ns, Total: 115300 ns
[2020-08-24T22:33:18.756+0000][18268][safepoint    ] Safepoint "Cleanup", Time since last: 1000337800 ns, Reaching safepoint: 159300 ns, At safepoint: 6500 ns, Total: 165800 ns
[2020-08-24T22:33:20.756+0000][18268][safepoint    ] Safepoint "Cleanup", Time since last: 1999862400 ns, Reaching safepoint: 131200 ns, At safepoint: 2000 ns, Total: 133200 ns
[2020-08-24T22:33:21.757+0000][18268][safepoint    ] Safepoint "Cleanup", Time since last: 1000341100 ns, Reaching safepoint: 114100 ns, At safepoint: 2000 ns, Total: 116100 ns
[2020-08-24T22:33:23.757+0000][18268][safepoint    ] Safepoint "Cleanup", Time since last: 1999910200 ns, Reaching safepoint: 121400 ns, At safepoint: 2000 ns, Total: 123400 ns
[2020-08-24T22:33:25.757+0000][18268][safepoint    ] Safepoint "Cleanup", Time since last: 2000250800 ns, Reaching safepoint: 131600 ns, At safepoint: 2300 ns, Total: 133900 ns
[2020-08-24T22:33:27.758+0000][18268][safepoint    ] Safepoint "Cleanup", Time since last: 2000244200 ns, Reaching safepoint: 127500 ns, At safepoint: 7000 ns, Total: 134500 ns
[2020-08-24T22:33:28.758+0000][18268][safepoint    ] Safepoint "Cleanup", Time since last: 1000110900 ns, Reaching safepoint: 119400 ns, At safepoint: 7100 ns, Total: 126500 ns
[2020-08-24T22:33:29.783+0000][18268][safepoint    ] Safepoint "Cleanup", Time since last: 1025242900 ns, Reaching safepoint: 131200 ns, At safepoint: 5900 ns, Total: 137100 ns
[2020-08-24T22:33:30.783+0000][18268][safepoint    ] Safepoint "Cleanup", Time since last: 1000020500 ns, Reaching safepoint: 160000 ns, At safepoint: 7200 ns, Total: 167200 ns
[2020-08-24T22:33:32.784+0000][18268][safepoint    ] Safepoint "Cleanup", Time since last: 2000319400 ns, Reaching safepoint: 117400 ns, At safepoint: 7600 ns, Total: 125000 ns
[2020-08-24T22:33:33.784+0000][18268][safepoint    ] Safepoint "Cleanup", Time since last: 1000368300 ns, Reaching safepoint: 127100 ns, At safepoint: 6800 ns, Total: 133900 ns
[2020-08-24T22:33:35.785+0000][18268][safepoint    ] Safepoint "Cleanup", Time since last: 2000377500 ns, Reaching safepoint: 128900 ns, At safepoint: 6500 ns, Total: 135400 ns
[2020-08-24T22:33:36.785+0000][18268][safepoint    ] Safepoint "Cleanup", Time since last: 1000264600 ns, Reaching safepoint: 123400 ns, At safepoint: 2200 ns, Total: 125600 ns
[2020-08-24T22:33:38.785+0000][18268][safepoint    ] Safepoint "Cleanup", Time since last: 1999991200 ns, Reaching safepoint: 131000 ns, At safepoint: 7000 ns, Total: 138000 ns
[2020-08-24T22:33:40.786+0000][18268][safepoint    ] Safepoint "Cleanup", Time since last: 2000316400 ns, Reaching safepoint: 118000 ns, At safepoint: 6400 ns, Total: 124400 ns
[2020-08-24T22:33:41.786+0000][18268][safepoint    ] Safepoint "Cleanup", Time since last: 1000373400 ns, Reaching safepoint: 126000 ns, At safepoint: 2000 ns, Total: 128000 ns
[2020-08-24T22:33:43.787+0000][18268][safepoint    ] Safepoint "Cleanup", Time since last: 2000384900 ns, Reaching safepoint: 113600 ns, At safepoint: 2200 ns, Total: 115800 ns
[2020-08-24T22:33:45.787+0000][18268][safepoint    ] Safepoint "Cleanup", Time since last: 1999906200 ns, Reaching safepoint: 107400 ns, At safepoint: 2300 ns, Total: 109700 ns
[2020-08-24T22:33:46.787+0000][18268][safepoint    ] Safepoint "Cleanup", Time since last: 1000025600 ns, Reaching safepoint: 123300 ns, At safepoint: 2300 ns, Total: 125600 ns
[2020-08-24T22:33:47.787+0000][18268][safepoint    ] Safepoint "Cleanup", Time since last: 1000220300 ns, Reaching safepoint: 109700 ns, At safepoint: 6900 ns, Total: 116600 ns
[2020-08-24T22:33:49.788+0000][18268][safepoint    ] Safepoint "Cleanup", Time since last: 2000378800 ns, Reaching safepoint: 126400 ns, At safepoint: 2100 ns, Total: 128500 ns
[2020-08-24T22:33:51.788+0000][18268][safepoint    ] Safepoint "Cleanup", Time since last: 2000145100 ns, Reaching safepoint: 106800 ns, At safepoint: 7000 ns, Total: 113800 ns
[2020-08-24T22:33:52.788+0000][18268][safepoint    ] Safepoint "Cleanup", Time since last: 1000111900 ns, Reaching safepoint: 121700 ns, At safepoint: 2300 ns, Total: 124000 ns
[2020-08-24T22:33:54.789+0000][18268][safepoint    ] Safepoint "Cleanup", Time since last: 2000380400 ns, Reaching safepoint: 140200 ns, At safepoint: 7000 ns, Total: 147200 ns
[2020-08-24T22:33:55.789+0000][18268][safepoint    ] Safepoint "Cleanup", Time since last: 1000348600 ns, Reaching safepoint: 117900 ns, At safepoint: 7200 ns, Total: 125100 ns
[2020-08-24T22:33:56.790+0000][18268][safepoint    ] Safepoint "Cleanup", Time since last: 1000376100 ns, Reaching safepoint: 123700 ns, At safepoint: 2100 ns, Total: 125800 ns
[2020-08-24T22:33:58.790+0000][18268][safepoint    ] Safepoint "Cleanup", Time since last: 1999897200 ns, Reaching safepoint: 124800 ns, At safepoint: 6700 ns, Total: 131500 ns
[2020-08-24T22:33:59.790+0000][18268][safepoint    ] Safepoint "Cleanup", Time since last: 1000353700 ns, Reaching safepoint: 142200 ns, At safepoint: 2200 ns, Total: 144400 ns
[2020-08-24T22:34:00.790+0000][18268][safepoint    ] Safepoint "Cleanup", Time since last: 1000021400 ns, Reaching safepoint: 118400 ns, At safepoint: 7400 ns, Total: 125800 ns
[2020-08-24T22:34:01.791+0000][18268][safepoint    ] Safepoint "Cleanup", Time since last: 1000223400 ns, Reaching safepoint: 109900 ns, At safepoint: 2000 ns, Total: 111900 ns
[2020-08-24T22:34:02.791+0000][18268][safepoint    ] Safepoint "Cleanup", Time since last: 1000383000 ns, Reaching safepoint: 133100 ns, At safepoint: 7100 ns, Total: 140200 ns
[2020-08-24T22:34:03.792+0000][18268][safepoint    ] Safepoint "Cleanup", Time since last: 1000340000 ns, Reaching safepoint: 112800 ns, At safepoint: 1900 ns, Total: 114700 ns
[2020-08-24T22:34:05.726+0000][18268][safepoint    ] Safepoint "Cleanup", Time since last: 1934335000 ns, Reaching safepoint: 109800 ns, At safepoint: 9700 ns, Total: 119500 ns
[2020-08-24T22:34:06.727+0000][18268][safepoint    ] Safepoint "Cleanup", Time since last: 1000431200 ns, Reaching safepoint: 122900 ns, At safepoint: 2300 ns, Total: 125200 ns
[2020-08-24T22:34:08.727+0000][18268][safepoint    ] Safepoint "Cleanup", Time since last: 2000360600 ns, Reaching safepoint: 115800 ns, At safepoint: 2000 ns, Total: 117800 ns
[2020-08-24T22:34:09.728+0000][18268][safepoint    ] Safepoint "Cleanup", Time since last: 1000251900 ns, Reaching safepoint: 124900 ns, At safepoint: 2400 ns, Total: 127300 ns
[2020-08-24T22:34:10.728+0000][18268][safepoint    ] Safepoint "Cleanup", Time since last: 1000020500 ns, Reaching safepoint: 106200 ns, At safepoint: 6300 ns, Total: 112500 ns
[2020-08-24T22:34:11.728+0000][18268][safepoint    ] Safepoint "Cleanup", Time since last: 1000008900 ns, Reaching safepoint: 120700 ns, At safepoint: 6500 ns, Total: 127200 ns
[2020-08-24T22:34:12.728+0000][18268][safepoint    ] Safepoint "Cleanup", Time since last: 1000247300 ns, Reaching safepoint: 124500 ns, At safepoint: 6400 ns, Total: 130900 ns
[2020-08-24T22:34:14.729+0000][18268][safepoint    ] Safepoint "Cleanup", Time since last: 2000369500 ns, Reaching safepoint: 117700 ns, At safepoint: 1900 ns, Total: 119600 ns
[2020-08-24T22:34:16.729+0000][18268][safepoint    ] Safepoint "Cleanup", Time since last: 2000383900 ns, Reaching safepoint: 162200 ns, At safepoint: 7400 ns, Total: 169600 ns
[2020-08-24T22:34:18.729+0000][18268][safepoint    ] Safepoint "Cleanup", Time since last: 1999918400 ns, Reaching safepoint: 124300 ns, At safepoint: 8400 ns, Total: 132700 ns
[2020-08-24T22:34:19.730+0000][18268][safepoint    ] Safepoint "Cleanup", Time since last: 1000169400 ns, Reaching safepoint: 150100 ns, At safepoint: 6200 ns, Total: 156300 ns
[2020-08-24T22:34:21.730+0000][18268][safepoint    ] Safepoint "Cleanup", Time since last: 1999965500 ns, Reaching safepoint: 130600 ns, At safepoint: 7100 ns, Total: 137700 ns
[2020-08-24T22:34:23.730+0000][18268][safepoint    ] Safepoint "Cleanup", Time since last: 2000378900 ns, Reaching safepoint: 120500 ns, At safepoint: 2100 ns, Total: 122600 ns
[2020-08-24T22:34:24.731+0000][18268][safepoint    ] Safepoint "Cleanup", Time since last: 1000351100 ns, Reaching safepoint: 116600 ns, At safepoint: 2100 ns, Total: 118700 ns
[2020-08-24T22:34:25.731+0000][18268][safepoint    ] Safepoint "Cleanup", Time since last: 1000291800 ns, Reaching safepoint: 117400 ns, At safepoint: 2100 ns, Total: 119500 ns
[2020-08-24T22:34:26.731+0000][18268][safepoint    ] Safepoint "Cleanup", Time since last: 1000017300 ns, Reaching safepoint: 113300 ns, At safepoint: 7000 ns, Total: 120300 ns
[2020-08-24T22:34:27.732+0000][18268][safepoint    ] Safepoint "Cleanup", Time since last: 1000332000 ns, Reaching safepoint: 114400 ns, At safepoint: 6900 ns, Total: 121300 ns
[2020-08-24T22:34:28.732+0000][18268][safepoint    ] Safepoint "Cleanup", Time since last: 1000176800 ns, Reaching safepoint: 135700 ns, At safepoint: 6900 ns, Total: 142600 ns
[2020-08-24T22:34:30.732+0000][18268][safepoint    ] Safepoint "Cleanup", Time since last: 2000063700 ns, Reaching safepoint: 116300 ns, At safepoint: 7500 ns, Total: 123800 ns
[2020-08-24T22:34:32.733+0000][18268][safepoint    ] Safepoint "Cleanup", Time since last: 2000366100 ns, Reaching safepoint: 121300 ns, At safepoint: 2300 ns, Total: 123600 ns
[2020-08-24T22:34:33.733+0000][18268][safepoint    ] Safepoint "Cleanup", Time since last: 1000379700 ns, Reaching safepoint: 121200 ns, At safepoint: 6900 ns, Total: 128100 ns
[2020-08-24T22:34:35.734+0000][18268][safepoint    ] Safepoint "Cleanup", Time since last: 2000081500 ns, Reaching safepoint: 120900 ns, At safepoint: 5700 ns, Total: 126600 ns
[2020-08-24T22:34:36.734+0000][18268][safepoint    ] Safepoint "Cleanup", Time since last: 1000178300 ns, Reaching safepoint: 128600 ns, At safepoint: 2100 ns, Total: 130700 ns
[2020-08-24T22:34:37.734+0000][18268][safepoint    ] Safepoint "Cleanup", Time since last: 1000171300 ns, Reaching safepoint: 124700 ns, At safepoint: 6900 ns, Total: 131600 ns
[2020-08-24T22:34:38.734+0000][18268][safepoint    ] Safepoint "Cleanup", Time since last: 1000173300 ns, Reaching safepoint: 121400 ns, At safepoint: 2800 ns, Total: 124200 ns
[2020-08-24T22:34:39.735+0000][18268][safepoint    ] Safepoint "Cleanup", Time since last: 1000251900 ns, Reaching safepoint: 105800 ns, At safepoint: 1900 ns, Total: 107700 ns
[2020-08-24T22:34:41.735+0000][18268][safepoint    ] Safepoint "Cleanup", Time since last: 1999916400 ns, Reaching safepoint: 114900 ns, At safepoint: 2300 ns, Total: 117200 ns
[2020-08-24T22:34:42.735+0000][18268][safepoint    ] Safepoint "Cleanup", Time since last: 1000044700 ns, Reaching safepoint: 126200 ns, At safepoint: 6700 ns, Total: 132900 ns
[2020-08-24T22:34:43.735+0000][18268][safepoint    ] Safepoint "Cleanup", Time since last: 1000173500 ns, Reaching safepoint: 140600 ns, At safepoint: 7000 ns, Total: 147600 ns
[2020-08-24T22:34:45.735+0000][18268][safepoint    ] Safepoint "Cleanup", Time since last: 1999887500 ns, Reaching safepoint: 132300 ns, At safepoint: 2000 ns, Total: 134300 ns
[2020-08-24T22:34:47.736+0000][18268][safepoint    ] Safepoint "Cleanup", Time since last: 2000219700 ns, Reaching safepoint: 104900 ns, At safepoint: 2000 ns, Total: 106900 ns
[2020-08-24T22:34:48.736+0000][18268][safepoint    ] Safepoint "Cleanup", Time since last: 1000194700 ns, Reaching safepoint: 110500 ns, At safepoint: 1900 ns, Total: 112400 ns
[2020-08-24T22:34:49.736+0000][18268][safepoint    ] Safepoint "Cleanup", Time since last: 1000203900 ns, Reaching safepoint: 128800 ns, At safepoint: 6900 ns, Total: 135700 ns
[2020-08-24T22:34:50.737+0000][18268][safepoint    ] Safepoint "Cleanup", Time since last: 1000170500 ns, Reaching safepoint: 116900 ns, At safepoint: 2400 ns, Total: 119300 ns
[2020-08-24T22:34:51.737+0000][18268][safepoint    ] Safepoint "Cleanup", Time since last: 1000204800 ns, Reaching safepoint: 113300 ns, At safepoint: 7000 ns, Total: 120300 ns
[2020-08-24T22:34:52.737+0000][18268][safepoint    ] Safepoint "Cleanup", Time since last: 1000256800 ns, Reaching safepoint: 119300 ns, At safepoint: 6800 ns, Total: 126100 ns
[2020-08-24T22:34:53.738+0000][18268][safepoint    ] Safepoint "Cleanup", Time since last: 1000374900 ns, Reaching safepoint: 98500 ns, At safepoint: 2400 ns, Total: 100900 ns
[2020-08-24T22:34:55.738+0000][18268][safepoint    ] Safepoint "Cleanup", Time since last: 2000377500 ns, Reaching safepoint: 151800 ns, At safepoint: 7100 ns, Total: 158900 ns
[2020-08-24T22:34:57.739+0000][18268][safepoint    ] Safepoint "Cleanup", Time since last: 2000299600 ns, Reaching safepoint: 119500 ns, At safepoint: 1900 ns, Total: 121400 ns
[2020-08-24T22:34:59.739+0000][18268][safepoint    ] Safepoint "Cleanup", Time since last: 2000031800 ns, Reaching safepoint: 109700 ns, At safepoint: 2000 ns, Total: 111700 ns
[2020-08-24T22:35:00.739+0000][18268][safepoint    ] Safepoint "Cleanup", Time since last: 1000210000 ns, Reaching safepoint: 126400 ns, At safepoint: 7200 ns, Total: 133600 ns
[2020-08-24T22:35:02.740+0000][18268][safepoint    ] Safepoint "Cleanup", Time since last: 2000190500 ns, Reaching safepoint: 128500 ns, At safepoint: 6500 ns, Total: 135000 ns
[2020-08-24T22:35:03.740+0000][18268][safepoint    ] Safepoint "Cleanup", Time since last: 1000169200 ns, Reaching safepoint: 126700 ns, At safepoint: 2100 ns, Total: 128800 ns
[2020-08-24T22:35:04.740+0000][18268][safepoint    ] Safepoint "Cleanup", Time since last: 1000178000 ns, Reaching safepoint: 113200 ns, At safepoint: 2000 ns, Total: 115200 ns
[2020-08-24T22:35:05.740+0000][18268][safepoint    ] Safepoint "Cleanup", Time since last: 1000043700 ns, Reaching safepoint: 105900 ns, At safepoint: 1900 ns, Total: 107800 ns
[2020-08-24T22:35:06.741+0000][18268][safepoint    ] Safepoint "Cleanup", Time since last: 1000383200 ns, Reaching safepoint: 112300 ns, At safepoint: 2600 ns, Total: 114900 ns
[2020-08-24T22:35:08.741+0000][18268][safepoint    ] Safepoint "Cleanup", Time since last: 2000260400 ns, Reaching safepoint: 132400 ns, At safepoint: 2200 ns, Total: 134600 ns
[2020-08-24T22:35:09.742+0000][18268][safepoint    ] Safepoint "Cleanup", Time since last: 1000169100 ns, Reaching safepoint: 165600 ns, At safepoint: 6400 ns, Total: 172000 ns
[2020-08-24T22:35:10.742+0000][18268][safepoint    ] Safepoint "Cleanup", Time since last: 1000131500 ns, Reaching safepoint: 152700 ns, At safepoint: 6500 ns, Total: 159200 ns
[2020-08-24T22:35:11.742+0000][18268][safepoint    ] Safepoint "Cleanup", Time since last: 1000145600 ns, Reaching safepoint: 136800 ns, At safepoint: 2200 ns, Total: 139000 ns
[2020-08-24T22:35:12.742+0000][18268][safepoint    ] Safepoint "Cleanup", Time since last: 1000164700 ns, Reaching safepoint: 112900 ns, At safepoint: 2000 ns, Total: 114900 ns
[2020-08-24T22:35:13.743+0000][18268][safepoint    ] Safepoint "Cleanup", Time since last: 1000076800 ns, Reaching safepoint: 113400 ns, At safepoint: 2000 ns, Total: 115400 ns
[2020-08-24T22:35:14.743+0000][18268][safepoint    ] Safepoint "Cleanup", Time since last: 1000101700 ns, Reaching safepoint: 114700 ns, At safepoint: 6400 ns, Total: 121100 ns
[2020-08-24T22:35:15.743+0000][18268][safepoint    ] Safepoint "Cleanup", Time since last: 1000236200 ns, Reaching safepoint: 106600 ns, At safepoint: 2000 ns, Total: 108600 ns
[2020-08-24T22:35:17.743+0000][18268][safepoint    ] Safepoint "Cleanup", Time since last: 2000093000 ns, Reaching safepoint: 120300 ns, At safepoint: 5600 ns, Total: 125900 ns
[2020-08-24T22:35:18.744+0000][18268][safepoint    ] Safepoint "Cleanup", Time since last: 1000312500 ns, Reaching safepoint: 116800 ns, At safepoint: 2000 ns, Total: 118800 ns
[2020-08-24T22:35:19.972+0000][18268][safepoint    ] Safepoint "Cleanup", Time since last: 1228378400 ns, Reaching safepoint: 129100 ns, At safepoint: 6900 ns, Total: 136000 ns
[2020-08-24T22:35:21.973+0000][18268][safepoint    ] Safepoint "Cleanup", Time since last: 2000371500 ns, Reaching safepoint: 115900 ns, At safepoint: 8200 ns, Total: 124100 ns
[2020-08-24T22:35:23.973+0000][18268][safepoint    ] Safepoint "Cleanup", Time since last: 2000352800 ns, Reaching safepoint: 119100 ns, At safepoint: 9600 ns, Total: 128700 ns
[2020-08-24T22:35:24.974+0000][18268][safepoint    ] Safepoint "Cleanup", Time since last: 1000184100 ns, Reaching safepoint: 111200 ns, At safepoint: 2000 ns, Total: 113200 ns
[2020-08-24T22:35:25.974+0000][18268][safepoint    ] Safepoint "Cleanup", Time since last: 1000080900 ns, Reaching safepoint: 117300 ns, At safepoint: 2100 ns, Total: 119400 ns
[2020-08-24T22:35:27.974+0000][18268][safepoint    ] Safepoint "Cleanup", Time since last: 1999903900 ns, Reaching safepoint: 125700 ns, At safepoint: 7500 ns, Total: 133200 ns
[2020-08-24T22:35:28.974+0000][18268][safepoint    ] Safepoint "Cleanup", Time since last: 1000034900 ns, Reaching safepoint: 113700 ns, At safepoint: 7100 ns, Total: 120800 ns
[2020-08-24T22:35:29.974+0000][18268][safepoint    ] Safepoint "Cleanup", Time since last: 1000181200 ns, Reaching safepoint: 113600 ns, At safepoint: 2400 ns, Total: 116000 ns
[2020-08-24T22:35:30.975+0000][18268][safepoint    ] Safepoint "Cleanup", Time since last: 1000191800 ns, Reaching safepoint: 114800 ns, At safepoint: 6600 ns, Total: 121400 ns
[2020-08-24T22:35:31.975+0000][18268][safepoint    ] Safepoint "Cleanup", Time since last: 1000076300 ns, Reaching safepoint: 152300 ns, At safepoint: 2000 ns, Total: 154300 ns
[2020-08-24T22:35:32.975+0000][18268][safepoint    ] Safepoint "Cleanup", Time since last: 1000025800 ns, Reaching safepoint: 113200 ns, At safepoint: 6600 ns, Total: 119800 ns
[2020-08-24T22:35:33.975+0000][18268][safepoint    ] Safepoint "Cleanup", Time since last: 1000199100 ns, Reaching safepoint: 107800 ns, At safepoint: 2300 ns, Total: 110100 ns
[2020-08-24T22:35:35.976+0000][18268][safepoint    ] Safepoint "Cleanup", Time since last: 2000407700 ns, Reaching safepoint: 111000 ns, At safepoint: 2300 ns, Total: 113300 ns
[2020-08-24T22:35:36.976+0000][18268][safepoint    ] Safepoint "Cleanup", Time since last: 1000303100 ns, Reaching safepoint: 120800 ns, At safepoint: 2200 ns, Total: 123000 ns
[2020-08-24T22:35:38.977+0000][18268][safepoint    ] Safepoint "Cleanup", Time since last: 2000459400 ns, Reaching safepoint: 121200 ns, At safepoint: 7200 ns, Total: 128400 ns
[2020-08-24T22:35:39.977+0000][18268][safepoint    ] Safepoint "Cleanup", Time since last: 1000371700 ns, Reaching safepoint: 102100 ns, At safepoint: 6800 ns, Total: 108900 ns
[2020-08-24T22:35:41.978+0000][18268][safepoint    ] Safepoint "Cleanup", Time since last: 2000390800 ns, Reaching safepoint: 121800 ns, At safepoint: 6400 ns, Total: 128200 ns
[2020-08-24T22:35:42.978+0000][18268][safepoint    ] Safepoint "Cleanup", Time since last: 1000359600 ns, Reaching safepoint: 121400 ns, At safepoint: 6900 ns, Total: 128300 ns
[2020-08-24T22:35:43.979+0000][18268][safepoint    ] Safepoint "Cleanup", Time since last: 1000178900 ns, Reaching safepoint: 120900 ns, At safepoint: 6900 ns, Total: 127800 ns
[2020-08-24T22:35:44.979+0000][18268][safepoint    ] Safepoint "Cleanup", Time since last: 1000076400 ns, Reaching safepoint: 116300 ns, At safepoint: 2000 ns, Total: 118300 ns
[2020-08-24T22:35:45.979+0000][18268][safepoint    ] Safepoint "Cleanup", Time since last: 1000238600 ns, Reaching safepoint: 114200 ns, At safepoint: 1900 ns, Total: 116100 ns
[2020-08-24T22:35:47.979+0000][18268][safepoint    ] Safepoint "Cleanup", Time since last: 2000027400 ns, Reaching safepoint: 104200 ns, At safepoint: 2200 ns, Total: 106400 ns
[2020-08-24T22:35:49.979+0000][18268][safepoint    ] Safepoint "Cleanup", Time since last: 2000041300 ns, Reaching safepoint: 127700 ns, At safepoint: 7100 ns, Total: 134800 ns
[2020-08-24T22:35:50.980+0000][18268][safepoint    ] Safepoint "Cleanup", Time since last: 1000217400 ns, Reaching safepoint: 120500 ns, At safepoint: 2000 ns, Total: 122500 ns
[2020-08-24T22:35:51.980+0000][18268][safepoint    ] Safepoint "Cleanup", Time since last: 1000373800 ns, Reaching safepoint: 117500 ns, At safepoint: 6600 ns, Total: 124100 ns
[2020-08-24T22:35:53.981+0000][18268][safepoint    ] Safepoint "Cleanup", Time since last: 2000384700 ns, Reaching safepoint: 121100 ns, At safepoint: 7400 ns, Total: 128500 ns
[2020-08-24T22:35:54.981+0000][18268][safepoint    ] Safepoint "Cleanup", Time since last: 1000127800 ns, Reaching safepoint: 131900 ns, At safepoint: 8200 ns, Total: 140100 ns
[2020-08-24T22:35:55.981+0000][18268][safepoint    ] Safepoint "Cleanup", Time since last: 1000165500 ns, Reaching safepoint: 150600 ns, At safepoint: 7000 ns, Total: 157600 ns
[2020-08-24T22:35:56.982+0000][18268][safepoint    ] Safepoint "Cleanup", Time since last: 1000258500 ns, Reaching safepoint: 128000 ns, At safepoint: 2000 ns, Total: 130000 ns
[2020-08-24T22:35:58.982+0000][18268][safepoint    ] Safepoint "Cleanup", Time since last: 1999915800 ns, Reaching safepoint: 119400 ns, At safepoint: 7400 ns, Total: 126800 ns
[2020-08-24T22:35:59.982+0000][18268][safepoint    ] Safepoint "Cleanup", Time since last: 1000340500 ns, Reaching safepoint: 128200 ns, At safepoint: 7000 ns, Total: 135200 ns
[2020-08-24T22:36:01.982+0000][18268][safepoint    ] Safepoint "Cleanup", Time since last: 1999878800 ns, Reaching safepoint: 124600 ns, At safepoint: 6800 ns, Total: 131400 ns
[2020-08-24T22:36:02.983+0000][18268][safepoint    ] Safepoint "Cleanup", Time since last: 1000356800 ns, Reaching safepoint: 125600 ns, At safepoint: 7200 ns, Total: 132800 ns
[2020-08-24T22:36:03.983+0000][18268][safepoint    ] Safepoint "Cleanup", Time since last: 1000364800 ns, Reaching safepoint: 113900 ns, At safepoint: 6700 ns, Total: 120600 ns
[2020-08-24T22:36:04.984+0000][18268][safepoint    ] Safepoint "Cleanup", Time since last: 1000295300 ns, Reaching safepoint: 134200 ns, At safepoint: 7000 ns, Total: 141200 ns
[2020-08-24T22:36:06.984+0000][18268][safepoint    ] Safepoint "Cleanup", Time since last: 1999940600 ns, Reaching safepoint: 175400 ns, At safepoint: 6500 ns, Total: 181900 ns
[2020-08-24T22:36:08.984+0000][18268][safepoint    ] Safepoint "Cleanup", Time since last: 2000224300 ns, Reaching safepoint: 123100 ns, At safepoint: 7000 ns, Total: 130100 ns
[2020-08-24T22:36:09.985+0000][18268][safepoint    ] Safepoint "Cleanup", Time since last: 1000275300 ns, Reaching safepoint: 116700 ns, At safepoint: 2100 ns, Total: 118800 ns
[2020-08-24T22:36:10.985+0000][18268][safepoint    ] Safepoint "Cleanup", Time since last: 1000077300 ns, Reaching safepoint: 117600 ns, At safepoint: 2000 ns, Total: 119600 ns
[2020-08-24T22:36:11.985+0000][18268][safepoint    ] Safepoint "Cleanup", Time since last: 1000383100 ns, Reaching safepoint: 121000 ns, At safepoint: 7000 ns, Total: 128000 ns
[2020-08-24T22:36:12.985+0000][18268][safepoint    ] Safepoint "Cleanup", Time since last: 1000002700 ns, Reaching safepoint: 107300 ns, At safepoint: 2000 ns, Total: 109300 ns
[2020-08-24T22:36:13.986+0000][18268][safepoint    ] Safepoint "Cleanup", Time since last: 1000073500 ns, Reaching safepoint: 164000 ns, At safepoint: 6900 ns, Total: 170900 ns
[2020-08-24T22:36:14.986+0000][18268][safepoint    ] Safepoint "Cleanup", Time since last: 1000011500 ns, Reaching safepoint: 110500 ns, At safepoint: 2100 ns, Total: 112600 ns
[2020-08-24T22:36:16.986+0000][18268][safepoint    ] Safepoint "Cleanup", Time since last: 2000391300 ns, Reaching safepoint: 126600 ns, At safepoint: 7900 ns, Total: 134500 ns
[2020-08-24T22:36:18.871+0000][18268][safepoint    ] Safepoint "Cleanup", Time since last: 1884882400 ns, Reaching safepoint: 163800 ns, At safepoint: 2100 ns, Total: 165900 ns
[2020-08-24T22:36:19.948+0000][18268][safepoint    ] Safepoint "Cleanup", Time since last: 1076281500 ns, Reaching safepoint: 149400 ns, At safepoint: 12100 ns, Total: 161500 ns
[2020-08-24T22:36:20.948+0000][18268][safepoint    ] Safepoint "Cleanup", Time since last: 1000418000 ns, Reaching safepoint: 128000 ns, At safepoint: 2100 ns, Total: 130100 ns
[2020-08-24T22:36:21.949+0000][18268][safepoint    ] Safepoint "Cleanup", Time since last: 1000313600 ns, Reaching safepoint: 121500 ns, At safepoint: 2000 ns, Total: 123500 ns
[2020-08-24T22:36:23.949+0000][18268][safepoint    ] Safepoint "Cleanup", Time since last: 2000395500 ns, Reaching safepoint: 120700 ns, At safepoint: 7400 ns, Total: 128100 ns
[2020-08-24T22:36:24.950+0000][18268][safepoint    ] Safepoint "Cleanup", Time since last: 1000361900 ns, Reaching safepoint: 121600 ns, At safepoint: 2000 ns, Total: 123600 ns
[2020-08-24T22:36:26.950+0000][18268][safepoint    ] Safepoint "Cleanup", Time since last: 2000374000 ns, Reaching safepoint: 135000 ns, At safepoint: 7000 ns, Total: 142000 ns
[2020-08-24T22:36:28.950+0000][18268][safepoint    ] Safepoint "Cleanup", Time since last: 2000028200 ns, Reaching safepoint: 125900 ns, At safepoint: 2000 ns, Total: 127900 ns
[2020-08-24T22:36:29.951+0000][18268][safepoint    ] Safepoint "Cleanup", Time since last: 1000171000 ns, Reaching safepoint: 123000 ns, At safepoint: 7700 ns, Total: 130700 ns
[2020-08-24T22:36:31.951+0000][18268][safepoint    ] Safepoint "Cleanup", Time since last: 2000392800 ns, Reaching safepoint: 119800 ns, At safepoint: 7400 ns, Total: 127200 ns
[2020-08-24T22:36:33.952+0000][18268][safepoint    ] Safepoint "Cleanup", Time since last: 2000384300 ns, Reaching safepoint: 139900 ns, At safepoint: 7200 ns, Total: 147100 ns
[2020-08-24T22:36:34.977+0000][18268][safepoint    ] Safepoint "Cleanup", Time since last: 1025518300 ns, Reaching safepoint: 116500 ns, At safepoint: 5300 ns, Total: 121800 ns
[2020-08-24T22:36:35.980+0000][18268][safepoint    ] Safepoint "Cleanup", Time since last: 1002331400 ns, Reaching safepoint: 125100 ns, At safepoint: 2500 ns, Total: 127600 ns
[2020-08-24T22:36:36.980+0000][18268][safepoint    ] Safepoint "Cleanup", Time since last: 1000341700 ns, Reaching safepoint: 124400 ns, At safepoint: 7900 ns, Total: 132300 ns
[2020-08-24T22:36:37.981+0000][18268][safepoint    ] Safepoint "Cleanup", Time since last: 1000283200 ns, Reaching safepoint: 130500 ns, At safepoint: 7600 ns, Total: 138100 ns
[2020-08-24T22:36:39.981+0000][18268][safepoint    ] Safepoint "Cleanup", Time since last: 2000351100 ns, Reaching safepoint: 127100 ns, At safepoint: 6800 ns, Total: 133900 ns
[2020-08-24T22:36:40.982+0000][18268][safepoint    ] Safepoint "Cleanup", Time since last: 1000363400 ns, Reaching safepoint: 136800 ns, At safepoint: 6800 ns, Total: 143600 ns
[2020-08-24T22:36:42.982+0000][18268][safepoint    ] Safepoint "Cleanup", Time since last: 2000364400 ns, Reaching safepoint: 111500 ns, At safepoint: 6400 ns, Total: 117900 ns
[2020-08-24T22:36:44.983+0000][18268][safepoint    ] Safepoint "Cleanup", Time since last: 2000236500 ns, Reaching safepoint: 119700 ns, At safepoint: 6800 ns, Total: 126500 ns
[2020-08-24T22:36:45.930+0000][18268][safepoint    ] Safepoint "BulkRevokeBias", Time since last: 947312700 ns, Reaching safepoint: 111500 ns, At safepoint: 586600 ns, Total: 698100 ns
[2020-08-24T22:36:46.932+0000][18268][safepoint    ] Safepoint "Cleanup", Time since last: 1001003200 ns, Reaching safepoint: 140400 ns, At safepoint: 2100 ns, Total: 142500 ns
[2020-08-24T22:36:48.932+0000][18268][safepoint    ] Safepoint "Cleanup", Time since last: 2000098700 ns, Reaching safepoint: 107000 ns, At safepoint: 2000 ns, Total: 109000 ns
[2020-08-24T22:36:49.932+0000][18268][safepoint    ] Safepoint "Cleanup", Time since last: 1000195100 ns, Reaching safepoint: 130900 ns, At safepoint: 7500 ns, Total: 138400 ns
[2020-08-24T22:36:50.933+0000][18268][safepoint    ] Safepoint "Cleanup", Time since last: 1000318300 ns, Reaching safepoint: 113600 ns, At safepoint: 7500 ns, Total: 121100 ns
[2020-08-24T22:36:52.933+0000][18268][safepoint    ] Safepoint "Cleanup", Time since last: 1999922900 ns, Reaching safepoint: 100100 ns, At safepoint: 7700 ns, Total: 107800 ns
[2020-08-24T22:36:54.933+0000][18268][safepoint    ] Safepoint "Cleanup", Time since last: 2000354900 ns, Reaching safepoint: 116800 ns, At safepoint: 2400 ns, Total: 119200 ns
[2020-08-24T22:36:55.934+0000][18268][safepoint    ] Safepoint "Cleanup", Time since last: 1000378900 ns, Reaching safepoint: 128100 ns, At safepoint: 7000 ns, Total: 135100 ns
[2020-08-24T22:36:57.526+0000][18268][safepoint    ] Safepoint "Cleanup", Time since last: 1592216400 ns, Reaching safepoint: 133900 ns, At safepoint: 5500 ns, Total: 139400 ns
[2020-08-24T22:36:58.529+0000][18268][safepoint    ] Safepoint "Cleanup", Time since last: 1002387600 ns, Reaching safepoint: 129100 ns, At safepoint: 7200 ns, Total: 136300 ns
[2020-08-24T22:36:59.529+0000][18268][safepoint    ] Safepoint "Cleanup", Time since last: 1000079100 ns, Reaching safepoint: 128900 ns, At safepoint: 7200 ns, Total: 136100 ns
[2020-08-24T22:37:00.529+0000][18268][safepoint    ] Safepoint "Cleanup", Time since last: 1000251600 ns, Reaching safepoint: 120200 ns, At safepoint: 2300 ns, Total: 122500 ns
[2020-08-24T22:37:02.530+0000][18268][safepoint    ] Safepoint "Cleanup", Time since last: 2000415500 ns, Reaching safepoint: 119300 ns, At safepoint: 2200 ns, Total: 121500 ns
[2020-08-24T22:37:03.530+0000][18268][safepoint    ] Safepoint "Cleanup", Time since last: 1000359400 ns, Reaching safepoint: 117700 ns, At safepoint: 7600 ns, Total: 125300 ns
[2020-08-24T22:37:04.531+0000][18268][safepoint    ] Safepoint "Cleanup", Time since last: 1000373100 ns, Reaching safepoint: 121900 ns, At safepoint: 1900 ns, Total: 123800 ns
[2020-08-24T22:37:05.531+0000][18268][safepoint    ] Safepoint "Cleanup", Time since last: 1000363800 ns, Reaching safepoint: 134500 ns, At safepoint: 7200 ns, Total: 141700 ns
[2020-08-24T22:37:07.531+0000][18268][safepoint    ] Safepoint "Cleanup", Time since last: 1999882500 ns, Reaching safepoint: 121300 ns, At safepoint: 7800 ns, Total: 129100 ns
[2020-08-24T22:37:08.532+0000][18268][safepoint    ] Safepoint "Cleanup", Time since last: 1000356300 ns, Reaching safepoint: 122900 ns, At safepoint: 2100 ns, Total: 125000 ns
[2020-08-24T22:37:10.532+0000][18268][safepoint    ] Safepoint "Cleanup", Time since last: 2000375700 ns, Reaching safepoint: 142400 ns, At safepoint: 2400 ns, Total: 144800 ns
[2020-08-24T22:37:11.533+0000][18268][safepoint    ] Safepoint "Cleanup", Time since last: 1000313500 ns, Reaching safepoint: 122500 ns, At safepoint: 2000 ns, Total: 124500 ns
[2020-08-24T22:37:13.533+0000][18268][safepoint    ] Safepoint "Cleanup", Time since last: 2000414600 ns, Reaching safepoint: 129000 ns, At safepoint: 7500 ns, Total: 136500 ns
[2020-08-24T22:37:14.534+0000][18268][safepoint    ] Safepoint "Cleanup", Time since last: 1000122600 ns, Reaching safepoint: 117800 ns, At safepoint: 7500 ns, Total: 125300 ns
[2020-08-24T22:37:15.534+0000][18268][safepoint    ] Safepoint "Cleanup", Time since last: 1000114900 ns, Reaching safepoint: 128400 ns, At safepoint: 2100 ns, Total: 130500 ns
[2020-08-24T22:37:16.534+0000][18268][safepoint    ] Safepoint "Cleanup", Time since last: 1000351100 ns, Reaching safepoint: 131300 ns, At safepoint: 2000 ns, Total: 133300 ns
[2020-08-24T22:37:17.535+0000][18268][safepoint    ] Safepoint "Cleanup", Time since last: 1000139700 ns, Reaching safepoint: 134600 ns, At safepoint: 7300 ns, Total: 141900 ns
[2020-08-24T22:37:18.535+0000][18268][safepoint    ] Safepoint "Cleanup", Time since last: 1000201000 ns, Reaching safepoint: 131100 ns, At safepoint: 2000 ns, Total: 133100 ns
[2020-08-24T22:37:19.535+0000][18268][safepoint    ] Safepoint "Cleanup", Time since last: 1000271700 ns, Reaching safepoint: 117800 ns, At safepoint: 2100 ns, Total: 119900 ns
[2020-08-24T22:37:20.536+0000][18268][safepoint    ] Safepoint "Cleanup", Time since last: 1000062100 ns, Reaching safepoint: 128600 ns, At safepoint: 2200 ns, Total: 130800 ns
[2020-08-24T22:37:21.536+0000][18268][safepoint    ] Safepoint "Cleanup", Time since last: 1000015600 ns, Reaching safepoint: 117900 ns, At safepoint: 2200 ns, Total: 120100 ns
[2020-08-24T22:37:22.536+0000][18268][safepoint    ] Safepoint "Cleanup", Time since last: 1000305000 ns, Reaching safepoint: 119500 ns, At safepoint: 6800 ns, Total: 126300 ns
[2020-08-24T22:37:24.536+0000][18268][safepoint    ] Safepoint "Cleanup", Time since last: 2000279500 ns, Reaching safepoint: 120600 ns, At safepoint: 2200 ns, Total: 122800 ns
[2020-08-24T22:37:25.537+0000][18268][safepoint    ] Safepoint "Cleanup", Time since last: 1000218400 ns, Reaching safepoint: 135300 ns, At safepoint: 2100 ns, Total: 137400 ns
[2020-08-24T22:37:26.537+0000][18268][safepoint    ] Safepoint "Cleanup", Time since last: 1000115000 ns, Reaching safepoint: 133200 ns, At safepoint: 7100 ns, Total: 140300 ns
[2020-08-24T22:37:27.537+0000][18268][safepoint    ] Safepoint "Cleanup", Time since last: 1000109900 ns, Reaching safepoint: 130600 ns, At safepoint: 2200 ns, Total: 132800 ns
[2020-08-24T22:37:28.538+0000][18268][safepoint    ] Safepoint "Cleanup", Time since last: 1000365200 ns, Reaching safepoint: 131100 ns, At safepoint: 3100 ns, Total: 134200 ns
[2020-08-24T22:37:29.538+0000][18268][safepoint    ] Safepoint "Cleanup", Time since last: 1000326700 ns, Reaching safepoint: 122100 ns, At safepoint: 2000 ns, Total: 124100 ns
[2020-08-24T22:37:30.539+0000][18268][safepoint    ] Safepoint "Cleanup", Time since last: 1000205100 ns, Reaching safepoint: 133400 ns, At safepoint: 2500 ns, Total: 135900 ns
[2020-08-24T22:37:31.539+0000][18268][safepoint    ] Safepoint "Cleanup", Time since last: 1000072100 ns, Reaching safepoint: 139000 ns, At safepoint: 2000 ns, Total: 141000 ns
[2020-08-24T22:37:32.539+0000][18268][safepoint    ] Safepoint "Cleanup", Time since last: 1000118000 ns, Reaching safepoint: 128600 ns, At safepoint: 7400 ns, Total: 136000 ns
[2020-08-24T22:37:33.539+0000][18268][safepoint    ] Safepoint "Cleanup", Time since last: 1000109400 ns, Reaching safepoint: 137600 ns, At safepoint: 7500 ns, Total: 145100 ns
[2020-08-24T22:37:34.540+0000][18268][safepoint    ] Safepoint "Cleanup", Time since last: 1000114600 ns, Reaching safepoint: 125200 ns, At safepoint: 2100 ns, Total: 127300 ns
[2020-08-24T22:37:35.540+0000][18268][safepoint    ] Safepoint "Cleanup", Time since last: 1000211400 ns, Reaching safepoint: 132900 ns, At safepoint: 7400 ns, Total: 140300 ns
[2020-08-24T22:37:36.540+0000][18268][safepoint    ] Safepoint "Cleanup", Time since last: 1000257500 ns, Reaching safepoint: 127500 ns, At safepoint: 2500 ns, Total: 130000 ns
[2020-08-24T22:37:38.541+0000][18268][safepoint    ] Safepoint "Cleanup", Time since last: 2000367600 ns, Reaching safepoint: 123900 ns, At safepoint: 7800 ns, Total: 131700 ns
[2020-08-24T22:37:39.541+0000][18268][safepoint    ] Safepoint "Cleanup", Time since last: 1000193500 ns, Reaching safepoint: 135300 ns, At safepoint: 2400 ns, Total: 137700 ns
[2020-08-24T22:37:40.541+0000][18268][safepoint    ] Safepoint "Cleanup", Time since last: 1000044100 ns, Reaching safepoint: 130900 ns, At safepoint: 8400 ns, Total: 139300 ns
[2020-08-24T22:37:41.003+0000][18268][safepoint    ] Safepoint "BulkRevokeBias", Time since last: 460904700 ns, Reaching safepoint: 122700 ns, At safepoint: 583100 ns, Total: 705800 ns
[2020-08-24T22:37:42.008+0000][18268][safepoint    ] Safepoint "Cleanup", Time since last: 1005253400 ns, Reaching safepoint: 133600 ns, At safepoint: 2600 ns, Total: 136200 ns
[2020-08-24T22:37:43.009+0000][18268][safepoint    ] Safepoint "Cleanup", Time since last: 1000361300 ns, Reaching safepoint: 141000 ns, At safepoint: 7500 ns, Total: 148500 ns
[2020-08-24T22:37:45.009+0000][18268][safepoint    ] Safepoint "Cleanup", Time since last: 1999869700 ns, Reaching safepoint: 113300 ns, At safepoint: 2000 ns, Total: 115300 ns
[2020-08-24T22:37:46.009+0000][18268][safepoint    ] Safepoint "Cleanup", Time since last: 1000366800 ns, Reaching safepoint: 127500 ns, At safepoint: 7800 ns, Total: 135300 ns
[2020-08-24T22:37:47.010+0000][18268][safepoint    ] Safepoint "Cleanup", Time since last: 1000277200 ns, Reaching safepoint: 120600 ns, At safepoint: 2300 ns, Total: 122900 ns
[2020-08-24T22:37:48.010+0000][18268][safepoint    ] Safepoint "Cleanup", Time since last: 1000177700 ns, Reaching safepoint: 146400 ns, At safepoint: 2600 ns, Total: 149000 ns
[2020-08-24T22:37:49.010+0000][18268][safepoint    ] Safepoint "Cleanup", Time since last: 1000102400 ns, Reaching safepoint: 126000 ns, At safepoint: 2000 ns, Total: 128000 ns
[2020-08-24T22:37:51.010+0000][18268][safepoint    ] Safepoint "Cleanup", Time since last: 1999904600 ns, Reaching safepoint: 154700 ns, At safepoint: 7500 ns, Total: 162200 ns
[2020-08-24T22:37:52.011+0000][18268][safepoint    ] Safepoint "Cleanup", Time since last: 1000333000 ns, Reaching safepoint: 118700 ns, At safepoint: 2000 ns, Total: 120700 ns
[2020-08-24T22:37:53.011+0000][18268][safepoint    ] Safepoint "Cleanup", Time since last: 1000362600 ns, Reaching safepoint: 132400 ns, At safepoint: 7600 ns, Total: 140000 ns
[2020-08-24T22:37:55.012+0000][18268][safepoint    ] Safepoint "Cleanup", Time since last: 2000385300 ns, Reaching safepoint: 140700 ns, At safepoint: 3000 ns, Total: 143700 ns
[2020-08-24T22:37:57.012+0000][18268][safepoint    ] Safepoint "Cleanup", Time since last: 2000348400 ns, Reaching safepoint: 126900 ns, At safepoint: 7600 ns, Total: 134500 ns
[2020-08-24T22:37:59.013+0000][18268][safepoint    ] Safepoint "Cleanup", Time since last: 2000371100 ns, Reaching safepoint: 134900 ns, At safepoint: 2000 ns, Total: 136900 ns
[2020-08-24T22:38:01.013+0000][18268][safepoint    ] Safepoint "Cleanup", Time since last: 2000365300 ns, Reaching safepoint: 125200 ns, At safepoint: 7200 ns, Total: 132400 ns
[2020-08-24T22:38:02.584+0000][18268][safepoint    ] Safepoint "Cleanup", Time since last: 1570343600 ns, Reaching safepoint: 133800 ns, At safepoint: 2100 ns, Total: 135900 ns
[2020-08-24T22:38:04.584+0000][18268][safepoint    ] Safepoint "Cleanup", Time since last: 2000238600 ns, Reaching safepoint: 127800 ns, At safepoint: 2200 ns, Total: 130000 ns
[2020-08-24T22:38:05.584+0000][18268][safepoint    ] Safepoint "Cleanup", Time since last: 1000025300 ns, Reaching safepoint: 132800 ns, At safepoint: 2300 ns, Total: 135100 ns
[2020-08-24T22:38:06.585+0000][18268][safepoint    ] Safepoint "Cleanup", Time since last: 1000156000 ns, Reaching safepoint: 122400 ns, At safepoint: 2400 ns, Total: 124800 ns
[2020-08-24T22:38:07.585+0000][18268][safepoint    ] Safepoint "Cleanup", Time since last: 1000071500 ns, Reaching safepoint: 124800 ns, At safepoint: 6800 ns, Total: 131600 ns
[2020-08-24T22:38:08.585+0000][18268][safepoint    ] Safepoint "Cleanup", Time since last: 1000376800 ns, Reaching safepoint: 112800 ns, At safepoint: 2100 ns, Total: 114900 ns
[2020-08-24T22:38:10.165+0000][18268][safepoint    ] Safepoint "Cleanup", Time since last: 1579269800 ns, Reaching safepoint: 148300 ns, At safepoint: 2200 ns, Total: 150500 ns
[2020-08-24T22:38:11.165+0000][18268][safepoint    ] Safepoint "Cleanup", Time since last: 1000100700 ns, Reaching safepoint: 136400 ns, At safepoint: 2100 ns, Total: 138500 ns
[2020-08-24T22:38:13.165+0000][18268][safepoint    ] Safepoint "Cleanup", Time since last: 2000254800 ns, Reaching safepoint: 114400 ns, At safepoint: 2200 ns, Total: 116600 ns
[2020-08-24T22:38:14.166+0000][18268][safepoint    ] Safepoint "Cleanup", Time since last: 1000180200 ns, Reaching safepoint: 128900 ns, At safepoint: 7100 ns, Total: 136000 ns
[2020-08-24T22:38:15.166+0000][18268][safepoint    ] Safepoint "Cleanup", Time since last: 1000029100 ns, Reaching safepoint: 172700 ns, At safepoint: 7100 ns, Total: 179800 ns
[2020-08-24T22:38:16.166+0000][18268][safepoint    ] Safepoint "Cleanup", Time since last: 1000328400 ns, Reaching safepoint: 130100 ns, At safepoint: 6500 ns, Total: 136600 ns
[2020-08-24T22:38:18.167+0000][18268][safepoint    ] Safepoint "Cleanup", Time since last: 2000430900 ns, Reaching safepoint: 137900 ns, At safepoint: 2300 ns, Total: 140200 ns
[2020-08-24T22:38:19.167+0000][18268][safepoint    ] Safepoint "Cleanup", Time since last: 1000269400 ns, Reaching safepoint: 107300 ns, At safepoint: 2000 ns, Total: 109300 ns
[2020-08-24T22:38:21.168+0000][18268][safepoint    ] Safepoint "Cleanup", Time since last: 2000186100 ns, Reaching safepoint: 128000 ns, At safepoint: 7400 ns, Total: 135400 ns
[2020-08-24T22:38:22.168+0000][18268][safepoint    ] Safepoint "Cleanup", Time since last: 1000087800 ns, Reaching safepoint: 119900 ns, At safepoint: 2100 ns, Total: 122000 ns
[2020-08-24T22:38:23.168+0000][18268][safepoint    ] Safepoint "Cleanup", Time since last: 1000379400 ns, Reaching safepoint: 153100 ns, At safepoint: 2800 ns, Total: 155900 ns
[2020-08-24T22:38:25.169+0000][18268][safepoint    ] Safepoint "Cleanup", Time since last: 2000343700 ns, Reaching safepoint: 141500 ns, At safepoint: 1900 ns, Total: 143400 ns
[2020-08-24T22:38:27.169+0000][18268][safepoint    ] Safepoint "Cleanup", Time since last: 1999889200 ns, Reaching safepoint: 126000 ns, At safepoint: 6900 ns, Total: 132900 ns
[2020-08-24T22:38:28.169+0000][18268][safepoint    ] Safepoint "Cleanup", Time since last: 1000097400 ns, Reaching safepoint: 130300 ns, At safepoint: 7200 ns, Total: 137500 ns
[2020-08-24T22:38:29.169+0000][18268][safepoint    ] Safepoint "Cleanup", Time since last: 1000072000 ns, Reaching safepoint: 122200 ns, At safepoint: 2200 ns, Total: 124400 ns
[2020-08-24T22:38:30.170+0000][18268][safepoint    ] Safepoint "Cleanup", Time since last: 1000349600 ns, Reaching safepoint: 120500 ns, At safepoint: 7100 ns, Total: 127600 ns
[2020-08-24T22:38:31.170+0000][18268][safepoint    ] Safepoint "Cleanup", Time since last: 1000178600 ns, Reaching safepoint: 115000 ns, At safepoint: 2100 ns, Total: 117100 ns
[2020-08-24T22:38:32.170+0000][18268][safepoint    ] Safepoint "Cleanup", Time since last: 1000116700 ns, Reaching safepoint: 142700 ns, At safepoint: 2100 ns, Total: 144800 ns
[2020-08-24T22:38:33.453+0000][18268][safepoint    ] Safepoint "Cleanup", Time since last: 1282374200 ns, Reaching safepoint: 130400 ns, At safepoint: 10100 ns, Total: 140500 ns
[2020-08-24T22:38:34.455+0000][18268][safepoint    ] Safepoint "Cleanup", Time since last: 1002182300 ns, Reaching safepoint: 145800 ns, At safepoint: 2300 ns, Total: 148100 ns
[2020-08-24T22:38:35.456+0000][18268][safepoint    ] Safepoint "Cleanup", Time since last: 1000301100 ns, Reaching safepoint: 132100 ns, At safepoint: 2300 ns, Total: 134400 ns
[2020-08-24T22:38:36.456+0000][18268][safepoint    ] Safepoint "Cleanup", Time since last: 1000074600 ns, Reaching safepoint: 128900 ns, At safepoint: 2200 ns, Total: 131100 ns
[2020-08-24T22:38:38.456+0000][18268][safepoint    ] Safepoint "Cleanup", Time since last: 2000230100 ns, Reaching safepoint: 137400 ns, At safepoint: 8200 ns, Total: 145600 ns
[2020-08-24T22:38:39.456+0000][18268][safepoint    ] Safepoint "Cleanup", Time since last: 1000002200 ns, Reaching safepoint: 187200 ns, At safepoint: 8200 ns, Total: 195400 ns
[2020-08-24T22:38:41.456+0000][18268][safepoint    ] Safepoint "Cleanup", Time since last: 1999809800 ns, Reaching safepoint: 142400 ns, At safepoint: 8000 ns, Total: 150400 ns
[2020-08-24T22:38:43.457+0000][18268][safepoint    ] Safepoint "Cleanup", Time since last: 2000286000 ns, Reaching safepoint: 128400 ns, At safepoint: 7400 ns, Total: 135800 ns
[2020-08-24T22:38:44.457+0000][18268][safepoint    ] Safepoint "Cleanup", Time since last: 1000171200 ns, Reaching safepoint: 136600 ns, At safepoint: 7600 ns, Total: 144200 ns
[2020-08-24T22:38:45.457+0000][18268][safepoint    ] Safepoint "Cleanup", Time since last: 1000108200 ns, Reaching safepoint: 133000 ns, At safepoint: 7300 ns, Total: 140300 ns
[2020-08-24T22:38:47.457+0000][18268][safepoint    ] Safepoint "Cleanup", Time since last: 1999972100 ns, Reaching safepoint: 134200 ns, At safepoint: 8000 ns, Total: 142200 ns
[2020-08-24T22:38:48.458+0000][18268][safepoint    ] Safepoint "Cleanup", Time since last: 1000255200 ns, Reaching safepoint: 126200 ns, At safepoint: 2200 ns, Total: 128400 ns
[2020-08-24T22:38:50.458+0000][18268][safepoint    ] Safepoint "Cleanup", Time since last: 2000375700 ns, Reaching safepoint: 129600 ns, At safepoint: 7500 ns, Total: 137100 ns
[2020-08-24T22:38:51.818+0000][18268][safepoint    ] Safepoint "Cleanup", Time since last: 1359355500 ns, Reaching safepoint: 127000 ns, At safepoint: 7700 ns, Total: 134700 ns
[2020-08-24T22:38:52.818+0000][18268][safepoint    ] Safepoint "Cleanup", Time since last: 1000365500 ns, Reaching safepoint: 169100 ns, At safepoint: 7600 ns, Total: 176700 ns
[2020-08-24T22:38:54.819+0000][18268][safepoint    ] Safepoint "Cleanup", Time since last: 2000321400 ns, Reaching safepoint: 155300 ns, At safepoint: 2800 ns, Total: 158100 ns
[2020-08-24T22:38:56.819+0000][18268][safepoint    ] Safepoint "Cleanup", Time since last: 1999845300 ns, Reaching safepoint: 129400 ns, At safepoint: 2100 ns, Total: 131500 ns
[2020-08-24T22:38:58.819+0000][18268][safepoint    ] Safepoint "Cleanup", Time since last: 2000114800 ns, Reaching safepoint: 127400 ns, At safepoint: 2400 ns, Total: 129800 ns
[2020-08-24T22:38:59.819+0000][18268][safepoint    ] Safepoint "Cleanup", Time since last: 1000142200 ns, Reaching safepoint: 119500 ns, At safepoint: 2300 ns, Total: 121800 ns
[2020-08-24T22:39:01.820+0000][18268][safepoint    ] Safepoint "Cleanup", Time since last: 2000092600 ns, Reaching safepoint: 135700 ns, At safepoint: 7800 ns, Total: 143500 ns
[2020-08-24T22:39:02.820+0000][18268][safepoint    ] Safepoint "Cleanup", Time since last: 1000116000 ns, Reaching safepoint: 125900 ns, At safepoint: 7300 ns, Total: 133200 ns
[2020-08-24T22:39:03.820+0000][18268][safepoint    ] Safepoint "Cleanup", Time since last: 1000216100 ns, Reaching safepoint: 140700 ns, At safepoint: 7400 ns, Total: 148100 ns
[2020-08-24T22:39:04.820+0000][18268][safepoint    ] Safepoint "Cleanup", Time since last: 1000004200 ns, Reaching safepoint: 130300 ns, At safepoint: 2300 ns, Total: 132600 ns
[2020-08-24T22:39:05.821+0000][18268][safepoint    ] Safepoint "Cleanup", Time since last: 1000369700 ns, Reaching safepoint: 122700 ns, At safepoint: 6800 ns, Total: 129500 ns
[2020-08-24T22:39:07.821+0000][18268][safepoint    ] Safepoint "Cleanup", Time since last: 2000190500 ns, Reaching safepoint: 129800 ns, At safepoint: 2400 ns, Total: 132200 ns
[2020-08-24T22:39:08.821+0000][18268][safepoint    ] Safepoint "Cleanup", Time since last: 1000044900 ns, Reaching safepoint: 127000 ns, At safepoint: 2100 ns, Total: 129100 ns
[2020-08-24T22:39:10.822+0000][18268][safepoint    ] Safepoint "Cleanup", Time since last: 2000211100 ns, Reaching safepoint: 121500 ns, At safepoint: 2000 ns, Total: 123500 ns
[2020-08-24T22:39:11.822+0000][18268][safepoint    ] Safepoint "Cleanup", Time since last: 1000047900 ns, Reaching safepoint: 117400 ns, At safepoint: 2200 ns, Total: 119600 ns
[2020-08-24T22:39:12.822+0000][18268][safepoint    ] Safepoint "Cleanup", Time since last: 1000174800 ns, Reaching safepoint: 131800 ns, At safepoint: 6900 ns, Total: 138700 ns
[2020-08-24T22:39:13.823+0000][18268][safepoint    ] Safepoint "Cleanup", Time since last: 1000313300 ns, Reaching safepoint: 133300 ns, At safepoint: 8300 ns, Total: 141600 ns
[2020-08-24T22:39:14.823+0000][18268][safepoint    ] Safepoint "Cleanup", Time since last: 1000107900 ns, Reaching safepoint: 125800 ns, At safepoint: 2200 ns, Total: 128000 ns
[2020-08-24T22:39:15.823+0000][18268][safepoint    ] Safepoint "Cleanup", Time since last: 1000360700 ns, Reaching safepoint: 141700 ns, At safepoint: 8100 ns, Total: 149800 ns
[2020-08-24T22:39:17.823+0000][18268][safepoint    ] Safepoint "Cleanup", Time since last: 1999858900 ns, Reaching safepoint: 113200 ns, At safepoint: 7700 ns, Total: 120900 ns
[2020-08-24T22:39:19.823+0000][18268][safepoint    ] Safepoint "Cleanup", Time since last: 1999985900 ns, Reaching safepoint: 178600 ns, At safepoint: 8600 ns, Total: 187200 ns
[2020-08-24T22:39:20.824+0000][18268][safepoint    ] Safepoint "Cleanup", Time since last: 1000192800 ns, Reaching safepoint: 120300 ns, At safepoint: 2100 ns, Total: 122400 ns
[2020-08-24T22:39:22.824+0000][18268][safepoint    ] Safepoint "Cleanup", Time since last: 2000394300 ns, Reaching safepoint: 145000 ns, At safepoint: 2700 ns, Total: 147700 ns
[2020-08-24T22:39:23.825+0000][18268][safepoint    ] Safepoint "Cleanup", Time since last: 1000070800 ns, Reaching safepoint: 127900 ns, At safepoint: 2100 ns, Total: 130000 ns
[2020-08-24T22:39:24.825+0000][18268][safepoint    ] Safepoint "Cleanup", Time since last: 1000148700 ns, Reaching safepoint: 135000 ns, At safepoint: 7500 ns, Total: 142500 ns
[2020-08-24T22:39:25.825+0000][18268][safepoint    ] Safepoint "Cleanup", Time since last: 1000112800 ns, Reaching safepoint: 120500 ns, At safepoint: 2200 ns, Total: 122700 ns
[2020-08-24T22:39:26.826+0000][18268][safepoint    ] Safepoint "Cleanup", Time since last: 1000359200 ns, Reaching safepoint: 160000 ns, At safepoint: 2800 ns, Total: 162800 ns
[2020-08-24T22:39:27.826+0000][18268][safepoint    ] Safepoint "Cleanup", Time since last: 1000144000 ns, Reaching safepoint: 130600 ns, At safepoint: 7500 ns, Total: 138100 ns
[2020-08-24T22:39:28.826+0000][18268][safepoint    ] Safepoint "Cleanup", Time since last: 1000309400 ns, Reaching safepoint: 134700 ns, At safepoint: 7300 ns, Total: 142000 ns
[2020-08-24T22:39:29.827+0000][18268][safepoint    ] Safepoint "Cleanup", Time since last: 1000188700 ns, Reaching safepoint: 133500 ns, At safepoint: 2100 ns, Total: 135600 ns
[2020-08-24T22:39:30.827+0000][18268][safepoint    ] Safepoint "Cleanup", Time since last: 1000059900 ns, Reaching safepoint: 136400 ns, At safepoint: 8000 ns, Total: 144400 ns
[2020-08-24T22:39:31.827+0000][18268][safepoint    ] Safepoint "Cleanup", Time since last: 1000094500 ns, Reaching safepoint: 163200 ns, At safepoint: 2500 ns, Total: 165700 ns
[2020-08-24T22:39:32.827+0000][18268][safepoint    ] Safepoint "Cleanup", Time since last: 1000183900 ns, Reaching safepoint: 111900 ns, At safepoint: 2500 ns, Total: 114400 ns
[2020-08-24T22:39:33.828+0000][18268][safepoint    ] Safepoint "Cleanup", Time since last: 1000274100 ns, Reaching safepoint: 128700 ns, At safepoint: 2200 ns, Total: 130900 ns
[2020-08-24T22:39:35.828+0000][18268][safepoint    ] Safepoint "Cleanup", Time since last: 1999872700 ns, Reaching safepoint: 142000 ns, At safepoint: 6800 ns, Total: 148800 ns
[2020-08-24T22:39:36.828+0000][18268][safepoint    ] Safepoint "Cleanup", Time since last: 1000347500 ns, Reaching safepoint: 126400 ns, At safepoint: 2200 ns, Total: 128600 ns
[2020-08-24T22:39:37.829+0000][18268][safepoint    ] Safepoint "Cleanup", Time since last: 1000374500 ns, Reaching safepoint: 133100 ns, At safepoint: 7200 ns, Total: 140300 ns
[2020-08-24T22:39:39.829+0000][18268][safepoint    ] Safepoint "Cleanup", Time since last: 2000372900 ns, Reaching safepoint: 112200 ns, At safepoint: 7800 ns, Total: 120000 ns
[2020-08-24T22:39:41.830+0000][18268][safepoint    ] Safepoint "Cleanup", Time since last: 2000359900 ns, Reaching safepoint: 155300 ns, At safepoint: 2600 ns, Total: 157900 ns
[2020-08-24T22:39:42.830+0000][18268][safepoint    ] Safepoint "Cleanup", Time since last: 1000341300 ns, Reaching safepoint: 137300 ns, At safepoint: 2500 ns, Total: 139800 ns
[2020-08-24T22:39:44.831+0000][18268][safepoint    ] Safepoint "Cleanup", Time since last: 2000361000 ns, Reaching safepoint: 125700 ns, At safepoint: 2100 ns, Total: 127800 ns
[2020-08-24T22:39:45.831+0000][18268][safepoint    ] Safepoint "Cleanup", Time since last: 1000256000 ns, Reaching safepoint: 121800 ns, At safepoint: 7300 ns, Total: 129100 ns
[2020-08-24T22:39:46.831+0000][18268][safepoint    ] Safepoint "Cleanup", Time since last: 1000109500 ns, Reaching safepoint: 136600 ns, At safepoint: 2100 ns, Total: 138700 ns
[2020-08-24T22:39:47.832+0000][18268][safepoint    ] Safepoint "Cleanup", Time since last: 1000249700 ns, Reaching safepoint: 127400 ns, At safepoint: 2100 ns, Total: 129500 ns
[2020-08-24T22:39:48.394+0000][18268][safepoint    ] Safepoint "BulkRevokeBias", Time since last: 561247900 ns, Reaching safepoint: 114900 ns, At safepoint: 1391700 ns, Total: 1506600 ns
[2020-08-24T22:39:49.162+0000][18268][safepoint    ] Safepoint "BulkRevokeBias", Time since last: 766389200 ns, Reaching safepoint: 118900 ns, At safepoint: 612500 ns, Total: 731400 ns
[2020-08-24T22:39:50.230+0000][18268][safepoint    ] Safepoint "Cleanup", Time since last: 1068010800 ns, Reaching safepoint: 128800 ns, At safepoint: 7700 ns, Total: 136500 ns
[2020-08-24T22:39:51.230+0000][18268][safepoint    ] Safepoint "Cleanup", Time since last: 1000341900 ns, Reaching safepoint: 128200 ns, At safepoint: 12600 ns, Total: 140800 ns
[2020-08-24T22:39:52.231+0000][18268][safepoint    ] Safepoint "Cleanup", Time since last: 1000324300 ns, Reaching safepoint: 153500 ns, At safepoint: 8000 ns, Total: 161500 ns
[2020-08-24T22:39:54.079+0000][18268][safepoint    ] Safepoint "Cleanup", Time since last: 1848295900 ns, Reaching safepoint: 132300 ns, At safepoint: 7500 ns, Total: 139800 ns
[2020-08-24T22:39:55.079+0000][18268][safepoint    ] Safepoint "Cleanup", Time since last: 1000022700 ns, Reaching safepoint: 148000 ns, At safepoint: 7900 ns, Total: 155900 ns
[2020-08-24T22:39:56.080+0000][18268][safepoint    ] Safepoint "Cleanup", Time since last: 1000249200 ns, Reaching safepoint: 136800 ns, At safepoint: 7100 ns, Total: 143900 ns
[2020-08-24T22:39:57.080+0000][18268][safepoint    ] Safepoint "Cleanup", Time since last: 1000318700 ns, Reaching safepoint: 152300 ns, At safepoint: 2200 ns, Total: 154500 ns
[2020-08-24T22:39:59.081+0000][18268][safepoint    ] Safepoint "Cleanup", Time since last: 2000343700 ns, Reaching safepoint: 157800 ns, At safepoint: 2000 ns, Total: 159800 ns
[2020-08-24T22:40:01.081+0000][18268][safepoint    ] Safepoint "Cleanup", Time since last: 1999924300 ns, Reaching safepoint: 128500 ns, At safepoint: 2100 ns, Total: 130600 ns
[2020-08-24T22:40:02.081+0000][18268][safepoint    ] Safepoint "Cleanup", Time since last: 1000289500 ns, Reaching safepoint: 138000 ns, At safepoint: 7100 ns, Total: 145100 ns
[2020-08-24T22:40:04.082+0000][18268][safepoint    ] Safepoint "Cleanup", Time since last: 2000313700 ns, Reaching safepoint: 176500 ns, At safepoint: 7400 ns, Total: 183900 ns
[2020-08-24T22:40:06.082+0000][18268][safepoint    ] Safepoint "Cleanup", Time since last: 2000010600 ns, Reaching safepoint: 132600 ns, At safepoint: 2600 ns, Total: 135200 ns
[2020-08-24T22:40:07.082+0000][18268][safepoint    ] Safepoint "Cleanup", Time since last: 1000337600 ns, Reaching safepoint: 148300 ns, At safepoint: 7500 ns, Total: 155800 ns
[2020-08-24T22:40:08.083+0000][18268][safepoint    ] Safepoint "Cleanup", Time since last: 1000144200 ns, Reaching safepoint: 132800 ns, At safepoint: 2500 ns, Total: 135300 ns
[2020-08-24T22:40:09.083+0000][18268][safepoint    ] Safepoint "Cleanup", Time since last: 1000165800 ns, Reaching safepoint: 172300 ns, At safepoint: 7800 ns, Total: 180100 ns
[2020-08-24T22:40:10.083+0000][18268][safepoint    ] Safepoint "Cleanup", Time since last: 1000129800 ns, Reaching safepoint: 134300 ns, At safepoint: 2500 ns, Total: 136800 ns
[2020-08-24T22:40:12.083+0000][18268][safepoint    ] Safepoint "Cleanup", Time since last: 1999868600 ns, Reaching safepoint: 137900 ns, At safepoint: 2400 ns, Total: 140300 ns
[2020-08-24T22:40:14.084+0000][18268][safepoint    ] Safepoint "Cleanup", Time since last: 2000363200 ns, Reaching safepoint: 123300 ns, At safepoint: 7300 ns, Total: 130600 ns
[2020-08-24T22:40:16.084+0000][18268][safepoint    ] Safepoint "Cleanup", Time since last: 2000360300 ns, Reaching safepoint: 136900 ns, At safepoint: 7500 ns, Total: 144400 ns
[2020-08-24T22:40:18.085+0000][18268][safepoint    ] Safepoint "Cleanup", Time since last: 2000361300 ns, Reaching safepoint: 134100 ns, At safepoint: 7600 ns, Total: 141700 ns
[2020-08-24T22:40:19.085+0000][18268][safepoint    ] Safepoint "Cleanup", Time since last: 1000362700 ns, Reaching safepoint: 148500 ns, At safepoint: 2300 ns, Total: 150800 ns
[2020-08-24T22:40:20.086+0000][18268][safepoint    ] Safepoint "Cleanup", Time since last: 1000311700 ns, Reaching safepoint: 137100 ns, At safepoint: 2100 ns, Total: 139200 ns
[2020-08-24T22:40:21.086+0000][18268][safepoint    ] Safepoint "Cleanup", Time since last: 1000011300 ns, Reaching safepoint: 159400 ns, At safepoint: 7800 ns, Total: 167200 ns
[2020-08-24T22:40:23.086+0000][18268][safepoint    ] Safepoint "Cleanup", Time since last: 2000215500 ns, Reaching safepoint: 135900 ns, At safepoint: 7200 ns, Total: 143100 ns
[2020-08-24T22:40:25.086+0000][18268][safepoint    ] Safepoint "Cleanup", Time since last: 1999879200 ns, Reaching safepoint: 137400 ns, At safepoint: 7400 ns, Total: 144800 ns
[2020-08-24T22:40:26.087+0000][18268][safepoint    ] Safepoint "Cleanup", Time since last: 1000111500 ns, Reaching safepoint: 162300 ns, At safepoint: 2300 ns, Total: 164600 ns
[2020-08-24T22:40:27.087+0000][18268][safepoint    ] Safepoint "Cleanup", Time since last: 1000093200 ns, Reaching safepoint: 132100 ns, At safepoint: 8000 ns, Total: 140100 ns
[2020-08-24T22:40:28.087+0000][18268][safepoint    ] Safepoint "Cleanup", Time since last: 1000319200 ns, Reaching safepoint: 137000 ns, At safepoint: 8000 ns, Total: 145000 ns
[2020-08-24T22:40:30.088+0000][18268][safepoint    ] Safepoint "Cleanup", Time since last: 2000368300 ns, Reaching safepoint: 149900 ns, At safepoint: 2400 ns, Total: 152300 ns
[2020-08-24T22:40:32.088+0000][18268][safepoint    ] Safepoint "Cleanup", Time since last: 2000006500 ns, Reaching safepoint: 129500 ns, At safepoint: 2100 ns, Total: 131600 ns
[2020-08-24T22:40:33.088+0000][18268][safepoint    ] Safepoint "Cleanup", Time since last: 1000202900 ns, Reaching safepoint: 128400 ns, At safepoint: 2100 ns, Total: 130500 ns
[2020-08-24T22:40:34.181+0000][18268][gc,start     ] GC(27) Pause Young (Normal) (G1 Evacuation Pause)
[2020-08-24T22:40:34.181+0000][18268][gc,task      ] GC(27) Using 18 workers of 18 for evacuation
[2020-08-24T22:40:34.181+0000][18268][gc,age       ] GC(27) Desired survivor size 40370176 bytes, new threshold 15 (max threshold 15)
[2020-08-24T22:40:34.186+0000][18268][gc,age       ] GC(27) Age table with threshold 15 (max threshold 15)
[2020-08-24T22:40:34.186+0000][18268][gc,age       ] GC(27) - age   1:     993336 bytes,     993336 total
[2020-08-24T22:40:34.186+0000][18268][gc,age       ] GC(27) - age   2:     196600 bytes,    1189936 total
[2020-08-24T22:40:34.186+0000][18268][gc,age       ] GC(27) - age   3:     207928 bytes,    1397864 total
[2020-08-24T22:40:34.186+0000][18268][gc,age       ] GC(27) - age   4:       1400 bytes,    1399264 total
[2020-08-24T22:40:34.186+0000][18268][gc,age       ] GC(27) - age   5:      44672 bytes,    1443936 total
[2020-08-24T22:40:34.186+0000][18268][gc,age       ] GC(27) - age   6:      29376 bytes,    1473312 total
[2020-08-24T22:40:34.186+0000][18268][gc,age       ] GC(27) - age   7:     154032 bytes,    1627344 total
[2020-08-24T22:40:34.186+0000][18268][gc,age       ] GC(27) - age   8:        336 bytes,    1627680 total
[2020-08-24T22:40:34.186+0000][18268][gc,age       ] GC(27) - age   9:       2504 bytes,    1630184 total
[2020-08-24T22:40:34.186+0000][18268][gc,age       ] GC(27) - age  10:       1448 bytes,    1631632 total
[2020-08-24T22:40:34.186+0000][18268][gc,age       ] GC(27) - age  11:        984 bytes,    1632616 total
[2020-08-24T22:40:34.186+0000][18268][gc,age       ] GC(27) - age  12:       2648 bytes,    1635264 total
[2020-08-24T22:40:34.186+0000][18268][gc,age       ] GC(27) - age  13:      33672 bytes,    1668936 total
[2020-08-24T22:40:34.186+0000][18268][gc,age       ] GC(27) - age  14:      88824 bytes,    1757760 total
[2020-08-24T22:40:34.186+0000][18268][gc,age       ] GC(27) - age  15:     316048 bytes,    2073808 total
[2020-08-24T22:40:34.186+0000][18268][gc,phases    ] GC(27)   Pre Evacuate Collection Set: 0.1ms
[2020-08-24T22:40:34.186+0000][18268][gc,phases    ] GC(27)   Merge Heap Roots: 0.1ms
[2020-08-24T22:40:34.186+0000][18268][gc,phases    ] GC(27)   Evacuate Collection Set: 3.6ms
[2020-08-24T22:40:34.186+0000][18268][gc,phases    ] GC(27)   Post Evacuate Collection Set: 0.6ms
[2020-08-24T22:40:34.186+0000][18268][gc,phases    ] GC(27)   Other: 0.4ms
[2020-08-24T22:40:34.186+0000][18268][gc,heap      ] GC(27) Eden regions: 599->0(610)
[2020-08-24T22:40:34.186+0000][18268][gc,heap      ] GC(27) Survivor regions: 15->4(77)
[2020-08-24T22:40:34.186+0000][18268][gc,heap      ] GC(27) Old regions: 57->68
[2020-08-24T22:40:34.186+0000][18268][gc,heap      ] GC(27) Archive regions: 0->0
[2020-08-24T22:40:34.186+0000][18268][gc,heap      ] GC(27) Humongous regions: 7->7
[2020-08-24T22:40:34.186+0000][18268][gc,metaspace ] GC(27) Metaspace: 93548K(101420K)->93548K(101420K) NonClass: 80808K(85548K)->80808K(85548K) Class: 12739K(15872K)->12739K(15872K)
[2020-08-24T22:40:34.186+0000][18268][gc           ] GC(27) Pause Young (Normal) (G1 Evacuation Pause) 677M->78M(1024M) 4.813ms
[2020-08-24T22:40:34.186+0000][18268][gc,cpu       ] GC(27) User=0.00s Sys=0.00s Real=0.01s
[2020-08-24T22:40:34.186+0000][18268][safepoint    ] Safepoint "G1CollectForAllocation", Time since last: 1093062900 ns, Reaching safepoint: 128900 ns, At safepoint: 4894900 ns, Total: 5023800 ns
[2020-08-24T22:40:35.187+0000][18268][safepoint    ] Safepoint "Cleanup", Time since last: 1000280400 ns, Reaching safepoint: 142800 ns, At safepoint: 7400 ns, Total: 150200 ns
[2020-08-24T22:40:37.187+0000][18268][safepoint    ] Safepoint "Cleanup", Time since last: 1999860900 ns, Reaching safepoint: 124000 ns, At safepoint: 2200 ns, Total: 126200 ns
[2020-08-24T22:40:38.187+0000][18268][safepoint    ] Safepoint "Cleanup", Time since last: 1000366000 ns, Reaching safepoint: 130500 ns, At safepoint: 2000 ns, Total: 132500 ns
[2020-08-24T22:40:40.188+0000][18268][safepoint    ] Safepoint "Cleanup", Time since last: 2000326100 ns, Reaching safepoint: 140300 ns, At safepoint: 2100 ns, Total: 142400 ns
[2020-08-24T22:40:42.188+0000][18268][safepoint    ] Safepoint "Cleanup", Time since last: 1999918900 ns, Reaching safepoint: 155000 ns, At safepoint: 8400 ns, Total: 163400 ns
[2020-08-24T22:40:43.188+0000][18268][safepoint    ] Safepoint "Cleanup", Time since last: 1000312600 ns, Reaching safepoint: 135500 ns, At safepoint: 7500 ns, Total: 143000 ns
[2020-08-24T22:40:45.189+0000][18268][safepoint    ] Safepoint "Cleanup", Time since last: 2000357700 ns, Reaching safepoint: 134800 ns, At safepoint: 7900 ns, Total: 142700 ns
[2020-08-24T22:40:46.189+0000][18268][safepoint    ] Safepoint "Cleanup", Time since last: 1000141500 ns, Reaching safepoint: 126300 ns, At safepoint: 2200 ns, Total: 128500 ns
[2020-08-24T22:40:47.189+0000][18268][safepoint    ] Safepoint "Cleanup", Time since last: 1000093600 ns, Reaching safepoint: 171700 ns, At safepoint: 2300 ns, Total: 174000 ns
[2020-08-24T22:40:48.190+0000][18268][safepoint    ] Safepoint "Cleanup", Time since last: 1000326000 ns, Reaching safepoint: 125200 ns, At safepoint: 8000 ns, Total: 133200 ns
[2020-08-24T22:40:49.190+0000][18268][safepoint    ] Safepoint "Cleanup", Time since last: 1000344800 ns, Reaching safepoint: 137400 ns, At safepoint: 7200 ns, Total: 144600 ns
[2020-08-24T22:40:51.191+0000][18268][safepoint    ] Safepoint "Cleanup", Time since last: 2000189600 ns, Reaching safepoint: 140400 ns, At safepoint: 7400 ns, Total: 147800 ns
[2020-08-24T22:40:52.191+0000][18268][safepoint    ] Safepoint "Cleanup", Time since last: 1000155800 ns, Reaching safepoint: 131600 ns, At safepoint: 2100 ns, Total: 133700 ns
[2020-08-24T22:40:53.191+0000][18268][safepoint    ] Safepoint "Cleanup", Time since last: 1000265900 ns, Reaching safepoint: 133900 ns, At safepoint: 2100 ns, Total: 136000 ns
[2020-08-24T22:40:54.192+0000][18268][safepoint    ] Safepoint "Cleanup", Time since last: 1000344500 ns, Reaching safepoint: 127600 ns, At safepoint: 8100 ns, Total: 135700 ns
[2020-08-24T22:40:55.192+0000][18268][safepoint    ] Safepoint "Cleanup", Time since last: 1000223100 ns, Reaching safepoint: 142000 ns, At safepoint: 7400 ns, Total: 149400 ns
[2020-08-24T22:40:56.192+0000][18268][safepoint    ] Safepoint "Cleanup", Time since last: 1000022900 ns, Reaching safepoint: 130400 ns, At safepoint: 2100 ns, Total: 132500 ns
[2020-08-24T22:40:57.193+0000][18268][safepoint    ] Safepoint "Cleanup", Time since last: 1000157800 ns, Reaching safepoint: 138500 ns, At safepoint: 2100 ns, Total: 140600 ns
[2020-08-24T22:40:58.193+0000][18268][safepoint    ] Safepoint "Cleanup", Time since last: 1000320700 ns, Reaching safepoint: 125800 ns, At safepoint: 2400 ns, Total: 128200 ns
[2020-08-24T22:40:59.193+0000][18268][safepoint    ] Safepoint "Cleanup", Time since last: 1000163500 ns, Reaching safepoint: 133800 ns, At safepoint: 7500 ns, Total: 141300 ns
[2020-08-24T22:41:00.194+0000][18268][safepoint    ] Safepoint "Cleanup", Time since last: 1000282600 ns, Reaching safepoint: 137200 ns, At safepoint: 2100 ns, Total: 139300 ns
[2020-08-24T22:41:01.194+0000][18268][safepoint    ] Safepoint "Cleanup", Time since last: 1000365700 ns, Reaching safepoint: 131500 ns, At safepoint: 2500 ns, Total: 134000 ns
[2020-08-24T22:41:03.195+0000][18268][safepoint    ] Safepoint "Cleanup", Time since last: 2000363500 ns, Reaching safepoint: 131700 ns, At safepoint: 7300 ns, Total: 139000 ns
[2020-08-24T22:41:05.195+0000][18268][safepoint    ] Safepoint "Cleanup", Time since last: 2000040900 ns, Reaching safepoint: 121700 ns, At safepoint: 7300 ns, Total: 129000 ns
[2020-08-24T22:41:06.195+0000][18268][safepoint    ] Safepoint "Cleanup", Time since last: 1000269800 ns, Reaching safepoint: 126700 ns, At safepoint: 7400 ns, Total: 134100 ns
[2020-08-24T22:41:07.196+0000][18268][safepoint    ] Safepoint "Cleanup", Time since last: 1000344700 ns, Reaching safepoint: 143900 ns, At safepoint: 7300 ns, Total: 151200 ns
[2020-08-24T22:41:08.196+0000][18268][safepoint    ] Safepoint "Cleanup", Time since last: 1000322400 ns, Reaching safepoint: 135800 ns, At safepoint: 7800 ns, Total: 143600 ns
[2020-08-24T22:41:10.197+0000][18268][safepoint    ] Safepoint "Cleanup", Time since last: 2000197000 ns, Reaching safepoint: 147300 ns, At safepoint: 2500 ns, Total: 149800 ns
[2020-08-24T22:41:12.197+0000][18268][safepoint    ] Safepoint "Cleanup", Time since last: 2000057200 ns, Reaching safepoint: 163400 ns, At safepoint: 7800 ns, Total: 171200 ns
[2020-08-24T22:41:13.197+0000][18268][safepoint    ] Safepoint "Cleanup", Time since last: 1000245500 ns, Reaching safepoint: 142100 ns, At safepoint: 7800 ns, Total: 149900 ns
[2020-08-24T22:41:15.197+0000][18268][safepoint    ] Safepoint "Cleanup", Time since last: 1999966700 ns, Reaching safepoint: 137400 ns, At safepoint: 2500 ns, Total: 139900 ns
[2020-08-24T22:41:16.198+0000][18268][safepoint    ] Safepoint "Cleanup", Time since last: 1000248700 ns, Reaching safepoint: 113500 ns, At safepoint: 2100 ns, Total: 115600 ns
[2020-08-24T22:41:17.198+0000][18268][safepoint    ] Safepoint "Cleanup", Time since last: 1000364200 ns, Reaching safepoint: 130500 ns, At safepoint: 2200 ns, Total: 132700 ns
[2020-08-24T22:41:18.199+0000][18268][safepoint    ] Safepoint "Cleanup", Time since last: 1000311400 ns, Reaching safepoint: 124900 ns, At safepoint: 2500 ns, Total: 127400 ns
[2020-08-24T22:41:19.199+0000][18268][safepoint    ] Safepoint "Cleanup", Time since last: 1000027500 ns, Reaching safepoint: 130500 ns, At safepoint: 7600 ns, Total: 138100 ns
[2020-08-24T22:41:20.199+0000][18268][safepoint    ] Safepoint "Cleanup", Time since last: 1000289900 ns, Reaching safepoint: 121200 ns, At safepoint: 7500 ns, Total: 128700 ns
[2020-08-24T22:41:21.200+0000][18268][safepoint    ] Safepoint "Cleanup", Time since last: 1000360400 ns, Reaching safepoint: 134500 ns, At safepoint: 2200 ns, Total: 136700 ns
[2020-08-24T22:41:22.730+0000][18268][safepoint    ] Safepoint "Cleanup", Time since last: 1530110900 ns, Reaching safepoint: 129200 ns, At safepoint: 2200 ns, Total: 131400 ns
[2020-08-24T22:41:23.733+0000][18268][safepoint    ] Safepoint "Cleanup", Time since last: 1003176900 ns, Reaching safepoint: 151200 ns, At safepoint: 2500 ns, Total: 153700 ns
[2020-08-24T22:41:24.734+0000][18268][safepoint    ] Safepoint "Cleanup", Time since last: 1000299700 ns, Reaching safepoint: 132000 ns, At safepoint: 2100 ns, Total: 134100 ns
[2020-08-24T22:41:25.734+0000][18268][safepoint    ] Safepoint "Cleanup", Time since last: 1000197000 ns, Reaching safepoint: 145200 ns, At safepoint: 2100 ns, Total: 147300 ns
[2020-08-24T22:41:26.734+0000][18268][safepoint    ] Safepoint "Cleanup", Time since last: 1000012400 ns, Reaching safepoint: 146200 ns, At safepoint: 8200 ns, Total: 154400 ns
[2020-08-24T22:41:28.735+0000][18268][safepoint    ] Safepoint "Cleanup", Time since last: 2000359200 ns, Reaching safepoint: 132400 ns, At safepoint: 7700 ns, Total: 140100 ns
[2020-08-24T22:41:30.600+0000][18268][safepoint    ] Safepoint "Cleanup", Time since last: 1865328500 ns, Reaching safepoint: 142100 ns, At safepoint: 6800 ns, Total: 148900 ns
[2020-08-24T22:41:31.601+0000][18268][safepoint    ] Safepoint "Cleanup", Time since last: 1000457500 ns, Reaching safepoint: 136100 ns, At safepoint: 7500 ns, Total: 143600 ns
[2020-08-24T22:41:32.601+0000][18268][safepoint    ] Safepoint "Cleanup", Time since last: 1000171000 ns, Reaching safepoint: 133100 ns, At safepoint: 8100 ns, Total: 141200 ns
[2020-08-24T22:41:34.601+0000][18268][safepoint    ] Safepoint "Cleanup", Time since last: 2000012900 ns, Reaching safepoint: 162500 ns, At safepoint: 7500 ns, Total: 170000 ns
[2020-08-24T22:41:35.602+0000][18268][safepoint    ] Safepoint "Cleanup", Time since last: 1000277800 ns, Reaching safepoint: 134900 ns, At safepoint: 7900 ns, Total: 142800 ns
[2020-08-24T22:41:36.875+0000][18268][safepoint    ] Safepoint "Cleanup", Time since last: 1273350600 ns, Reaching safepoint: 157100 ns, At safepoint: 8600 ns, Total: 165700 ns
[2020-08-24T22:41:38.875+0000][18268][safepoint    ] Safepoint "Cleanup", Time since last: 1999856000 ns, Reaching safepoint: 136700 ns, At safepoint: 2200 ns, Total: 138900 ns
[2020-08-24T22:41:39.876+0000][18268][safepoint    ] Safepoint "Cleanup", Time since last: 1000343600 ns, Reaching safepoint: 140000 ns, At safepoint: 8400 ns, Total: 148400 ns
[2020-08-24T22:41:41.876+0000][18268][safepoint    ] Safepoint "Cleanup", Time since last: 2000355300 ns, Reaching safepoint: 163100 ns, At safepoint: 8400 ns, Total: 171500 ns
[2020-08-24T22:41:43.180+0000][18268][safepoint    ] Safepoint "Cleanup", Time since last: 1303819200 ns, Reaching safepoint: 130400 ns, At safepoint: 7700 ns, Total: 138100 ns
[2020-08-24T22:41:45.180+0000][18268][safepoint    ] Safepoint "Cleanup", Time since last: 1999893200 ns, Reaching safepoint: 146900 ns, At safepoint: 8200 ns, Total: 155100 ns
[2020-08-24T22:41:46.181+0000][18268][safepoint    ] Safepoint "Cleanup", Time since last: 1000310200 ns, Reaching safepoint: 134300 ns, At safepoint: 8100 ns, Total: 142400 ns
[2020-08-24T22:41:48.181+0000][18268][safepoint    ] Safepoint "Cleanup", Time since last: 2000362800 ns, Reaching safepoint: 154700 ns, At safepoint: 2700 ns, Total: 157400 ns
[2020-08-24T22:41:49.182+0000][18268][safepoint    ] Safepoint "Cleanup", Time since last: 1000342900 ns, Reaching safepoint: 135600 ns, At safepoint: 7900 ns, Total: 143500 ns
[2020-08-24T22:41:51.182+0000][18268][safepoint    ] Safepoint "Cleanup", Time since last: 2000138000 ns, Reaching safepoint: 137000 ns, At safepoint: 7800 ns, Total: 144800 ns
[2020-08-24T22:41:52.182+0000][18268][safepoint    ] Safepoint "Cleanup", Time since last: 1000080100 ns, Reaching safepoint: 145300 ns, At safepoint: 8300 ns, Total: 153600 ns
[2020-08-24T22:41:54.183+0000][18268][safepoint    ] Safepoint "Cleanup", Time since last: 2000101000 ns, Reaching safepoint: 131600 ns, At safepoint: 8300 ns, Total: 139900 ns
[2020-08-24T22:41:55.183+0000][18268][safepoint    ] Safepoint "Cleanup", Time since last: 1000094400 ns, Reaching safepoint: 116900 ns, At safepoint: 2500 ns, Total: 119400 ns
[2020-08-24T22:41:57.183+0000][18268][safepoint    ] Safepoint "Cleanup", Time since last: 1999891800 ns, Reaching safepoint: 130400 ns, At safepoint: 8100 ns, Total: 138500 ns
[2020-08-24T22:41:58.183+0000][18268][safepoint    ] Safepoint "Cleanup", Time since last: 1000117600 ns, Reaching safepoint: 126100 ns, At safepoint: 2600 ns, Total: 128700 ns
[2020-08-24T22:42:00.183+0000][18268][safepoint    ] Safepoint "Cleanup", Time since last: 2000124200 ns, Reaching safepoint: 144000 ns, At safepoint: 2200 ns, Total: 146200 ns
[2020-08-24T22:42:01.184+0000][18268][safepoint    ] Safepoint "Cleanup", Time since last: 1000340400 ns, Reaching safepoint: 138000 ns, At safepoint: 8800 ns, Total: 146800 ns
[2020-08-24T22:42:03.184+0000][18268][safepoint    ] Safepoint "Cleanup", Time since last: 1999870400 ns, Reaching safepoint: 127900 ns, At safepoint: 8000 ns, Total: 135900 ns
[2020-08-24T22:42:04.184+0000][18268][safepoint    ] Safepoint "Cleanup", Time since last: 1000341600 ns, Reaching safepoint: 129200 ns, At safepoint: 7800 ns, Total: 137000 ns
[2020-08-24T22:42:06.185+0000][18268][safepoint    ] Safepoint "Cleanup", Time since last: 2000362300 ns, Reaching safepoint: 149400 ns, At safepoint: 8000 ns, Total: 157400 ns
[2020-08-24T22:42:08.185+0000][18268][safepoint    ] Safepoint "Cleanup", Time since last: 2000120100 ns, Reaching safepoint: 175700 ns, At safepoint: 2400 ns, Total: 178100 ns
[2020-08-24T22:42:09.185+0000][18268][safepoint    ] Safepoint "Cleanup", Time since last: 1000100100 ns, Reaching safepoint: 150700 ns, At safepoint: 8300 ns, Total: 159000 ns
[2020-08-24T22:42:10.186+0000][18268][safepoint    ] Safepoint "Cleanup", Time since last: 1000294500 ns, Reaching safepoint: 132300 ns, At safepoint: 2400 ns, Total: 134700 ns
[2020-08-24T22:42:11.186+0000][18268][safepoint    ] Safepoint "Cleanup", Time since last: 1000357400 ns, Reaching safepoint: 130800 ns, At safepoint: 8200 ns, Total: 139000 ns
[2020-08-24T22:42:12.187+0000][18268][safepoint    ] Safepoint "Cleanup", Time since last: 1000368200 ns, Reaching safepoint: 138000 ns, At safepoint: 8600 ns, Total: 146600 ns
[2020-08-24T22:42:14.187+0000][18268][safepoint    ] Safepoint "Cleanup", Time since last: 1999860400 ns, Reaching safepoint: 136600 ns, At safepoint: 2100 ns, Total: 138700 ns
[2020-08-24T22:42:15.187+0000][18268][safepoint    ] Safepoint "Cleanup", Time since last: 1000352700 ns, Reaching safepoint: 144800 ns, At safepoint: 8200 ns, Total: 153000 ns
[2020-08-24T22:42:16.188+0000][18268][safepoint    ] Safepoint "Cleanup", Time since last: 1000342900 ns, Reaching safepoint: 136400 ns, At safepoint: 2500 ns, Total: 138900 ns
[2020-08-24T22:42:18.188+0000][18268][safepoint    ] Safepoint "Cleanup", Time since last: 2000368300 ns, Reaching safepoint: 123100 ns, At safepoint: 8600 ns, Total: 131700 ns
[2020-08-24T22:42:20.189+0000][18268][safepoint    ] Safepoint "Cleanup", Time since last: 2000360900 ns, Reaching safepoint: 126400 ns, At safepoint: 2300 ns, Total: 128700 ns
[2020-08-24T22:42:21.189+0000][18268][safepoint    ] Safepoint "Cleanup", Time since last: 1000308700 ns, Reaching safepoint: 127200 ns, At safepoint: 2300 ns, Total: 129500 ns
[2020-08-24T22:42:22.190+0000][18268][safepoint    ] Safepoint "Cleanup", Time since last: 1000170600 ns, Reaching safepoint: 135600 ns, At safepoint: 7900 ns, Total: 143500 ns
[2020-08-24T22:42:23.190+0000][18268][safepoint    ] Safepoint "Cleanup", Time since last: 1000136500 ns, Reaching safepoint: 141100 ns, At safepoint: 8000 ns, Total: 149100 ns
[2020-08-24T22:42:24.190+0000][18268][safepoint    ] Safepoint "Cleanup", Time since last: 1000338700 ns, Reaching safepoint: 149000 ns, At safepoint: 8300 ns, Total: 157300 ns
[2020-08-24T22:42:26.191+0000][18268][safepoint    ] Safepoint "Cleanup", Time since last: 2000104800 ns, Reaching safepoint: 124200 ns, At safepoint: 2300 ns, Total: 126500 ns
[2020-08-24T22:42:27.191+0000][18268][safepoint    ] Safepoint "Cleanup", Time since last: 1000219000 ns, Reaching safepoint: 140700 ns, At safepoint: 2300 ns, Total: 143000 ns
[2020-08-24T22:42:28.191+0000][18268][safepoint    ] Safepoint "Cleanup", Time since last: 1000244300 ns, Reaching safepoint: 132000 ns, At safepoint: 2300 ns, Total: 134300 ns
[2020-08-24T22:42:29.192+0000][18268][safepoint    ] Safepoint "Cleanup", Time since last: 1000342000 ns, Reaching safepoint: 137600 ns, At safepoint: 2200 ns, Total: 139800 ns
[2020-08-24T22:42:31.192+0000][18268][safepoint    ] Safepoint "Cleanup", Time since last: 1999892000 ns, Reaching safepoint: 160200 ns, At safepoint: 2400 ns, Total: 162600 ns
[2020-08-24T22:42:33.192+0000][18268][safepoint    ] Safepoint "Cleanup", Time since last: 2000104000 ns, Reaching safepoint: 132400 ns, At safepoint: 3000 ns, Total: 135400 ns
[2020-08-24T22:42:34.192+0000][18268][safepoint    ] Safepoint "Cleanup", Time since last: 1000160600 ns, Reaching safepoint: 127900 ns, At safepoint: 2300 ns, Total: 130200 ns
[2020-08-24T22:42:35.193+0000][18268][safepoint    ] Safepoint "Cleanup", Time since last: 1000256400 ns, Reaching safepoint: 136500 ns, At safepoint: 2400 ns, Total: 138900 ns
[2020-08-24T22:42:36.193+0000][18268][safepoint    ] Safepoint "Cleanup", Time since last: 1000202800 ns, Reaching safepoint: 128600 ns, At safepoint: 2300 ns, Total: 130900 ns
[2020-08-24T22:42:36.890+0000][18268][safepoint    ] Safepoint "BulkRevokeBias", Time since last: 696343000 ns, Reaching safepoint: 123400 ns, At safepoint: 667600 ns, Total: 791000 ns
[2020-08-24T22:42:36.893+0000][18268][safepoint    ] Safepoint "BulkRevokeBias", Time since last: 1608000 ns, Reaching safepoint: 109500 ns, At safepoint: 787200 ns, Total: 896700 ns
